
Memory Configuration

Name             Origin             Length             Attributes
*default*        0x00000000         0xffffffff

Linker script and memory map

                0x00000000                . = 0x0
                0x00000000                . = ALIGN (0x4)

.text           0x00000000      0xd50
 start.o(.text)
 .text          0x00000000      0x130 start.o
                0x00000040                _end_vect
                0x0000004c                _bss_start
                0x00000050                _bss_end
                0x00000048                _armboot_start
                0x000000c4                copy_from_nand
                0x00000000                _start
 cpu_init.o(.text)
 .text          0x00000130      0x124 cpu_init.o
                0x00000130                mem_ctrl_asm_init
 nand_boot.o(.text)
 .text          0x00000254      0x350 nand_boot.o
                0x00000510                nand_boot
 *(.text)
 .text          0x000005a4      0x1b8 lowlevel_init.o
                0x000005a8                lowlevel_init
 .text          0x0000075c      0x12c nand_ecc.o
                0x0000075c                nand_correct_data
 .text          0x00000888      0x300 s3c64xx.o
                0x00000a94                board_nand_init
 .text          0x00000b88      0x1c8 nand_cp.o
                0x00000c48                copy_uboot_to_ram

.glue_7         0x00000d50        0x0
 .glue_7        0x00000d50        0x0 start.o
 .glue_7        0x00000d50        0x0 cpu_init.o
 .glue_7        0x00000d50        0x0 nand_boot.o
 .glue_7        0x00000d50        0x0 lowlevel_init.o
 .glue_7        0x00000d50        0x0 nand_ecc.o
 .glue_7        0x00000d50        0x0 s3c64xx.o
 .glue_7        0x00000d50        0x0 nand_cp.o

.glue_7t        0x00000d50        0x0
 .glue_7t       0x00000d50        0x0 start.o
 .glue_7t       0x00000d50        0x0 cpu_init.o
 .glue_7t       0x00000d50        0x0 nand_boot.o
 .glue_7t       0x00000d50        0x0 lowlevel_init.o
 .glue_7t       0x00000d50        0x0 nand_ecc.o
 .glue_7t       0x00000d50        0x0 s3c64xx.o
 .glue_7t       0x00000d50        0x0 nand_cp.o

.vfp11_veneer   0x00000d50        0x0
 .vfp11_veneer  0x00000d50        0x0 start.o
 .vfp11_veneer  0x00000d50        0x0 cpu_init.o
 .vfp11_veneer  0x00000d50        0x0 nand_boot.o
 .vfp11_veneer  0x00000d50        0x0 lowlevel_init.o
 .vfp11_veneer  0x00000d50        0x0 nand_ecc.o
 .vfp11_veneer  0x00000d50        0x0 s3c64xx.o
 .vfp11_veneer  0x00000d50        0x0 nand_cp.o

.janus_2cc_veneer
                0x00000d50        0x0
 .janus_2cc_veneer
                0x00000d50        0x0 start.o
 .janus_2cc_veneer
                0x00000d50        0x0 cpu_init.o
 .janus_2cc_veneer
                0x00000d50        0x0 nand_boot.o
 .janus_2cc_veneer
                0x00000d50        0x0 lowlevel_init.o
 .janus_2cc_veneer
                0x00000d50        0x0 nand_ecc.o
 .janus_2cc_veneer
                0x00000d50        0x0 s3c64xx.o
 .janus_2cc_veneer
                0x00000d50        0x0 nand_cp.o

.v4_bx          0x00000d50        0x0
 .v4_bx         0x00000d50        0x0 start.o
 .v4_bx         0x00000d50        0x0 cpu_init.o
 .v4_bx         0x00000d50        0x0 nand_boot.o
 .v4_bx         0x00000d50        0x0 lowlevel_init.o
 .v4_bx         0x00000d50        0x0 nand_ecc.o
 .v4_bx         0x00000d50        0x0 s3c64xx.o
 .v4_bx         0x00000d50        0x0 nand_cp.o
                0x00000d50                . = ALIGN (0x4)

.rodata
 *(SORT(.rodata*))
                0x00000d50                . = ALIGN (0x4)

.data           0x00000d50        0x8
 *(.data)
 .data          0x00000d50        0x0 start.o
 .data          0x00000d50        0x0 cpu_init.o
 .data          0x00000d50        0x0 nand_boot.o
 .data          0x00000d50        0x0 lowlevel_init.o
 .data          0x00000d50        0x0 nand_ecc.o
 .data          0x00000d50        0x8 s3c64xx.o
 .data          0x00000d58        0x0 nand_cp.o
                0x00000d58                . = ALIGN (0x4)

.got
 *(.got)
                0x00000d58                __u_boot_cmd_start = .

.u_boot_cmd
 *(.u_boot_cmd)
                0x00000d58                __u_boot_cmd_end = .
                0x00000d58                . = ALIGN (0x4)
                0x00000d58                __bss_start = .

.bss            0x00000d58        0x4
 *(.bss)
 .bss           0x00000d58        0x0 start.o
 .bss           0x00000d58        0x0 cpu_init.o
 .bss           0x00000d58        0x0 nand_boot.o
 .bss           0x00000d58        0x0 lowlevel_init.o
 .bss           0x00000d58        0x0 nand_ecc.o
 .bss           0x00000d58        0x4 s3c64xx.o
 .bss           0x00000d5c        0x0 nand_cp.o
                0x00000d5c                . = ALIGN (0x4)
                0x00000d5c                _end = .
Address of section .text set to 0x0
LOAD start.o
LOAD cpu_init.o
LOAD lowlevel_init.o
LOAD nand_boot.o
LOAD nand_ecc.o
LOAD s3c64xx.o
LOAD nand_cp.o
OUTPUT(/home/linx/kernel/uboot2010/nand_spl/u-boot-spl elf32-littlearm)

.ARM.attributes
                0x00000000       0x26
 .ARM.attributes
                0x00000000       0x18 start.o
 .ARM.attributes
                0x00000018       0x18 cpu_init.o
 .ARM.attributes
                0x00000030       0x28 nand_boot.o
 .ARM.attributes
                0x00000058       0x18 lowlevel_init.o
 .ARM.attributes
                0x00000070       0x28 nand_ecc.o
 .ARM.attributes
                0x00000098       0x28 s3c64xx.o
 .ARM.attributes
                0x000000c0       0x28 nand_cp.o

.debug_line     0x00000000      0x75f
 .debug_line    0x00000000       0x75 start.o
 .debug_line    0x00000075       0x7c cpu_init.o
 .debug_line    0x000000f1      0x1c3 nand_boot.o
 .debug_line    0x000002b4       0xa6 lowlevel_init.o
 .debug_line    0x0000035a      0x12a nand_ecc.o
 .debug_line    0x00000484      0x1ca s3c64xx.o
 .debug_line    0x0000064e      0x111 nand_cp.o

.debug_info     0x00000000     0x3247
 .debug_info    0x00000000       0x6d start.o
 .debug_info    0x0000006d       0x70 cpu_init.o
 .debug_info    0x000000dd     0x130b nand_boot.o
 .debug_info    0x000013e8       0x75 lowlevel_init.o
 .debug_info    0x0000145d      0x8e9 nand_ecc.o
 .debug_info    0x00001d46     0x1326 s3c64xx.o
 .debug_info    0x0000306c      0x1db nand_cp.o

.debug_abbrev   0x00000000      0x7a5
 .debug_abbrev  0x00000000       0x14 start.o
 .debug_abbrev  0x00000014       0x14 cpu_init.o
 .debug_abbrev  0x00000028      0x256 nand_boot.o
 .debug_abbrev  0x0000027e       0x14 lowlevel_init.o
 .debug_abbrev  0x00000292      0x1a3 nand_ecc.o
 .debug_abbrev  0x00000435      0x236 s3c64xx.o
 .debug_abbrev  0x0000066b      0x13a nand_cp.o

.debug_aranges  0x00000000       0xe0
 .debug_aranges
                0x00000000       0x20 start.o
 .debug_aranges
                0x00000020       0x20 cpu_init.o
 .debug_aranges
                0x00000040       0x20 nand_boot.o
 .debug_aranges
                0x00000060       0x20 lowlevel_init.o
 .debug_aranges
                0x00000080       0x20 nand_ecc.o
 .debug_aranges
                0x000000a0       0x20 s3c64xx.o
 .debug_aranges
                0x000000c0       0x20 nand_cp.o

.debug_frame    0x00000000      0x1d4
 .debug_frame   0x00000000       0x74 nand_boot.o
 .debug_frame   0x00000074       0x30 nand_ecc.o
 .debug_frame   0x000000a4       0xe0 s3c64xx.o
 .debug_frame   0x00000184       0x50 nand_cp.o

.debug_loc      0x00000000      0x776
 .debug_loc     0x00000000      0x264 nand_boot.o
 .debug_loc     0x00000264      0x104 nand_ecc.o
 .debug_loc     0x00000368      0x2a8 s3c64xx.o
 .debug_loc     0x00000610      0x166 nand_cp.o

.debug_pubnames
                0x00000000       0x96
 .debug_pubnames
                0x00000000       0x20 nand_boot.o
 .debug_pubnames
                0x00000020       0x28 nand_ecc.o
 .debug_pubnames
                0x00000048       0x26 s3c64xx.o
 .debug_pubnames
                0x0000006e       0x28 nand_cp.o

.debug_ranges   0x00000000       0x60
 .debug_ranges  0x00000000       0x60 nand_boot.o

.debug_str      0x00000000      0x904
 .debug_str     0x00000000      0x729 nand_boot.o
                                0x835 (size before relaxing)
 .debug_str     0x00000729       0x37 nand_ecc.o
                                0x49d (size before relaxing)
 .debug_str     0x00000760      0x13a s3c64xx.o
                                0x8b6 (size before relaxing)
 .debug_str     0x0000089a       0x6a nand_cp.o
                                0x156 (size before relaxing)

.comment        0x00000000       0xa8
 .comment       0x00000000       0x2a nand_boot.o
 .comment       0x0000002a       0x2a nand_ecc.o
 .comment       0x00000054       0x2a s3c64xx.o
 .comment       0x0000007e       0x2a nand_cp.o

.note.GNU-stack
                0x00000000        0x0
 .note.GNU-stack
                0x00000000        0x0 nand_boot.o
 .note.GNU-stack
                0x00000000        0x0 nand_ecc.o
 .note.GNU-stack
                0x00000000        0x0 s3c64xx.o
 .note.GNU-stack
                0x00000000        0x0 nand_cp.o
