57e00000 T _start
57e00020 t _undefined_instruction
57e00024 t _software_interrupt
57e00028 t _prefetch_abort
57e0002c t _data_abort
57e00030 t _not_used
57e00034 t _irq
57e00038 t _fiq
57e0003c t _pad
57e00040 T _end_vect
57e00040 t _TEXT_BASE
57e00044 t _TEXT_PHY_BASE
57e00048 T _armboot_start
57e0004c T _bss_start
57e00050 T _bss_end
57e00054 t reset
57e00064 t cpu_init_crit
57e000a0 t mmu_disable
57e000b0 t mmu_disable_phys
57e000c0 t after_copy
57e000c0 t skip_hw_init
57e000c0 t stack_setup
57e000d0 t clear_bss
57e000dc t clbss_l
57e000f0 t _start_armboot
57e00100 t undefined_instruction
57e00160 t software_interrupt
57e001c0 t prefetch_abort
57e00220 t data_abort
57e00280 t not_used
57e002e0 t irq
57e00340 t fiq
57e003a0 T mem_ctrl_asm_init
57e00490 t check_dmc1_ready
57e004c4 T __coloured_LED_init
57e004c4 W coloured_LED_init
57e004c8 T __red_LED_on
57e004c8 W red_LED_on
57e004cc T __red_LED_off
57e004cc W red_LED_off
57e004d0 T __green_LED_on
57e004d0 W green_LED_on
57e004d4 T __green_LED_off
57e004d4 W green_LED_off
57e004d8 T __yellow_LED_on
57e004d8 W yellow_LED_on
57e004dc T __yellow_LED_off
57e004dc W yellow_LED_off
57e004e0 T __blue_LED_on
57e004e0 W blue_LED_on
57e004e4 T __blue_LED_off
57e004e4 W blue_LED_off
57e004e8 T hang
57e004f8 t display_dram_config
57e00528 t display_banner
57e00548 t init_baudrate
57e005a8 T start_armboot
57e00724 T enable_interrupts
57e00728 T disable_interrupts
57e00730 T show_regs
57e00870 T bad_mode
57e0088c T do_irq
57e008b0 T do_fiq
57e008d4 T do_not_used
57e008f8 T do_data_abort
57e0091c T do_prefetch_abort
57e00940 T do_software_interrupt
57e00964 T do_undefined_instruction
57e00988 W cpu_eth_init
57e00988 t __def_eth_init
57e00990 T eth_get_dev
57e009a0 T eth_get_dev_by_index
57e009e0 T eth_get_dev_index
57e00a2c T eth_halt
57e00a60 T eth_send
57e00a94 T eth_rx
57e00ac0 T eth_get_name
57e00ae0 T eth_get_dev_by_name
57e00b34 T eth_set_current
57e00bd8 T eth_try_another
57e00c88 T eth_register
57e00d14 T eth_setenv_enetaddr
57e00d4c T eth_parse_enetaddr
57e00da8 T eth_getenv_enetaddr
57e00e00 T eth_getenv_enetaddr_by_index
57e00e4c T eth_init
57e00f0c T eth_initialize
57e010ec t __fswab16
57e01100 t startAgainTimeout
57e01114 t startAgainHandler
57e01118 T NetSetHandler
57e01128 T NetCksum
57e01170 T NetCksumOk
57e01194 T copy_filename
57e011ec T string_to_VLAN
57e01238 T getenv_VLAN
57e01248 T NetEthHdrSize
57e0128c T VLAN_to_string
57e012e4 T ip_to_string
57e01334 T random_port
57e01350 T NetSetTimeout
57e01380 t NetCopyIP
57e01388 T NetSetIP
57e01480 T NetSetEther
57e01534 t NetReadIP
57e01550 t PingHandler
57e01578 t NetWriteIP
57e01594 T NetSendPacket
57e01598 T NetReceive
57e01b0c T ArpRequest
57e01bf8 T PingSend
57e01d34 T NetSendUDPPacket
57e01e70 t PingTimeout
57e01e8c T NetStartAgain
57e01f98 T ArpTimeoutCheck
57e0200c t getenv_IPaddr
57e0201c T NetLoop
57e02434 t __fswab32
57e02454 t basename
57e02490 t dirname
57e024ac t rpc_add_credentials
57e02584 t rpc_lookup_reply
57e02624 t nfs_mount_reply
57e026c0 t nfs_umountall_reply
57e02740 t nfs_lookup_reply
57e027d4 t rpc_req
57e028e0 t rpc_lookup_req
57e02944 t nfs_mount_req
57e029d4 t nfs_umountall_req
57e02a2c t nfs_lookup_req
57e02ad0 t nfs_read_req
57e02b50 t nfs_readlink_req
57e02ba8 t NfsSend
57e02c3c T NfsStart
57e02e64 t nfs_readlink_reply
57e02f58 t nfs_read_reply
57e0309c t NfsHandler
57e03280 t NfsTimeout
57e032d8 T RarpRequest
57e033e0 t RarpHandler
57e0343c t RarpTimeout
57e03484 t __fswab16
57e03498 t TftpSend
57e03628 T TftpStart
57e03908 t TftpTimeout
57e0396c t TftpHandler
57e03c3c t __fswab16
57e03c50 t __fswab32
57e03c70 t truncate_sz
57e03ca4 t NetWriteIP
57e03cc0 t NetCopyIP
57e03cc8 t NetReadLong
57e03ce4 T BootpRequest
57e03eb4 t BootpHandler
57e041e4 t BootpTimeout
57e0422c t __flash_write8
57e04234 t __flash_write16
57e0423c t __flash_write32
57e04244 t __flash_write64
57e0424c T flash_sector_size
57e0428c t flash_map
57e042a0 t flash_make_cmd
57e042f8 t flash_read_uchar
57e04310 T flash_write_cmd
57e043a8 t flash_unlock_seq
57e043d8 t flash_isequal
57e04494 t flash_isset
57e04554 t flash_add_byte
57e045f4 t find_sector
57e04664 t cfi_reverse_geometry
57e04714 T __flash_cmd_reset
57e04714 W flash_cmd_reset
57e04744 T flash_set_verbose
57e04754 t cmdset_intel_read_jedec_ids
57e047c0 t cmdset_amd_read_jedec_ids
57e048e0 T flash_get_size
57e04ec0 T flash_init
57e050a8 t flash_full_status_check
57e053ac t flash_write_cfiword
57e05604 T write_buff
57e057b8 T flash_print_info
57e059b8 T flash_erase
57e05bec T jedec_flash_match
57e05da4 T nand_init
57e05e60 t generic_ffs
57e05eb8 t nand_release_device
57e05ed0 t nand_read_byte
57e05ee0 t nand_read_byte16
57e05ef4 t nand_read_word
57e05f04 t nand_write_buf
57e05f38 t nand_read_buf
57e05f60 t nand_verify_buf
57e05fa8 t nand_write_buf16
57e05fe0 t nand_read_buf16
57e06018 t nand_verify_buf16
57e06064 t nand_check_wp
57e060a0 t nand_get_device
57e060ac t nand_block_bad
57e061b0 t nand_read_page_raw
57e061e8 t nand_read_page_raw_syndrome
57e062b8 t nand_read_page_swecc
57e063d4 t nand_read_subpage
57e06668 t nand_read_page_hwecc
57e067a4 t nand_read_page_hwecc_oob_first
57e068e4 t nand_read_page_syndrome
57e06a08 t nand_read_oob_std
57e06a4c t nand_read_oob_syndrome
57e06b5c t nand_write_oob_std
57e06bcc t nand_write_oob_syndrome
57e06d84 t nand_write_page_raw
57e06db8 t nand_write_page_raw_syndrome
57e06e84 t nand_write_page_swecc
57e06f28 t nand_write_page_hwecc
57e06ff4 t nand_write_page_syndrome
57e070e4 t nand_write_page
57e071a4 t single_erase_cmd
57e071e0 t multi_erase_cmd
57e0726c t nand_sync
57e07290 t nand_suspend
57e072a0 T nand_release
57e072c8 t nand_resume
57e072e8 T nand_scan_ident
57e07894 T nand_scan_tail
57e07e60 T nand_scan
57e07e80 t nand_select_chip
57e07edc t nand_block_checkbad
57e07f5c t nand_block_isbad
57e07fa4 t nand_block_markbad
57e07fe0 t nand_fill_oob
57e080f4 t nand_do_write_oob
57e0829c t nand_do_write_ops
57e085cc t nand_write_oob
57e08698 t nand_write
57e08740 t nand_transfer_oob
57e08850 t nand_default_block_markbad
57e08950 T nand_erase_nand
57e08d30 t nand_erase
57e08d38 t nand_wait
57e08e0c T nand_wait_ready
57e08e50 t nand_do_read_ops
57e09268 t nand_read_oob
57e09544 t nand_read
57e095ec t nand_command
57e097c8 t nand_command_lp
57e09a30 t check_pattern
57e09ae8 t scan_read_raw
57e09b34 T nand_isbad_bbt
57e09b84 t create_bbt
57e09e5c t search_bbt
57e0a078 t read_bbt
57e0a2c4 t read_abs_bbt
57e0a3c4 t write_bbt
57e0aa3c T nand_update_bbt
57e0ab94 t mark_bbt_region
57e0ad14 T nand_scan_bbt
57e0b198 T nand_default_bbt
57e0b25c T nand_calculate_ecc
57e0b354 T nand_correct_data
57e0b480 t s3c_nand_select_chip
57e0b4c0 t s3c_nand_hwcontrol
57e0b524 t s3c_nand_device_ready
57e0b538 t s3c_nand_enable_hwecc
57e0b578 t s3c_nand_calculate_ecc
57e0b5b8 T board_nand_init
57e0b688 t s3c_nand_correct_data
57e0b744 t s3c64xx_get_base_uart
57e0b754 T serial_getc
57e0b774 T serial_putc
57e0b7a4 T serial_tstc
57e0b7bc T serial_puts
57e0b7e4 T serial_setbrg
57e0b83c T serial_init
57e0b874 t print_num
57e0b888 T do_bdinfo
57e0b960 W do_go_exec
57e0b978 T do_go
57e0b9f0 t __fswab32
57e0ba10 t image_get_data
57e0ba18 T __arch_preboot_os
57e0ba18 W arch_preboot_os
57e0ba1c t do_imls
57e0bad4 t image_check_magic
57e0baf8 t image_info
57e0bbc0 T do_iminfo
57e0bc20 t image_get_size
57e0bc28 t image_get_data_size
57e0bc2c T do_bootd
57e0bc50 t do_bootm_rtems
57e0bc8c t do_bootm_qnxelf
57e0bcf0 t do_bootm_vxworks
57e0bd54 t do_bootm_netbsd
57e0be80 t bootm_start
57e0c1d4 t bootm_load_os
57e0c33c T do_bootm_subcommand
57e0c4ec T do_bootm
57e0c770 t on_off
57e0c7ac T do_dcache
57e0c824 T do_icache
57e0c89c T do_coninfo
57e0c98c T do_echo
57e0ca0c T load_elf_image
57e0caa4 T valid_elf_image
57e0cb18 T do_bootvx
57e0cda0 W do_bootelf_exec
57e0cde4 T do_bootelf
57e0ce7c T do_exit
57e0ceac T do_ext2load
57e0d1d4 T do_ext2ls
57e0d30c T do_fat_fsinfo
57e0d3e4 T do_fat_ls
57e0d4ec T do_fat_fsload
57e0d670 T flash_sect_roundb
57e0d738 t flash_fill_sect_ranges
57e0d8e4 T flash_sect_protect
57e0d9dc t addr_spec
57e0daa0 t abbrev_spec
57e0dbf0 T do_protect
57e0de98 T flash_sect_erase
57e0df74 T do_flerase
57e0e0f8 T do_flinfo
57e0e174 T do_help
57e0e1c0 t evalstr
57e0e1dc t evalexp
57e0e248 T binary_test
57e0e428 T do_itest
57e0e4c4 T ktrans
57e0e4e4 T chk1
57e0e514 t bin_data_init
57e0e530 t bin_data_char
57e0e550 T k_data_init
57e0e570 T k_data_save
57e0e590 T k_data_restore
57e0e5b0 T k_data_char
57e0e600 T send_pad
57e0e630 T s1_sendpacket
57e0e65c T handle_send_packet
57e0e820 T send_nack
57e0e880 T send_ack
57e0e8e0 t load_serial_ymodem
57e0ea20 t getcxmodem
57e0ea40 T do_load_serial_bin
57e0eea0 t load_serial
57e0f0cc T do_load_serial
57e0f1ac T do_mem_crc
57e0f258 T do_mem_base
57e0f29c T do_mem_mtest
57e0f444 T do_mem_loop
57e0f53c T do_mem_cmp
57e0f6d4 T do_mem_mw
57e0f79c T do_mem_cp
57e0f8c0 t mod_mem
57e0fa10 T do_mem_nm
57e0fa30 T do_mem_mm
57e0fa50 T do_mem_md
57e0fb28 T do_sleep
57e0fbac t str2long
57e0fbe8 t nand_print_info
57e0fc44 t arg_off_size
57e0fd2c T do_nandboot
57e10064 t nand_dump
57e10288 T do_nand
57e10a3c T do_ping
57e10abc t netboot_common
57e10dd4 T do_nfs
57e10de0 T do_rarpb
57e10dec T do_tftpb
57e10df8 T do_bootp
57e10e04 T get_env_id
57e10e14 T envmatch
57e10e74 T getenv_r
57e10f18 T do_saveenv
57e10f44 T getenv
57e10fac T _do_setenv
57e113fc T do_setenv
57e11428 T setenv
57e11474 T do_editenv
57e114e4 t printenv
57e115cc T do_printenv
57e11660 T do_reginfo
57e11668 t __fswab32
57e11688 T source
57e117b8 T do_source
57e117fc T do_false
57e11804 T do_true
57e1180c T do_test
57e11c88 T usb_get_class_desc
57e11d30 T usb_display_ep_desc
57e11e04 T usb_display_class_sub
57e11f78 T do_usbboot
57e12320 T usb_show_tree_graph
57e12548 T usb_show_tree
57e1257c T usb_display_desc
57e126ac T usb_display_string
57e126ec T usb_display_if_desc
57e12774 T usb_display_conf_desc
57e12820 T usb_display_config
57e128b0 T do_usb
57e12de8 T do_version
57e12e08 T do_imgextract
57e130e0 T cmd_get_data_size
57e13158 T cmd_usage
57e131b8 T find_cmd_tbl
57e13250 T find_cmd
57e13278 T _do_help
57e133f8 t console_setfile
57e134a0 T fgetc
57e134c8 T ftstc
57e134f0 T fputc
57e1351c T fputs
57e13548 T disable_ctrlc
57e13560 T had_ctrlc
57e13570 T clear_ctrlc
57e13584 T dbg
57e13590 T console_init_f
57e135a0 T search_device
57e135c8 T console_assign
57e13608 T fprintf
57e13650 T puts
57e1366c T vprintf
57e13698 T printf
57e136d8 T stdio_print_current_devices
57e13790 T console_init_r
57e13878 T serial_printf
57e138b8 T putc
57e138d4 T tstc
57e138ec T getc
57e13904 T ctrlc
57e13954 T sbrk
57e13988 T malloc_trim
57e13a54 T free
57e13c90 T cfree
57e13c94 T malloc
57e142b0 T memalign
57e143c0 T pvalloc
57e143d8 T valloc
57e143e4 T malloc_usable_size
57e14428 T mallopt
57e144a0 T calloc
57e14580 T mem_malloc_init
57e145ac T realloc
57e14a28 T env_get_char_memory
57e14a48 T env_get_addr
57e14a68 T env_get_char
57e14a98 T env_crc_update
57e14ac4 T set_default_env
57e14b08 T env_relocate
57e14b60 t nand_block_isbad
57e14b70 T env_get_char_spec
57e14b7c T writeenv
57e14c2c T readenv
57e14cdc T env_init
57e14d44 t use_default
57e14d5c T env_relocate_spec
57e14da8 T saveenv
57e14e48 t dummy
57e14e4c T get_version
57e14e54 T jumptable_init
57e1501c T flash_protect
57e15114 T addr2info
57e1515c T flash_perror
57e1523c T flash_write
57e153a0 t b_reset
57e153bc T simple_itoa
57e15410 t static_get
57e1542c t static_peek
57e15438 t file_peek
57e15444 t setup_string_in_str
57e15470 t indenter
57e15480 t is_assignment
57e154dc T mapset
57e15508 t syntax_err
57e15514 T do_showvar
57e15600 T u_boot_hush_start
57e15650 t xmalloc
57e15670 T new_pipe
57e15698 t file_get
57e15868 t free_pipe_list
57e1594c t b_free
57e15970 T unset_local_var
57e15a0c t xrealloc
57e15a2c t done_command
57e15ab4 t initialize_context
57e15aec t done_pipe
57e15b34 T reserved_word
57e15c6c t b_addchr
57e15ce8 t done_word
57e15e68 t b_addqchr
57e15eb4 t insert_var_value
57e16064 T set_local_var
57e16214 T update_ifs_map
57e16284 t parse_stream_outer
57e16864 T parse_file_outer
57e168a8 T parse_string_outer
57e16970 t run_list_real
57e17134 t __fswab32
57e17154 t image_get_data
57e1715c t image_check_type
57e17170 T image_multi_count
57e17198 T get_table_entry_name
57e171c0 T genimg_get_os_name
57e171d8 T genimg_get_arch_name
57e171f0 T genimg_get_type_name
57e17208 T genimg_get_comp_name
57e17220 T genimg_get_image
57e17224 T genimg_has_config
57e1722c T get_table_entry_id
57e17278 T genimg_get_comp_id
57e17290 T genimg_get_type_id
57e172a8 T genimg_get_arch_id
57e172c0 T genimg_get_os_id
57e172d8 t image_check_magic
57e172fc T genimg_get_format
57e17310 t image_get_data_size
57e17318 t image_get_load
57e17320 T image_multi_getimg
57e173a4 T genimg_print_size
57e173d0 T image_print_contents
57e17564 T memmove_wd
57e17568 T getenv_bootm_low
57e17598 T getenv_yesno
57e175bc T getenv_bootm_size
57e175f0 T image_check_dcrc
57e17638 T image_check_hcrc
57e1768c T boot_get_ramdisk
57e178d8 T __show_boot_progress
57e178d8 W show_boot_progress
57e178dc T parse_line
57e17968 T do_run
57e179d8 T run_command
57e17dd8 t delete_char
57e17eb4 t cread_add_char
57e17fa4 t cread_add_str
57e17ff4 T readline_into_buffer
57e18864 T readline
57e18880 T main_loop
57e189a0 t hex1_bin
57e189d8 t hex2_bin
57e18a0c T srec_decode
57e18c7c T stdio_get_list
57e18c88 T stdio_clone
57e18cd0 T stdio_register
57e18d10 T stdio_init
57e18d9c T stdio_get_by_name
57e18df0 T usb_disable_asynch
57e18e08 T usb_maxpacket
57e18e2c t usb_set_maxpacket_ep
57e18ea4 T usb_set_maxpacket
57e18f08 T usb_get_dev_index
57e18f38 T usb_hub_reset
57e18f4c T usb_hub_allocate
57e18f90 T usb_alloc_new_device
57e19030 T usb_parse_config
57e19184 T usb_submit_int_msg
57e19188 T usb_stop
57e191c4 T wait_ms
57e191e8 T usb_bulk_msg
57e1924c T usb_control_msg
57e1933c T usb_get_port_status
57e1939c T usb_get_hub_status
57e193f0 T usb_set_port_feature
57e19450 T usb_clear_port_feature
57e194b0 T usb_clear_hub_feature
57e19504 T usb_get_hub_descriptor
57e19560 T usb_get_string
57e195ec t usb_string_sub
57e196f0 T usb_string
57e197f0 T usb_get_class_descriptor
57e19860 T usb_get_report
57e198d0 T usb_set_idle
57e19934 T usb_set_protocol
57e19994 T usb_set_configuration
57e199fc T usb_set_interface
57e19ac8 T usb_set_address
57e19b0c T usb_get_descriptor
57e19b78 T usb_get_configuration_no
57e19c10 T usb_clear_halt
57e19cc4 t usb_hub_power_on
57e19d08 t hub_port_reset
57e19da8 T usb_hub_port_connect_change
57e19ea0 T usb_hub_configure
57e1a0b8 T usb_hub_probe
57e1a118 T usb_new_device
57e1a3c4 T usb_scan_devices
57e1a440 T usb_init
57e1a4bc t __fswab32
57e1a4dc T usb_stor_get_dev
57e1a4fc t usb_stor_irq
57e1a518 T usb_show_progress
57e1a524 t usb_request_sense
57e1a580 t usb_test_unit_ready
57e1a5fc T usb_stor_get_info
57e1a8a8 T usb_storage_probe
57e1aad8 T usb_stor_BBB_clear_endpt_stall
57e1ab24 t usb_stor_BBB_reset
57e1ac04 t usb_stor_CB_reset
57e1acf0 T usb_stor_write
57e1af04 T usb_stor_read
57e1b118 T usb_stor_scan
57e1b274 T usb_stor_CB_comdat
57e1b4a4 T usb_stor_BBB_comdat
57e1b580 T usb_stor_BBB_transport
57e1b74c T usb_stor_CBI_get_status
57e1b81c T usb_stor_CB_transport
57e1ba14 T usb_stor_info
57e1ba84 T parse_num
57e1bbac T xyzModem_error
57e1bc48 T xyzModem_stream_close
57e1bc94 T CYGACC_COMM_IF_PUTC
57e1bc9c T CYGACC_COMM_IF_GETC_TIMEOUT
57e1bcf0 t xyzModem_flush
57e1bd18 T xyzModem_stream_terminate
57e1bdec t xyzModem_get_hdr
57e1c070 T xyzModem_stream_read
57e1c2fc T xyzModem_stream_open
57e1c460 t _TEXT_BASE
57e1c464 T lowlevel_init
57e1c504 t wakeup_reset
57e1c530 t system_clock_init
57e1c558 t wait_for_async
57e1c5e8 t uart_asm_init
57e1c5f8 t nand_asm_init
57e1c65c T board_init
57e1c6b8 T dram_init
57e1c6d8 T board_flash_get_legacy
57e1c6fc T board_eth_init
57e1c70c T checkboard
57e1c724 T cyg_crc16
57e1c76c T crc32_no_comp
57e1c864 T crc32
57e1c878 T crc32_wd
57e1c87c T print_size
57e1c948 T display_options
57e1c968 T print_buffer
57e1cac8 T zunzip
57e1cbbc T gunzip
57e1cc84 T zfree
57e1cc8c T zalloc
57e1cc9c T string_to_ip
57e1cd14 T strcpy
57e1cd30 T strncpy
57e1cd58 T strcat
57e1cd8c T strncat
57e1cdf0 T strcmp
57e1ce28 T strncmp
57e1ce78 T strchr
57e1cea4 T strlen
57e1cec4 T strrchr
57e1cefc T strnlen
57e1cf24 T strspn
57e1cf68 T strpbrk
57e1cfa8 T strtok
57e1d028 T strsep
57e1d05c T strswab
57e1d0a8 T memset
57e1d124 T bcopy
57e1d150 T memcpy
57e1d1cc T memmove
57e1d228 T memcmp
57e1d268 T memscan
57e1d298 T strstr
57e1d2fc T memchr
57e1d32c T strdup
57e1d360 T udelay
57e1d38c t __toupper
57e1d3a8 t pack_hex_byte
57e1d3d4 T simple_strtoul
57e1d48c T simple_strtol
57e1d4b4 T ustrtoul
57e1d528 T simple_strtoull
57e1d604 t skip_atoi
57e1d63c t put_dec_trunc
57e1d718 T panic
57e1d768 t string
57e1d818 t put_dec
57e1d948 t number
57e1dbb0 T vsprintf
57e1e228 T sprintf
57e1e250 T inflate_fast
57e1e7b8 T inflate_table
57e1ed50 T inflateReset
57e1edec T inflateInit2_
57e1eef4 T inflateInit_
57e1ef04 T inflateEnd
57e1ef8c T adler32
57e1f2c8 T zcfree
57e1f2d0 T zcalloc
57e1f2d8 T inflate
57e20a1c T __div64_32
57e20b10 T reset_cpu
57e20b24 t _loop_forever
57e20b30 t get_PLLCLK
57e20ba8 T get_UCLK
57e20bb0 T get_FCLK
57e20bb8 T get_PCLK
57e20c0c T get_HCLK
57e20c60 T get_ARMCLK
57e20c88 T print_cpuinfo
57e20d34 T get_ticks
57e20da0 T get_tbclk
57e20dbc T reset_timer_masked
57e20dec T reset_timer
57e20df0 T set_timer
57e20e24 T __udelay
57e20e68 T get_timer_masked
57e20ec4 T get_timer
57e20ed8 T timer_init
57e20f78 T do_bootm_linux
57e21140 T flush_cache
57e21144 t get_cr
57e2114c t set_cr
57e21154 t cp_delay
57e21184 t cache_enable
57e211a4 t cache_disable
57e211c4 T icache_enable
57e211cc T icache_disable
57e211d4 T icache_status
57e211e8 T dcache_enable
57e211f0 T dcache_disable
57e211f8 T dcache_status
57e2120c T do_reset
57e2123c t downcase
57e21268 T disk_read
57e212b8 t dirdelim
57e212ec t get_fatent
57e2144c t slot2str
57e2151c t mkcksum
57e2154c t get_cluster
57e215f4 t get_vfatname
57e2178c t get_name
57e21848 t read_bootsectandvi
57e21940 T file_fat_detectfs
57e21aa0 T do_fat_read
57e223f0 T file_fat_read
57e22428 T file_fat_ls
57e22438 T fat_register_device
57e22524 t ext2fs_read_inode
57e2261c T ext2fs_mount
57e226e4 T ext2fs_free_node
57e22704 T ext2fs_close
57e227b8 T ext2fs_read_file
57e22ca8 T ext2fs_read
57e22ce4 t ext2fs_iterate_dir
57e22f58 T ext2fs_find_file1
57e231ec T ext2fs_find_file
57e23268 T ext2fs_open
57e232fc T ext2fs_ls
57e23370 T ext2fs_devread
57e23540 T ext2fs_set_blk_dev
57e2358c T print_part
57e23668 T dev_print
57e23868 T get_partition_info
57e2388c T init_part
57e238a8 T get_dev
57e23900 t le32_to_int
57e23928 t is_extended
57e23948 T test_part_dos
57e2399c t get_partition_info_extended
57e23bc4 T get_partition_info_dos
57e23be4 t print_partition_extended
57e23d9c T print_part_dos
57e23dc8 t nand_read
57e23df4 t nand_write
57e23e20 t nand_block_isbad
57e23e30 t nand_block_bad_scrub
57e23e38 t get_len_incl_bad
57e23ec4 T nand_read_skip_bad
57e24074 T nand_write_skip_bad
57e24240 T nand_erase_opts
57e2457c t get_reg_init_bus
57e245e0 t get_reg
57e245fc t put_reg
57e24618 t cs8900_reginit
57e24680 T cs8900_halt
57e246a8 t cs8900_e2prom_ready
57e246cc T cs8900_e2prom_read
57e24710 T cs8900_e2prom_write
57e24784 t cs8900_recv
57e24810 t cs8900_reset
57e24878 t cs8900_send
57e24950 T cs8900_get_enetaddr
57e249d0 T cs8900_initialize
57e24a90 t cs8900_init
57e24b2c t td_alloc
57e24b6c t roothub_portstatus
57e24b7c t ep_rev
57e24bb4 T rh_check_port_status
57e24c0c t td_fill
57e24cac t td_submit_job
57e24f10 t hc_reset
57e24fc4 T usb_lowlevel_stop
57e24ff8 t hc_release_ohci
57e25008 t hc_interrupt
57e2554c T usb_event_poll
57e25550 T usb_lowlevel_init
57e256d8 t urb_free_priv
57e2571c T sohci_submit_job
57e25c4c T submit_common_msg
57e25d94 T submit_int_msg
57e25db0 T submit_control_msg
57e26420 T submit_bulk_msg
57e26438 T usb_cpu_init
57e26454 T usb_cpu_stop
57e26470 T usb_cpu_init_fail
57e26488 T cleanup_before_linux
57e264ac T raise
57e264c8 T __aeabi_uidiv
57e264c8 T __udivsi3
57e264c8 t .udivsi3_nodiv0
57e265bc T __aeabi_uidivmod
57e265dc T __aeabi_idiv
57e265dc T __divsi3
57e265e4 t .divsi3_nodiv0
57e26704 T __aeabi_idivmod
57e26724 T __aeabi_llsr
57e26724 T __lshrdi3
57e26740 T __aeabi_lasr
57e26740 T __ashrdi3
57e2675c T __aeabi_llsl
57e2675c T __ashldi3
57e26778 W __aeabi_idiv0
57e26778 W __aeabi_ldiv0
57e26790 r __func__.5247
57e267a4 r __FUNCTION__.5381
57e267b3 r __FUNCTION__.3639
57e267c4 r __FUNCTION__.4875
57e267d2 r __FUNCTION__.4341
57e267e4 r C.46.3789
57e267e8 r C.159.5121
57e267f0 r C.29.2919
57e26870 r flash_offset_cfi
57e26878 r C.77.3826
57e26880 r jedec_table
57e268e0 r unlock_addrs
57e26918 r udivslot
57e26958 r boot_os
57e269a4 r baudrate_table
57e269b8 r crc_table
57e26db8 r lbase.3505
57e26df6 r lext.3506
57e26e34 r dbase.3507
57e26e74 r dext.3508
57e26eb4 r lenfix
57e276b4 r distfix
57e27734 r order.3732
57e2775c R z_errmsg
57e27784 r block_drvr
57e27794 r cc_to_string
57e277d4 r cc_to_error
57e27814 r crc16_tab
57e27a14 R version_string
57e27a5d r default_nand_name
57e27a62 r nand_ecc_precalc_table
57e27b62 R hex_asc
57e27b73 r digits.3167
57e2f14c D init_sequence
57e2f17c D NetOurVLAN
57e2f17e D NetOurNativeVLAN
57e2f180 D NetBcastAddr
57e2f188 d nfs_offset
57e2f18c d TftpTimeoutMSecs
57e2f190 d TftpBlkSizeOption
57e2f194 d TftpTimeoutCountMax
57e2f198 D TftpRRQTimeoutCountMax
57e2f19c d TftpBlkSize
57e2f1a0 D TftpRRQTimeoutMSecs
57e2f1a4 d flash_verbose
57e2f1a8 D nand_curr_device
57e2f1ac d nand_oob_8
57e2f3f4 d nand_oob_16
57e2f63c d nand_oob_64
57e2f884 d nand_oob_128
57e2facc d bbt_main_descr
57e2faf0 d bbt_mirror_descr
57e2fb14 d agand_flashbased
57e2fb38 d smallpage_flashbased
57e2fb5c d largepage_flashbased
57e2fb80 d smallpage_memorybased
57e2fba4 d largepage_memorybased
57e2fbc8 d bbt_pattern
57e2fbcc d mirror_pattern
57e2fbd0 d scan_agand_pattern
57e2fbd6 d scan_ff_pattern
57e2fbd8 D nand_flash_ids
57e30028 D nand_manuf_ids
57e30078 d nand_cs
57e30080 D load_addr
57e30084 D cmd_bootm_sub
57e30114 D op_table
57e3017c d do_echo
57e30180 D dp_last_length
57e30184 d env_id
57e30188 d usb_stor_curr_dev
57e3018c d av_
57e30594 d sbrk_base
57e30598 d trim_threshold
57e3059c d mmap_threshold
57e305a0 D default_environment
57e3061c D env_ptr
57e30620 D env_name_spec
57e30624 d blanks.3415
57e3064c d reserved_list
57e306d0 d uimage_os
57e30730 d uimage_arch
57e30820 d uimage_type
57e308b0 d uimage_comp
57e308f8 d erase_seq
57e308fc d tab_seq
57e30908 d hist_cur
57e3090c D stdio_names
57e30918 D us_direction
57e30938 D _ctype
57e30a38 d cur_part
57e30a3c D indir1_blkno
57e30a40 D indir2_blkno
57e30a44 d root_hub_dev_des
57e30a56 d root_hub_config_des
57e30a6f d root_hub_str_index0
57e30a73 d root_hub_str_index1
57e30a90 A __u_boot_cmd_start
57e30a90 D __u_boot_cmd_bdinfo
57e30aa8 D __u_boot_cmd_go
57e30ac0 D __u_boot_cmd_reset
57e30ad8 D __u_boot_cmd_bootm
57e30af0 D __u_boot_cmd_boot
57e30b08 D __u_boot_cmd_bootd
57e30b20 D __u_boot_cmd_iminfo
57e30b38 D __u_boot_cmd_imls
57e30b50 D __u_boot_cmd_icache
57e30b68 D __u_boot_cmd_dcache
57e30b80 D __u_boot_cmd_coninfo
57e30b98 D __u_boot_cmd_echo
57e30bb0 D __u_boot_cmd_bootelf
57e30bc8 D __u_boot_cmd_bootvx
57e30be0 D __u_boot_cmd_exit
57e30bf8 D __u_boot_cmd_ext2ls
57e30c10 D __u_boot_cmd_ext2load
57e30c28 D __u_boot_cmd_fatload
57e30c40 D __u_boot_cmd_fatls
57e30c58 D __u_boot_cmd_fatinfo
57e30c70 D __u_boot_cmd_flinfo
57e30c88 D __u_boot_cmd_erase
57e30ca0 D __u_boot_cmd_protect
57e30cb8 D __u_boot_cmd_help
57e30cd0 D __u_boot_cmd_question_mark
57e30ce8 D __u_boot_cmd_itest
57e30d00 D __u_boot_cmd_loads
57e30d18 D __u_boot_cmd_loadb
57e30d30 D __u_boot_cmd_loady
57e30d48 D __u_boot_cmd_md
57e30d60 D __u_boot_cmd_mm
57e30d78 D __u_boot_cmd_nm
57e30d90 D __u_boot_cmd_mw
57e30da8 D __u_boot_cmd_cp
57e30dc0 D __u_boot_cmd_cmp
57e30dd8 D __u_boot_cmd_crc32
57e30df0 D __u_boot_cmd_base
57e30e08 D __u_boot_cmd_loop
57e30e20 D __u_boot_cmd_mtest
57e30e38 D __u_boot_cmd_sleep
57e30e50 D __u_boot_cmd_nand
57e30e68 D __u_boot_cmd_nboot
57e30e80 D __u_boot_cmd_bootp
57e30e98 D __u_boot_cmd_tftpboot
57e30eb0 D __u_boot_cmd_rarpboot
57e30ec8 D __u_boot_cmd_nfs
57e30ee0 D __u_boot_cmd_ping
57e30ef8 D __u_boot_cmd_saveenv
57e30f10 D __u_boot_cmd_editenv
57e30f28 D __u_boot_cmd_printenv
57e30f40 D __u_boot_cmd_setenv
57e30f58 D __u_boot_cmd_run
57e30f70 D __u_boot_cmd_reginfo
57e30f88 D __u_boot_cmd_source
57e30fa0 D __u_boot_cmd_test
57e30fb8 D __u_boot_cmd_false
57e30fd0 D __u_boot_cmd_true
57e30fe8 D __u_boot_cmd_usb
57e31000 D __u_boot_cmd_usbboot
57e31018 D __u_boot_cmd_version
57e31030 D __u_boot_cmd_imxtract
57e31048 D __u_boot_cmd_showvar
57e31060 A __bss_start
57e31060 A __u_boot_cmd_end
57e31100 B monitor_flash_len
57e31104 b eth_current
57e31108 b eth_devices
57e3110c b act.3140
57e31110 b env_changed_id.3141
57e31114 b first_failed.3124
57e31118 B NetState
57e3111c b packetHandler
57e31120 b timeHandler
57e31124 b timeStart
57e31128 b timeDelta
57e3112c B NetIPID
57e31130 B NetOurIP
57e31134 B NetOurEther
57e3113c B NetPingIP
57e31140 B NetRxPacket
57e31144 B NetRxPacketLen
57e31148 B NetArpWaitPacketIP
57e3114c B NetArpWaitPacketMAC
57e31150 B NetArpWaitReplyIP
57e31154 B NetArpWaitTxPacket
57e31158 B NetArpWaitTxPacketSize
57e3115c B NetServerIP
57e31160 B NetServerEther
57e31168 B NetTxPacket
57e3116c B NetOurSubnetMask
57e31170 B NetOurGatewayIP
57e31174 b mac.3206
57e3117a B NetEtherNullAddr
57e31180 b PingSeqNo
57e31184 B NetArpWaitTry
57e31188 B NetArpWaitTimerStart
57e3118c b NetTryCount
57e31190 b NetRestarted
57e31194 B NetRestartWrap
57e31198 b NetDevExists
57e3119c B PktBuf
57e32fbc B NetRxPackets
57e32fcc B NetArpWaitPacketBuf
57e335ec b env_changed_id.3053
57e335f0 B NetBootFileXferSize
57e335f4 B NetOurDNSIP
57e335f8 B NetOurNISDomain
57e33618 B NetOurHostName
57e33638 B NetOurRootPath
57e33678 B NetBootFileSize
57e3367a B BootFile
57e336fc b rpc_id
57e33700 b NfsSrvMountPort
57e33704 b NfsSrvNfsPort
57e33708 b fs_mounted
57e3370c b dirfh
57e3372c b filefh
57e3374c b NfsServerIP
57e33750 b NfsOurPort
57e33754 b NfsState
57e33758 b nfs_path
57e3375c b nfs_filename
57e33760 b nfs_len
57e33764 b NfsDownloadState
57e33768 b nfs_path_buff
57e33f68 b default_filename
57e33fa8 b NfsTimeoutCount
57e33fac B RarpTry
57e33fb0 b TftpState
57e33fb4 b tftp_filename
57e34034 b TftpBlock
57e34038 b TftpServerIP
57e3403c b TftpServerPort
57e34040 b TftpOurPort
57e34044 b default_filename
57e34054 b TftpTimeoutCount
57e34058 b TftpBlockWrap
57e3405c b TftpBlockWrapOffset
57e34060 b TftpLastBlock
57e34064 B BootpTry
57e34068 B BootpID
57e3406c b saved_sector.3516
57e34070 B flash_info
57e34178 B nand_info
57e34228 b nand_chip
57e34340 b chip_n.3767
57e34344 b images
57e343d0 b os_data_state
57e343d4 b os_data_addr
57e343d8 b bin_start_address
57e343dc b k_data_escape
57e343e0 B os_data_init
57e343e4 b k_data_escape_saved
57e343e8 b os_data_state_saved
57e343ec b os_data_addr_saved
57e343f0 B os_data_char
57e343f4 B his_quote
57e343f8 B his_pad_count
57e343fc B his_pad_char
57e343fd B his_eol
57e34400 B send_ptr
57e34404 B send_parms
57e34418 b a_b
57e34430 b base_address
57e34434 B mm_last_addr
57e34438 B mm_last_size
57e3443c B dp_last_addr
57e34440 B dp_last_size
57e34444 b ctrlc_disabled
57e34448 b ctrlc_was_pressed
57e3444c B mem_malloc_brk
57e34450 B mem_malloc_start
57e34454 B mem_malloc_end
57e34458 b current_mallinfo
57e34480 b top_pad
57e34484 b max_sbrked_mem
57e34488 b max_total_mem
57e3448c b n_mmaps_max
57e34490 b local.3201
57e344a6 b map
57e345a8 b top_vars
57e345ac b flag_repeat
57e345b0 b do_repeat
57e345b4 b the_command.3228
57e346b4 b buf.3691
57e346dc B last_return_code
57e346e0 b ifs
57e346e4 B nesting_level
57e346e8 b initted.3183
57e346ec b hist_max
57e346f0 b hist_add_idx
57e346f4 B hist_num
57e346f8 B hist_lines
57e35af8 B hist_list
57e35b48 B console_buffer
57e35c48 b devs
57e35c84 B stdio_devices
57e35c90 b asynch_allowed
57e35c94 b usb_dev
57e40594 b usb_hub_index
57e40598 b hub_dev
57e40698 b dev_index
57e4069c B usb_started
57e4069d b setup_packet
57e406a8 b running
57e406ac b usb_dev_desc
57e408c8 b usb_ccb
57e40958 b usb_stor_buf
57e40b58 b usb_max_devs
57e40b5c b usb_stor
57e40c60 b CBWTag
57e40c64 b xyz
57e410a0 B ___strtok
57e410a8 b lastdec
57e410b0 b timestamp
57e410b8 b timer_load_val
57e410c0 b params
57e410c4 b part_offset
57e410c8 b cur_dev
57e410cc B get_vfatname_block
57e510cc B do_fat_read_block
57e610cc B get_dentfromdir_block
57e710cc b inode_size
57e710d0 B ext2fs_root
57e710d4 B ext2fs_file
57e710d8 B indir1_block
57e710dc B indir1_size
57e710e0 B indir2_block
57e710e4 B indir2_size
57e710e8 B symlinknest
57e710ec b part_info
57e71138 b ext2fs_block_dev_desc
57e71200 B ptd
57e71204 b gohci
57e7134c b ohci_inited
57e71350 B phcca
57e71400 B ghcca
57e71500 B ohci_dev
57e716a0 B gtd
57e726e0 B devgone
57e72700 A _end
