57e00000 T _start
57e00020 t _undefined_instruction
57e00024 t _software_interrupt
57e00028 t _prefetch_abort
57e0002c t _data_abort
57e00030 t _not_used
57e00034 t _irq
57e00038 t _fiq
57e0003c t _pad
57e00040 T _end_vect
57e00040 t _TEXT_BASE
57e00044 t _TEXT_PHY_BASE
57e00048 T _armboot_start
57e0004c T _bss_start
57e00050 T _bss_end
57e00054 t reset
57e00064 t cpu_init_crit
57e00088 t mmu_disable_phys
57e000b8 t after_copy
57e000b8 t skip_hw_init
57e000b8 t stack_setup
57e000c8 t clear_bss
57e000d4 t clbss_l
57e000e8 t _start_armboot
57e000ec T copy_from_nand
57e00138 t copy_failed
57e00140 t compare_failed
57e00160 t undefined_instruction
57e001c0 t software_interrupt
57e00220 t prefetch_abort
57e00280 t data_abort
57e002e0 t not_used
57e00340 t irq
57e003a0 t fiq
57e00400 T mem_ctrl_asm_init
57e004f0 t check_dmc1_ready
57e00524 t _TEXT_BASE
57e00528 T lowlevel_init
57e005c8 t wakeup_reset
57e005f4 t system_clock_init
57e00680 t uart_asm_init
57e00690 t nand_asm_init
57e006f4 t nandll_read_page
57e007b4 T copy_uboot_to_ram
57e008bc T __coloured_LED_init
57e008bc W coloured_LED_init
57e008c0 T __red_LED_on
57e008c0 W red_LED_on
57e008c4 T __red_LED_off
57e008c4 W red_LED_off
57e008c8 T __green_LED_on
57e008c8 W green_LED_on
57e008cc T __green_LED_off
57e008cc W green_LED_off
57e008d0 T __yellow_LED_on
57e008d0 W yellow_LED_on
57e008d4 T __yellow_LED_off
57e008d4 W yellow_LED_off
57e008d8 T __blue_LED_on
57e008d8 W blue_LED_on
57e008dc T __blue_LED_off
57e008dc W blue_LED_off
57e008e0 T hang
57e008f0 t display_dram_config
57e00920 t display_banner
57e00940 t init_baudrate
57e009a0 T start_armboot
57e00b1c T print_size
57e00be8 T display_options
57e00c08 T print_buffer
57e00d68 T string_to_ip
57e00de0 T strcpy
57e00dfc T strncpy
57e00e24 T strcat
57e00e58 T strncat
57e00ebc T strcmp
57e00ef4 T strncmp
57e00f44 T strchr
57e00f70 T strlen
57e00f90 T strrchr
57e00fc8 T strnlen
57e00ff0 T strspn
57e01034 T strpbrk
57e01074 T strtok
57e010f4 T strsep
57e01128 T strswab
57e01174 T memset
57e011f0 T bcopy
57e0121c T memcpy
57e01298 T memmove
57e012f4 T memcmp
57e01334 T memscan
57e01364 T strstr
57e013c8 T memchr
57e013f8 T strdup
57e0142c t __toupper
57e01448 t pack_hex_byte
57e01474 T simple_strtoul
57e0152c T simple_strtol
57e01554 T ustrtoul
57e015c8 T simple_strtoull
57e016a4 t skip_atoi
57e016dc t put_dec_trunc
57e017b8 T panic
57e01808 t string
57e018b8 t put_dec
57e019e8 t number
57e01c50 T vsprintf
57e022c8 T sprintf
57e022f0 T __div64_32
57e023e4 T udelay
57e02410 t get_PLLCLK
57e02488 T get_UCLK
57e02490 T get_FCLK
57e02498 T get_PCLK
57e024ec T get_HCLK
57e02540 T get_ARMCLK
57e02568 T print_cpuinfo
57e02614 T get_ticks
57e02680 T get_tbclk
57e0269c T reset_timer_masked
57e026cc T reset_timer
57e026d0 T get_timer_masked
57e026dc T get_timer
57e026f0 T set_timer
57e02724 T __udelay
57e02768 T timer_init
57e02808 T enable_interrupts
57e0280c T disable_interrupts
57e02814 T show_regs
57e02954 T bad_mode
57e02970 T do_irq
57e02994 T do_fiq
57e029b8 T do_not_used
57e029dc T do_data_abort
57e02a00 T do_prefetch_abort
57e02a24 T do_software_interrupt
57e02a48 T do_undefined_instruction
57e02a6c T do_reset
57e02a9c W cpu_eth_init
57e02a9c t __def_eth_init
57e02aa4 T eth_get_dev
57e02ab4 T eth_get_dev_by_index
57e02af4 T eth_get_dev_index
57e02b40 T eth_halt
57e02b74 T eth_send
57e02ba8 T eth_rx
57e02bd4 T eth_get_name
57e02bf4 T eth_get_dev_by_name
57e02c48 T eth_set_current
57e02cec T eth_try_another
57e02d9c T eth_register
57e02e28 T eth_setenv_enetaddr
57e02e60 T eth_parse_enetaddr
57e02ebc T eth_getenv_enetaddr
57e02f14 T eth_getenv_enetaddr_by_index
57e02f60 T eth_init
57e03020 T eth_initialize
57e03208 t __fswab16
57e0321c t startAgainTimeout
57e03230 t startAgainHandler
57e03234 T NetSetHandler
57e03244 T NetCksum
57e0328c T NetCksumOk
57e032b0 T copy_filename
57e03308 T string_to_VLAN
57e03354 T getenv_VLAN
57e03364 T NetEthHdrSize
57e033a8 T VLAN_to_string
57e03400 T ip_to_string
57e03450 T random_port
57e0346c T NetSetTimeout
57e0349c t NetCopyIP
57e034a4 T NetSetIP
57e0359c T NetSetEther
57e03650 t NetReadIP
57e0366c t PingHandler
57e03694 t NetWriteIP
57e036b0 T NetSendPacket
57e036b4 T NetReceive
57e03c28 T ArpRequest
57e03d14 T PingSend
57e03e50 T NetSendUDPPacket
57e03f8c t PingTimeout
57e03fa8 T NetStartAgain
57e040b4 T ArpTimeoutCheck
57e04128 t getenv_IPaddr
57e04138 T NetLoop
57e04550 t __fswab32
57e04570 t basename
57e045ac t dirname
57e045c8 t rpc_add_credentials
57e046a0 t rpc_lookup_reply
57e04740 t nfs_mount_reply
57e047dc t nfs_umountall_reply
57e0485c t nfs_lookup_reply
57e048f0 t rpc_req
57e049fc t rpc_lookup_req
57e04a60 t nfs_mount_req
57e04af0 t nfs_umountall_req
57e04b48 t nfs_lookup_req
57e04bec t nfs_read_req
57e04c6c t nfs_readlink_req
57e04cc4 t NfsSend
57e04d58 T NfsStart
57e04f80 t nfs_readlink_reply
57e05074 t nfs_read_reply
57e051b8 t NfsHandler
57e0539c t NfsTimeout
57e053f4 T RarpRequest
57e054fc t RarpHandler
57e05558 t RarpTimeout
57e055a0 t __fswab16
57e055b4 t TftpSend
57e05734 T TftpStart
57e059a4 t TftpTimeout
57e05a0c t TftpHandler
57e05ce0 t __fswab16
57e05cf4 t __fswab32
57e05d14 t truncate_sz
57e05d48 t NetWriteIP
57e05d64 t NetCopyIP
57e05d6c t NetReadLong
57e05d88 T BootpRequest
57e05f58 t BootpHandler
57e06288 t BootpTimeout
57e062d0 t __flash_write8
57e062d8 t __flash_write16
57e062e0 t __flash_write32
57e062e8 t __flash_write64
57e062f0 T flash_sector_size
57e06330 t flash_map
57e06344 t flash_make_cmd
57e0639c t flash_read_uchar
57e063b4 T flash_write_cmd
57e0644c t flash_unlock_seq
57e0647c t flash_isequal
57e06538 t flash_isset
57e065f8 t flash_add_byte
57e06698 t find_sector
57e06708 t cfi_reverse_geometry
57e067b8 T __flash_cmd_reset
57e067b8 W flash_cmd_reset
57e067e8 T flash_set_verbose
57e067f8 t cmdset_intel_read_jedec_ids
57e06864 t cmdset_amd_read_jedec_ids
57e06984 T flash_get_size
57e06f64 T flash_init
57e0714c t flash_full_status_check
57e07458 t flash_write_cfiword
57e076b0 T write_buff
57e07864 T flash_print_info
57e07a64 T flash_erase
57e07c98 T jedec_flash_match
57e07e50 T nand_init
57e07ef0 t generic_ffs
57e07f48 t nand_release_device
57e07f60 t nand_read_byte
57e07f70 t nand_read_byte16
57e07f84 t nand_read_word
57e07f94 t nand_write_buf
57e07fc8 t nand_read_buf
57e07ff0 t nand_verify_buf
57e08038 t nand_write_buf16
57e08070 t nand_read_buf16
57e080a8 t nand_verify_buf16
57e080f4 t nand_check_wp
57e08130 t nand_get_device
57e0813c t nand_block_bad
57e08240 t nand_read_page_raw
57e08278 t nand_read_page_raw_syndrome
57e08348 t nand_read_page_swecc
57e08464 t nand_read_subpage
57e086f8 t nand_read_page_hwecc
57e08834 t nand_read_page_hwecc_oob_first
57e08974 t nand_read_page_syndrome
57e08a98 t nand_read_oob_std
57e08adc t nand_read_oob_syndrome
57e08bec t nand_write_oob_std
57e08c5c t nand_write_oob_syndrome
57e08e14 t nand_write_page_raw
57e08e48 t nand_write_page_raw_syndrome
57e08f14 t nand_write_page_swecc
57e08fb8 t nand_write_page_hwecc
57e09084 t nand_write_page_syndrome
57e09174 t nand_write_page
57e09234 t single_erase_cmd
57e09270 t multi_erase_cmd
57e092fc t nand_sync
57e09320 t nand_suspend
57e09330 T nand_release
57e09358 t nand_resume
57e09378 T nand_scan_ident
57e09920 T nand_scan_tail
57e09eec T nand_scan
57e09f0c t nand_select_chip
57e09f68 t nand_block_checkbad
57e09fe8 t nand_block_isbad
57e0a024 t nand_block_markbad
57e0a060 t nand_fill_oob
57e0a174 t nand_do_write_oob
57e0a30c t nand_do_write_ops
57e0a63c t nand_write_oob
57e0a700 t nand_write
57e0a7a8 t nand_transfer_oob
57e0a8b8 t nand_default_block_markbad
57e0a9b8 T nand_erase_nand
57e0ad30 t nand_erase
57e0ad38 t nand_wait
57e0ae14 T nand_wait_ready
57e0ae60 t nand_do_read_ops
57e0b278 t nand_read_oob
57e0b550 t nand_read
57e0b5f8 t nand_command
57e0b7d4 t nand_command_lp
57e0ba3c t check_pattern
57e0baf4 t scan_read_raw
57e0bb40 T nand_isbad_bbt
57e0bb90 t create_bbt
57e0be64 t search_bbt
57e0c070 t read_bbt
57e0c2bc t read_abs_bbt
57e0c3a8 t write_bbt
57e0ca14 T nand_update_bbt
57e0cb6c t mark_bbt_region
57e0ccf0 T nand_scan_bbt
57e0d170 T nand_default_bbt
57e0d234 T nand_calculate_ecc
57e0d32c T nand_correct_data
57e0d458 t s3c_nand_select_chip
57e0d498 t s3c_nand_hwcontrol
57e0d4fc t s3c_nand_device_ready
57e0d510 t s3c_nand_enable_hwecc
57e0d550 t s3c_nand_calculate_ecc
57e0d590 T board_nand_init
57e0d660 t s3c_nand_correct_data
57e0d71c t dm9000_outblk_8bit
57e0d740 t dm9000_outblk_16bit
57e0d774 t dm9000_outblk_32bit
57e0d7a4 t dm9000_inblk_8bit
57e0d7c8 t dm9000_inblk_16bit
57e0d7fc t dm9000_inblk_32bit
57e0d82c t dm9000_rx_status_32bit
57e0d84c t dm9000_rx_status_16bit
57e0d86c t dm9000_rx_status_8bit
57e0d89c t dm9000_halt
57e0d8a0 t DM9000_ior
57e0d8b4 t DM9000_iow
57e0d8c8 t dm9000_reset
57e0d968 t dm9000_rx
57e0dabc t phy_read
57e0db14 t dm9000_init
57e0de18 T dm9000_write_srom_word
57e0de70 T dm9000_read_srom_word
57e0dec4 T dm9000_initialize
57e0df48 t dm9000_send
57e0e018 t s3c64xx_get_base_uart
57e0e028 T serial_getc
57e0e048 T serial_putc
57e0e078 T serial_tstc
57e0e090 T serial_puts
57e0e0b8 T serial_setbrg
57e0e110 T serial_init
57e0e148 t print_num
57e0e15c T do_bdinfo
57e0e234 W do_go_exec
57e0e24c T do_go
57e0e2c4 t __fswab32
57e0e2e4 t image_get_data
57e0e2ec T __arch_preboot_os
57e0e2ec W arch_preboot_os
57e0e2f0 t do_imls
57e0e3a8 t image_check_magic
57e0e3cc t image_info
57e0e494 T do_iminfo
57e0e4f4 t image_get_size
57e0e4fc t image_get_data_size
57e0e500 T do_bootd
57e0e524 t do_bootm_rtems
57e0e560 t do_bootm_qnxelf
57e0e5c4 t do_bootm_vxworks
57e0e628 t do_bootm_netbsd
57e0e754 t bootm_start
57e0eaa8 t bootm_load_os
57e0ec10 T do_bootm_subcommand
57e0edc0 T do_bootm
57e0f044 T do_bootzImage
57e0f100 t on_off
57e0f13c T do_dcache
57e0f1b4 T do_icache
57e0f22c T do_coninfo
57e0f31c T do_echo
57e0f39c T load_elf_image
57e0f434 T valid_elf_image
57e0f4a8 T do_bootvx
57e0f730 W do_bootelf_exec
57e0f774 T do_bootelf
57e0f80c T do_exit
57e0f83c T do_ext2load
57e0fb64 T do_ext2ls
57e0fc9c T do_fat_fsinfo
57e0fd74 T do_fat_ls
57e0fe7c T do_fat_fsload
57e10000 T flash_sect_roundb
57e100c8 t flash_fill_sect_ranges
57e10274 T flash_sect_protect
57e1036c t addr_spec
57e10430 t abbrev_spec
57e10580 T do_protect
57e10828 T flash_sect_erase
57e10904 T do_flerase
57e10a88 T do_flinfo
57e10b04 T do_help
57e10b50 t evalstr
57e10b6c t evalexp
57e10bd8 T binary_test
57e10db8 T do_itest
57e10e54 T ktrans
57e10e74 T chk1
57e10ea4 t bin_data_init
57e10ec0 t bin_data_char
57e10ee0 T k_data_init
57e10f00 T k_data_save
57e10f20 T k_data_restore
57e10f40 T k_data_char
57e10f90 T send_pad
57e10fc0 T s1_sendpacket
57e10fec T handle_send_packet
57e111b0 T send_nack
57e11210 T send_ack
57e11270 t load_serial_ymodem
57e113b0 t getcxmodem
57e113d0 T do_load_serial_bin
57e11830 t load_serial
57e11a5c T do_load_serial
57e11b3c T do_mem_crc
57e11be8 T do_mem_base
57e11c2c T do_mem_mtest
57e11dd4 T do_mem_loop
57e11ecc T do_mem_cmp
57e12064 T do_mem_mw
57e1212c T do_mem_cp
57e12250 t mod_mem
57e123a0 T do_mem_nm
57e123c0 T do_mem_mm
57e123e0 T do_mem_md
57e124b8 T do_sleep
57e12540 t str2long
57e1257c t nand_print_info
57e125d8 t arg_off_size
57e126b4 T do_nandboot
57e129ec t nand_dump
57e12c10 T do_nand
57e133b0 T do_ping
57e13430 t netboot_common
57e13748 T do_nfs
57e13754 T do_rarpb
57e13760 T do_tftpb
57e1376c T do_bootp
57e13778 T get_env_id
57e13788 T envmatch
57e137e8 T getenv_r
57e1388c T do_saveenv
57e138b8 T getenv
57e13920 T _do_setenv
57e13d70 T do_setenv
57e13d9c T setenv
57e13de8 T do_editenv
57e13e58 t printenv
57e13f40 T do_printenv
57e13fd4 T do_reginfo
57e13fdc t __fswab32
57e13ffc T source
57e1412c T do_source
57e14170 T do_false
57e14178 T do_true
57e14180 T do_test
57e145fc T usb_get_class_desc
57e146a4 T usb_display_ep_desc
57e14778 T usb_display_class_sub
57e148ec T do_usbboot
57e14c94 T usb_show_tree_graph
57e14ebc T usb_show_tree
57e14ef0 T usb_display_desc
57e15020 T usb_display_string
57e15060 T usb_display_if_desc
57e150e8 T usb_display_conf_desc
57e15194 T usb_display_config
57e15224 T do_usb
57e1575c T s3c_usb_core_soft_reset
57e1577c T s3c_usb_init_core
57e15798 T s3c_usb_check_current_mode
57e157ac T s3c_usb_set_soft_disconnect
57e157c0 T s3c_usb_clear_soft_disconnect
57e157d4 T s3c_usb_init_device
57e15814 T s3c_usbc_activate
57e1581c T s3c_usb_stop
57e15824 T s3c_usb_set_inep_xfersize
57e15850 T s3c_usb_set_outep_xfersize
57e15880 T s3c_usb_write_ep0_fifo
57e158d8 T s3c_usb_write_in_fifo
57e15930 T s3c_usb_read_out_fifo
57e15984 T s3c_usb_get_desc
57e15b54 T s3c_usb_clear_feature
57e15bd0 T s3c_usb_set_feature
57e15d30 T s3c_usb_get_status
57e15dd8 T s3c_usb_ep0_int_hndlr
57e15ff0 T s3c_usb_set_otherspeed_conf_desc
57e16110 T s3c_usb_transfer_ep0
57e16dd4 T s3c_usb_int_bulkin
57e16fa0 T s3c_usb_upload_start
57e171cc T s3c_usb_download_start
57e173d8 T s3c_usb_dma_in_done
57e174e8 T s3c_usb_set_all_outep_nak
57e17510 T s3c_usb_clear_all_outep_nak
57e17538 T s3c_usb_set_max_pktsize
57e175e8 T s3c_usb_set_endpoint
57e1763c T s3c_usb_set_descriptors
57e177d8 T s3c_usb_check_speed
57e177f0 T s3c_usb_clear_dnfile_info
57e17830 T s3c_usb_clear_upfile_info
57e17870 T s3c_usb_check_setconf
57e178a0 T s3c_usb_set_opmode
57e17970 T s3c_usb_reset
57e179d8 T s3c_usb_set_init
57e17a34 T s3c_usb_verify_checksum
57e17afc T s3c_usb_download_continue
57e17c68 T s3c_usb_int_bulkout
57e17cb8 T s3c_usb_pkt_receive
57e17d38 T s3c_usb_print_pkt
57e17d84 T s3c_usb_dma_out_done
57e17ea0 T s3c_usb_transfer
57e17fc4 T s3c_udc_int_hndlr
57e18060 T s3c_usb_wait_cable_insert
57e180ac T s3c_usb_init_phy
57e180e4 T s3c_usbctl_init
57e181a8 T do_usbd_dnw
57e182a4 T do_version
57e182c4 T do_imgextract
57e1859c T cmd_get_data_size
57e18614 T cmd_usage
57e18674 T find_cmd_tbl
57e1870c T find_cmd
57e18734 T _do_help
57e188b4 t console_setfile
57e1895c T fgetc
57e18984 T ftstc
57e189ac T fputc
57e189d8 T fputs
57e18a04 T disable_ctrlc
57e18a1c T had_ctrlc
57e18a2c T clear_ctrlc
57e18a40 T dbg
57e18a4c T console_init_f
57e18a5c T search_device
57e18a84 T console_assign
57e18ac4 T fprintf
57e18b0c T puts
57e18b28 T vprintf
57e18b54 T printf
57e18b94 T stdio_print_current_devices
57e18c4c T console_init_r
57e18d34 T serial_printf
57e18d74 T putc
57e18d90 T tstc
57e18da8 T getc
57e18dc0 T ctrlc
57e18e10 T sbrk
57e18e44 T malloc_trim
57e18f10 T free
57e1914c T cfree
57e19150 T malloc
57e1976c T memalign
57e1987c T pvalloc
57e19894 T valloc
57e198a0 T malloc_usable_size
57e198e4 T mallopt
57e1995c T calloc
57e19a3c T mem_malloc_init
57e19a68 T realloc
57e19ee4 T env_get_char_memory
57e19f04 T env_get_addr
57e19f24 T env_get_char
57e19f54 T env_crc_update
57e19f80 T set_default_env
57e19fc8 T env_relocate
57e1a020 t nand_block_isbad
57e1a030 T env_get_char_spec
57e1a03c T writeenv
57e1a0ec T readenv
57e1a19c T env_init
57e1a204 t use_default
57e1a21c T env_relocate_spec
57e1a268 T saveenv
57e1a308 t dummy
57e1a30c T get_version
57e1a314 T jumptable_init
57e1a4dc T flash_protect
57e1a5d4 T addr2info
57e1a61c T flash_perror
57e1a6fc T flash_write
57e1a860 t b_reset
57e1a87c T simple_itoa
57e1a8d0 t static_get
57e1a8ec t static_peek
57e1a8f8 t file_peek
57e1a904 t setup_string_in_str
57e1a930 t indenter
57e1a940 t is_assignment
57e1a99c T mapset
57e1a9c8 t syntax_err
57e1a9d4 T do_showvar
57e1aac0 T u_boot_hush_start
57e1ab10 t xmalloc
57e1ab30 T new_pipe
57e1ab58 t file_get
57e1ad28 t free_pipe_list
57e1ae0c t b_free
57e1ae30 T unset_local_var
57e1aecc t xrealloc
57e1aeec t done_command
57e1af74 t initialize_context
57e1afac t done_pipe
57e1aff4 T reserved_word
57e1b12c t b_addchr
57e1b1a8 t done_word
57e1b328 t b_addqchr
57e1b374 t insert_var_value
57e1b524 T set_local_var
57e1b6d4 T update_ifs_map
57e1b744 t parse_stream_outer
57e1bd24 T parse_file_outer
57e1bd68 T parse_string_outer
57e1be30 t run_list_real
57e1c5f4 t __fswab32
57e1c614 t image_get_data
57e1c61c t image_check_type
57e1c630 T image_multi_count
57e1c658 T get_table_entry_name
57e1c680 T genimg_get_os_name
57e1c698 T genimg_get_arch_name
57e1c6b0 T genimg_get_type_name
57e1c6c8 T genimg_get_comp_name
57e1c6e0 T genimg_get_image
57e1c6e4 T genimg_has_config
57e1c6ec T get_table_entry_id
57e1c738 T genimg_get_comp_id
57e1c750 T genimg_get_type_id
57e1c768 T genimg_get_arch_id
57e1c780 T genimg_get_os_id
57e1c798 t image_check_magic
57e1c7bc T genimg_get_format
57e1c7d0 t image_get_data_size
57e1c7d8 t image_get_load
57e1c7e0 T image_multi_getimg
57e1c864 T genimg_print_size
57e1c890 T image_print_contents
57e1ca24 T memmove_wd
57e1ca28 T getenv_bootm_low
57e1ca58 T getenv_yesno
57e1ca7c T getenv_bootm_size
57e1cab0 T image_check_dcrc
57e1caf8 T image_check_hcrc
57e1cb4c T boot_get_ramdisk
57e1cd98 T __show_boot_progress
57e1cd98 W show_boot_progress
57e1cd9c T parse_line
57e1ce28 T do_run
57e1ce98 T run_command
57e1d298 t delete_char
57e1d374 t cread_add_char
57e1d464 t cread_add_str
57e1d4b4 T readline_into_buffer
57e1dd24 T readline
57e1dd40 T main_loop
57e1de60 t hex1_bin
57e1de98 t hex2_bin
57e1decc T srec_decode
57e1e13c T stdio_get_list
57e1e148 T stdio_clone
57e1e190 T stdio_register
57e1e1d0 T stdio_init
57e1e25c T stdio_get_by_name
57e1e2b0 T usb_disable_asynch
57e1e2c8 T usb_maxpacket
57e1e2ec t usb_set_maxpacket_ep
57e1e364 T usb_set_maxpacket
57e1e3c8 T usb_get_dev_index
57e1e3f8 T usb_hub_reset
57e1e40c T usb_hub_allocate
57e1e450 T usb_alloc_new_device
57e1e4f0 T usb_parse_config
57e1e644 T usb_submit_int_msg
57e1e648 T usb_stop
57e1e684 T wait_ms
57e1e6a8 T usb_bulk_msg
57e1e70c T usb_control_msg
57e1e7fc T usb_get_port_status
57e1e85c T usb_get_hub_status
57e1e8b0 T usb_set_port_feature
57e1e910 T usb_clear_port_feature
57e1e970 T usb_clear_hub_feature
57e1e9c4 T usb_get_hub_descriptor
57e1ea20 T usb_get_string
57e1eaac t usb_string_sub
57e1ebb0 T usb_string
57e1ecb0 T usb_get_class_descriptor
57e1ed20 T usb_get_report
57e1ed90 T usb_set_idle
57e1edf4 T usb_set_protocol
57e1ee54 T usb_set_configuration
57e1eebc T usb_set_interface
57e1ef88 T usb_set_address
57e1efcc T usb_get_descriptor
57e1f038 T usb_get_configuration_no
57e1f0d0 T usb_clear_halt
57e1f184 t usb_hub_power_on
57e1f1c8 t hub_port_reset
57e1f268 T usb_hub_port_connect_change
57e1f360 T usb_hub_configure
57e1f578 T usb_hub_probe
57e1f5d8 T usb_new_device
57e1f884 T usb_scan_devices
57e1f900 T usb_init
57e1f97c t __fswab32
57e1f99c T usb_stor_get_dev
57e1f9bc t usb_stor_irq
57e1f9d8 T usb_show_progress
57e1f9e4 t usb_request_sense
57e1fa40 t usb_test_unit_ready
57e1fabc T usb_stor_get_info
57e1fd68 T usb_storage_probe
57e1ff98 T usb_stor_BBB_clear_endpt_stall
57e1ffe4 t usb_stor_BBB_reset
57e200c4 t usb_stor_CB_reset
57e201b0 T usb_stor_write
57e203c4 T usb_stor_read
57e205d8 T usb_stor_scan
57e20734 T usb_stor_CB_comdat
57e20964 T usb_stor_BBB_comdat
57e20a40 T usb_stor_BBB_transport
57e20c0c T usb_stor_CBI_get_status
57e20cdc T usb_stor_CB_transport
57e20ed4 T usb_stor_info
57e20f44 T parse_num
57e2106c T xyzModem_error
57e21108 T xyzModem_stream_close
57e21154 T CYGACC_COMM_IF_PUTC
57e2115c T CYGACC_COMM_IF_GETC_TIMEOUT
57e211b0 t xyzModem_flush
57e211d8 T xyzModem_stream_terminate
57e212ac t xyzModem_get_hdr
57e21530 T xyzModem_stream_read
57e217bc T xyzModem_stream_open
57e21920 T board_init
57e2197c T dram_init
57e2199c T board_flash_get_legacy
57e219c0 T board_eth_init
57e219c8 T checkboard
57e219e0 T cyg_crc16
57e21a28 T crc32_no_comp
57e21b20 T crc32
57e21b34 T crc32_wd
57e21b38 T zunzip
57e21c2c T gunzip
57e21cf4 T zfree
57e21cfc T zalloc
57e21d0c T inflate_fast
57e22274 T inflate_table
57e2280c T inflateReset
57e228a8 T inflateInit2_
57e229b0 T inflateInit_
57e229c0 T inflateEnd
57e22a48 T adler32
57e22d84 T zcfree
57e22d8c T zcalloc
57e22d94 T inflate
57e244d8 T reset_cpu
57e244ec t _loop_forever
57e244f8 T do_bootm_linux
57e246c0 T flush_cache
57e246c4 t get_cr
57e246cc t set_cr
57e246d4 t cp_delay
57e24704 t cache_enable
57e24724 t cache_disable
57e24744 T icache_enable
57e2474c T icache_disable
57e24754 T icache_status
57e24768 T dcache_enable
57e24770 T dcache_disable
57e24778 T dcache_status
57e2478c t downcase
57e247b8 T disk_read
57e24808 t dirdelim
57e2483c t get_fatent
57e2499c t slot2str
57e24a6c t mkcksum
57e24a9c t get_cluster
57e24b44 t get_vfatname
57e24cdc t get_name
57e24d98 t read_bootsectandvi
57e24e90 T file_fat_detectfs
57e24ff0 T do_fat_read
57e25940 T file_fat_read
57e25978 T file_fat_ls
57e25988 T fat_register_device
57e25a74 t ext2fs_read_inode
57e25b6c T ext2fs_mount
57e25c34 T ext2fs_free_node
57e25c54 T ext2fs_close
57e25d08 T ext2fs_read_file
57e261f8 T ext2fs_read
57e26234 t ext2fs_iterate_dir
57e264a8 T ext2fs_find_file1
57e2673c T ext2fs_find_file
57e267b8 T ext2fs_open
57e2684c T ext2fs_ls
57e268c0 T ext2fs_devread
57e26a90 T ext2fs_set_blk_dev
57e26adc T print_part
57e26bb8 T dev_print
57e26db8 T get_partition_info
57e26ddc T init_part
57e26df8 T get_dev
57e26e50 t le32_to_int
57e26e78 t is_extended
57e26e98 T test_part_dos
57e26eec t get_partition_info_extended
57e27114 T get_partition_info_dos
57e27134 t print_partition_extended
57e272ec T print_part_dos
57e27318 t nand_read
57e27344 t nand_write
57e27370 t nand_block_isbad
57e27380 t nand_block_bad_scrub
57e27388 t get_len_incl_bad
57e27414 T nand_read_skip_bad
57e275c0 T nand_write_skip_bad
57e27784 T nand_erase_opts
57e27a80 t td_alloc
57e27ac0 t roothub_portstatus
57e27ad0 t ep_rev
57e27b08 T rh_check_port_status
57e27b60 t td_fill
57e27c00 t td_submit_job
57e27e64 t hc_reset
57e27f18 T usb_lowlevel_stop
57e27f4c t hc_release_ohci
57e27f5c t hc_interrupt
57e284a0 T usb_event_poll
57e284a4 T usb_lowlevel_init
57e2862c t urb_free_priv
57e28670 T sohci_submit_job
57e28ba0 T submit_common_msg
57e28ce8 T submit_int_msg
57e28d04 T submit_control_msg
57e29374 T submit_bulk_msg
57e2938c T usb_cpu_init
57e293a8 T usb_cpu_stop
57e293c4 T usb_cpu_init_fail
57e293dc T cleanup_before_linux
57e29400 T raise
57e2941c T __aeabi_uidiv
57e2941c T __udivsi3
57e2941c t .udivsi3_nodiv0
57e29510 T __aeabi_uidivmod
57e29530 T __aeabi_idiv
57e29530 T __divsi3
57e29538 t .divsi3_nodiv0
57e29658 T __aeabi_idivmod
57e29678 T __aeabi_llsr
57e29678 T __lshrdi3
57e29694 T __aeabi_lasr
57e29694 T __ashrdi3
57e296b0 T __aeabi_llsl
57e296b0 T __ashldi3
57e296cc W __aeabi_idiv0
57e296cc W __aeabi_ldiv0
57e296e0 r __func__.5250
57e296f4 r __FUNCTION__.5385
57e29703 r __FUNCTION__.3639
57e29714 r __FUNCTION__.4876
57e29722 r __FUNCTION__.4341
57e29734 r C.46.3789
57e29738 r C.158.5122
57e29740 r C.29.2919
57e297c0 r flash_offset_cfi
57e297c8 r C.77.3828
57e297d0 r jedec_table
57e29830 r unlock_addrs
57e29868 r udivslot
57e298a8 r boot_os
57e298f4 r baudrate_table
57e29908 r crc_table
57e29d08 r lbase.3505
57e29d46 r lext.3506
57e29d84 r dbase.3507
57e29dc4 r dext.3508
57e29e04 r lenfix
57e2a604 r distfix
57e2a684 r order.3732
57e2a6ac R z_errmsg
57e2a6d4 r block_drvr
57e2a6e4 r cc_to_string
57e2a724 r cc_to_error
57e2a764 r crc16_tab
57e2a964 R version_string
57e2a99f R hex_asc
57e2a9b0 r digits.3167
57e2a9ce r default_nand_name
57e2a9d3 r nand_ecc_precalc_table
57e2aad3 R config_full
57e2aadc R config_full_total
57e2aafc R config_high
57e2ab05 R config_high_total
57e2ab25 R qualifier_desc
57e2ab2f R string_desc0
57e2ab33 R string_desc1
57e2ab49 R string_desc2
57e324e4 D init_sequence
57e32514 D _ctype
57e32614 D NetOurVLAN
57e32616 D NetOurNativeVLAN
57e32618 D NetBcastAddr
57e32620 d nfs_offset
57e32624 d TftpTimeoutCountMax
57e32628 D TftpRRQTimeoutCountMax
57e3262c d TftpBlkSize
57e32630 D TftpRRQTimeoutMSecs
57e32634 d flash_verbose
57e32638 D nand_curr_device
57e3263c d nand_oob_8
57e32884 d nand_oob_16
57e32acc d nand_oob_64
57e32d14 d nand_oob_128
57e32f5c d bbt_main_descr
57e32f80 d bbt_mirror_descr
57e32fa4 d agand_flashbased
57e32fc8 d smallpage_flashbased
57e32fec d largepage_flashbased
57e33010 d smallpage_memorybased
57e33034 d largepage_memorybased
57e33058 d bbt_pattern
57e3305c d mirror_pattern
57e33060 d scan_agand_pattern
57e33066 d scan_ff_pattern
57e33068 D nand_flash_ids
57e334b8 D nand_manuf_ids
57e33508 d nand_cs
57e33510 D load_addr
57e33514 D cmd_bootm_sub
57e335a4 D op_table
57e3360c d do_echo
57e33610 D dp_last_length
57e33614 d env_id
57e33618 d usb_stor_curr_dev
57e3361c D test_pkt
57e33654 d av_
57e33a5c d sbrk_base
57e33a60 d trim_threshold
57e33a64 d mmap_threshold
57e33a68 D default_environment
57e33b74 D env_ptr
57e33b78 D env_name_spec
57e33b7c d blanks.3415
57e33ba4 d reserved_list
57e33c28 d uimage_os
57e33c88 d uimage_arch
57e33d78 d uimage_type
57e33e08 d uimage_comp
57e33e50 d erase_seq
57e33e54 d tab_seq
57e33e60 d hist_cur
57e33e64 D stdio_names
57e33e70 D us_direction
57e33e90 d cur_part
57e33e94 D indir1_blkno
57e33e98 D indir2_blkno
57e33e9c d root_hub_dev_des
57e33eae d root_hub_config_des
57e33ec7 d root_hub_str_index0
57e33ecb d root_hub_str_index1
57e33ee8 A __u_boot_cmd_start
57e33ee8 D __u_boot_cmd_bdinfo
57e33f00 D __u_boot_cmd_go
57e33f18 D __u_boot_cmd_reset
57e33f30 D __u_boot_cmd_bootm
57e33f48 D __u_boot_cmd_boot
57e33f60 D __u_boot_cmd_bootd
57e33f78 D __u_boot_cmd_iminfo
57e33f90 D __u_boot_cmd_imls
57e33fa8 D __u_boot_cmd_bootzImage
57e33fc0 D __u_boot_cmd_icache
57e33fd8 D __u_boot_cmd_dcache
57e33ff0 D __u_boot_cmd_coninfo
57e34008 D __u_boot_cmd_echo
57e34020 D __u_boot_cmd_bootelf
57e34038 D __u_boot_cmd_bootvx
57e34050 D __u_boot_cmd_exit
57e34068 D __u_boot_cmd_ext2ls
57e34080 D __u_boot_cmd_ext2load
57e34098 D __u_boot_cmd_fatload
57e340b0 D __u_boot_cmd_fatls
57e340c8 D __u_boot_cmd_fatinfo
57e340e0 D __u_boot_cmd_flinfo
57e340f8 D __u_boot_cmd_erase
57e34110 D __u_boot_cmd_protect
57e34128 D __u_boot_cmd_help
57e34140 D __u_boot_cmd_question_mark
57e34158 D __u_boot_cmd_itest
57e34170 D __u_boot_cmd_loads
57e34188 D __u_boot_cmd_loadb
57e341a0 D __u_boot_cmd_loady
57e341b8 D __u_boot_cmd_md
57e341d0 D __u_boot_cmd_mm
57e341e8 D __u_boot_cmd_nm
57e34200 D __u_boot_cmd_mw
57e34218 D __u_boot_cmd_cp
57e34230 D __u_boot_cmd_cmp
57e34248 D __u_boot_cmd_crc32
57e34260 D __u_boot_cmd_base
57e34278 D __u_boot_cmd_loop
57e34290 D __u_boot_cmd_mtest
57e342a8 D __u_boot_cmd_sleep
57e342c0 D __u_boot_cmd_nand
57e342d8 D __u_boot_cmd_nboot
57e342f0 D __u_boot_cmd_bootp
57e34308 D __u_boot_cmd_tftpboot
57e34320 D __u_boot_cmd_rarpboot
57e34338 D __u_boot_cmd_nfs
57e34350 D __u_boot_cmd_ping
57e34368 D __u_boot_cmd_saveenv
57e34380 D __u_boot_cmd_editenv
57e34398 D __u_boot_cmd_printenv
57e343b0 D __u_boot_cmd_setenv
57e343c8 D __u_boot_cmd_run
57e343e0 D __u_boot_cmd_reginfo
57e343f8 D __u_boot_cmd_source
57e34410 D __u_boot_cmd_test
57e34428 D __u_boot_cmd_false
57e34440 D __u_boot_cmd_true
57e34458 D __u_boot_cmd_usb
57e34470 D __u_boot_cmd_usbboot
57e34488 D __u_boot_cmd_dnw
57e344a0 D __u_boot_cmd_version
57e344b8 D __u_boot_cmd_imxtract
57e344d0 D __u_boot_cmd_showvar
57e344e8 A __bss_start
57e344e8 A __u_boot_cmd_end
57e34500 B monitor_flash_len
57e34504 B ___strtok
57e34508 b lastdec
57e34510 b timestamp
57e34518 b timer_load_val
57e34520 b eth_current
57e34524 b eth_devices
57e34528 b act.3141
57e3452c b env_changed_id.3142
57e34530 b first_failed.3125
57e34534 B NetState
57e34538 b packetHandler
57e3453c b timeHandler
57e34540 b timeStart
57e34544 b timeDelta
57e34548 B NetIPID
57e3454c B NetOurIP
57e34550 B NetOurEther
57e34558 B NetPingIP
57e3455c B NetRxPacket
57e34560 B NetRxPacketLen
57e34564 B NetArpWaitPacketIP
57e34568 B NetArpWaitPacketMAC
57e3456c B NetArpWaitReplyIP
57e34570 B NetArpWaitTxPacket
57e34574 B NetArpWaitTxPacketSize
57e34578 B NetServerIP
57e3457c B NetServerEther
57e34584 B NetTxPacket
57e34588 B NetOurSubnetMask
57e3458c B NetOurGatewayIP
57e34590 b mac.3206
57e34596 B NetEtherNullAddr
57e3459c b PingSeqNo
57e345a0 B NetArpWaitTry
57e345a4 B NetArpWaitTimerStart
57e345a8 b NetTryCount
57e345ac b NetRestarted
57e345b0 B NetRestartWrap
57e345b4 b NetDevExists
57e345b8 B PktBuf
57e363d8 B NetRxPackets
57e363e8 B NetArpWaitPacketBuf
57e36a08 b env_changed_id.3053
57e36a0c B NetBootFileXferSize
57e36a10 B NetOurDNSIP
57e36a14 B NetOurNISDomain
57e36a34 B NetOurHostName
57e36a54 B NetOurRootPath
57e36a94 B NetBootFileSize
57e36a96 B BootFile
57e36b18 b rpc_id
57e36b1c b NfsSrvMountPort
57e36b20 b NfsSrvNfsPort
57e36b24 b fs_mounted
57e36b28 b dirfh
57e36b48 b filefh
57e36b68 b NfsServerIP
57e36b6c b NfsOurPort
57e36b70 b NfsState
57e36b74 b nfs_path
57e36b78 b nfs_filename
57e36b7c b nfs_len
57e36b80 b NfsDownloadState
57e36b84 b nfs_path_buff
57e37384 b default_filename
57e373c4 b NfsTimeoutCount
57e373c8 B RarpTry
57e373cc b TftpState
57e373d0 b tftp_filename
57e37450 b TftpBlock
57e37454 b TftpServerIP
57e37458 b TftpServerPort
57e3745c b TftpOurPort
57e37460 b default_filename
57e37470 b TftpTimeoutCount
57e37474 b TftpBlockWrap
57e37478 b TftpBlockWrapOffset
57e3747c b TftpLastBlock
57e37480 B BootpTry
57e37484 B BootpID
57e37488 b saved_sector.3518
57e3748c B flash_info
57e37590 B nand_info
57e37640 b nand_chip
57e37758 b chip_n.3766
57e3775c b dm9000_info
57e3783c b images
57e378c8 b os_data_state
57e378cc b os_data_addr
57e378d0 b bin_start_address
57e378d4 b k_data_escape
57e378d8 B os_data_init
57e378dc b k_data_escape_saved
57e378e0 b os_data_state_saved
57e378e4 b os_data_addr_saved
57e378e8 B os_data_char
57e378ec B his_quote
57e378f0 B his_pad_count
57e378f4 B his_pad_char
57e378f5 B his_eol
57e378f8 B send_ptr
57e378fc B send_parms
57e37910 b a_b
57e37928 b base_address
57e3792c B mm_last_addr
57e37930 B mm_last_size
57e37934 B dp_last_addr
57e37938 B dp_last_size
57e3793c B otg
57e379c0 B remode_wakeup
57e379c4 B get_status
57e379ca B config_value
57e379cc B get_intf
57e379d0 B s3c_usbd_dn_addr
57e379d4 B op_mode
57e379d8 B s3c_receive_done
57e379dc B speed
57e379e0 B DNW
57e379e4 B s3c_got_header
57e379e8 b ctrlc_disabled
57e379ec b ctrlc_was_pressed
57e379f0 B mem_malloc_brk
57e379f4 B mem_malloc_start
57e379f8 B mem_malloc_end
57e379fc b current_mallinfo
57e37a24 b top_pad
57e37a28 b max_sbrked_mem
57e37a2c b max_total_mem
57e37a30 b n_mmaps_max
57e37a34 b local.3201
57e37a4a b map
57e37b4c b top_vars
57e37b50 b flag_repeat
57e37b54 b do_repeat
57e37b58 b the_command.3228
57e37c58 b buf.3691
57e37c80 B last_return_code
57e37c84 b ifs
57e37c88 B nesting_level
57e37c8c b initted.3183
57e37c90 b hist_max
57e37c94 b hist_add_idx
57e37c98 B hist_num
57e37c9c B hist_lines
57e3909c B hist_list
57e390ec B console_buffer
57e391ec b devs
57e39228 B stdio_devices
57e39234 b asynch_allowed
57e39238 b usb_dev
57e43b38 b usb_hub_index
57e43b3c b hub_dev
57e43c3c b dev_index
57e43c40 B usb_started
57e43c41 b setup_packet
57e43c4c b running
57e43c50 b usb_dev_desc
57e43e6c b usb_ccb
57e43efc b usb_stor_buf
57e440fc b usb_max_devs
57e44100 b usb_stor
57e44204 b CBWTag
57e44208 b xyz
57e44644 b params
57e44648 b part_offset
57e4464c b cur_dev
57e44650 B get_vfatname_block
57e54650 B do_fat_read_block
57e64650 B get_dentfromdir_block
57e74650 b inode_size
57e74654 B ext2fs_root
57e74658 B ext2fs_file
57e7465c B indir1_block
57e74660 B indir1_size
57e74664 B indir2_block
57e74668 B indir2_size
57e7466c B symlinknest
57e74670 b part_info
57e746bc b ext2fs_block_dev_desc
57e74700 B ptd
57e74704 b gohci
57e7484c b ohci_inited
57e74850 B phcca
57e74900 B ghcca
57e74a00 B ohci_dev
57e74ba0 B gtd
57e75be0 B devgone
57e75c00 A _end
