57e00000 T _start
57e00020 t _undefined_instruction
57e00024 t _software_interrupt
57e00028 t _prefetch_abort
57e0002c t _data_abort
57e00030 t _not_used
57e00034 t _irq
57e00038 t _fiq
57e0003c t _pad
57e00040 T _end_vect
57e00040 t _TEXT_BASE
57e00044 t _TEXT_PHY_BASE
57e00048 T _armboot_start
57e0004c T _bss_start
57e00050 T _bss_end
57e00054 t reset
57e00064 t cpu_init_crit
57e00088 t mmu_disable_phys
57e000b8 t after_copy
57e000b8 t skip_hw_init
57e000b8 t stack_setup
57e000c8 t clear_bss
57e000d4 t clbss_l
57e000e8 t _start_armboot
57e000ec T copy_from_nand
57e00138 t copy_failed
57e00140 t compare_failed
57e00160 t undefined_instruction
57e001c0 t software_interrupt
57e00220 t prefetch_abort
57e00280 t data_abort
57e002e0 t not_used
57e00340 t irq
57e003a0 t fiq
57e00400 T mem_ctrl_asm_init
57e004f0 t check_dmc1_ready
57e00524 t _TEXT_BASE
57e00528 T lowlevel_init
57e005c8 t wakeup_reset
57e005f4 t system_clock_init
57e00680 t uart_asm_init
57e00690 t nand_asm_init
57e006f4 t nandll_read_page
57e007b4 T copy_uboot_to_ram
57e008bc T __coloured_LED_init
57e008bc W coloured_LED_init
57e008c0 T __red_LED_on
57e008c0 W red_LED_on
57e008c4 T __red_LED_off
57e008c4 W red_LED_off
57e008c8 T __green_LED_on
57e008c8 W green_LED_on
57e008cc T __green_LED_off
57e008cc W green_LED_off
57e008d0 T __yellow_LED_on
57e008d0 W yellow_LED_on
57e008d4 T __yellow_LED_off
57e008d4 W yellow_LED_off
57e008d8 T __blue_LED_on
57e008d8 W blue_LED_on
57e008dc T __blue_LED_off
57e008dc W blue_LED_off
57e008e0 T hang
57e008f0 t display_dram_config
57e00920 t display_banner
57e00940 t init_baudrate
57e009a0 T start_armboot
57e00b1c T print_size
57e00be8 T display_options
57e00c08 T print_buffer
57e00d68 T string_to_ip
57e00de0 T strcpy
57e00dfc T strncpy
57e00e24 T strcat
57e00e58 T strncat
57e00ebc T strcmp
57e00ef4 T strncmp
57e00f44 T strchr
57e00f70 T strlen
57e00f90 T strrchr
57e00fc8 T strnlen
57e00ff0 T strspn
57e01034 T strpbrk
57e01074 T strtok
57e010f4 T strsep
57e01128 T strswab
57e01174 T memset
57e011f0 T bcopy
57e0121c T memcpy
57e01298 T memmove
57e012f4 T memcmp
57e01334 T memscan
57e01364 T strstr
57e013c8 T memchr
57e013f8 T strdup
57e0142c t __toupper
57e01448 t pack_hex_byte
57e01474 T simple_strtoul
57e0152c T simple_strtol
57e01554 T ustrtoul
57e015c8 T simple_strtoull
57e016a4 t skip_atoi
57e016dc t put_dec_trunc
57e017b8 T panic
57e01808 t string
57e018b8 t put_dec
57e019e8 t number
57e01c50 T vsprintf
57e022c8 T sprintf
57e022f0 T __div64_32
57e023e4 T udelay
57e02410 t get_PLLCLK
57e02488 T get_UCLK
57e02490 T get_FCLK
57e02498 T get_PCLK
57e024ec T get_HCLK
57e02540 T get_ARMCLK
57e02568 T print_cpuinfo
57e02614 T get_ticks
57e02680 T get_tbclk
57e0269c T reset_timer_masked
57e026cc T reset_timer
57e026d0 T set_timer
57e02704 T __udelay
57e02748 T get_timer_masked
57e027a4 T get_timer
57e027b8 T timer_init
57e02858 T enable_interrupts
57e0285c T disable_interrupts
57e02864 T show_regs
57e029a4 T bad_mode
57e029c0 T do_irq
57e029e4 T do_fiq
57e02a08 T do_not_used
57e02a2c T do_data_abort
57e02a50 T do_prefetch_abort
57e02a74 T do_software_interrupt
57e02a98 T do_undefined_instruction
57e02abc T do_reset
57e02aec W cpu_eth_init
57e02aec t __def_eth_init
57e02af4 T eth_get_dev
57e02b04 T eth_get_dev_by_index
57e02b44 T eth_get_dev_index
57e02b90 T eth_halt
57e02bc4 T eth_send
57e02bf8 T eth_rx
57e02c24 T eth_get_name
57e02c44 T eth_get_dev_by_name
57e02c98 T eth_set_current
57e02d3c T eth_try_another
57e02dec T eth_register
57e02e78 T eth_setenv_enetaddr
57e02eb0 T eth_parse_enetaddr
57e02f0c T eth_getenv_enetaddr
57e02f64 T eth_getenv_enetaddr_by_index
57e02fb0 T eth_init
57e03070 T eth_initialize
57e03258 t __fswab16
57e0326c t startAgainTimeout
57e03280 t startAgainHandler
57e03284 T NetSetHandler
57e03294 T NetCksum
57e032dc T NetCksumOk
57e03300 T copy_filename
57e03358 T string_to_VLAN
57e033a4 T getenv_VLAN
57e033b4 T NetEthHdrSize
57e033f8 T VLAN_to_string
57e03450 T ip_to_string
57e034a0 T random_port
57e034bc T NetSetTimeout
57e034ec t NetCopyIP
57e034f4 T NetSetIP
57e035ec T NetSetEther
57e036a0 t NetReadIP
57e036bc t PingHandler
57e036e4 t NetWriteIP
57e03700 T NetSendPacket
57e03704 T NetReceive
57e03c78 T ArpRequest
57e03d64 T PingSend
57e03ea0 T NetSendUDPPacket
57e03fdc t PingTimeout
57e03ff8 T NetStartAgain
57e04104 T ArpTimeoutCheck
57e04178 t getenv_IPaddr
57e04188 T NetLoop
57e045a0 t __fswab32
57e045c0 t basename
57e045fc t dirname
57e04618 t rpc_add_credentials
57e046f0 t rpc_lookup_reply
57e04790 t nfs_mount_reply
57e0482c t nfs_umountall_reply
57e048ac t nfs_lookup_reply
57e04940 t rpc_req
57e04a4c t rpc_lookup_req
57e04ab0 t nfs_mount_req
57e04b40 t nfs_umountall_req
57e04b98 t nfs_lookup_req
57e04c3c t nfs_read_req
57e04cbc t nfs_readlink_req
57e04d14 t NfsSend
57e04da8 T NfsStart
57e04fd0 t nfs_readlink_reply
57e050c4 t nfs_read_reply
57e05208 t NfsHandler
57e053ec t NfsTimeout
57e05444 T RarpRequest
57e0554c t RarpHandler
57e055a8 t RarpTimeout
57e055f0 t __fswab16
57e05604 t TftpSend
57e05784 T TftpStart
57e059f4 t TftpTimeout
57e05a5c t TftpHandler
57e05d30 t __fswab16
57e05d44 t __fswab32
57e05d64 t truncate_sz
57e05d98 t NetWriteIP
57e05db4 t NetCopyIP
57e05dbc t NetReadLong
57e05dd8 T BootpRequest
57e05fa8 t BootpHandler
57e062d8 t BootpTimeout
57e06320 t __flash_write8
57e06328 t __flash_write16
57e06330 t __flash_write32
57e06338 t __flash_write64
57e06340 T flash_sector_size
57e06380 t flash_map
57e06394 t flash_make_cmd
57e063ec t flash_read_uchar
57e06404 T flash_write_cmd
57e0649c t flash_unlock_seq
57e064cc t flash_isequal
57e06588 t flash_isset
57e06648 t flash_add_byte
57e066e8 t find_sector
57e06758 t cfi_reverse_geometry
57e06808 T __flash_cmd_reset
57e06808 W flash_cmd_reset
57e06838 T flash_set_verbose
57e06848 t cmdset_intel_read_jedec_ids
57e068b4 t cmdset_amd_read_jedec_ids
57e069d4 T flash_get_size
57e06fb4 T flash_init
57e0719c t flash_full_status_check
57e074a8 t flash_write_cfiword
57e07700 T write_buff
57e078b4 T flash_print_info
57e07ab4 T flash_erase
57e07ce8 T jedec_flash_match
57e07ea0 T nand_init
57e07f40 t generic_ffs
57e07f98 t nand_release_device
57e07fb0 t nand_read_byte
57e07fc0 t nand_read_byte16
57e07fd4 t nand_read_word
57e07fe4 t nand_write_buf
57e08018 t nand_read_buf
57e08040 t nand_verify_buf
57e08088 t nand_write_buf16
57e080c0 t nand_read_buf16
57e080f8 t nand_verify_buf16
57e08144 t nand_check_wp
57e08180 t nand_get_device
57e0818c t nand_block_bad
57e08290 t nand_read_page_raw
57e082c8 t nand_read_page_raw_syndrome
57e08398 t nand_read_page_swecc
57e084b4 t nand_read_subpage
57e08748 t nand_read_page_hwecc
57e08884 t nand_read_page_hwecc_oob_first
57e089c4 t nand_read_page_syndrome
57e08ae8 t nand_read_oob_std
57e08b2c t nand_read_oob_syndrome
57e08c3c t nand_write_oob_std
57e08cac t nand_write_oob_syndrome
57e08e64 t nand_write_page_raw
57e08e98 t nand_write_page_raw_syndrome
57e08f64 t nand_write_page_swecc
57e09008 t nand_write_page_hwecc
57e090d4 t nand_write_page_syndrome
57e091c4 t nand_write_page
57e09284 t single_erase_cmd
57e092c0 t multi_erase_cmd
57e0934c t nand_sync
57e09370 t nand_suspend
57e09380 T nand_release
57e093a8 t nand_resume
57e093c8 T nand_scan_ident
57e09970 T nand_scan_tail
57e09f3c T nand_scan
57e09f5c t nand_select_chip
57e09fb8 t nand_block_checkbad
57e0a038 t nand_block_isbad
57e0a074 t nand_block_markbad
57e0a0b0 t nand_fill_oob
57e0a1c4 t nand_do_write_oob
57e0a35c t nand_do_write_ops
57e0a68c t nand_write_oob
57e0a750 t nand_write
57e0a7f8 t nand_transfer_oob
57e0a908 t nand_default_block_markbad
57e0aa08 T nand_erase_nand
57e0ad80 t nand_erase
57e0ad88 t nand_wait
57e0ae64 T nand_wait_ready
57e0aeb0 t nand_do_read_ops
57e0b2c8 t nand_read_oob
57e0b5a0 t nand_read
57e0b648 t nand_command
57e0b824 t nand_command_lp
57e0ba8c t check_pattern
57e0bb44 t scan_read_raw
57e0bb90 T nand_isbad_bbt
57e0bbe0 t create_bbt
57e0beb4 t search_bbt
57e0c0c0 t read_bbt
57e0c30c t read_abs_bbt
57e0c3f8 t write_bbt
57e0ca64 T nand_update_bbt
57e0cbbc t mark_bbt_region
57e0cd40 T nand_scan_bbt
57e0d1c0 T nand_default_bbt
57e0d284 T nand_calculate_ecc
57e0d37c T nand_correct_data
57e0d4a8 t s3c_nand_select_chip
57e0d4e8 t s3c_nand_hwcontrol
57e0d54c t s3c_nand_device_ready
57e0d560 t s3c_nand_enable_hwecc
57e0d5a0 t s3c_nand_calculate_ecc
57e0d5e0 T board_nand_init
57e0d6b0 t s3c_nand_correct_data
57e0d76c t dm9000_outblk_8bit
57e0d790 t dm9000_outblk_16bit
57e0d7c4 t dm9000_outblk_32bit
57e0d7f4 t dm9000_inblk_8bit
57e0d818 t dm9000_inblk_16bit
57e0d84c t dm9000_inblk_32bit
57e0d87c t dm9000_rx_status_32bit
57e0d89c t dm9000_rx_status_16bit
57e0d8bc t dm9000_rx_status_8bit
57e0d8ec t dm9000_halt
57e0d8f0 t DM9000_ior
57e0d904 t DM9000_iow
57e0d918 t dm9000_reset
57e0d9b8 t dm9000_rx
57e0db0c t phy_read
57e0db64 t dm9000_init
57e0de68 T dm9000_write_srom_word
57e0dec0 T dm9000_read_srom_word
57e0df14 T dm9000_initialize
57e0df98 t dm9000_send
57e0e068 t s3c64xx_get_base_uart
57e0e078 T serial_getc
57e0e098 T serial_putc
57e0e0c8 T serial_tstc
57e0e0e0 T serial_puts
57e0e108 T serial_setbrg
57e0e160 T serial_init
57e0e198 t print_num
57e0e1ac T do_bdinfo
57e0e284 W do_go_exec
57e0e29c T do_go
57e0e314 t __fswab32
57e0e334 t image_get_data
57e0e33c T __arch_preboot_os
57e0e33c W arch_preboot_os
57e0e340 t do_imls
57e0e3f8 t image_check_magic
57e0e41c t image_info
57e0e4e4 T do_iminfo
57e0e544 t image_get_size
57e0e54c t image_get_data_size
57e0e550 T do_bootd
57e0e574 t do_bootm_rtems
57e0e5b0 t do_bootm_qnxelf
57e0e614 t do_bootm_vxworks
57e0e678 t do_bootm_netbsd
57e0e7a4 t bootm_start
57e0eaf8 t bootm_load_os
57e0ec60 T do_bootm_subcommand
57e0ee10 T do_bootm
57e0f094 t on_off
57e0f0d0 T do_dcache
57e0f148 T do_icache
57e0f1c0 T do_coninfo
57e0f2b0 T do_echo
57e0f330 T load_elf_image
57e0f3c8 T valid_elf_image
57e0f43c T do_bootvx
57e0f6c4 W do_bootelf_exec
57e0f708 T do_bootelf
57e0f7a0 T do_exit
57e0f7d0 T do_ext2load
57e0faf8 T do_ext2ls
57e0fc30 T do_fat_fsinfo
57e0fd08 T do_fat_ls
57e0fe10 T do_fat_fsload
57e0ff94 T flash_sect_roundb
57e1005c t flash_fill_sect_ranges
57e10208 T flash_sect_protect
57e10300 t addr_spec
57e103c4 t abbrev_spec
57e10514 T do_protect
57e107bc T flash_sect_erase
57e10898 T do_flerase
57e10a1c T do_flinfo
57e10a98 T do_help
57e10ae4 t evalstr
57e10b00 t evalexp
57e10b6c T binary_test
57e10d4c T do_itest
57e10de8 T ktrans
57e10e08 T chk1
57e10e38 t bin_data_init
57e10e54 t bin_data_char
57e10e74 T k_data_init
57e10e94 T k_data_save
57e10eb4 T k_data_restore
57e10ed4 T k_data_char
57e10f24 T send_pad
57e10f54 T s1_sendpacket
57e10f80 T handle_send_packet
57e11144 T send_nack
57e111a4 T send_ack
57e11204 t load_serial_ymodem
57e11344 t getcxmodem
57e11364 T do_load_serial_bin
57e117c4 t load_serial
57e119f0 T do_load_serial
57e11ad0 T do_mem_crc
57e11b7c T do_mem_base
57e11bc0 T do_mem_mtest
57e11d68 T do_mem_loop
57e11e60 T do_mem_cmp
57e11ff8 T do_mem_mw
57e120c0 T do_mem_cp
57e121e4 t mod_mem
57e12334 T do_mem_nm
57e12354 T do_mem_mm
57e12374 T do_mem_md
57e1244c T do_sleep
57e124d4 t str2long
57e12510 t nand_print_info
57e1256c t arg_off_size
57e12648 T do_nandboot
57e12980 t nand_dump
57e12ba4 T do_nand
57e13344 T do_ping
57e133c4 t netboot_common
57e136dc T do_nfs
57e136e8 T do_rarpb
57e136f4 T do_tftpb
57e13700 T do_bootp
57e1370c T get_env_id
57e1371c T envmatch
57e1377c T getenv_r
57e13820 T do_saveenv
57e1384c T getenv
57e138b4 T _do_setenv
57e13d04 T do_setenv
57e13d30 T setenv
57e13d7c T do_editenv
57e13dec t printenv
57e13ed4 T do_printenv
57e13f68 T do_reginfo
57e13f70 t __fswab32
57e13f90 T source
57e140c0 T do_source
57e14104 T do_false
57e1410c T do_true
57e14114 T do_test
57e14590 T usb_get_class_desc
57e14638 T usb_display_ep_desc
57e1470c T usb_display_class_sub
57e14880 T do_usbboot
57e14c28 T usb_show_tree_graph
57e14e50 T usb_show_tree
57e14e84 T usb_display_desc
57e14fb4 T usb_display_string
57e14ff4 T usb_display_if_desc
57e1507c T usb_display_conf_desc
57e15128 T usb_display_config
57e151b8 T do_usb
57e156f0 T do_version
57e15710 T do_imgextract
57e159e8 T cmd_get_data_size
57e15a60 T cmd_usage
57e15ac0 T find_cmd_tbl
57e15b58 T find_cmd
57e15b80 T _do_help
57e15d00 t console_setfile
57e15da8 T fgetc
57e15dd0 T ftstc
57e15df8 T fputc
57e15e24 T fputs
57e15e50 T disable_ctrlc
57e15e68 T had_ctrlc
57e15e78 T clear_ctrlc
57e15e8c T dbg
57e15e98 T console_init_f
57e15ea8 T search_device
57e15ed0 T console_assign
57e15f10 T fprintf
57e15f58 T puts
57e15f74 T vprintf
57e15fa0 T printf
57e15fe0 T stdio_print_current_devices
57e16098 T console_init_r
57e16180 T serial_printf
57e161c0 T putc
57e161dc T tstc
57e161f4 T getc
57e1620c T ctrlc
57e1625c T sbrk
57e16290 T malloc_trim
57e1635c T free
57e16598 T cfree
57e1659c T malloc
57e16bb8 T memalign
57e16cc8 T pvalloc
57e16ce0 T valloc
57e16cec T malloc_usable_size
57e16d30 T mallopt
57e16da8 T calloc
57e16e88 T mem_malloc_init
57e16eb4 T realloc
57e17330 T env_get_char_memory
57e17350 T env_get_addr
57e17370 T env_get_char
57e173a0 T env_crc_update
57e173cc T set_default_env
57e17410 T env_relocate
57e17468 t nand_block_isbad
57e17478 T env_get_char_spec
57e17484 T writeenv
57e17534 T readenv
57e175e4 T env_init
57e1764c t use_default
57e17664 T env_relocate_spec
57e176b0 T saveenv
57e17750 t dummy
57e17754 T get_version
57e1775c T jumptable_init
57e17924 T flash_protect
57e17a1c T addr2info
57e17a64 T flash_perror
57e17b44 T flash_write
57e17ca8 t b_reset
57e17cc4 T simple_itoa
57e17d18 t static_get
57e17d34 t static_peek
57e17d40 t file_peek
57e17d4c t setup_string_in_str
57e17d78 t indenter
57e17d88 t is_assignment
57e17de4 T mapset
57e17e10 t syntax_err
57e17e1c T do_showvar
57e17f08 T u_boot_hush_start
57e17f58 t xmalloc
57e17f78 T new_pipe
57e17fa0 t file_get
57e18170 t free_pipe_list
57e18254 t b_free
57e18278 T unset_local_var
57e18314 t xrealloc
57e18334 t done_command
57e183bc t initialize_context
57e183f4 t done_pipe
57e1843c T reserved_word
57e18574 t b_addchr
57e185f0 t done_word
57e18770 t b_addqchr
57e187bc t insert_var_value
57e1896c T set_local_var
57e18b1c T update_ifs_map
57e18b8c t parse_stream_outer
57e1916c T parse_file_outer
57e191b0 T parse_string_outer
57e19278 t run_list_real
57e19a3c t __fswab32
57e19a5c t image_get_data
57e19a64 t image_check_type
57e19a78 T image_multi_count
57e19aa0 T get_table_entry_name
57e19ac8 T genimg_get_os_name
57e19ae0 T genimg_get_arch_name
57e19af8 T genimg_get_type_name
57e19b10 T genimg_get_comp_name
57e19b28 T genimg_get_image
57e19b2c T genimg_has_config
57e19b34 T get_table_entry_id
57e19b80 T genimg_get_comp_id
57e19b98 T genimg_get_type_id
57e19bb0 T genimg_get_arch_id
57e19bc8 T genimg_get_os_id
57e19be0 t image_check_magic
57e19c04 T genimg_get_format
57e19c18 t image_get_data_size
57e19c20 t image_get_load
57e19c28 T image_multi_getimg
57e19cac T genimg_print_size
57e19cd8 T image_print_contents
57e19e6c T memmove_wd
57e19e70 T getenv_bootm_low
57e19ea0 T getenv_yesno
57e19ec4 T getenv_bootm_size
57e19ef8 T image_check_dcrc
57e19f40 T image_check_hcrc
57e19f94 T boot_get_ramdisk
57e1a1e0 T __show_boot_progress
57e1a1e0 W show_boot_progress
57e1a1e4 T parse_line
57e1a270 T do_run
57e1a2e0 T run_command
57e1a6e0 t delete_char
57e1a7bc t cread_add_char
57e1a8ac t cread_add_str
57e1a8fc T readline_into_buffer
57e1b16c T readline
57e1b188 T main_loop
57e1b2a8 t hex1_bin
57e1b2e0 t hex2_bin
57e1b314 T srec_decode
57e1b584 T stdio_get_list
57e1b590 T stdio_clone
57e1b5d8 T stdio_register
57e1b618 T stdio_init
57e1b6a4 T stdio_get_by_name
57e1b6f8 T usb_disable_asynch
57e1b710 T usb_maxpacket
57e1b734 t usb_set_maxpacket_ep
57e1b7ac T usb_set_maxpacket
57e1b810 T usb_get_dev_index
57e1b840 T usb_hub_reset
57e1b854 T usb_hub_allocate
57e1b898 T usb_alloc_new_device
57e1b938 T usb_parse_config
57e1ba8c T usb_submit_int_msg
57e1ba90 T usb_stop
57e1bacc T wait_ms
57e1baf0 T usb_bulk_msg
57e1bb54 T usb_control_msg
57e1bc44 T usb_get_port_status
57e1bca4 T usb_get_hub_status
57e1bcf8 T usb_set_port_feature
57e1bd58 T usb_clear_port_feature
57e1bdb8 T usb_clear_hub_feature
57e1be0c T usb_get_hub_descriptor
57e1be68 T usb_get_string
57e1bef4 t usb_string_sub
57e1bff8 T usb_string
57e1c0f8 T usb_get_class_descriptor
57e1c168 T usb_get_report
57e1c1d8 T usb_set_idle
57e1c23c T usb_set_protocol
57e1c29c T usb_set_configuration
57e1c304 T usb_set_interface
57e1c3d0 T usb_set_address
57e1c414 T usb_get_descriptor
57e1c480 T usb_get_configuration_no
57e1c518 T usb_clear_halt
57e1c5cc t usb_hub_power_on
57e1c610 t hub_port_reset
57e1c6b0 T usb_hub_port_connect_change
57e1c7a8 T usb_hub_configure
57e1c9c0 T usb_hub_probe
57e1ca20 T usb_new_device
57e1cccc T usb_scan_devices
57e1cd48 T usb_init
57e1cdc4 t __fswab32
57e1cde4 T usb_stor_get_dev
57e1ce04 t usb_stor_irq
57e1ce20 T usb_show_progress
57e1ce2c t usb_request_sense
57e1ce88 t usb_test_unit_ready
57e1cf04 T usb_stor_get_info
57e1d1b0 T usb_storage_probe
57e1d3e0 T usb_stor_BBB_clear_endpt_stall
57e1d42c t usb_stor_BBB_reset
57e1d50c t usb_stor_CB_reset
57e1d5f8 T usb_stor_write
57e1d80c T usb_stor_read
57e1da20 T usb_stor_scan
57e1db7c T usb_stor_CB_comdat
57e1ddac T usb_stor_BBB_comdat
57e1de88 T usb_stor_BBB_transport
57e1e054 T usb_stor_CBI_get_status
57e1e124 T usb_stor_CB_transport
57e1e31c T usb_stor_info
57e1e38c T parse_num
57e1e4b4 T xyzModem_error
57e1e550 T xyzModem_stream_close
57e1e59c T CYGACC_COMM_IF_PUTC
57e1e5a4 T CYGACC_COMM_IF_GETC_TIMEOUT
57e1e5f8 t xyzModem_flush
57e1e620 T xyzModem_stream_terminate
57e1e6f4 t xyzModem_get_hdr
57e1e978 T xyzModem_stream_read
57e1ec04 T xyzModem_stream_open
57e1ed68 T do_bootzImage
57e1ee24 T board_init
57e1ee80 T dram_init
57e1eea0 T board_flash_get_legacy
57e1eec4 T board_eth_init
57e1eecc T checkboard
57e1eee4 T cyg_crc16
57e1ef2c T crc32_no_comp
57e1f024 T crc32
57e1f038 T crc32_wd
57e1f03c T zunzip
57e1f130 T gunzip
57e1f1f8 T zfree
57e1f200 T zalloc
57e1f210 T inflate_fast
57e1f778 T inflate_table
57e1fd10 T inflateReset
57e1fdac T inflateInit2_
57e1feb4 T inflateInit_
57e1fec4 T inflateEnd
57e1ff4c T adler32
57e20288 T zcfree
57e20290 T zcalloc
57e20298 T inflate
57e219dc T reset_cpu
57e219f0 t _loop_forever
57e219fc T do_bootm_linux
57e21bc4 T flush_cache
57e21bc8 t get_cr
57e21bd0 t set_cr
57e21bd8 t cp_delay
57e21c08 t cache_enable
57e21c28 t cache_disable
57e21c48 T icache_enable
57e21c50 T icache_disable
57e21c58 T icache_status
57e21c6c T dcache_enable
57e21c74 T dcache_disable
57e21c7c T dcache_status
57e21c90 t downcase
57e21cbc T disk_read
57e21d0c t dirdelim
57e21d40 t get_fatent
57e21ea0 t slot2str
57e21f70 t mkcksum
57e21fa0 t get_cluster
57e22048 t get_vfatname
57e221e0 t get_name
57e2229c t read_bootsectandvi
57e22394 T file_fat_detectfs
57e224f4 T do_fat_read
57e22e44 T file_fat_read
57e22e7c T file_fat_ls
57e22e8c T fat_register_device
57e22f78 t ext2fs_read_inode
57e23070 T ext2fs_mount
57e23138 T ext2fs_free_node
57e23158 T ext2fs_close
57e2320c T ext2fs_read_file
57e236fc T ext2fs_read
57e23738 t ext2fs_iterate_dir
57e239ac T ext2fs_find_file1
57e23c40 T ext2fs_find_file
57e23cbc T ext2fs_open
57e23d50 T ext2fs_ls
57e23dc4 T ext2fs_devread
57e23f94 T ext2fs_set_blk_dev
57e23fe0 T print_part
57e240bc T dev_print
57e242bc T get_partition_info
57e242e0 T init_part
57e242fc T get_dev
57e24354 t le32_to_int
57e2437c t is_extended
57e2439c T test_part_dos
57e243f0 t get_partition_info_extended
57e24618 T get_partition_info_dos
57e24638 t print_partition_extended
57e247f0 T print_part_dos
57e2481c t nand_read
57e24848 t nand_write
57e24874 t nand_block_isbad
57e24884 t nand_block_bad_scrub
57e2488c t get_len_incl_bad
57e24918 T nand_read_skip_bad
57e24ac4 T nand_write_skip_bad
57e24c88 T nand_erase_opts
57e24f84 t td_alloc
57e24fc4 t roothub_portstatus
57e24fd4 t ep_rev
57e2500c T rh_check_port_status
57e25064 t td_fill
57e25104 t td_submit_job
57e25368 t hc_reset
57e2541c T usb_lowlevel_stop
57e25450 t hc_release_ohci
57e25460 t hc_interrupt
57e259a4 T usb_event_poll
57e259a8 T usb_lowlevel_init
57e25b30 t urb_free_priv
57e25b74 T sohci_submit_job
57e260a4 T submit_common_msg
57e261ec T submit_int_msg
57e26208 T submit_control_msg
57e26878 T submit_bulk_msg
57e26890 T usb_cpu_init
57e268ac T usb_cpu_stop
57e268c8 T usb_cpu_init_fail
57e268e0 T cleanup_before_linux
57e26904 T raise
57e26920 T __aeabi_uidiv
57e26920 T __udivsi3
57e26920 t .udivsi3_nodiv0
57e26a14 T __aeabi_uidivmod
57e26a34 T __aeabi_idiv
57e26a34 T __divsi3
57e26a3c t .divsi3_nodiv0
57e26b5c T __aeabi_idivmod
57e26b7c T __aeabi_llsr
57e26b7c T __lshrdi3
57e26b98 T __aeabi_lasr
57e26b98 T __ashrdi3
57e26bb4 T __aeabi_llsl
57e26bb4 T __ashldi3
57e26bd0 W __aeabi_idiv0
57e26bd0 W __aeabi_ldiv0
57e26be8 r __func__.5250
57e26bfc r __FUNCTION__.5385
57e26c0b r __FUNCTION__.3639
57e26c1c r __FUNCTION__.4876
57e26c2a r __FUNCTION__.4341
57e26c3c r C.46.3789
57e26c40 r C.158.5122
57e26c48 r C.29.2919
57e26cc8 r flash_offset_cfi
57e26cd0 r C.77.3828
57e26cd8 r jedec_table
57e26d38 r unlock_addrs
57e26d70 r udivslot
57e26db0 r boot_os
57e26dfc r baudrate_table
57e26e10 r crc_table
57e27210 r lbase.3505
57e2724e r lext.3506
57e2728c r dbase.3507
57e272cc r dext.3508
57e2730c r lenfix
57e27b0c r distfix
57e27b8c r order.3732
57e27bb4 R z_errmsg
57e27bdc r block_drvr
57e27bec r cc_to_string
57e27c2c r cc_to_error
57e27c6c r crc16_tab
57e27e6c R version_string
57e27ea1 R hex_asc
57e27eb2 r digits.3167
57e27ed0 r default_nand_name
57e27ed5 r nand_ecc_precalc_table
57e2f768 D init_sequence
57e2f798 D _ctype
57e2f898 D NetOurVLAN
57e2f89a D NetOurNativeVLAN
57e2f89c D NetBcastAddr
57e2f8a4 d nfs_offset
57e2f8a8 d TftpTimeoutCountMax
57e2f8ac D TftpRRQTimeoutCountMax
57e2f8b0 d TftpBlkSize
57e2f8b4 D TftpRRQTimeoutMSecs
57e2f8b8 d flash_verbose
57e2f8bc D nand_curr_device
57e2f8c0 d nand_oob_8
57e2fb08 d nand_oob_16
57e2fd50 d nand_oob_64
57e2ff98 d nand_oob_128
57e301e0 d bbt_main_descr
57e30204 d bbt_mirror_descr
57e30228 d agand_flashbased
57e3024c d smallpage_flashbased
57e30270 d largepage_flashbased
57e30294 d smallpage_memorybased
57e302b8 d largepage_memorybased
57e302dc d bbt_pattern
57e302e0 d mirror_pattern
57e302e4 d scan_agand_pattern
57e302ea d scan_ff_pattern
57e302ec D nand_flash_ids
57e3073c D nand_manuf_ids
57e3078c d nand_cs
57e30794 D load_addr
57e30798 D cmd_bootm_sub
57e30828 D op_table
57e30890 d do_echo
57e30894 D dp_last_length
57e30898 d env_id
57e3089c d usb_stor_curr_dev
57e308a0 d av_
57e30ca8 d sbrk_base
57e30cac d trim_threshold
57e30cb0 d mmap_threshold
57e30cb4 D default_environment
57e30d98 D env_ptr
57e30d9c D env_name_spec
57e30da0 d blanks.3415
57e30dc8 d reserved_list
57e30e4c d uimage_os
57e30eac d uimage_arch
57e30f9c d uimage_type
57e3102c d uimage_comp
57e31074 d erase_seq
57e31078 d tab_seq
57e31084 d hist_cur
57e31088 D stdio_names
57e31094 D us_direction
57e310b4 d cur_part
57e310b8 D indir1_blkno
57e310bc D indir2_blkno
57e310c0 d root_hub_dev_des
57e310d2 d root_hub_config_des
57e310eb d root_hub_str_index0
57e310ef d root_hub_str_index1
57e3110c A __u_boot_cmd_start
57e3110c D __u_boot_cmd_bdinfo
57e31124 D __u_boot_cmd_go
57e3113c D __u_boot_cmd_reset
57e31154 D __u_boot_cmd_bootm
57e3116c D __u_boot_cmd_boot
57e31184 D __u_boot_cmd_bootd
57e3119c D __u_boot_cmd_iminfo
57e311b4 D __u_boot_cmd_imls
57e311cc D __u_boot_cmd_icache
57e311e4 D __u_boot_cmd_dcache
57e311fc D __u_boot_cmd_coninfo
57e31214 D __u_boot_cmd_echo
57e3122c D __u_boot_cmd_bootelf
57e31244 D __u_boot_cmd_bootvx
57e3125c D __u_boot_cmd_exit
57e31274 D __u_boot_cmd_ext2ls
57e3128c D __u_boot_cmd_ext2load
57e312a4 D __u_boot_cmd_fatload
57e312bc D __u_boot_cmd_fatls
57e312d4 D __u_boot_cmd_fatinfo
57e312ec D __u_boot_cmd_flinfo
57e31304 D __u_boot_cmd_erase
57e3131c D __u_boot_cmd_protect
57e31334 D __u_boot_cmd_help
57e3134c D __u_boot_cmd_question_mark
57e31364 D __u_boot_cmd_itest
57e3137c D __u_boot_cmd_loads
57e31394 D __u_boot_cmd_loadb
57e313ac D __u_boot_cmd_loady
57e313c4 D __u_boot_cmd_md
57e313dc D __u_boot_cmd_mm
57e313f4 D __u_boot_cmd_nm
57e3140c D __u_boot_cmd_mw
57e31424 D __u_boot_cmd_cp
57e3143c D __u_boot_cmd_cmp
57e31454 D __u_boot_cmd_crc32
57e3146c D __u_boot_cmd_base
57e31484 D __u_boot_cmd_loop
57e3149c D __u_boot_cmd_mtest
57e314b4 D __u_boot_cmd_sleep
57e314cc D __u_boot_cmd_nand
57e314e4 D __u_boot_cmd_nboot
57e314fc D __u_boot_cmd_bootp
57e31514 D __u_boot_cmd_tftpboot
57e3152c D __u_boot_cmd_rarpboot
57e31544 D __u_boot_cmd_nfs
57e3155c D __u_boot_cmd_ping
57e31574 D __u_boot_cmd_saveenv
57e3158c D __u_boot_cmd_editenv
57e315a4 D __u_boot_cmd_printenv
57e315bc D __u_boot_cmd_setenv
57e315d4 D __u_boot_cmd_run
57e315ec D __u_boot_cmd_reginfo
57e31604 D __u_boot_cmd_source
57e3161c D __u_boot_cmd_test
57e31634 D __u_boot_cmd_false
57e3164c D __u_boot_cmd_true
57e31664 D __u_boot_cmd_usb
57e3167c D __u_boot_cmd_usbboot
57e31694 D __u_boot_cmd_version
57e316ac D __u_boot_cmd_imxtract
57e316c4 D __u_boot_cmd_showvar
57e316dc D __u_boot_cmd_bootzImage
57e316f4 A __bss_start
57e316f4 A __u_boot_cmd_end
57e31700 B monitor_flash_len
57e31704 B ___strtok
57e31708 b lastdec
57e31710 b timestamp
57e31718 b timer_load_val
57e31720 b eth_current
57e31724 b eth_devices
57e31728 b act.3141
57e3172c b env_changed_id.3142
57e31730 b first_failed.3125
57e31734 B NetState
57e31738 b packetHandler
57e3173c b timeHandler
57e31740 b timeStart
57e31744 b timeDelta
57e31748 B NetIPID
57e3174c B NetOurIP
57e31750 B NetOurEther
57e31758 B NetPingIP
57e3175c B NetRxPacket
57e31760 B NetRxPacketLen
57e31764 B NetArpWaitPacketIP
57e31768 B NetArpWaitPacketMAC
57e3176c B NetArpWaitReplyIP
57e31770 B NetArpWaitTxPacket
57e31774 B NetArpWaitTxPacketSize
57e31778 B NetServerIP
57e3177c B NetServerEther
57e31784 B NetTxPacket
57e31788 B NetOurSubnetMask
57e3178c B NetOurGatewayIP
57e31790 b mac.3206
57e31796 B NetEtherNullAddr
57e3179c b PingSeqNo
57e317a0 B NetArpWaitTry
57e317a4 B NetArpWaitTimerStart
57e317a8 b NetTryCount
57e317ac b NetRestarted
57e317b0 B NetRestartWrap
57e317b4 b NetDevExists
57e317b8 B PktBuf
57e335d8 B NetRxPackets
57e335e8 B NetArpWaitPacketBuf
57e33c08 b env_changed_id.3053
57e33c0c B NetBootFileXferSize
57e33c10 B NetOurDNSIP
57e33c14 B NetOurNISDomain
57e33c34 B NetOurHostName
57e33c54 B NetOurRootPath
57e33c94 B NetBootFileSize
57e33c96 B BootFile
57e33d18 b rpc_id
57e33d1c b NfsSrvMountPort
57e33d20 b NfsSrvNfsPort
57e33d24 b fs_mounted
57e33d28 b dirfh
57e33d48 b filefh
57e33d68 b NfsServerIP
57e33d6c b NfsOurPort
57e33d70 b NfsState
57e33d74 b nfs_path
57e33d78 b nfs_filename
57e33d7c b nfs_len
57e33d80 b NfsDownloadState
57e33d84 b nfs_path_buff
57e34584 b default_filename
57e345c4 b NfsTimeoutCount
57e345c8 B RarpTry
57e345cc b TftpState
57e345d0 b tftp_filename
57e34650 b TftpBlock
57e34654 b TftpServerIP
57e34658 b TftpServerPort
57e3465c b TftpOurPort
57e34660 b default_filename
57e34670 b TftpTimeoutCount
57e34674 b TftpBlockWrap
57e34678 b TftpBlockWrapOffset
57e3467c b TftpLastBlock
57e34680 B BootpTry
57e34684 B BootpID
57e34688 b saved_sector.3518
57e3468c B flash_info
57e34790 B nand_info
57e34840 b nand_chip
57e34958 b chip_n.3766
57e3495c b dm9000_info
57e34a3c b images
57e34ac8 b os_data_state
57e34acc b os_data_addr
57e34ad0 b bin_start_address
57e34ad4 b k_data_escape
57e34ad8 B os_data_init
57e34adc b k_data_escape_saved
57e34ae0 b os_data_state_saved
57e34ae4 b os_data_addr_saved
57e34ae8 B os_data_char
57e34aec B his_quote
57e34af0 B his_pad_count
57e34af4 B his_pad_char
57e34af5 B his_eol
57e34af8 B send_ptr
57e34afc B send_parms
57e34b10 b a_b
57e34b28 b base_address
57e34b2c B mm_last_addr
57e34b30 B mm_last_size
57e34b34 B dp_last_addr
57e34b38 B dp_last_size
57e34b3c b ctrlc_disabled
57e34b40 b ctrlc_was_pressed
57e34b44 B mem_malloc_brk
57e34b48 B mem_malloc_start
57e34b4c B mem_malloc_end
57e34b50 b current_mallinfo
57e34b78 b top_pad
57e34b7c b max_sbrked_mem
57e34b80 b max_total_mem
57e34b84 b n_mmaps_max
57e34b88 b local.3201
57e34b9e b map
57e34ca0 b top_vars
57e34ca4 b flag_repeat
57e34ca8 b do_repeat
57e34cac b the_command.3228
57e34dac b buf.3691
57e34dd4 B last_return_code
57e34dd8 b ifs
57e34ddc B nesting_level
57e34de0 b initted.3183
57e34de4 b hist_max
57e34de8 b hist_add_idx
57e34dec B hist_num
57e34df0 B hist_lines
57e361f0 B hist_list
57e36240 B console_buffer
57e36340 b devs
57e3637c B stdio_devices
57e36388 b asynch_allowed
57e3638c b usb_dev
57e40c8c b usb_hub_index
57e40c90 b hub_dev
57e40d90 b dev_index
57e40d94 B usb_started
57e40d95 b setup_packet
57e40da0 b running
57e40da4 b usb_dev_desc
57e40fc0 b usb_ccb
57e41050 b usb_stor_buf
57e41250 b usb_max_devs
57e41254 b usb_stor
57e41358 b CBWTag
57e4135c b xyz
57e41798 b params
57e4179c b part_offset
57e417a0 b cur_dev
57e417a4 B get_vfatname_block
57e517a4 B do_fat_read_block
57e617a4 B get_dentfromdir_block
57e717a4 b inode_size
57e717a8 B ext2fs_root
57e717ac B ext2fs_file
57e717b0 B indir1_block
57e717b4 B indir1_size
57e717b8 B indir2_block
57e717bc B indir2_size
57e717c0 B symlinknest
57e717c4 b part_info
57e71810 b ext2fs_block_dev_desc
57e71900 B ptd
57e71904 b gohci
57e71a4c b ohci_inited
57e71a50 B phcca
57e71b00 B ghcca
57e71c00 B ohci_dev
57e71da0 B gtd
57e72de0 B devgone
57e72e00 A _end
