Archive member included because of file (symbol)

lib_generic/libgeneric.a(display_options.o)
                              lib_arm/board.o (print_size)
lib_generic/libgeneric.a(net_utils.o)
                              lib_arm/board.o (string_to_ip)
lib_generic/libgeneric.a(string.o)
                              lib_arm/board.o (memset)
lib_generic/libgeneric.a(vsprintf.o)
                              lib_arm/board.o (simple_strtoul)
lib_generic/libgeneric.a(ctype.o)
                              lib_generic/libgeneric.a(display_options.o) (_ctype)
lib_generic/libgeneric.a(div64.o)
                              lib_generic/libgeneric.a(vsprintf.o) (__div64_32)
lib_generic/libgeneric.a(time.o)
                              lib_generic/libgeneric.a(vsprintf.o) (udelay)
cpu/arm1176/s3c64xx/libs3c64xx.a(speed.o)
                              lib_arm/board.o (print_cpuinfo)
cpu/arm1176/s3c64xx/libs3c64xx.a(timer.o)
                              lib_generic/libgeneric.a(time.o) (__udelay)
lib_arm/libarm.a(interrupts.o)
                              lib_arm/board.o (enable_interrupts)
lib_arm/libarm.a(reset.o)     lib_generic/libgeneric.a(vsprintf.o) (do_reset)
net/libnet.a(eth.o)           lib_arm/board.o (eth_initialize)
net/libnet.a(net.o)           lib_arm/board.o (copy_filename)
net/libnet.a(nfs.o)           net/libnet.a(net.o) (NfsStart)
net/libnet.a(rarp.o)          net/libnet.a(net.o) (RarpRequest)
net/libnet.a(tftp.o)          net/libnet.a(net.o) (TftpStart)
net/libnet.a(bootp.o)         net/libnet.a(net.o) (BootpRequest)
drivers/mtd/libmtd.a(cfi_flash.o)
                              lib_arm/board.o (flash_init)
drivers/mtd/libmtd.a(jedec_flash.o)
                              drivers/mtd/libmtd.a(cfi_flash.o) (jedec_flash_match)
drivers/mtd/nand/libnand.a(nand.o)
                              lib_arm/board.o (nand_init)
drivers/mtd/nand/libnand.a(nand_base.o)
                              drivers/mtd/nand/libnand.a(nand.o) (nand_scan)
drivers/mtd/nand/libnand.a(nand_bbt.o)
                              drivers/mtd/nand/libnand.a(nand_base.o) (nand_isbad_bbt)
drivers/mtd/nand/libnand.a(nand_ecc.o)
                              drivers/mtd/nand/libnand.a(nand_base.o) (nand_calculate_ecc)
drivers/mtd/nand/libnand.a(nand_ids.o)
                              drivers/mtd/nand/libnand.a(nand_base.o) (nand_flash_ids)
drivers/mtd/nand/libnand.a(s3c64xx.o)
                              drivers/mtd/nand/libnand.a(nand.o) (board_nand_init)
drivers/net/libnet.a(dm9000x.o)
                              net/libnet.a(eth.o) (dm9000_initialize)
drivers/serial/libserial.a(s3c64xx.o)
                              lib_arm/board.o (serial_init)
common/libcommon.a(cmd_bdinfo.o)
                              (__u_boot_cmd_bdinfo)
common/libcommon.a(cmd_boot.o)
                              (__u_boot_cmd_go)
common/libcommon.a(cmd_bootm.o)
                              lib_arm/board.o (load_addr)
common/libcommon.a(cmd_bootzImage.o)
                              (__u_boot_cmd_bootzImage)
common/libcommon.a(cmd_cache.o)
                              (__u_boot_cmd_icache)
common/libcommon.a(cmd_console.o)
                              (__u_boot_cmd_coninfo)
common/libcommon.a(cmd_echo.o)
                              (__u_boot_cmd_echo)
common/libcommon.a(cmd_elf.o)
                              common/libcommon.a(cmd_bootm.o) (do_bootvx)
common/libcommon.a(cmd_exit.o)
                              (__u_boot_cmd_exit)
common/libcommon.a(cmd_ext2.o)
                              (__u_boot_cmd_ext2ls)
common/libcommon.a(cmd_fat.o)
                              (__u_boot_cmd_fatload)
common/libcommon.a(cmd_flash.o)
                              (__u_boot_cmd_flinfo)
common/libcommon.a(cmd_help.o)
                              (__u_boot_cmd_help)
common/libcommon.a(cmd_itest.o)
                              (__u_boot_cmd_itest)
common/libcommon.a(cmd_load.o)
                              (__u_boot_cmd_loads)
common/libcommon.a(cmd_mem.o)
                              (__u_boot_cmd_md)
common/libcommon.a(cmd_misc.o)
                              (__u_boot_cmd_sleep)
common/libcommon.a(cmd_nand.o)
                              (__u_boot_cmd_nand)
common/libcommon.a(cmd_net.o)
                              (__u_boot_cmd_bootp)
common/libcommon.a(cmd_nvedit.o)
                              net/libnet.a(eth.o) (get_env_id)
common/libcommon.a(cmd_reginfo.o)
                              (__u_boot_cmd_reginfo)
common/libcommon.a(cmd_source.o)
                              (__u_boot_cmd_source)
common/libcommon.a(cmd_test.o)
                              (__u_boot_cmd_test)
common/libcommon.a(cmd_usb.o)
                              (__u_boot_cmd_usb)
common/libcommon.a(cmd_usbd.o)
                              (__u_boot_cmd_dnw)
common/libcommon.a(cmd_version.o)
                              (__u_boot_cmd_version)
common/libcommon.a(cmd_ximg.o)
                              (__u_boot_cmd_imxtract)
common/libcommon.a(command.o)
[...]
Memory Configuration

Name             Origin             Length             Attributes
*default*        0x00000000         0xffffffff

Linker script and memory map

                0x00000000                . = 0x0
                0x00000000                . = ALIGN (0x4)

.text           0x57e00000    0x296dc
 cpu/arm1176/start.o(.text)
 .text          0x57e00000      0x400 cpu/arm1176/start.o
                0x57e00040                _end_vect
                0x57e0004c                _bss_start
                0x57e00050                _bss_end
                0x57e00048                _armboot_start
                0x57e000ec                copy_from_nand
                0x57e00000                _start
 cpu/arm1176/s3c64xx/cpu_init.o(.text)
 .text          0x57e00400      0x124 cpu/arm1176/s3c64xx/cpu_init.o
                0x57e00400                mem_ctrl_asm_init
 board/samsung/smdk6410/lowlevel_init.o(.text)
 .text          0x57e00524      0x1d0 board/samsung/smdk6410/lowlevel_init.o
                0x57e00528                lowlevel_init
 cpu/arm1176/nand_cp.o(.text)
 .text          0x57e006f4      0x1c8 cpu/arm1176/nand_cp.o
                0x57e007b4                copy_uboot_to_ram
 lib_arm/board.o(.text)
 .text          0x57e008bc      0x260 lib_arm/board.o
                0x57e008d4                __yellow_LED_off
                0x57e008c8                green_LED_on
                0x57e008e0                hang
                0x57e008c8                __green_LED_on
                0x57e008d0                __yellow_LED_on
                0x57e008d0                yellow_LED_on
                0x57e008cc                __green_LED_off
                0x57e008c4                __red_LED_off
                0x57e009a0                start_armboot
                0x57e008dc                blue_LED_off
                0x57e008bc                coloured_LED_init
                0x57e008dc                __blue_LED_off
                0x57e008d8                blue_LED_on
                0x57e008d4                yellow_LED_off
                0x57e008c4                red_LED_off
                0x57e008cc                green_LED_off
                0x57e008bc                __coloured_LED_init
                0x57e008c0                red_LED_on
                0x57e008d8                __blue_LED_on
                0x57e008c0                __red_LED_on
 *(.text)
 .text          0x57e00b1c      0x24c lib_generic/libgeneric.a(display_options.o)
                0x57e00c08                print_buffer
                0x57e00be8                display_options
                0x57e00b1c                print_size
 .text          0x57e00d68       0x78 lib_generic/libgeneric.a(net_utils.o)
                0x57e00d68                string_to_ip
 .text          0x57e00de0      0x64c lib_generic/libgeneric.a(string.o)
                0x57e00de0                strcpy
                0x57e01334                memscan
                0x57e01298                memmove
                0x57e0121c                memcpy
                0x57e01128                strswab
                0x57e00fc8                strnlen
                0x57e00f90                strrchr
                0x57e00e24                strcat
                0x57e013c8                memchr
                0x57e01364                strstr
                0x57e00ef4                strncmp
                0x57e00dfc                strncpy
                0x57e011f0                bcopy
                0x57e01074                strtok
                0x57e012f4                memcmp
                0x57e00e58                strncat
                0x57e013f8                strdup
                0x57e01174                memset
                0x57e00ebc                strcmp
                0x57e010f4                strsep
                0x57e00ff0                strspn
                0x57e00f70                strlen
                0x57e00f44                strchr
                0x57e01034                strpbrk
 .text          0x57e0142c      0xec4 lib_generic/libgeneric.a(vsprintf.o)
                0x57e01c50                vsprintf
                0x57e01554                ustrtoul
                0x57e0152c                simple_strtol
                0x57e017b8                panic
                0x57e022c8                sprintf
                0x57e01474                simple_strtoul
                0x57e015c8                simple_strtoull
 .text          0x57e022f0        0x0 lib_generic/libgeneric.a(ctype.o)
 .text          0x57e022f0       0xf4 lib_generic/libgeneric.a(div64.o)
                0x57e022f0                __div64_32
 .text          0x57e023e4       0x2c lib_generic/libgeneric.a(time.o)
                0x57e023e4                udelay
 .text          0x57e02410      0x204 cpu/arm1176/s3c64xx/libs3c64xx.a(speed.o)
                0x57e024ec                get_HCLK
                0x57e02498                get_PCLK
                0x57e02490                get_FCLK
                0x57e02540                get_ARMCLK
                0x57e02488                get_UCLK
                0x57e02568                print_cpuinfo
 .text          0x57e02614      0x1f4 cpu/arm1176/s3c64xx/libs3c64xx.a(timer.o)
                0x57e02724                __udelay
                0x57e026f0                set_timer
                0x57e026cc                reset_timer
                0x57e02680                get_tbclk
                0x57e026dc                get_timer
                0x57e0269c                reset_timer_masked
                0x57e02768                timer_init
                0x57e026d0                get_timer_masked
                0x57e02614                get_ticks
 .text          0x57e02808      0x264 lib_arm/libarm.a(interrupts.o)
                0x57e02994                do_fiq
                0x57e02a48                do_undefined_instruction
                0x57e02814                show_regs
                0x57e02970                do_irq
                0x57e02954                bad_mode
                0x57e02a00                do_prefetch_abort
                0x57e0280c                disable_interrupts
                0x57e029b8                do_not_used
                0x57e029dc                do_data_abort
                0x57e02a24                do_software_interrupt
                0x57e02808                enable_interrupts
 .text          0x57e02a6c       0x30 lib_arm/libarm.a(reset.o)
                0x57e02a6c                do_reset
 .text          0x57e02a9c      0x76c net/libnet.a(eth.o)
                0x57e02bf4                eth_get_dev_by_name
                0x57e02b40                eth_halt
                0x57e02a9c                cpu_eth_init
                0x57e02d9c                eth_register
                0x57e02ebc                eth_getenv_enetaddr
                0x57e02aa4                eth_get_dev
                0x57e02e60                eth_parse_enetaddr
                0x57e02cec                eth_try_another
                0x57e02f14                eth_getenv_enetaddr_by_index
                0x57e03020                eth_initialize
                0x57e02c48                eth_set_current
                0x57e02ba8                eth_rx
                0x57e02af4                eth_get_dev_index
                0x57e02f60                eth_init
                0x57e02e28                eth_setenv_enetaddr
                0x57e02bd4                eth_get_name
                0x57e02ab4                eth_get_dev_by_index
                0x57e02b74                eth_send
 .text          0x57e03208     0x1348 net/libnet.a(net.o)
                0x57e0328c                NetCksumOk
                0x57e0346c                NetSetTimeout
                0x57e032b0                copy_filename
                0x57e03364                NetEthHdrSize
                0x57e03400                ip_to_string
                0x57e040b4                ArpTimeoutCheck
                0x57e036b4                NetReceive
                0x57e03e50                NetSendUDPPacket
                0x57e0359c                NetSetEther
                0x57e04138                NetLoop
                0x57e03c28                ArpRequest
                0x57e03450                random_port
                0x57e033a8                VLAN_to_string
                0x57e03354                getenv_VLAN
                0x57e03244                NetCksum
                0x57e034a4                NetSetIP
                0x57e03308                string_to_VLAN
                0x57e03fa8                NetStartAgain
                0x57e03234                NetSetHandler
                0x57e03d14                PingSend
                0x57e036b0                NetSendPacket
 .text          0x57e04550      0xea4 net/libnet.a(nfs.o)
                0x57e04d58                NfsStart
 .text          0x57e053f4      0x1ac net/libnet.a(rarp.o)
                0x57e053f4                RarpRequest
 .text          0x57e055a0      0x740 net/libnet.a(tftp.o)
                0x57e05734                TftpStart
 .text          0x57e05ce0      0x5f0 net/libnet.a(bootp.o)
                0x57e05d88                BootpRequest
 .text          0x57e062d0     0x19c8 drivers/mtd/libmtd.a(cfi_flash.o)
                0x57e06984                flash_get_size
                0x57e07a64                flash_erase
                0x57e067e8                flash_set_verbose
                0x57e06f64                flash_init
                0x57e07864                flash_print_info
                0x57e067b8                flash_cmd_reset
                0x57e067b8                __flash_cmd_reset
                0x57e063b4                flash_write_cmd
                0x57e062f0                flash_sector_size
                0x57e076b0                write_buff
 .text          0x57e07c98      0x1b8 drivers/mtd/libmtd.a(jedec_flash.o)
                0x57e07c98                jedec_flash_match
 .text          0x57e07e50       0xa0 drivers/mtd/nand/libnand.a(nand.o)
                0x57e07e50                nand_init
 .text          0x57e07ef0     0x3b4c drivers/mtd/nand/libnand.a(nand_base.o)
                0x57e0ae14                nand_wait_ready
                0x57e09378                nand_scan_ident
                0x57e09eec                nand_scan
                0x57e0a9b8                nand_erase_nand
                0x57e09920                nand_scan_tail
                0x57e09330                nand_release
 .text          0x57e0ba3c     0x17f8 drivers/mtd/nand/libnand.a(nand_bbt.o)
                0x57e0bb40                nand_isbad_bbt
                0x57e0d170                nand_default_bbt
                0x57e0ca14                nand_update_bbt
                0x57e0ccf0                nand_scan_bbt
 .text          0x57e0d234      0x224 drivers/mtd/nand/libnand.a(nand_ecc.o)
                0x57e0d32c                nand_correct_data
                0x57e0d234                nand_calculate_ecc
 .text          0x57e0d458        0x0 drivers/mtd/nand/libnand.a(nand_ids.o)
 .text          0x57e0d458      0x2c4 drivers/mtd/nand/libnand.a(s3c64xx.o)
                0x57e0d590                board_nand_init
 .text          0x57e0d71c      0x8fc drivers/net/libnet.a(dm9000x.o)
                0x57e0de18                dm9000_write_srom_word
                0x57e0dec4                dm9000_initialize
                0x57e0de70                dm9000_read_srom_word
 .text          0x57e0e018      0x130 drivers/serial/libserial.a(s3c64xx.o)
                0x57e0e0b8                serial_setbrg
                0x57e0e078                serial_tstc
                0x57e0e048                serial_putc
                0x57e0e110                serial_init
                0x57e0e090                serial_puts
                0x57e0e028                serial_getc
 .text          0x57e0e148       0xec common/libcommon.a(cmd_bdinfo.o)
                0x57e0e15c                do_bdinfo
 .text          0x57e0e234       0x90 common/libcommon.a(cmd_boot.o)
                0x57e0e24c                do_go
                0x57e0e234                do_go_exec
 .text          0x57e0e2c4      0xd80 common/libcommon.a(cmd_bootm.o)
                0x57e0e500                do_bootd
                0x57e0e2ec                arch_preboot_os
                0x57e0edc0                do_bootm
                0x57e0ec10                do_bootm_subcommand
                0x57e0e2ec                __arch_preboot_os
                0x57e0e494                do_iminfo
 .text          0x57e0f044       0xbc common/libcommon.a(cmd_bootzImage.o)
                0x57e0f044                do_bootzImage
 .text          0x57e0f100      0x12c common/libcommon.a(cmd_cache.o)
                0x57e0f13c                do_dcache
                0x57e0f1b4                do_icache
 .text          0x57e0f22c       0xf0 common/libcommon.a(cmd_console.o)
                0x57e0f22c                do_coninfo
 .text          0x57e0f31c       0x80 common/libcommon.a(cmd_echo.o)
                0x57e0f31c                do_echo
 .text          0x57e0f39c      0x470 common/libcommon.a(cmd_elf.o)
                0x57e0f774                do_bootelf
                0x57e0f4a8                do_bootvx
                0x57e0f434                valid_elf_image
                0x57e0f730                do_bootelf_exec
                0x57e0f39c                load_elf_image
 .text          0x57e0f80c       0x30 common/libcommon.a(cmd_exit.o)
                0x57e0f80c                do_exit
 .text          0x57e0f83c      0x460 common/libcommon.a(cmd_ext2.o)
                0x57e0fb64                do_ext2ls
                0x57e0f83c                do_ext2load
 .text          0x57e0fc9c      0x364 common/libcommon.a(cmd_fat.o)
                0x57e0fe7c                do_fat_fsload
                0x57e0fc9c                do_fat_fsinfo
                0x57e0fd74                do_fat_ls
 .text          0x57e10000      0xb04 common/libcommon.a(cmd_flash.o)
                0x57e10a88                do_flinfo
                0x57e10828                flash_sect_erase
                0x57e10580                do_protect
                0x57e10904                do_flerase
                0x57e10274                flash_sect_protect
                0x57e10000                flash_sect_roundb
 .text          0x57e10b04       0x4c common/libcommon.a(cmd_help.o)
                0x57e10b04                do_help
 .text          0x57e10b50      0x304 common/libcommon.a(cmd_itest.o)
                0x57e10bd8                binary_test
                0x57e10db8                do_itest
 .text          0x57e10e54      0xce8 common/libcommon.a(cmd_load.o)
                0x57e10ee0                k_data_init
                0x57e10fc0                s1_sendpacket
                0x57e10fec                handle_send_packet
                0x57e10f20                k_data_restore
                0x57e111b0                send_nack
                0x57e113d0                do_load_serial_bin
                0x57e10f40                k_data_char
                0x57e10e74                chk1
                0x57e10f00                k_data_save
                0x57e10e54                ktrans
                0x57e10f90                send_pad
                0x57e11210                send_ack
                0x57e11a5c                do_load_serial
 .text          0x57e11b3c      0x97c common/libcommon.a(cmd_mem.o)
                0x57e11be8                do_mem_base
                0x57e12064                do_mem_mw
                0x57e11b3c                do_mem_crc
                0x57e123a0                do_mem_nm
                0x57e123c0                do_mem_mm
                0x57e1212c                do_mem_cp
                0x57e11c2c                do_mem_mtest
                0x57e11ecc                do_mem_cmp
                0x57e11dd4                do_mem_loop
                0x57e123e0                do_mem_md
 .text          0x57e124b8       0x88 common/libcommon.a(cmd_misc.o)
                0x57e124b8                do_sleep
 .text          0x57e12540      0xe70 common/libcommon.a(cmd_nand.o)
                0x57e126b4                do_nandboot
                0x57e12c10                do_nand
 .text          0x57e133b0      0x3c8 common/libcommon.a(cmd_net.o)
                0x57e13754                do_rarpb
                0x57e133b0                do_ping
                0x57e13760                do_tftpb
                0x57e1376c                do_bootp
                0x57e13748                do_nfs
 .text          0x57e13778      0x85c common/libcommon.a(cmd_nvedit.o)
                0x57e138b8                getenv
                0x57e13920                _do_setenv
                0x57e137e8                getenv_r
                0x57e13f40                do_printenv
                0x57e13d9c                setenv
                0x57e13778                get_env_id
                0x57e1388c                do_saveenv
                0x57e13d70                do_setenv
                0x57e13de8                do_editenv
                0x57e13788                envmatch
 .text          0x57e13fd4        0x8 common/libcommon.a(cmd_reginfo.o)
                0x57e13fd4                do_reginfo
 .text          0x57e13fdc      0x194 common/libcommon.a(cmd_source.o)
                0x57e13ffc                source
                0x57e1412c                do_source
 .text          0x57e14170      0x48c common/libcommon.a(cmd_test.o)
                0x57e14180                do_test
                0x57e14170                do_false
                0x57e14178                do_true
 .text          0x57e145fc     0x1160 common/libcommon.a(cmd_usb.o)
                0x57e150e8                usb_display_conf_desc
                0x57e14c94                usb_show_tree_graph
                0x57e145fc                usb_get_class_desc
                0x57e146a4                usb_display_ep_desc
                0x57e14ef0                usb_display_desc
                0x57e14778                usb_display_class_sub
                0x57e14ebc                usb_show_tree
                0x57e15020                usb_display_string
                0x57e15060                usb_display_if_desc
                0x57e15194                usb_display_config
                0x57e148ec                do_usbboot
                0x57e15224                do_usb
 .text          0x57e1575c     0x2b48 common/libcommon.a(cmd_usbd.o)
                0x57e173d8                s3c_usb_dma_in_done
                0x57e174e8                s3c_usb_set_all_outep_nak
                0x57e17830                s3c_usb_clear_upfile_info
                0x57e17a34                s3c_usb_verify_checksum
                0x57e178a0                s3c_usb_set_opmode
                0x57e17cb8                s3c_usb_pkt_receive
                0x57e17ea0                s3c_usb_transfer
                0x57e177f0                s3c_usb_clear_dnfile_info
                0x57e16dd4                s3c_usb_int_bulkin
                0x57e15824                s3c_usb_set_inep_xfersize
                0x57e16110                s3c_usb_transfer_ep0
                0x57e15ff0                s3c_usb_set_otherspeed_conf_desc
                0x57e157ac                s3c_usb_set_soft_disconnect
                0x57e17510                s3c_usb_clear_all_outep_nak
                0x57e180e4                s3c_usbctl_init
                0x57e1763c                s3c_usb_set_descriptors
                0x57e17c68                s3c_usb_int_bulkout
                0x57e17fc4                s3c_udc_int_hndlr
                0x57e15850                s3c_usb_set_outep_xfersize
                0x57e1581c                s3c_usb_stop
                0x57e157d4                s3c_usb_init_device
                0x57e17870                s3c_usb_check_setconf
                0x57e15bd0                s3c_usb_set_feature
                0x57e17d84                s3c_usb_dma_out_done
                0x57e15dd8                s3c_usb_ep0_int_hndlr
                0x57e175e8                s3c_usb_set_endpoint
                0x57e17afc                s3c_usb_download_continue
                0x57e158d8                s3c_usb_write_in_fifo
                0x57e18060                s3c_usb_wait_cable_insert
                0x57e15b54                s3c_usb_clear_feature
                0x57e15814                s3c_usbc_activate
                0x57e15880                s3c_usb_write_ep0_fifo
                0x57e171cc                s3c_usb_download_start
                0x57e17538                s3c_usb_set_max_pktsize
                0x57e15798                s3c_usb_check_current_mode
                0x57e15d30                s3c_usb_get_status
                0x57e177d8                s3c_usb_check_speed
                0x57e16fa0                s3c_usb_upload_start
                0x57e1577c                s3c_usb_init_core
                0x57e157c0                s3c_usb_clear_soft_disconnect
                0x57e1575c                s3c_usb_core_soft_reset
                0x57e17d38                s3c_usb_print_pkt
                0x57e179d8                s3c_usb_set_init
                0x57e17970                s3c_usb_reset
                0x57e15984                s3c_usb_get_desc
                0x57e15930                s3c_usb_read_out_fifo
                0x57e181a8                do_usbd_dnw
                0x57e180ac                s3c_usb_init_phy
 .text          0x57e182a4       0x20 common/libcommon.a(cmd_version.o)
                0x57e182a4                do_version
 .text          0x57e182c4      0x2d8 common/libcommon.a(cmd_ximg.o)
                0x57e182c4                do_imgextract
 .text          0x57e1859c      0x318 common/libcommon.a(command.o)
                0x57e18674                find_cmd_tbl
                0x57e18614                cmd_usage
                0x57e1870c                find_cmd
                0x57e1859c                cmd_get_data_size
                0x57e18734                _do_help
 .text          0x57e188b4      0x55c common/libcommon.a(console.o)
                0x57e18c4c                console_init_r
                0x57e18b54                printf
                0x57e18a84                console_assign
                0x57e18da8                getc
                0x57e18a5c                search_device
                0x57e18b0c                puts
                0x57e18a40                dbg
                0x57e18d34                serial_printf
                0x57e18984                ftstc
                0x57e18ac4                fprintf
                0x57e18d90                tstc
                0x57e18b28                vprintf
                0x57e18dc0                ctrlc
                0x57e18d74                putc
                0x57e18a04                disable_ctrlc
                0x57e1895c                fgetc
                0x57e18a1c                had_ctrlc
                0x57e189ac                fputc
                0x57e18a4c                console_init_f
                0x57e18a2c                clear_ctrlc
                0x57e18b94                stdio_print_current_devices
                0x57e189d8                fputs
 .text          0x57e18e10     0x10d4 common/libcommon.a(dlmalloc.o)
                0x57e19150                malloc
                0x57e1987c                pvalloc
                0x57e1995c                calloc
                0x57e198a0                malloc_usable_size
                0x57e19a3c                mem_malloc_init
                0x57e19a68                realloc
                0x57e18e44                malloc_trim
                0x57e18e10                sbrk
                0x57e198e4                mallopt
                0x57e1976c                memalign
                0x57e1914c                cfree
                0x57e19894                valloc
                0x57e18f10                free
 .text          0x57e19ee4      0x138 common/libcommon.a(env_common.o)
                0x57e19f24                env_get_char
                0x57e19f04                env_get_addr
                0x57e19f80                set_default_env
                0x57e19fc4                env_relocate
                0x57e19f54                env_crc_update
                0x57e19ee4                env_get_char_memory
 .text          0x57e1a01c      0x2e8 common/libcommon.a(env_nand.o)
                0x57e1a218                env_relocate_spec
                0x57e1a264                saveenv
                0x57e1a02c                env_get_char_spec
                0x57e1a198                env_init
                0x57e1a038                writeenv
                0x57e1a0e8                readenv
 .text          0x57e1a304      0x1d4 common/libcommon.a(exports.o)
                0x57e1a310                jumptable_init
                0x57e1a308                get_version
 .text          0x57e1a4d8      0x384 common/libcommon.a(flash.o)
                0x57e1a6f8                flash_write
                0x57e1a4d8                flash_protect
                0x57e1a5d0                addr2info
                0x57e1a618                flash_perror
 .text          0x57e1a85c     0x1d94 common/libcommon.a(hush.o)
                0x57e1ab2c                new_pipe
                0x57e1a998                mapset
                0x57e1bd64                parse_string_outer
                0x57e1b6d0                update_ifs_map
                0x57e1b520                set_local_var
                0x57e1bd20                parse_file_outer
                0x57e1a878                simple_itoa
                0x57e1ae2c                unset_local_var
                0x57e1a9d0                do_showvar
                0x57e1aff0                reserved_word
                0x57e1aabc                u_boot_hush_start
 .text          0x57e1c5f0      0x7a4 common/libcommon.a(image.o)
                0x57e1ca78                getenv_bootm_size
                0x57e1c88c                image_print_contents
                0x57e1c734                genimg_get_comp_id
                0x57e1c77c                genimg_get_os_id
                0x57e1c654                get_table_entry_name
                0x57e1c6e0                genimg_has_config
                0x57e1c764                genimg_get_arch_id
                0x57e1c694                genimg_get_arch_name
                0x57e1cb48                boot_get_ramdisk
                0x57e1caf4                image_check_hcrc
                0x57e1c67c                genimg_get_os_name
                0x57e1c6ac                genimg_get_type_name
                0x57e1c7b8                genimg_get_format
                0x57e1c6c4                genimg_get_comp_name
                0x57e1caac                image_check_dcrc
                0x57e1c860                genimg_print_size
                0x57e1ca24                getenv_bootm_low
                0x57e1c6dc                genimg_get_image
                0x57e1c74c                genimg_get_type_id
                0x57e1c62c                image_multi_count
                0x57e1ca20                memmove_wd
                0x57e1c6e8                get_table_entry_id
                0x57e1c7dc                image_multi_getimg
                0x57e1ca54                getenv_yesno
 .text          0x57e1cd94     0x10c8 common/libcommon.a(main.o)
                0x57e1cd94                __show_boot_progress
                0x57e1ce94                run_command
                0x57e1ce24                do_run
                0x57e1cd98                parse_line
                0x57e1dd20                readline
                0x57e1cd94                show_boot_progress
                0x57e1dd3c                main_loop
                0x57e1d4b0                readline_into_buffer
 .text          0x57e1de5c      0x2dc common/libcommon.a(s_record.o)
                0x57e1dec8                srec_decode
 .text          0x57e1e138      0x174 common/libcommon.a(stdio.o)
                0x57e1e144                stdio_clone
                0x57e1e138                stdio_get_list
                0x57e1e258                stdio_get_by_name
                0x57e1e1cc                stdio_init
                0x57e1e18c                stdio_register
 .text          0x57e1e2ac     0x16cc common/libcommon.a(usb.o)
                0x57e1ed8c                usb_set_idle
                0x57e1e2c4                usb_maxpacket
                0x57e1f574                usb_hub_probe
                0x57e1e644                usb_stop
                0x57e1f8fc                usb_init
                0x57e1e2ac                usb_disable_asynch
                0x57e1f0cc                usb_clear_halt
                0x57e1e6a4                usb_bulk_msg
                0x57e1ecac                usb_get_class_descriptor
                0x57e1f880                usb_scan_devices
                0x57e1e9c0                usb_get_hub_descriptor
                0x57e1e7f8                usb_get_port_status
                0x57e1e640                usb_submit_int_msg
                0x57e1e4ec                usb_parse_config
                0x57e1e708                usb_control_msg
                0x57e1edf0                usb_set_protocol
                0x57e1f264                usb_hub_port_connect_change
                0x57e1eeb8                usb_set_interface
                0x57e1e408                usb_hub_allocate
                0x57e1ebac                usb_string
                0x57e1ed1c                usb_get_report
                0x57e1efc8                usb_get_descriptor
                0x57e1f35c                usb_hub_configure
                0x57e1ea1c                usb_get_string
                0x57e1e680                wait_ms
                0x57e1e96c                usb_clear_hub_feature
                0x57e1f034                usb_get_configuration_no
                0x57e1e90c                usb_clear_port_feature
                0x57e1e8ac                usb_set_port_feature
                0x57e1f5d4                usb_new_device
                0x57e1e858                usb_get_hub_status
                0x57e1ee50                usb_set_configuration
                0x57e1e360                usb_set_maxpacket
                0x57e1ef84                usb_set_address
                0x57e1e44c                usb_alloc_new_device
                0x57e1e3f4                usb_hub_reset
                0x57e1e3c4                usb_get_dev_index
 .text          0x57e1f978     0x15c8 common/libcommon.a(usb_storage.o)
                0x57e1fd64                usb_storage_probe
                0x57e20cd8                usb_stor_CB_transport
                0x57e20730                usb_stor_CB_comdat
                0x57e201ac                usb_stor_write
                0x57e1f998                usb_stor_get_dev
                0x57e203c0                usb_stor_read
                0x57e1f9d4                usb_show_progress
                0x57e205d4                usb_stor_scan
                0x57e20960                usb_stor_BBB_comdat
                0x57e20ed0                usb_stor_info
                0x57e1fab8                usb_stor_get_info
                0x57e1ff94                usb_stor_BBB_clear_endpt_stall
                0x57e20c08                usb_stor_CBI_get_status
                0x57e20a3c                usb_stor_BBB_transport
 .text          0x57e20f40      0x9dc common/libcommon.a(xyzModem.o)
                0x57e21068                xyzModem_error
                0x57e21104                xyzModem_stream_close
                0x57e21158                CYGACC_COMM_IF_GETC_TIMEOUT
                0x57e20f40                parse_num
                0x57e211d4                xyzModem_stream_terminate
                0x57e217b8                xyzModem_stream_open
                0x57e21150                CYGACC_COMM_IF_PUTC
                0x57e2152c                xyzModem_stream_read
 .text          0x57e2191c       0xc0 board/samsung/smdk6410/libsmdk6410.a(smdk6410.o)
                0x57e21978                dram_init
                0x57e219bc                board_eth_init
                0x57e219c4                checkboard
                0x57e2191c                board_init
                0x57e21998                board_flash_get_legacy
 .text          0x57e219dc       0x48 lib_generic/libgeneric.a(crc16.o)
                0x57e219dc                cyg_crc16
 .text          0x57e21a24      0x110 lib_generic/libgeneric.a(crc32.o)
                0x57e21b1c                crc32
                0x57e21b30                crc32_wd
                0x57e21a24                crc32_no_comp
 .text          0x57e21b34      0x1d4 lib_generic/libgeneric.a(gunzip.o)
                0x57e21c28                gunzip
                0x57e21cf0                zfree
                0x57e21b34                zunzip
                0x57e21cf8                zalloc
 .text          0x57e21d08     0x27cc lib_generic/libgeneric.a(zlib.o)
                0x57e22d90                inflate
                0x57e21d08                inflate_fast
                0x57e229ac                inflateInit_
                0x57e22a44                adler32
                0x57e22d80                zcfree
                0x57e22808                inflateReset
                0x57e22d88                zcalloc
                0x57e229bc                inflateEnd
                0x57e228a4                inflateInit2_
                0x57e22270                inflate_table
 .text          0x57e244d4       0x20 cpu/arm1176/s3c64xx/libs3c64xx.a(reset.o)
                0x57e244d4                reset_cpu
 .text          0x57e244f4      0x1c8 lib_arm/libarm.a(bootm.o)
                0x57e244f4                do_bootm_linux
 .text          0x57e246bc        0x4 lib_arm/libarm.a(cache.o)
                0x57e246bc                flush_cache
 .text          0x57e246c0       0xc8 lib_arm/libarm.a(cache-cp15.o)
                0x57e24764                dcache_enable
                0x57e24740                icache_enable
                0x57e24748                icache_disable
                0x57e24774                dcache_status
                0x57e24750                icache_status
                0x57e2476c                dcache_disable
 .text          0x57e24788     0x12e8 fs/fat/libfat.a(fat.o)
                0x57e2593c                file_fat_read
                0x57e24fec                do_fat_read
                0x57e25974                file_fat_ls
                0x57e24e8c                file_fat_detectfs
                0x57e247b4                disk_read
                0x57e25984                fat_register_device
 .text          0x57e25a70      0xe4c fs/ext2/libext2fs.a(ext2fs.o)
                0x57e25d04                ext2fs_read_file
                0x57e25c50                ext2fs_close
                0x57e25b68                ext2fs_mount
                0x57e26848                ext2fs_ls
                0x57e26738                ext2fs_find_file
                0x57e267b4                ext2fs_open
                0x57e25c30                ext2fs_free_node
                0x57e261f4                ext2fs_read
                0x57e264a4                ext2fs_find_file1
 .text          0x57e268bc      0x21c fs/ext2/libext2fs.a(dev.o)
                0x57e26a8c                ext2fs_set_blk_dev
                0x57e268bc                ext2fs_devread
 .text          0x57e26ad8      0x374 disk/libdisk.a(part.o)
                0x57e26bb4                dev_print
                0x57e26ad8                print_part
                0x57e26df4                get_dev
                0x57e26db4                get_partition_info
                0x57e26dd8                init_part
 .text          0x57e26e4c      0x4c8 disk/libdisk.a(part_dos.o)
                0x57e27110                get_partition_info_dos
                0x57e272e8                print_part_dos
                0x57e26e94                test_part_dos
 .text          0x57e27314      0x768 drivers/mtd/nand/libnand.a(nand_util.o)
                0x57e275bc                nand_write_skip_bad
                0x57e27410                nand_read_skip_bad
                0x57e27780                nand_erase_opts
 .text          0x57e27a7c     0x190c drivers/usb/host/libusb_host.a(ohci-hcd.o)
                0x57e27b04                rh_check_port_status
                0x57e27f14                usb_lowlevel_stop
                0x57e2866c                sohci_submit_job
                0x57e2849c                usb_event_poll
                0x57e28ce4                submit_int_msg
                0x57e29370                submit_bulk_msg
                0x57e28d00                submit_control_msg
                0x57e284a0                usb_lowlevel_init
                0x57e28b9c                submit_common_msg
 .text          0x57e29388       0x50 drivers/usb/host/libusb_host.a(s3c64xx-hcd.o)
                0x57e29388                usb_cpu_init
                0x57e293a4                usb_cpu_stop
                0x57e293c0                usb_cpu_init_fail
 .text          0x57e293d8       0x24 cpu/arm1176/libarm1176.a(cpu.o)
                0x57e293d8                cleanup_before_linux
 .text          0x57e293fc       0x1c /home/linx/Git/uboot2010/lib_arm/eabi_compat.o
                0x57e293fc                raise
 .text          0x57e29418      0x114 /usr/local/arm/4.3.2/bin/../lib/gcc/arm-none-linux-gnueabi/4.3.2/armv4t/libgcc.a(_udivsi3.o)
                0x57e29418                __udivsi3
                0x57e29418                __aeabi_uidiv
                0x57e2950c                __aeabi_uidivmod
 .text          0x57e2952c      0x148 /usr/local/arm/4.3.2/bin/../lib/gcc/arm-none-linux-gnueabi/4.3.2/armv4t/libgcc.a(_divsi3.o)
                0x57e2952c                __aeabi_idiv
                0x57e2952c                __divsi3
                0x57e29654                __aeabi_idivmod
 .text          0x57e29674       0x1c /usr/local/arm/4.3.2/bin/../lib/gcc/arm-none-linux-gnueabi/4.3.2/armv4t/libgcc.a(_lshrdi3.o)
                0x57e29674                __aeabi_llsr
                0x57e29674                __lshrdi3
 .text          0x57e29690       0x1c /usr/local/arm/4.3.2/bin/../lib/gcc/arm-none-linux-gnueabi/4.3.2/armv4t/libgcc.a(_ashrdi3.o)
                0x57e29690                __ashrdi3
                0x57e29690                __aeabi_lasr
 .text          0x57e296ac       0x1c /usr/local/arm/4.3.2/bin/../lib/gcc/arm-none-linux-gnueabi/4.3.2/armv4t/libgcc.a(_ashldi3.o)
                0x57e296ac                __ashldi3
                0x57e296ac                __aeabi_llsl
 .text          0x57e296c8       0x14 /usr/local/arm/4.3.2/bin/../lib/gcc/arm-none-linux-gnueabi/4.3.2/armv4t/libgcc.a(_dvmd_lnx.o)
                0x57e296c8                __aeabi_ldiv0
                0x57e296c8                __aeabi_idiv0

.glue_7         0x57e296dc        0x0
 .glue_7        0x57e296dc        0x0 cpu/arm1176/start.o
 .glue_7        0x57e296dc        0x0 cpu/arm1176/s3c64xx/cpu_init.o
 .glue_7        0x57e296dc        0x0 board/samsung/smdk6410/lowlevel_init.o
 .glue_7        0x57e296dc        0x0 cpu/arm1176/nand_cp.o
 .glue_7        0x57e296dc        0x0 lib_arm/board.o
 .glue_7        0x57e296dc        0x0 lib_generic/libgeneric.a(display_options.o)
 .glue_7        0x57e296dc        0x0 lib_generic/libgeneric.a(net_utils.o)
 .glue_7        0x57e296dc        0x0 lib_generic/libgeneric.a(string.o)
 .glue_7        0x57e296dc        0x0 lib_generic/libgeneric.a(vsprintf.o)
 .glue_7        0x57e296dc        0x0 lib_generic/libgeneric.a(ctype.o)
 .glue_7        0x57e296dc        0x0 lib_generic/libgeneric.a(div64.o)
 .glue_7        0x57e296dc        0x0 lib_generic/libgeneric.a(time.o)
 .glue_7        0x57e296dc        0x0 cpu/arm1176/s3c64xx/libs3c64xx.a(speed.o)
 .glue_7        0x57e296dc        0x0 cpu/arm1176/s3c64xx/libs3c64xx.a(timer.o)
 .glue_7        0x57e296dc        0x0 lib_arm/libarm.a(interrupts.o)
 .glue_7        0x57e296dc        0x0 lib_arm/libarm.a(reset.o)
 .glue_7        0x57e296dc        0x0 net/libnet.a(eth.o)
 .glue_7        0x57e296dc        0x0 net/libnet.a(net.o)
 .glue_7        0x57e296dc        0x0 net/libnet.a(nfs.o)
 .glue_7        0x57e296dc        0x0 net/libnet.a(rarp.o)
 .glue_7        0x57e296dc        0x0 net/libnet.a(tftp.o)
 .glue_7        0x57e296dc        0x0 net/libnet.a(bootp.o)
 .glue_7        0x57e296dc        0x0 drivers/mtd/libmtd.a(cfi_flash.o)
 .glue_7        0x57e296dc        0x0 drivers/mtd/libmtd.a(jedec_flash.o)
 .glue_7        0x57e296dc        0x0 drivers/mtd/nand/libnand.a(nand.o)
 .glue_7        0x57e296dc        0x0 drivers/mtd/nand/libnand.a(nand_base.o)
 .glue_7        0x57e296dc        0x0 drivers/mtd/nand/libnand.a(nand_bbt.o)
 .glue_7        0x57e296dc        0x0 drivers/mtd/nand/libnand.a(nand_ecc.o)
 .glue_7        0x57e296dc        0x0 drivers/mtd/nand/libnand.a(nand_ids.o)
 .glue_7        0x57e296dc        0x0 drivers/mtd/nand/libnand.a(s3c64xx.o)
 .glue_7        0x57e296dc        0x0 drivers/net/libnet.a(dm9000x.o)
 .glue_7        0x57e296dc        0x0 drivers/serial/libserial.a(s3c64xx.o)
 .glue_7        0x57e296dc        0x0 common/libcommon.a(cmd_bdinfo.o)
 .glue_7        0x57e296dc        0x0 common/libcommon.a(cmd_boot.o)
 .glue_7        0x57e296dc        0x0 common/libcommon.a(cmd_bootm.o)
 .glue_7        0x57e296dc        0x0 common/libcommon.a(cmd_bootzImage.o)
 .glue_7        0x57e296dc        0x0 common/libcommon.a(cmd_cache.o)
 .glue_7        0x57e296dc        0x0 common/libcommon.a(cmd_console.o)
 .glue_7        0x57e296dc        0x0 common/libcommon.a(cmd_echo.o)
 .glue_7        0x57e296dc        0x0 common/libcommon.a(cmd_elf.o)
 .glue_7        0x57e296dc        0x0 common/libcommon.a(cmd_exit.o)
 .glue_7        0x57e296dc        0x0 common/libcommon.a(cmd_ext2.o)
 .glue_7        0x57e296dc        0x0 common/libcommon.a(cmd_fat.o)
 .glue_7        0x57e296dc        0x0 common/libcommon.a(cmd_flash.o)
 .glue_7        0x57e296dc        0x0 common/libcommon.a(cmd_help.o)
 .glue_7        0x57e296dc        0x0 common/libcommon.a(cmd_itest.o)
 .glue_7        0x57e296dc        0x0 common/libcommon.a(cmd_load.o)
 .glue_7        0x57e296dc        0x0 common/libcommon.a(cmd_mem.o)
 .glue_7        0x57e296dc        0x0 common/libcommon.a(cmd_misc.o)
 .glue_7        0x57e296dc        0x0 common/libcommon.a(cmd_nand.o)
 .glue_7        0x57e296dc        0x0 common/libcommon.a(cmd_net.o)
 .glue_7        0x57e296dc        0x0 common/libcommon.a(cmd_nvedit.o)
 .glue_7        0x57e296dc        0x0 common/libcommon.a(cmd_reginfo.o)
 .glue_7        0x57e296dc        0x0 common/libcommon.a(cmd_source.o)
 .glue_7        0x57e296dc        0x0 common/libcommon.a(cmd_test.o)
 .glue_7        0x57e296dc        0x0 common/libcommon.a(cmd_usb.o)
 .glue_7        0x57e296dc        0x0 common/libcommon.a(cmd_usbd.o)
 .glue_7        0x57e296dc        0x0 common/libcommon.a(cmd_version.o)
 .glue_7        0x57e296dc        0x0 common/libcommon.a(cmd_ximg.o)
 .glue_7        0x57e296dc        0x0 common/libcommon.a(command.o)
 .glue_7        0x57e296dc        0x0 common/libcommon.a(console.o)
 .glue_7        0x57e296dc        0x0 common/libcommon.a(dlmalloc.o)
 .glue_7        0x57e296dc        0x0 common/libcommon.a(env_common.o)
 .glue_7        0x57e296dc        0x0 common/libcommon.a(env_nand.o)
 .glue_7        0x57e296dc        0x0 common/libcommon.a(exports.o)
 .glue_7        0x57e296dc        0x0 common/libcommon.a(flash.o)
 .glue_7        0x57e296dc        0x0 common/libcommon.a(hush.o)
 .glue_7        0x57e296dc        0x0 common/libcommon.a(image.o)
 .glue_7        0x57e296dc        0x0 common/libcommon.a(main.o)
 .glue_7        0x57e296dc        0x0 common/libcommon.a(s_record.o)
 .glue_7        0x57e296dc        0x0 common/libcommon.a(stdio.o)
 .glue_7        0x57e296dc        0x0 common/libcommon.a(usb.o)
 .glue_7        0x57e296dc        0x0 common/libcommon.a(usb_storage.o)
 .glue_7        0x57e296dc        0x0 common/libcommon.a(xyzModem.o)
 .glue_7        0x57e296dc        0x0 board/samsung/smdk6410/libsmdk6410.a(smdk6410.o)
 .glue_7        0x57e296dc        0x0 lib_generic/libgeneric.a(crc16.o)
 .glue_7        0x57e296dc        0x0 lib_generic/libgeneric.a(crc32.o)
 .glue_7        0x57e296dc        0x0 lib_generic/libgeneric.a(gunzip.o)
 .glue_7        0x57e296dc        0x0 lib_generic/libgeneric.a(zlib.o)
 .glue_7        0x57e296dc        0x0 cpu/arm1176/s3c64xx/libs3c64xx.a(reset.o)
 .glue_7        0x57e296dc        0x0 lib_arm/libarm.a(bootm.o)
 .glue_7        0x57e296dc        0x0 lib_arm/libarm.a(cache.o)
 .glue_7        0x57e296dc        0x0 lib_arm/libarm.a(cache-cp15.o)
 .glue_7        0x57e296dc        0x0 fs/fat/libfat.a(fat.o)
 .glue_7        0x57e296dc        0x0 fs/ext2/libext2fs.a(ext2fs.o)
 .glue_7        0x57e296dc        0x0 fs/ext2/libext2fs.a(dev.o)
 .glue_7        0x57e296dc        0x0 disk/libdisk.a(part.o)
 .glue_7        0x57e296dc        0x0 disk/libdisk.a(part_dos.o)
 .glue_7        0x57e296dc        0x0 drivers/mtd/nand/libnand.a(nand_util.o)
 .glue_7        0x57e296dc        0x0 drivers/usb/host/libusb_host.a(ohci-hcd.o)
 .glue_7        0x57e296dc        0x0 drivers/usb/host/libusb_host.a(s3c64xx-hcd.o)
 .glue_7        0x57e296dc        0x0 cpu/arm1176/libarm1176.a(cpu.o)
 .glue_7        0x57e296dc        0x0 /home/linx/Git/uboot2010/lib_arm/eabi_compat.o
 .glue_7        0x57e296dc        0x0 /usr/local/arm/4.3.2/bin/../lib/gcc/arm-none-linux-gnueabi/4.3.2/armv4t/libgcc.a(_udivsi3.o)
 .glue_7        0x57e296dc        0x0 /usr/local/arm/4.3.2/bin/../lib/gcc/arm-none-linux-gnueabi/4.3.2/armv4t/libgcc.a(_divsi3.o)
 .glue_7        0x57e296dc        0x0 /usr/local/arm/4.3.2/bin/../lib/gcc/arm-none-linux-gnueabi/4.3.2/armv4t/libgcc.a(_lshrdi3.o)
 .glue_7        0x57e296dc        0x0 /usr/local/arm/4.3.2/bin/../lib/gcc/arm-none-linux-gnueabi/4.3.2/armv4t/libgcc.a(_ashrdi3.o)
 .glue_7        0x57e296dc        0x0 /usr/local/arm/4.3.2/bin/../lib/gcc/arm-none-linux-gnueabi/4.3.2/armv4t/libgcc.a(_ashldi3.o)
 .glue_7        0x57e296dc        0x0 /usr/local/arm/4.3.2/bin/../lib/gcc/arm-none-linux-gnueabi/4.3.2/armv4t/libgcc.a(_dvmd_lnx.o)

.glue_7t        0x57e296dc        0x0
 .glue_7t       0x57e296dc        0x0 cpu/arm1176/start.o
 .glue_7t       0x57e296dc        0x0 cpu/arm1176/s3c64xx/cpu_init.o
 .glue_7t       0x57e296dc        0x0 board/samsung/smdk6410/lowlevel_init.o
 .glue_7t       0x57e296dc        0x0 cpu/arm1176/nand_cp.o
 .glue_7t       0x57e296dc        0x0 lib_arm/board.o
 .glue_7t       0x57e296dc        0x0 lib_generic/libgeneric.a(display_options.o)
 .glue_7t       0x57e296dc        0x0 lib_generic/libgeneric.a(net_utils.o)
 .glue_7t       0x57e296dc        0x0 lib_generic/libgeneric.a(string.o)
 .glue_7t       0x57e296dc        0x0 lib_generic/libgeneric.a(vsprintf.o)
 .glue_7t       0x57e296dc        0x0 lib_generic/libgeneric.a(ctype.o)
 .glue_7t       0x57e296dc        0x0 lib_generic/libgeneric.a(div64.o)
 .glue_7t       0x57e296dc        0x0 lib_generic/libgeneric.a(time.o)
 .glue_7t       0x57e296dc        0x0 cpu/arm1176/s3c64xx/libs3c64xx.a(speed.o)
 .glue_7t       0x57e296dc        0x0 cpu/arm1176/s3c64xx/libs3c64xx.a(timer.o)
 .glue_7t       0x57e296dc        0x0 lib_arm/libarm.a(interrupts.o)
 .glue_7t       0x57e296dc        0x0 lib_arm/libarm.a(reset.o)
 .glue_7t       0x57e296dc        0x0 net/libnet.a(eth.o)
 .glue_7t       0x57e296dc        0x0 net/libnet.a(net.o)
 .glue_7t       0x57e296dc        0x0 net/libnet.a(nfs.o)
 .glue_7t       0x57e296dc        0x0 net/libnet.a(rarp.o)
 .glue_7t       0x57e296dc        0x0 net/libnet.a(tftp.o)
 .glue_7t       0x57e296dc        0x0 net/libnet.a(bootp.o)
 .glue_7t       0x57e296dc        0x0 drivers/mtd/libmtd.a(cfi_flash.o)
 .glue_7t       0x57e296dc        0x0 drivers/mtd/libmtd.a(jedec_flash.o)
 .glue_7t       0x57e296dc        0x0 drivers/mtd/nand/libnand.a(nand.o)
 .glue_7t       0x57e296dc        0x0 drivers/mtd/nand/libnand.a(nand_base.o)
 .glue_7t       0x57e296dc        0x0 drivers/mtd/nand/libnand.a(nand_bbt.o)
 .glue_7t       0x57e296dc        0x0 drivers/mtd/nand/libnand.a(nand_ecc.o)
 .glue_7t       0x57e296dc        0x0 drivers/mtd/nand/libnand.a(nand_ids.o)
 .glue_7t       0x57e296dc        0x0 drivers/mtd/nand/libnand.a(s3c64xx.o)
 .glue_7t       0x57e296dc        0x0 drivers/net/libnet.a(dm9000x.o)
 .glue_7t       0x57e296dc        0x0 drivers/serial/libserial.a(s3c64xx.o)
 .glue_7t       0x57e296dc        0x0 common/libcommon.a(cmd_bdinfo.o)
 .glue_7t       0x57e296dc        0x0 common/libcommon.a(cmd_boot.o)
 .glue_7t       0x57e296dc        0x0 common/libcommon.a(cmd_bootm.o)
 .glue_7t       0x57e296dc        0x0 common/libcommon.a(cmd_bootzImage.o)
 .glue_7t       0x57e296dc        0x0 common/libcommon.a(cmd_cache.o)
 .glue_7t       0x57e296dc        0x0 common/libcommon.a(cmd_console.o)
 .glue_7t       0x57e296dc        0x0 common/libcommon.a(cmd_echo.o)
 .glue_7t       0x57e296dc        0x0 common/libcommon.a(cmd_elf.o)
 .glue_7t       0x57e296dc        0x0 common/libcommon.a(cmd_exit.o)
 .glue_7t       0x57e296dc        0x0 common/libcommon.a(cmd_ext2.o)
 .glue_7t       0x57e296dc        0x0 common/libcommon.a(cmd_fat.o)
 .glue_7t       0x57e296dc        0x0 common/libcommon.a(cmd_flash.o)
 .glue_7t       0x57e296dc        0x0 common/libcommon.a(cmd_help.o)
 .glue_7t       0x57e296dc        0x0 common/libcommon.a(cmd_itest.o)
 .glue_7t       0x57e296dc        0x0 common/libcommon.a(cmd_load.o)
 .glue_7t       0x57e296dc        0x0 common/libcommon.a(cmd_mem.o)
 .glue_7t       0x57e296dc        0x0 common/libcommon.a(cmd_misc.o)
 .glue_7t       0x57e296dc        0x0 common/libcommon.a(cmd_nand.o)
 .glue_7t       0x57e296dc        0x0 common/libcommon.a(cmd_net.o)
 .glue_7t       0x57e296dc        0x0 common/libcommon.a(cmd_nvedit.o)
 .glue_7t       0x57e296dc        0x0 common/libcommon.a(cmd_reginfo.o)
 .glue_7t       0x57e296dc        0x0 common/libcommon.a(cmd_source.o)
 .glue_7t       0x57e296dc        0x0 common/libcommon.a(cmd_test.o)
 .glue_7t       0x57e296dc        0x0 common/libcommon.a(cmd_usb.o)
 .glue_7t       0x57e296dc        0x0 common/libcommon.a(cmd_usbd.o)
 .glue_7t       0x57e296dc        0x0 common/libcommon.a(cmd_version.o)
 .glue_7t       0x57e296dc        0x0 common/libcommon.a(cmd_ximg.o)
 .glue_7t       0x57e296dc        0x0 common/libcommon.a(command.o)
 .glue_7t       0x57e296dc        0x0 common/libcommon.a(console.o)
 .glue_7t       0x57e296dc        0x0 common/libcommon.a(dlmalloc.o)
 .glue_7t       0x57e296dc        0x0 common/libcommon.a(env_common.o)
 .glue_7t       0x57e296dc        0x0 common/libcommon.a(env_nand.o)
 .glue_7t       0x57e296dc        0x0 common/libcommon.a(exports.o)
 .glue_7t       0x57e296dc        0x0 common/libcommon.a(flash.o)
 .glue_7t       0x57e296dc        0x0 common/libcommon.a(hush.o)
 .glue_7t       0x57e296dc        0x0 common/libcommon.a(image.o)
 .glue_7t       0x57e296dc        0x0 common/libcommon.a(main.o)
 .glue_7t       0x57e296dc        0x0 common/libcommon.a(s_record.o)
 .glue_7t       0x57e296dc        0x0 common/libcommon.a(stdio.o)
 .glue_7t       0x57e296dc        0x0 common/libcommon.a(usb.o)
 .glue_7t       0x57e296dc        0x0 common/libcommon.a(usb_storage.o)
 .glue_7t       0x57e296dc        0x0 common/libcommon.a(xyzModem.o)
 .glue_7t       0x57e296dc        0x0 board/samsung/smdk6410/libsmdk6410.a(smdk6410.o)
 .glue_7t       0x57e296dc        0x0 lib_generic/libgeneric.a(crc16.o)
 .glue_7t       0x57e296dc        0x0 lib_generic/libgeneric.a(crc32.o)
 .glue_7t       0x57e296dc        0x0 lib_generic/libgeneric.a(gunzip.o)
 .glue_7t       0x57e296dc        0x0 lib_generic/libgeneric.a(zlib.o)
 .glue_7t       0x57e296dc        0x0 cpu/arm1176/s3c64xx/libs3c64xx.a(reset.o)
 .glue_7t       0x57e296dc        0x0 lib_arm/libarm.a(bootm.o)
 .glue_7t       0x57e296dc        0x0 lib_arm/libarm.a(cache.o)
 .glue_7t       0x57e296dc        0x0 lib_arm/libarm.a(cache-cp15.o)
 .glue_7t       0x57e296dc        0x0 fs/fat/libfat.a(fat.o)
 .glue_7t       0x57e296dc        0x0 fs/ext2/libext2fs.a(ext2fs.o)
 .glue_7t       0x57e296dc        0x0 fs/ext2/libext2fs.a(dev.o)
 .glue_7t       0x57e296dc        0x0 disk/libdisk.a(part.o)
 .glue_7t       0x57e296dc        0x0 disk/libdisk.a(part_dos.o)
 .glue_7t       0x57e296dc        0x0 drivers/mtd/nand/libnand.a(nand_util.o)
 .glue_7t       0x57e296dc        0x0 drivers/usb/host/libusb_host.a(ohci-hcd.o)
 .glue_7t       0x57e296dc        0x0 drivers/usb/host/libusb_host.a(s3c64xx-hcd.o)
 .glue_7t       0x57e296dc        0x0 cpu/arm1176/libarm1176.a(cpu.o)
 .glue_7t       0x57e296dc        0x0 /home/linx/Git/uboot2010/lib_arm/eabi_compat.o
 .glue_7t       0x57e296dc        0x0 /usr/local/arm/4.3.2/bin/../lib/gcc/arm-none-linux-gnueabi/4.3.2/armv4t/libgcc.a(_udivsi3.o)
 .glue_7t       0x57e296dc        0x0 /usr/local/arm/4.3.2/bin/../lib/gcc/arm-none-linux-gnueabi/4.3.2/armv4t/libgcc.a(_divsi3.o)
 .glue_7t       0x57e296dc        0x0 /usr/local/arm/4.3.2/bin/../lib/gcc/arm-none-linux-gnueabi/4.3.2/armv4t/libgcc.a(_lshrdi3.o)
 .glue_7t       0x57e296dc        0x0 /usr/local/arm/4.3.2/bin/../lib/gcc/arm-none-linux-gnueabi/4.3.2/armv4t/libgcc.a(_ashrdi3.o)
 .glue_7t       0x57e296dc        0x0 /usr/local/arm/4.3.2/bin/../lib/gcc/arm-none-linux-gnueabi/4.3.2/armv4t/libgcc.a(_ashldi3.o)
 .glue_7t       0x57e296dc        0x0 /usr/local/arm/4.3.2/bin/../lib/gcc/arm-none-linux-gnueabi/4.3.2/armv4t/libgcc.a(_dvmd_lnx.o)

.vfp11_veneer   0x57e296dc        0x0
 .vfp11_veneer  0x57e296dc        0x0 cpu/arm1176/start.o
 .vfp11_veneer  0x57e296dc        0x0 cpu/arm1176/s3c64xx/cpu_init.o
 .vfp11_veneer  0x57e296dc        0x0 board/samsung/smdk6410/lowlevel_init.o
 .vfp11_veneer  0x57e296dc        0x0 cpu/arm1176/nand_cp.o
 .vfp11_veneer  0x57e296dc        0x0 lib_arm/board.o
 .vfp11_veneer  0x57e296dc        0x0 lib_generic/libgeneric.a(display_options.o)
 .vfp11_veneer  0x57e296dc        0x0 lib_generic/libgeneric.a(net_utils.o)
 .vfp11_veneer  0x57e296dc        0x0 lib_generic/libgeneric.a(string.o)
 .vfp11_veneer  0x57e296dc        0x0 lib_generic/libgeneric.a(vsprintf.o)
 .vfp11_veneer  0x57e296dc        0x0 lib_generic/libgeneric.a(ctype.o)
 .vfp11_veneer  0x57e296dc        0x0 lib_generic/libgeneric.a(div64.o)
 .vfp11_veneer  0x57e296dc        0x0 lib_generic/libgeneric.a(time.o)
 .vfp11_veneer  0x57e296dc        0x0 cpu/arm1176/s3c64xx/libs3c64xx.a(speed.o)
 .vfp11_veneer  0x57e296dc        0x0 cpu/arm1176/s3c64xx/libs3c64xx.a(timer.o)
 .vfp11_veneer  0x57e296dc        0x0 lib_arm/libarm.a(interrupts.o)
 .vfp11_veneer  0x57e296dc        0x0 lib_arm/libarm.a(reset.o)
 .vfp11_veneer  0x57e296dc        0x0 net/libnet.a(eth.o)
 .vfp11_veneer  0x57e296dc        0x0 net/libnet.a(net.o)
 .vfp11_veneer  0x57e296dc        0x0 net/libnet.a(nfs.o)
 .vfp11_veneer  0x57e296dc        0x0 net/libnet.a(rarp.o)
 .vfp11_veneer  0x57e296dc        0x0 net/libnet.a(tftp.o)
 .vfp11_veneer  0x57e296dc        0x0 net/libnet.a(bootp.o)
 .vfp11_veneer  0x57e296dc        0x0 drivers/mtd/libmtd.a(cfi_flash.o)
 .vfp11_veneer  0x57e296dc        0x0 drivers/mtd/libmtd.a(jedec_flash.o)
 .vfp11_veneer  0x57e296dc        0x0 drivers/mtd/nand/libnand.a(nand.o)
 .vfp11_veneer  0x57e296dc        0x0 drivers/mtd/nand/libnand.a(nand_base.o)
 .vfp11_veneer  0x57e296dc        0x0 drivers/mtd/nand/libnand.a(nand_bbt.o)
 .vfp11_veneer  0x57e296dc        0x0 drivers/mtd/nand/libnand.a(nand_ecc.o)
 .vfp11_veneer  0x57e296dc        0x0 drivers/mtd/nand/libnand.a(nand_ids.o)
 .vfp11_veneer  0x57e296dc        0x0 drivers/mtd/nand/libnand.a(s3c64xx.o)
 .vfp11_veneer  0x57e296dc        0x0 drivers/net/libnet.a(dm9000x.o)
 .vfp11_veneer  0x57e296dc        0x0 drivers/serial/libserial.a(s3c64xx.o)
 .vfp11_veneer  0x57e296dc        0x0 common/libcommon.a(cmd_bdinfo.o)
 .vfp11_veneer  0x57e296dc        0x0 common/libcommon.a(cmd_boot.o)
 .vfp11_veneer  0x57e296dc        0x0 common/libcommon.a(cmd_bootm.o)
 .vfp11_veneer  0x57e296dc        0x0 common/libcommon.a(cmd_bootzImage.o)
 .vfp11_veneer  0x57e296dc        0x0 common/libcommon.a(cmd_cache.o)
 .vfp11_veneer  0x57e296dc        0x0 common/libcommon.a(cmd_console.o)
 .vfp11_veneer  0x57e296dc        0x0 common/libcommon.a(cmd_echo.o)
 .vfp11_veneer  0x57e296dc        0x0 common/libcommon.a(cmd_elf.o)
 .vfp11_veneer  0x57e296dc        0x0 common/libcommon.a(cmd_exit.o)
 .vfp11_veneer  0x57e296dc        0x0 common/libcommon.a(cmd_ext2.o)
 .vfp11_veneer  0x57e296dc        0x0 common/libcommon.a(cmd_fat.o)
 .vfp11_veneer  0x57e296dc        0x0 common/libcommon.a(cmd_flash.o)
 .vfp11_veneer  0x57e296dc        0x0 common/libcommon.a(cmd_help.o)
 .vfp11_veneer  0x57e296dc        0x0 common/libcommon.a(cmd_itest.o)
 .vfp11_veneer  0x57e296dc        0x0 common/libcommon.a(cmd_load.o)
 .vfp11_veneer  0x57e296dc        0x0 common/libcommon.a(cmd_mem.o)
 .vfp11_veneer  0x57e296dc        0x0 common/libcommon.a(cmd_misc.o)
 .vfp11_veneer  0x57e296dc        0x0 common/libcommon.a(cmd_nand.o)
 .vfp11_veneer  0x57e296dc        0x0 common/libcommon.a(cmd_net.o)
 .vfp11_veneer  0x57e296dc        0x0 common/libcommon.a(cmd_nvedit.o)
 .vfp11_veneer  0x57e296dc        0x0 common/libcommon.a(cmd_reginfo.o)
 .vfp11_veneer  0x57e296dc        0x0 common/libcommon.a(cmd_source.o)
 .vfp11_veneer  0x57e296dc        0x0 common/libcommon.a(cmd_test.o)
 .vfp11_veneer  0x57e296dc        0x0 common/libcommon.a(cmd_usb.o)
 .vfp11_veneer  0x57e296dc        0x0 common/libcommon.a(cmd_usbd.o)
 .vfp11_veneer  0x57e296dc        0x0 common/libcommon.a(cmd_version.o)
 .vfp11_veneer  0x57e296dc        0x0 common/libcommon.a(cmd_ximg.o)
 .vfp11_veneer  0x57e296dc        0x0 common/libcommon.a(command.o)
 .vfp11_veneer  0x57e296dc        0x0 common/libcommon.a(console.o)
 .vfp11_veneer  0x57e296dc        0x0 common/libcommon.a(dlmalloc.o)
 .vfp11_veneer  0x57e296dc        0x0 common/libcommon.a(env_common.o)
 .vfp11_veneer  0x57e296dc        0x0 common/libcommon.a(env_nand.o)
 .vfp11_veneer  0x57e296dc        0x0 common/libcommon.a(exports.o)
 .vfp11_veneer  0x57e296dc        0x0 common/libcommon.a(flash.o)
 .vfp11_veneer  0x57e296dc        0x0 common/libcommon.a(hush.o)
 .vfp11_veneer  0x57e296dc        0x0 common/libcommon.a(image.o)
 .vfp11_veneer  0x57e296dc        0x0 common/libcommon.a(main.o)
 .vfp11_veneer  0x57e296dc        0x0 common/libcommon.a(s_record.o)
 .vfp11_veneer  0x57e296dc        0x0 common/libcommon.a(stdio.o)
 .vfp11_veneer  0x57e296dc        0x0 common/libcommon.a(usb.o)
 .vfp11_veneer  0x57e296dc        0x0 common/libcommon.a(usb_storage.o)
 .vfp11_veneer  0x57e296dc        0x0 common/libcommon.a(xyzModem.o)
 .vfp11_veneer  0x57e296dc        0x0 board/samsung/smdk6410/libsmdk6410.a(smdk6410.o)
 .vfp11_veneer  0x57e296dc        0x0 lib_generic/libgeneric.a(crc16.o)
 .vfp11_veneer  0x57e296dc        0x0 lib_generic/libgeneric.a(crc32.o)
 .vfp11_veneer  0x57e296dc        0x0 lib_generic/libgeneric.a(gunzip.o)
 .vfp11_veneer  0x57e296dc        0x0 lib_generic/libgeneric.a(zlib.o)
 .vfp11_veneer  0x57e296dc        0x0 cpu/arm1176/s3c64xx/libs3c64xx.a(reset.o)
 .vfp11_veneer  0x57e296dc        0x0 lib_arm/libarm.a(bootm.o)
 .vfp11_veneer  0x57e296dc        0x0 lib_arm/libarm.a(cache.o)
 .vfp11_veneer  0x57e296dc        0x0 lib_arm/libarm.a(cache-cp15.o)
 .vfp11_veneer  0x57e296dc        0x0 fs/fat/libfat.a(fat.o)
 .vfp11_veneer  0x57e296dc        0x0 fs/ext2/libext2fs.a(ext2fs.o)
 .vfp11_veneer  0x57e296dc        0x0 fs/ext2/libext2fs.a(dev.o)
 .vfp11_veneer  0x57e296dc        0x0 disk/libdisk.a(part.o)
 .vfp11_veneer  0x57e296dc        0x0 disk/libdisk.a(part_dos.o)
 .vfp11_veneer  0x57e296dc        0x0 drivers/mtd/nand/libnand.a(nand_util.o)
 .vfp11_veneer  0x57e296dc        0x0 drivers/usb/host/libusb_host.a(ohci-hcd.o)
 .vfp11_veneer  0x57e296dc        0x0 drivers/usb/host/libusb_host.a(s3c64xx-hcd.o)
 .vfp11_veneer  0x57e296dc        0x0 cpu/arm1176/libarm1176.a(cpu.o)
 .vfp11_veneer  0x57e296dc        0x0 /home/linx/Git/uboot2010/lib_arm/eabi_compat.o
 .vfp11_veneer  0x57e296dc        0x0 /usr/local/arm/4.3.2/bin/../lib/gcc/arm-none-linux-gnueabi/4.3.2/armv4t/libgcc.a(_udivsi3.o)
 .vfp11_veneer  0x57e296dc        0x0 /usr/local/arm/4.3.2/bin/../lib/gcc/arm-none-linux-gnueabi/4.3.2/armv4t/libgcc.a(_divsi3.o)
 .vfp11_veneer  0x57e296dc        0x0 /usr/local/arm/4.3.2/bin/../lib/gcc/arm-none-linux-gnueabi/4.3.2/armv4t/libgcc.a(_lshrdi3.o)
 .vfp11_veneer  0x57e296dc        0x0 /usr/local/arm/4.3.2/bin/../lib/gcc/arm-none-linux-gnueabi/4.3.2/armv4t/libgcc.a(_ashrdi3.o)
 .vfp11_veneer  0x57e296dc        0x0 /usr/local/arm/4.3.2/bin/../lib/gcc/arm-none-linux-gnueabi/4.3.2/armv4t/libgcc.a(_ashldi3.o)
 .vfp11_veneer  0x57e296dc        0x0 /usr/local/arm/4.3.2/bin/../lib/gcc/arm-none-linux-gnueabi/4.3.2/armv4t/libgcc.a(_dvmd_lnx.o)

.janus_2cc_veneer
                0x57e296dc        0x0
 .janus_2cc_veneer
                0x57e296dc        0x0 cpu/arm1176/start.o
 .janus_2cc_veneer
                0x57e296dc        0x0 cpu/arm1176/s3c64xx/cpu_init.o
 .janus_2cc_veneer
                0x57e296dc        0x0 board/samsung/smdk6410/lowlevel_init.o
 .janus_2cc_veneer
                0x57e296dc        0x0 cpu/arm1176/nand_cp.o
 .janus_2cc_veneer
                0x57e296dc        0x0 lib_arm/board.o
 .janus_2cc_veneer
                0x57e296dc        0x0 lib_generic/libgeneric.a(display_options.o)
 .janus_2cc_veneer
                0x57e296dc        0x0 lib_generic/libgeneric.a(net_utils.o)
 .janus_2cc_veneer
                0x57e296dc        0x0 lib_generic/libgeneric.a(string.o)
 .janus_2cc_veneer
                0x57e296dc        0x0 lib_generic/libgeneric.a(vsprintf.o)
 .janus_2cc_veneer
                0x57e296dc        0x0 lib_generic/libgeneric.a(ctype.o)
 .janus_2cc_veneer
                0x57e296dc        0x0 lib_generic/libgeneric.a(div64.o)
 .janus_2cc_veneer
                0x57e296dc        0x0 lib_generic/libgeneric.a(time.o)
 .janus_2cc_veneer
                0x57e296dc        0x0 cpu/arm1176/s3c64xx/libs3c64xx.a(speed.o)
 .janus_2cc_veneer
                0x57e296dc        0x0 cpu/arm1176/s3c64xx/libs3c64xx.a(timer.o)
 .janus_2cc_veneer
                0x57e296dc        0x0 lib_arm/libarm.a(interrupts.o)
 .janus_2cc_veneer
                0x57e296dc        0x0 lib_arm/libarm.a(reset.o)
 .janus_2cc_veneer
                0x57e296dc        0x0 net/libnet.a(eth.o)
 .janus_2cc_veneer
                0x57e296dc        0x0 net/libnet.a(net.o)
 .janus_2cc_veneer
                0x57e296dc        0x0 net/libnet.a(nfs.o)
 .janus_2cc_veneer
                0x57e296dc        0x0 net/libnet.a(rarp.o)
 .janus_2cc_veneer
                0x57e296dc        0x0 net/libnet.a(tftp.o)
 .janus_2cc_veneer
                0x57e296dc        0x0 net/libnet.a(bootp.o)
 .janus_2cc_veneer
                0x57e296dc        0x0 drivers/mtd/libmtd.a(cfi_flash.o)
 .janus_2cc_veneer
                0x57e296dc        0x0 drivers/mtd/libmtd.a(jedec_flash.o)
 .janus_2cc_veneer
                0x57e296dc        0x0 drivers/mtd/nand/libnand.a(nand.o)
 .janus_2cc_veneer
                0x57e296dc        0x0 drivers/mtd/nand/libnand.a(nand_base.o)
 .janus_2cc_veneer
                0x57e296dc        0x0 drivers/mtd/nand/libnand.a(nand_bbt.o)
 .janus_2cc_veneer
                0x57e296dc        0x0 drivers/mtd/nand/libnand.a(nand_ecc.o)
 .janus_2cc_veneer
                0x57e296dc        0x0 drivers/mtd/nand/libnand.a(nand_ids.o)
 .janus_2cc_veneer
                0x57e296dc        0x0 drivers/mtd/nand/libnand.a(s3c64xx.o)
 .janus_2cc_veneer
                0x57e296dc        0x0 drivers/net/libnet.a(dm9000x.o)
 .janus_2cc_veneer
                0x57e296dc        0x0 drivers/serial/libserial.a(s3c64xx.o)
 .janus_2cc_veneer
                0x57e296dc        0x0 common/libcommon.a(cmd_bdinfo.o)
 .janus_2cc_veneer
                0x57e296dc        0x0 common/libcommon.a(cmd_boot.o)
 .janus_2cc_veneer
                0x57e296dc        0x0 common/libcommon.a(cmd_bootm.o)
 .janus_2cc_veneer
                0x57e296dc        0x0 common/libcommon.a(cmd_bootzImage.o)
 .janus_2cc_veneer
                0x57e296dc        0x0 common/libcommon.a(cmd_cache.o)
 .janus_2cc_veneer
                0x57e296dc        0x0 common/libcommon.a(cmd_console.o)
 .janus_2cc_veneer
                0x57e296dc        0x0 common/libcommon.a(cmd_echo.o)
 .janus_2cc_veneer
                0x57e296dc        0x0 common/libcommon.a(cmd_elf.o)
 .janus_2cc_veneer
                0x57e296dc        0x0 common/libcommon.a(cmd_exit.o)
 .janus_2cc_veneer
                0x57e296dc        0x0 common/libcommon.a(cmd_ext2.o)
 .janus_2cc_veneer
                0x57e296dc        0x0 common/libcommon.a(cmd_fat.o)
 .janus_2cc_veneer
                0x57e296dc        0x0 common/libcommon.a(cmd_flash.o)
 .janus_2cc_veneer
                0x57e296dc        0x0 common/libcommon.a(cmd_help.o)
 .janus_2cc_veneer
                0x57e296dc        0x0 common/libcommon.a(cmd_itest.o)
 .janus_2cc_veneer
                0x57e296dc        0x0 common/libcommon.a(cmd_load.o)
 .janus_2cc_veneer
                0x57e296dc        0x0 common/libcommon.a(cmd_mem.o)
 .janus_2cc_veneer
                0x57e296dc        0x0 common/libcommon.a(cmd_misc.o)
 .janus_2cc_veneer
                0x57e296dc        0x0 common/libcommon.a(cmd_nand.o)
 .janus_2cc_veneer
                0x57e296dc        0x0 common/libcommon.a(cmd_net.o)
 .janus_2cc_veneer
                0x57e296dc        0x0 common/libcommon.a(cmd_nvedit.o)
 .janus_2cc_veneer
                0x57e296dc        0x0 common/libcommon.a(cmd_reginfo.o)
 .janus_2cc_veneer
                0x57e296dc        0x0 common/libcommon.a(cmd_source.o)
 .janus_2cc_veneer
                0x57e296dc        0x0 common/libcommon.a(cmd_test.o)
 .janus_2cc_veneer
                0x57e296dc        0x0 common/libcommon.a(cmd_usb.o)
 .janus_2cc_veneer
                0x57e296dc        0x0 common/libcommon.a(cmd_usbd.o)
 .janus_2cc_veneer
                0x57e296dc        0x0 common/libcommon.a(cmd_version.o)
 .janus_2cc_veneer
                0x57e296dc        0x0 common/libcommon.a(cmd_ximg.o)
 .janus_2cc_veneer
                0x57e296dc        0x0 common/libcommon.a(command.o)
 .janus_2cc_veneer
                0x57e296dc        0x0 common/libcommon.a(console.o)
 .janus_2cc_veneer
                0x57e296dc        0x0 common/libcommon.a(dlmalloc.o)
 .janus_2cc_veneer
                0x57e296dc        0x0 common/libcommon.a(env_common.o)
 .janus_2cc_veneer
                0x57e296dc        0x0 common/libcommon.a(env_nand.o)
 .janus_2cc_veneer
                0x57e296dc        0x0 common/libcommon.a(exports.o)
 .janus_2cc_veneer
                0x57e296dc        0x0 common/libcommon.a(flash.o)
 .janus_2cc_veneer
                0x57e296dc        0x0 common/libcommon.a(hush.o)
 .janus_2cc_veneer
                0x57e296dc        0x0 common/libcommon.a(image.o)
 .janus_2cc_veneer
                0x57e296dc        0x0 common/libcommon.a(main.o)
 .janus_2cc_veneer
                0x57e296dc        0x0 common/libcommon.a(s_record.o)
 .janus_2cc_veneer
                0x57e296dc        0x0 common/libcommon.a(stdio.o)
 .janus_2cc_veneer
                0x57e296dc        0x0 common/libcommon.a(usb.o)
 .janus_2cc_veneer
                0x57e296dc        0x0 common/libcommon.a(usb_storage.o)
 .janus_2cc_veneer
                0x57e296dc        0x0 common/libcommon.a(xyzModem.o)
 .janus_2cc_veneer
                0x57e296dc        0x0 board/samsung/smdk6410/libsmdk6410.a(smdk6410.o)
 .janus_2cc_veneer
                0x57e296dc        0x0 lib_generic/libgeneric.a(crc16.o)
 .janus_2cc_veneer
                0x57e296dc        0x0 lib_generic/libgeneric.a(crc32.o)
 .janus_2cc_veneer
                0x57e296dc        0x0 lib_generic/libgeneric.a(gunzip.o)
 .janus_2cc_veneer
                0x57e296dc        0x0 lib_generic/libgeneric.a(zlib.o)
 .janus_2cc_veneer
                0x57e296dc        0x0 cpu/arm1176/s3c64xx/libs3c64xx.a(reset.o)
 .janus_2cc_veneer
                0x57e296dc        0x0 lib_arm/libarm.a(bootm.o)
 .janus_2cc_veneer
                0x57e296dc        0x0 lib_arm/libarm.a(cache.o)
 .janus_2cc_veneer
                0x57e296dc        0x0 lib_arm/libarm.a(cache-cp15.o)
 .janus_2cc_veneer
                0x57e296dc        0x0 fs/fat/libfat.a(fat.o)
 .janus_2cc_veneer
                0x57e296dc        0x0 fs/ext2/libext2fs.a(ext2fs.o)
 .janus_2cc_veneer
                0x57e296dc        0x0 fs/ext2/libext2fs.a(dev.o)
 .janus_2cc_veneer
                0x57e296dc        0x0 disk/libdisk.a(part.o)
 .janus_2cc_veneer
                0x57e296dc        0x0 disk/libdisk.a(part_dos.o)
 .janus_2cc_veneer
                0x57e296dc        0x0 drivers/mtd/nand/libnand.a(nand_util.o)
 .janus_2cc_veneer
                0x57e296dc        0x0 drivers/usb/host/libusb_host.a(ohci-hcd.o)
 .janus_2cc_veneer
                0x57e296dc        0x0 drivers/usb/host/libusb_host.a(s3c64xx-hcd.o)
 .janus_2cc_veneer
                0x57e296dc        0x0 cpu/arm1176/libarm1176.a(cpu.o)
 .janus_2cc_veneer
                0x57e296dc        0x0 /home/linx/Git/uboot2010/lib_arm/eabi_compat.o
 .janus_2cc_veneer
                0x57e296dc        0x0 /usr/local/arm/4.3.2/bin/../lib/gcc/arm-none-linux-gnueabi/4.3.2/armv4t/libgcc.a(_udivsi3.o)
 .janus_2cc_veneer
                0x57e296dc        0x0 /usr/local/arm/4.3.2/bin/../lib/gcc/arm-none-linux-gnueabi/4.3.2/armv4t/libgcc.a(_divsi3.o)
 .janus_2cc_veneer
                0x57e296dc        0x0 /usr/local/arm/4.3.2/bin/../lib/gcc/arm-none-linux-gnueabi/4.3.2/armv4t/libgcc.a(_lshrdi3.o)
 .janus_2cc_veneer
                0x57e296dc        0x0 /usr/local/arm/4.3.2/bin/../lib/gcc/arm-none-linux-gnueabi/4.3.2/armv4t/libgcc.a(_ashrdi3.o)
 .janus_2cc_veneer
                0x57e296dc        0x0 /usr/local/arm/4.3.2/bin/../lib/gcc/arm-none-linux-gnueabi/4.3.2/armv4t/libgcc.a(_ashldi3.o)
 .janus_2cc_veneer
                0x57e296dc        0x0 /usr/local/arm/4.3.2/bin/../lib/gcc/arm-none-linux-gnueabi/4.3.2/armv4t/libgcc.a(_dvmd_lnx.o)

.v4_bx          0x57e296dc        0x0
 .v4_bx         0x57e296dc        0x0 cpu/arm1176/start.o
 .v4_bx         0x57e296dc        0x0 cpu/arm1176/s3c64xx/cpu_init.o
 .v4_bx         0x57e296dc        0x0 board/samsung/smdk6410/lowlevel_init.o
 .v4_bx         0x57e296dc        0x0 cpu/arm1176/nand_cp.o
 .v4_bx         0x57e296dc        0x0 lib_arm/board.o
 .v4_bx         0x57e296dc        0x0 lib_generic/libgeneric.a(display_options.o)
 .v4_bx         0x57e296dc        0x0 lib_generic/libgeneric.a(net_utils.o)
 .v4_bx         0x57e296dc        0x0 lib_generic/libgeneric.a(string.o)
 .v4_bx         0x57e296dc        0x0 lib_generic/libgeneric.a(vsprintf.o)
 .v4_bx         0x57e296dc        0x0 lib_generic/libgeneric.a(ctype.o)
 .v4_bx         0x57e296dc        0x0 lib_generic/libgeneric.a(div64.o)
 .v4_bx         0x57e296dc        0x0 lib_generic/libgeneric.a(time.o)
 .v4_bx         0x57e296dc        0x0 cpu/arm1176/s3c64xx/libs3c64xx.a(speed.o)
 .v4_bx         0x57e296dc        0x0 cpu/arm1176/s3c64xx/libs3c64xx.a(timer.o)
 .v4_bx         0x57e296dc        0x0 lib_arm/libarm.a(interrupts.o)
 .v4_bx         0x57e296dc        0x0 lib_arm/libarm.a(reset.o)
 .v4_bx         0x57e296dc        0x0 net/libnet.a(eth.o)
 .v4_bx         0x57e296dc        0x0 net/libnet.a(net.o)
 .v4_bx         0x57e296dc        0x0 net/libnet.a(nfs.o)
 .v4_bx         0x57e296dc        0x0 net/libnet.a(rarp.o)
 .v4_bx         0x57e296dc        0x0 net/libnet.a(tftp.o)
 .v4_bx         0x57e296dc        0x0 net/libnet.a(bootp.o)
 .v4_bx         0x57e296dc        0x0 drivers/mtd/libmtd.a(cfi_flash.o)
 .v4_bx         0x57e296dc        0x0 drivers/mtd/libmtd.a(jedec_flash.o)
 .v4_bx         0x57e296dc        0x0 drivers/mtd/nand/libnand.a(nand.o)
 .v4_bx         0x57e296dc        0x0 drivers/mtd/nand/libnand.a(nand_base.o)
 .v4_bx         0x57e296dc        0x0 drivers/mtd/nand/libnand.a(nand_bbt.o)
 .v4_bx         0x57e296dc        0x0 drivers/mtd/nand/libnand.a(nand_ecc.o)
 .v4_bx         0x57e296dc        0x0 drivers/mtd/nand/libnand.a(nand_ids.o)
 .v4_bx         0x57e296dc        0x0 drivers/mtd/nand/libnand.a(s3c64xx.o)
 .v4_bx         0x57e296dc        0x0 drivers/net/libnet.a(dm9000x.o)
 .v4_bx         0x57e296dc        0x0 drivers/serial/libserial.a(s3c64xx.o)
 .v4_bx         0x57e296dc        0x0 common/libcommon.a(cmd_bdinfo.o)
 .v4_bx         0x57e296dc        0x0 common/libcommon.a(cmd_boot.o)
 .v4_bx         0x57e296dc        0x0 common/libcommon.a(cmd_bootm.o)
 .v4_bx         0x57e296dc        0x0 common/libcommon.a(cmd_bootzImage.o)
 .v4_bx         0x57e296dc        0x0 common/libcommon.a(cmd_cache.o)
 .v4_bx         0x57e296dc        0x0 common/libcommon.a(cmd_console.o)
 .v4_bx         0x57e296dc        0x0 common/libcommon.a(cmd_echo.o)
 .v4_bx         0x57e296dc        0x0 common/libcommon.a(cmd_elf.o)
 .v4_bx         0x57e296dc        0x0 common/libcommon.a(cmd_exit.o)
 .v4_bx         0x57e296dc        0x0 common/libcommon.a(cmd_ext2.o)
 .v4_bx         0x57e296dc        0x0 common/libcommon.a(cmd_fat.o)
 .v4_bx         0x57e296dc        0x0 common/libcommon.a(cmd_flash.o)
 .v4_bx         0x57e296dc        0x0 common/libcommon.a(cmd_help.o)
 .v4_bx         0x57e296dc        0x0 common/libcommon.a(cmd_itest.o)
 .v4_bx         0x57e296dc        0x0 common/libcommon.a(cmd_load.o)
 .v4_bx         0x57e296dc        0x0 common/libcommon.a(cmd_mem.o)
 .v4_bx         0x57e296dc        0x0 common/libcommon.a(cmd_misc.o)
 .v4_bx         0x57e296dc        0x0 common/libcommon.a(cmd_nand.o)
 .v4_bx         0x57e296dc        0x0 common/libcommon.a(cmd_net.o)
 .v4_bx         0x57e296dc        0x0 common/libcommon.a(cmd_nvedit.o)
 .v4_bx         0x57e296dc        0x0 common/libcommon.a(cmd_reginfo.o)
 .v4_bx         0x57e296dc        0x0 common/libcommon.a(cmd_source.o)
 .v4_bx         0x57e296dc        0x0 common/libcommon.a(cmd_test.o)
 .v4_bx         0x57e296dc        0x0 common/libcommon.a(cmd_usb.o)
 .v4_bx         0x57e296dc        0x0 common/libcommon.a(cmd_usbd.o)
 .v4_bx         0x57e296dc        0x0 common/libcommon.a(cmd_version.o)
 .v4_bx         0x57e296dc        0x0 common/libcommon.a(cmd_ximg.o)
 .v4_bx         0x57e296dc        0x0 common/libcommon.a(command.o)
 .v4_bx         0x57e296dc        0x0 common/libcommon.a(console.o)
 .v4_bx         0x57e296dc        0x0 common/libcommon.a(dlmalloc.o)
 .v4_bx         0x57e296dc        0x0 common/libcommon.a(env_common.o)
 .v4_bx         0x57e296dc        0x0 common/libcommon.a(env_nand.o)
 .v4_bx         0x57e296dc        0x0 common/libcommon.a(exports.o)
 .v4_bx         0x57e296dc        0x0 common/libcommon.a(flash.o)
 .v4_bx         0x57e296dc        0x0 common/libcommon.a(hush.o)
 .v4_bx         0x57e296dc        0x0 common/libcommon.a(image.o)
 .v4_bx         0x57e296dc        0x0 common/libcommon.a(main.o)
 .v4_bx         0x57e296dc        0x0 common/libcommon.a(s_record.o)
 .v4_bx         0x57e296dc        0x0 common/libcommon.a(stdio.o)
 .v4_bx         0x57e296dc        0x0 common/libcommon.a(usb.o)
 .v4_bx         0x57e296dc        0x0 common/libcommon.a(usb_storage.o)
 .v4_bx         0x57e296dc        0x0 common/libcommon.a(xyzModem.o)
 .v4_bx         0x57e296dc        0x0 board/samsung/smdk6410/libsmdk6410.a(smdk6410.o)
 .v4_bx         0x57e296dc        0x0 lib_generic/libgeneric.a(crc16.o)
 .v4_bx         0x57e296dc        0x0 lib_generic/libgeneric.a(crc32.o)
 .v4_bx         0x57e296dc        0x0 lib_generic/libgeneric.a(gunzip.o)
 .v4_bx         0x57e296dc        0x0 lib_generic/libgeneric.a(zlib.o)
 .v4_bx         0x57e296dc        0x0 cpu/arm1176/s3c64xx/libs3c64xx.a(reset.o)
 .v4_bx         0x57e296dc        0x0 lib_arm/libarm.a(bootm.o)
 .v4_bx         0x57e296dc        0x0 lib_arm/libarm.a(cache.o)
 .v4_bx         0x57e296dc        0x0 lib_arm/libarm.a(cache-cp15.o)
 .v4_bx         0x57e296dc        0x0 fs/fat/libfat.a(fat.o)
 .v4_bx         0x57e296dc        0x0 fs/ext2/libext2fs.a(ext2fs.o)
 .v4_bx         0x57e296dc        0x0 fs/ext2/libext2fs.a(dev.o)
 .v4_bx         0x57e296dc        0x0 disk/libdisk.a(part.o)
 .v4_bx         0x57e296dc        0x0 disk/libdisk.a(part_dos.o)
 .v4_bx         0x57e296dc        0x0 drivers/mtd/nand/libnand.a(nand_util.o)
 .v4_bx         0x57e296dc        0x0 drivers/usb/host/libusb_host.a(ohci-hcd.o)
 .v4_bx         0x57e296dc        0x0 drivers/usb/host/libusb_host.a(s3c64xx-hcd.o)
 .v4_bx         0x57e296dc        0x0 cpu/arm1176/libarm1176.a(cpu.o)
 .v4_bx         0x57e296dc        0x0 /home/linx/Git/uboot2010/lib_arm/eabi_compat.o
 .v4_bx         0x57e296dc        0x0 /usr/local/arm/4.3.2/bin/../lib/gcc/arm-none-linux-gnueabi/4.3.2/armv4t/libgcc.a(_udivsi3.o)
 .v4_bx         0x57e296dc        0x0 /usr/local/arm/4.3.2/bin/../lib/gcc/arm-none-linux-gnueabi/4.3.2/armv4t/libgcc.a(_divsi3.o)
 .v4_bx         0x57e296dc        0x0 /usr/local/arm/4.3.2/bin/../lib/gcc/arm-none-linux-gnueabi/4.3.2/armv4t/libgcc.a(_lshrdi3.o)
 .v4_bx         0x57e296dc        0x0 /usr/local/arm/4.3.2/bin/../lib/gcc/arm-none-linux-gnueabi/4.3.2/armv4t/libgcc.a(_ashrdi3.o)
 .v4_bx         0x57e296dc        0x0 /usr/local/arm/4.3.2/bin/../lib/gcc/arm-none-linux-gnueabi/4.3.2/armv4t/libgcc.a(_ashldi3.o)
 .v4_bx         0x57e296dc        0x0 /usr/local/arm/4.3.2/bin/../lib/gcc/arm-none-linux-gnueabi/4.3.2/armv4t/libgcc.a(_dvmd_lnx.o)
                0x57e296dc                . = ALIGN (0x4)

.rodata         0x57e296e0     0x8e03
 *(SORT(.rodata*))
 .rodata        0x57e296e0       0x60 drivers/mtd/nand/libnand.a(nand_base.o)
 .rodata        0x57e29740       0x80 lib_arm/libarm.a(interrupts.o)
 .rodata        0x57e297c0       0x10 drivers/mtd/libmtd.a(cfi_flash.o)
 .rodata        0x57e297d0       0x98 drivers/mtd/libmtd.a(jedec_flash.o)
 .rodata        0x57e29868       0x40 drivers/serial/libserial.a(s3c64xx.o)
 .rodata        0x57e298a8       0x4c common/libcommon.a(cmd_bootm.o)
 .rodata        0x57e298f4       0x14 common/libcommon.a(cmd_nvedit.o)
 .rodata        0x57e29908      0x400 lib_generic/libgeneric.a(crc32.o)
 .rodata        0x57e29d08      0x9cc lib_generic/libgeneric.a(zlib.o)
                0x57e2a6ac                z_errmsg
 .rodata        0x57e2a6d4       0x10 disk/libdisk.a(part.o)
 .rodata        0x57e2a6e4       0x80 drivers/usb/host/libusb_host.a(ohci-hcd.o)
 .rodata        0x57e2a764      0x200 lib_generic/libgeneric.a(crc16.o)
 .rodata        0x57e2a964       0x3b lib_arm/board.o
                0x57e2a964                version_string
 .rodata        0x57e2a99f       0x21 lib_generic/libgeneric.a(vsprintf.o)
                0x57e2a99f                hex_asc
 .rodata        0x57e2a9c0        0x7 net/libnet.a(eth.o)
 .rodata        0x57e2a9c7        0x7 net/libnet.a(net.o)
 .rodata        0x57e2a9ce        0x5 drivers/mtd/nand/libnand.a(nand.o)
 .rodata        0x57e2a9d3      0x100 drivers/mtd/nand/libnand.a(nand_ecc.o)
 .rodata        0x57e2aad3       0xa2 common/libcommon.a(cmd_usbd.o)
                0x57e2ab2f                string_desc0
                0x57e2ab05                config_high_total
                0x57e2aadc                config_full_total
                0x57e2aafc                config_high
                0x57e2ab33                string_desc1
                0x57e2ab25                qualifier_desc
                0x57e2aad3                config_full
                0x57e2ab49                string_desc2
 .rodata.str1.1
                0x57e2ab75       0x73 lib_arm/board.o
                                 0x75 (size before relaxing)
 .rodata.str1.1
                0x57e2abe8       0x2a lib_generic/libgeneric.a(display_options.o)
                                 0x36 (size before relaxing)
 .rodata.str1.1
                0x57e2ac12        0xe lib_generic/libgeneric.a(vsprintf.o)
 .rodata.str1.1
                0x57e2ac20       0x6d cpu/arm1176/s3c64xx/libs3c64xx.a(speed.o)
 .rodata.str1.1
                0x57e2ac8d      0x264 lib_arm/libarm.a(interrupts.o)
                                0x27b (size before relaxing)
 .rodata.str1.1
                0x57e2aef1        0xf lib_arm/libarm.a(reset.o)
 .rodata.str1.1
                0x57e2af00       0xad net/libnet.a(eth.o)
                                 0xc7 (size before relaxing)
 .rodata.str1.1
                0x57e2afad      0x20c net/libnet.a(net.o)
                                0x217 (size before relaxing)
 .rodata.str1.1
                0x57e2b1b9      0x193 net/libnet.a(nfs.o)
                                0x1a9 (size before relaxing)
 .rodata.str1.1
                0x57e2b34c       0x20 net/libnet.a(rarp.o)
                                 0x47 (size before relaxing)
 .rodata.str1.1
                0x57e2b36c      0x11a net/libnet.a(tftp.o)
                                0x1f9 (size before relaxing)
 .rodata.str1.1
                0x57e2b486       0x70 net/libnet.a(bootp.o)
                                 0xad (size before relaxing)
 .rodata.str1.1
                0x57e2b4f6      0x37a drivers/mtd/libmtd.a(cfi_flash.o)
                                0x37f (size before relaxing)
 .rodata.str1.1
                0x57e2b870       0x20 drivers/mtd/libmtd.a(jedec_flash.o)
                                 0x3f (size before relaxing)
 .rodata.str1.1
                0x57e2b890        0x8 drivers/mtd/nand/libnand.a(nand.o)
 .rodata.str1.1
                0x57e2b898      0x2e3 drivers/mtd/nand/libnand.a(nand_base.o)
 .rodata.str1.1
                0x57e2bb7b      0x309 drivers/mtd/nand/libnand.a(nand_bbt.o)
 .rodata.str1.1
                0x57e2be84      0x31f drivers/mtd/nand/libnand.a(nand_ids.o)
                                0x335 (size before relaxing)
 .rodata.str1.1
                0x57e2c1a3       0x91 drivers/mtd/nand/libnand.a(s3c64xx.o)
 .rodata.str1.1
                0x57e2c234      0x1f8 drivers/net/libnet.a(dm9000x.o)
                                0x1fe (size before relaxing)
 .rodata.str1.1
                0x57e2c42c       0xaa common/libcommon.a(cmd_bdinfo.o)
                                 0xb3 (size before relaxing)
 .rodata.str1.1
                0x57e2c4d6       0xef common/libcommon.a(cmd_boot.o)
                                 0xf0 (size before relaxing)
 .rodata.str1.1
                0x57e2c5c5      0x867 common/libcommon.a(cmd_bootm.o)
                                0x8c8 (size before relaxing)
 .rodata.str1.1
                0x57e2ce2c       0x60 common/libcommon.a(cmd_bootzImage.o)
                                 0x69 (size before relaxing)
 .rodata.str1.1
                0x57e2ce8c       0xd9 common/libcommon.a(cmd_cache.o)
                                0x107 (size before relaxing)
 .rodata.str1.1
                0x57e2cf65       0x5c common/libcommon.a(cmd_console.o)
                                 0x61 (size before relaxing)
 .rodata.str1.1
                0x57e2cfc1       0x50 common/libcommon.a(cmd_echo.o)
                                 0x55 (size before relaxing)
 .rodata.str1.1
                0x57e2d011      0x278 common/libcommon.a(cmd_elf.o)
                                0x29a (size before relaxing)
 .rodata.str1.1
                0x57e2d289       0x11 common/libcommon.a(cmd_exit.o)
                                 0x12 (size before relaxing)
 .rodata.str1.1
                0x57e2d29a      0x2cd common/libcommon.a(cmd_ext2.o)
                                0x39a (size before relaxing)
 .rodata.str1.1
                0x57e2d567      0x2e1 common/libcommon.a(cmd_fat.o)
                                0x3a5 (size before relaxing)
 .rodata.str1.1
                0x57e2d848      0x6fe common/libcommon.a(cmd_flash.o)
                                0x730 (size before relaxing)
 .rodata.str1.1
                0x57e2df46       0x9a common/libcommon.a(cmd_help.o)
                                 0x9b (size before relaxing)
 .rodata.str1.1
                0x57e2dfe0       0xb3 common/libcommon.a(cmd_itest.o)
                                 0xb5 (size before relaxing)
 .rodata.str1.1
                0x57e2e093      0x336 common/libcommon.a(cmd_load.o)
                                0x353 (size before relaxing)
 .rodata.str1.1
                0x57e2e3c9      0x47f common/libcommon.a(cmd_mem.o)
                                0x4a9 (size before relaxing)
 .rodata.str1.1
                0x57e2e848       0x5f common/libcommon.a(cmd_misc.o)
 .rodata.str1.1
                0x57e2e8a7      0x71e common/libcommon.a(cmd_nand.o)
                                0x773 (size before relaxing)
 .rodata.str1.1
                0x57e2efc5      0x1ac common/libcommon.a(cmd_net.o)
                                0x1ee (size before relaxing)
 .rodata.str1.1
                0x57e2f171      0x33b common/libcommon.a(cmd_nvedit.o)
                                0x39b (size before relaxing)
 .rodata.str1.1
                0x57e2f4ac       0x23 common/libcommon.a(cmd_reginfo.o)
                                 0x24 (size before relaxing)
 .rodata.str1.1
                0x57e2f4cf      0x101 common/libcommon.a(cmd_source.o)
                                0x108 (size before relaxing)
 .rodata.str1.1
                0x57e2f5d0       0x6e common/libcommon.a(cmd_test.o)
                                 0x96 (size before relaxing)
 .rodata.str1.1
                0x57e2f63e      0x828 common/libcommon.a(cmd_usb.o)
                                0x969 (size before relaxing)
 .rodata.str1.1
                0x57e2fe66      0x1e3 common/libcommon.a(cmd_usbd.o)
                                0x1e8 (size before relaxing)
 .rodata.str1.1
                0x57e30049       0x16 common/libcommon.a(cmd_version.o)
                                 0x24 (size before relaxing)
 .rodata.str1.1
                0x57e3005f      0x17e common/libcommon.a(cmd_ximg.o)
                                0x22f (size before relaxing)
 .rodata.str1.1
                0x57e301dd       0x95 common/libcommon.a(command.o)
 .rodata.str1.1
                0x57e30272       0x70 common/libcommon.a(console.o)
                                 0x74 (size before relaxing)
 .rodata.str1.1
                0x57e302e2       0x33 common/libcommon.a(env_common.o)
 .rodata.str1.1
                0x57e30315       0x6e common/libcommon.a(env_nand.o)
                                 0x74 (size before relaxing)
 .rodata.str1.1
                0x57e30383      0x10c common/libcommon.a(flash.o)
 .rodata.str1.1
                0x57e3048f      0x243 common/libcommon.a(hush.o)
                                0x26e (size before relaxing)
 .rodata.str1.1
                0x57e306d2      0x455 common/libcommon.a(image.o)
                                0x4f0 (size before relaxing)
 .rodata.str1.1
                0x57e30b27       0x93 common/libcommon.a(main.o)
                                 0xf7 (size before relaxing)
 .rodata.str1.1
                0x57e30bba        0x7 common/libcommon.a(stdio.o)
                                 0x1b (size before relaxing)
 .rodata.str1.1
                0x57e30bc1      0x28b common/libcommon.a(usb.o)
 .rodata.str1.1
                0x57e30e4c      0x1ed common/libcommon.a(usb_storage.o)
                                0x1ff (size before relaxing)
 .rodata.str1.1
                0x57e31039       0xe3 common/libcommon.a(xyzModem.o)
                                 0xe5 (size before relaxing)
 .rodata.str1.1
                0x57e3111c       0x13 board/samsung/smdk6410/libsmdk6410.a(smdk6410.o)
 .rodata.str1.1
                0x57e3112f       0x85 lib_generic/libgeneric.a(gunzip.o)
 .rodata.str1.1
                0x57e311b4      0x21c lib_generic/libgeneric.a(zlib.o)
                                0x21d (size before relaxing)
 .rodata.str1.1
                0x57e313d0       0x42 lib_arm/libarm.a(bootm.o)
                                 0x4b (size before relaxing)
 .rodata.str1.1
                0x57e31412      0x15f fs/fat/libfat.a(fat.o)
                                0x16d (size before relaxing)
 .rodata.str1.1
                0x57e31571      0x1be fs/ext2/libext2fs.a(ext2fs.o)
 .rodata.str1.1
                0x57e3172f       0xdc fs/ext2/libext2fs.a(dev.o)
 .rodata.str1.1
                0x57e3180b      0x1af disk/libdisk.a(part.o)
                                0x1e0 (size before relaxing)
 .rodata.str1.1
                0x57e319ba       0xe5 disk/libdisk.a(part_dos.o)
                                 0xf1 (size before relaxing)
 .rodata.str1.1
                0x57e31a9f      0x24c drivers/mtd/nand/libnand.a(nand_util.o)
                                0x24e (size before relaxing)
 .rodata.str1.1
                0x57e31ceb      0x7dd drivers/usb/host/libusb_host.a(ohci-hcd.o)
 .rodata.str1.1
                0x57e324c8       0x1b /home/linx/Git/uboot2010/lib_arm/eabi_compat.o
                0x57e324e4                . = ALIGN (0x4)

.data           0x57e324e4     0x19db
 *(.data)
 .data          0x57e324e4        0x0 cpu/arm1176/start.o
 .data          0x57e324e4        0x0 cpu/arm1176/s3c64xx/cpu_init.o
 .data          0x57e324e4        0x0 board/samsung/smdk6410/lowlevel_init.o
 .data          0x57e324e4        0x0 cpu/arm1176/nand_cp.o
 .data          0x57e324e4       0x30 lib_arm/board.o
                0x57e324e4                init_sequence
 .data          0x57e32514        0x0 lib_generic/libgeneric.a(display_options.o)
 .data          0x57e32514        0x0 lib_generic/libgeneric.a(net_utils.o)
 .data          0x57e32514        0x0 lib_generic/libgeneric.a(string.o)
 .data          0x57e32514        0x0 lib_generic/libgeneric.a(vsprintf.o)
 .data          0x57e32514      0x100 lib_generic/libgeneric.a(ctype.o)
                0x57e32514                _ctype
 .data          0x57e32614        0x0 lib_generic/libgeneric.a(div64.o)
 .data          0x57e32614        0x0 lib_generic/libgeneric.a(time.o)
 .data          0x57e32614        0x0 cpu/arm1176/s3c64xx/libs3c64xx.a(speed.o)
 .data          0x57e32614        0x0 cpu/arm1176/s3c64xx/libs3c64xx.a(timer.o)
 .data          0x57e32614        0x0 lib_arm/libarm.a(interrupts.o)
 .data          0x57e32614        0x0 lib_arm/libarm.a(reset.o)
 .data          0x57e32614        0x0 net/libnet.a(eth.o)
 .data          0x57e32614        0xa net/libnet.a(net.o)
                0x57e32618                NetBcastAddr
                0x57e32616                NetOurNativeVLAN
                0x57e32614                NetOurVLAN
 *fill*         0x57e3261e        0x2 00
 .data          0x57e32620        0x4 net/libnet.a(nfs.o)
 .data          0x57e32624        0x0 net/libnet.a(rarp.o)
 .data          0x57e32624       0x10 net/libnet.a(tftp.o)
                0x57e32630                TftpRRQTimeoutMSecs
                0x57e32628                TftpRRQTimeoutCountMax
 .data          0x57e32634        0x0 net/libnet.a(bootp.o)
 .data          0x57e32634        0x4 drivers/mtd/libmtd.a(cfi_flash.o)
 .data          0x57e32638        0x0 drivers/mtd/libmtd.a(jedec_flash.o)
 .data          0x57e32638        0x4 drivers/mtd/nand/libnand.a(nand.o)
                0x57e32638                nand_curr_device
 .data          0x57e3263c      0x920 drivers/mtd/nand/libnand.a(nand_base.o)
 .data          0x57e32f5c      0x10c drivers/mtd/nand/libnand.a(nand_bbt.o)
 .data          0x57e33068        0x0 drivers/mtd/nand/libnand.a(nand_ecc.o)
 .data          0x57e33068      0x4a0 drivers/mtd/nand/libnand.a(nand_ids.o)
                0x57e334b8                nand_manuf_ids
                0x57e33068                nand_flash_ids
 .data          0x57e33508        0x8 drivers/mtd/nand/libnand.a(s3c64xx.o)
 .data          0x57e33510        0x0 drivers/net/libnet.a(dm9000x.o)
 .data          0x57e33510        0x0 drivers/serial/libserial.a(s3c64xx.o)
 .data          0x57e33510        0x0 common/libcommon.a(cmd_bdinfo.o)
 .data          0x57e33510        0x0 common/libcommon.a(cmd_boot.o)
 .data          0x57e33510       0x94 common/libcommon.a(cmd_bootm.o)
                0x57e33510                load_addr
                0x57e33514                cmd_bootm_sub
 .data          0x57e335a4        0x0 common/libcommon.a(cmd_bootzImage.o)
 .data          0x57e335a4        0x0 common/libcommon.a(cmd_cache.o)
 .data          0x57e335a4        0x0 common/libcommon.a(cmd_console.o)
 .data          0x57e335a4        0x0 common/libcommon.a(cmd_echo.o)
 .data          0x57e335a4        0x0 common/libcommon.a(cmd_elf.o)
 .data          0x57e335a4        0x0 common/libcommon.a(cmd_exit.o)
 .data          0x57e335a4        0x0 common/libcommon.a(cmd_ext2.o)
 .data          0x57e335a4        0x0 common/libcommon.a(cmd_fat.o)
 .data          0x57e335a4        0x0 common/libcommon.a(cmd_flash.o)
 .data          0x57e335a4        0x0 common/libcommon.a(cmd_help.o)
 .data          0x57e335a4       0x68 common/libcommon.a(cmd_itest.o)
                0x57e335a4                op_table
 .data          0x57e3360c        0x4 common/libcommon.a(cmd_load.o)
 .data          0x57e33610        0x4 common/libcommon.a(cmd_mem.o)
                0x57e33610                dp_last_length
 .data          0x57e33614        0x0 common/libcommon.a(cmd_misc.o)
 .data          0x57e33614        0x0 common/libcommon.a(cmd_nand.o)
 .data          0x57e33614        0x0 common/libcommon.a(cmd_net.o)
 .data          0x57e33614        0x4 common/libcommon.a(cmd_nvedit.o)
 .data          0x57e33618        0x0 common/libcommon.a(cmd_reginfo.o)
 .data          0x57e33618        0x0 common/libcommon.a(cmd_source.o)
 .data          0x57e33618        0x0 common/libcommon.a(cmd_test.o)
 .data          0x57e33618        0x4 common/libcommon.a(cmd_usb.o)
 .data          0x57e3361c       0x35 common/libcommon.a(cmd_usbd.o)
                0x57e3361c                test_pkt
 .data          0x57e33651        0x0 common/libcommon.a(cmd_version.o)
 .data          0x57e33651        0x0 common/libcommon.a(cmd_ximg.o)
 .data          0x57e33651        0x0 common/libcommon.a(command.o)
 .data          0x57e33651        0x0 common/libcommon.a(console.o)
 *fill*         0x57e33651        0x3 00
 .data          0x57e33654      0x414 common/libcommon.a(dlmalloc.o)
 .data          0x57e33a68       0xe2 common/libcommon.a(env_common.o)
                0x57e33a68                default_environment