Archive member included because of file (symbol)

lib_arm/libarm.a(board.o)     cpu/arm1176/start.o (start_armboot)
lib_arm/libarm.a(interrupts.o)
                              lib_arm/libarm.a(board.o) (enable_interrupts)
net/libnet.a(eth.o)           lib_arm/libarm.a(board.o) (eth_initialize)
net/libnet.a(net.o)           lib_arm/libarm.a(board.o) (copy_filename)
net/libnet.a(nfs.o)           net/libnet.a(net.o) (NfsStart)
net/libnet.a(rarp.o)          net/libnet.a(net.o) (RarpRequest)
net/libnet.a(tftp.o)          net/libnet.a(net.o) (TftpStart)
net/libnet.a(bootp.o)         net/libnet.a(net.o) (BootpRequest)
drivers/mtd/libmtd.a(cfi_flash.o)
                              lib_arm/libarm.a(board.o) (flash_init)
drivers/mtd/libmtd.a(jedec_flash.o)
                              drivers/mtd/libmtd.a(cfi_flash.o) (jedec_flash_match)
drivers/mtd/nand/libnand.a(nand.o)
                              lib_arm/libarm.a(board.o) (nand_init)
drivers/mtd/nand/libnand.a(nand_base.o)
                              drivers/mtd/nand/libnand.a(nand.o) (nand_scan)
drivers/mtd/nand/libnand.a(nand_bbt.o)
                              drivers/mtd/nand/libnand.a(nand_base.o) (nand_isbad_bbt)
drivers/mtd/nand/libnand.a(nand_ecc.o)
                              drivers/mtd/nand/libnand.a(nand_base.o) (nand_calculate_ecc)
drivers/mtd/nand/libnand.a(nand_ids.o)
                              drivers/mtd/nand/libnand.a(nand_base.o) (nand_flash_ids)
drivers/mtd/nand/libnand.a(s3c64xx.o)
                              drivers/mtd/nand/libnand.a(nand.o) (board_nand_init)
drivers/serial/libserial.a(s3c64xx.o)
                              lib_arm/libarm.a(board.o) (serial_init)
common/libcommon.a(cmd_bdinfo.o)
                              (__u_boot_cmd_bdinfo)
common/libcommon.a(cmd_boot.o)
                              (__u_boot_cmd_go)
common/libcommon.a(cmd_bootm.o)
                              lib_arm/libarm.a(board.o) (load_addr)
common/libcommon.a(cmd_cache.o)
                              (__u_boot_cmd_icache)
common/libcommon.a(cmd_console.o)
                              (__u_boot_cmd_coninfo)
common/libcommon.a(cmd_echo.o)
                              (__u_boot_cmd_echo)
common/libcommon.a(cmd_elf.o)
                              common/libcommon.a(cmd_bootm.o) (do_bootvx)
common/libcommon.a(cmd_exit.o)
                              (__u_boot_cmd_exit)
common/libcommon.a(cmd_ext2.o)
                              (__u_boot_cmd_ext2ls)
common/libcommon.a(cmd_fat.o)
                              (__u_boot_cmd_fatload)
common/libcommon.a(cmd_flash.o)
                              (__u_boot_cmd_flinfo)
common/libcommon.a(cmd_help.o)
                              (__u_boot_cmd_help)
common/libcommon.a(cmd_itest.o)
                              (__u_boot_cmd_itest)
common/libcommon.a(cmd_load.o)
                              (__u_boot_cmd_loads)
common/libcommon.a(cmd_mem.o)
                              (__u_boot_cmd_md)
common/libcommon.a(cmd_misc.o)
                              (__u_boot_cmd_sleep)
common/libcommon.a(cmd_nand.o)
                              (__u_boot_cmd_nand)
common/libcommon.a(cmd_net.o)
                              (__u_boot_cmd_bootp)
common/libcommon.a(cmd_nvedit.o)
                              net/libnet.a(eth.o) (get_env_id)
common/libcommon.a(cmd_reginfo.o)
                              (__u_boot_cmd_reginfo)
common/libcommon.a(cmd_source.o)
                              (__u_boot_cmd_source)
common/libcommon.a(cmd_test.o)
                              (__u_boot_cmd_test)
common/libcommon.a(cmd_usb.o)
                              (__u_boot_cmd_usb)
common/libcommon.a(cmd_version.o)
                              (__u_boot_cmd_version)
common/libcommon.a(cmd_ximg.o)
                              (__u_boot_cmd_imxtract)
common/libcommon.a(command.o)
                              common/libcommon.a(cmd_itest.o) (cmd_get_data_size)
common/libcommon.a(console.o)
                              lib_arm/libarm.a(board.o) (printf)
common/libcommon.a(dlmalloc.o)
                              drivers/mtd/nand/libnand.a(nand_base.o) (free)
common/libcommon.a(env_common.o)
                              common/libcommon.a(cmd_nvedit.o) (env_get_addr)
common/libcommon.a(env_nand.o)
                              common/libcommon.a(env_common.o) (env_get_char_spec)
common/libcommon.a(exports.o)
                              lib_arm/libarm.a(board.o) (jumptable_init)
common/libcommon.a(flash.o)   common/libcommon.a(cmd_load.o) (addr2info)
common/libcommon.a(hush.o)    common/libcommon.a(cmd_bootm.o) (parse_string_outer)
common/libcommon.a(image.o)   common/libcommon.a(cmd_ximg.o) (image_multi_count)
common/libcommon.a(main.o)    common/libcommon.a(cmd_nvedit.o) (do_run)
common/libcommon.a(s_record.o)
                              common/libcommon.a(cmd_load.o) (srec_decode)
common/libcommon.a(stdio.o)   common/libcommon.a(cmd_console.o) (stdio_get_list)
[...]
Memory Configuration

Name             Origin             Length             Attributes
*default*        0x00000000         0xffffffff

Linker script and memory map

                0x00000000                . = 0x0
                0x00000000                . = ALIGN (0x4)

.text           0x57e00000    0x2678c
 cpu/arm1176/start.o(.text)
 .text          0x57e00000      0x3a0 cpu/arm1176/start.o
                0x57e00040                _end_vect
                0x57e0004c                _bss_start
                0x57e00050                _bss_end
                0x57e00048                _armboot_start
                0x57e00000                _start
 cpu/arm1176/s3c64xx/cpu_init.o(.text)
 .text          0x57e003a0      0x124 cpu/arm1176/s3c64xx/cpu_init.o
                0x57e003a0                mem_ctrl_asm_init
 *(.text)
 .text          0x57e004c4      0x260 lib_arm/libarm.a(board.o)
                0x57e004dc                __yellow_LED_off
                0x57e004d0                green_LED_on
                0x57e004e8                hang
                0x57e004d0                __green_LED_on
                0x57e004d8                __yellow_LED_on
                0x57e004d8                yellow_LED_on
                0x57e004d4                __green_LED_off
                0x57e004cc                __red_LED_off
                0x57e005a8                start_armboot
                0x57e004e4                blue_LED_off
                0x57e004c4                coloured_LED_init
                0x57e004e4                __blue_LED_off
                0x57e004e0                blue_LED_on
                0x57e004dc                yellow_LED_off
                0x57e004cc                red_LED_off
                0x57e004d4                green_LED_off
                0x57e004c4                __coloured_LED_init
                0x57e004c8                red_LED_on
                0x57e004e0                __blue_LED_on
                0x57e004c8                __red_LED_on
 .text          0x57e00724      0x264 lib_arm/libarm.a(interrupts.o)
                0x57e008b0                do_fiq
                0x57e00964                do_undefined_instruction
                0x57e00730                show_regs
                0x57e0088c                do_irq
                0x57e00870                bad_mode
                0x57e0091c                do_prefetch_abort
                0x57e00728                disable_interrupts
                0x57e008d4                do_not_used
                0x57e008f8                do_data_abort
                0x57e00940                do_software_interrupt
                0x57e00724                enable_interrupts
 .text          0x57e00988      0x764 net/libnet.a(eth.o)
                0x57e00ae0                eth_get_dev_by_name
                0x57e00a2c                eth_halt
                0x57e00988                cpu_eth_init
                0x57e00c88                eth_register
                0x57e00da8                eth_getenv_enetaddr
                0x57e00990                eth_get_dev
                0x57e00d4c                eth_parse_enetaddr
                0x57e00bd8                eth_try_another
                0x57e00e00                eth_getenv_enetaddr_by_index
                0x57e00f0c                eth_initialize
                0x57e00b34                eth_set_current
                0x57e00a94                eth_rx
                0x57e009e0                eth_get_dev_index
                0x57e00e4c                eth_init
                0x57e00d14                eth_setenv_enetaddr
                0x57e00ac0                eth_get_name
                0x57e009a0                eth_get_dev_by_index
                0x57e00a60                eth_send
 .text          0x57e010ec     0x1348 net/libnet.a(net.o)
                0x57e01170                NetCksumOk
                0x57e01350                NetSetTimeout
                0x57e01194                copy_filename
                0x57e01248                NetEthHdrSize
                0x57e012e4                ip_to_string
                0x57e01f98                ArpTimeoutCheck
                0x57e01598                NetReceive
                0x57e01d34                NetSendUDPPacket
                0x57e01480                NetSetEther
                0x57e0201c                NetLoop
                0x57e01b0c                ArpRequest
                0x57e01334                random_port
                0x57e0128c                VLAN_to_string
                0x57e01238                getenv_VLAN
                0x57e01128                NetCksum
                0x57e01388                NetSetIP
                0x57e011ec                string_to_VLAN
                0x57e01e8c                NetStartAgain
                0x57e01118                NetSetHandler
                0x57e01bf8                PingSend
                0x57e01594                NetSendPacket
 .text          0x57e02434      0xea4 net/libnet.a(nfs.o)
                0x57e02c3c                NfsStart
 .text          0x57e032d8      0x1ac net/libnet.a(rarp.o)
                0x57e032d8                RarpRequest
 .text          0x57e03484      0x7b8 net/libnet.a(tftp.o)
                0x57e03628                TftpStart
 .text          0x57e03c3c      0x5f0 net/libnet.a(bootp.o)
                0x57e03ce4                BootpRequest
 .text          0x57e0422c     0x19c0 drivers/mtd/libmtd.a(cfi_flash.o)
                0x57e048e0                flash_get_size
                0x57e059b8                flash_erase
                0x57e04744                flash_set_verbose
                0x57e04ec0                flash_init
                0x57e057b8                flash_print_info
                0x57e04714                flash_cmd_reset
                0x57e04714                __flash_cmd_reset
                0x57e04310                flash_write_cmd
                0x57e0424c                flash_sector_size
                0x57e05604                write_buff
 .text          0x57e05bec      0x1b8 drivers/mtd/libmtd.a(jedec_flash.o)
                0x57e05bec                jedec_flash_match
 .text          0x57e05da4       0xbc drivers/mtd/nand/libnand.a(nand.o)
                0x57e05da4                nand_init
 .text          0x57e05e60     0x3bd0 drivers/mtd/nand/libnand.a(nand_base.o)
                0x57e08e0c                nand_wait_ready
                0x57e072e8                nand_scan_ident
                0x57e07e60                nand_scan
                0x57e08950                nand_erase_nand
                0x57e07894                nand_scan_tail
                0x57e072a0                nand_release
 .text          0x57e09a30     0x182c drivers/mtd/nand/libnand.a(nand_bbt.o)
                0x57e09b34                nand_isbad_bbt
                0x57e0b198                nand_default_bbt
                0x57e0aa3c                nand_update_bbt
                0x57e0ad14                nand_scan_bbt
 .text          0x57e0b25c      0x224 drivers/mtd/nand/libnand.a(nand_ecc.o)
                0x57e0b354                nand_correct_data
                0x57e0b25c                nand_calculate_ecc
 .text          0x57e0b480        0x0 drivers/mtd/nand/libnand.a(nand_ids.o)
 .text          0x57e0b480      0x2c4 drivers/mtd/nand/libnand.a(s3c64xx.o)
                0x57e0b5b8                board_nand_init
 .text          0x57e0b744      0x130 drivers/serial/libserial.a(s3c64xx.o)
                0x57e0b7e4                serial_setbrg
                0x57e0b7a4                serial_tstc
                0x57e0b774                serial_putc
                0x57e0b83c                serial_init
                0x57e0b7bc                serial_puts
                0x57e0b754                serial_getc
 .text          0x57e0b874       0xec common/libcommon.a(cmd_bdinfo.o)
                0x57e0b888                do_bdinfo
 .text          0x57e0b960       0x90 common/libcommon.a(cmd_boot.o)
                0x57e0b978                do_go
                0x57e0b960                do_go_exec
 .text          0x57e0b9f0      0xd80 common/libcommon.a(cmd_bootm.o)
                0x57e0bc2c                do_bootd
                0x57e0ba18                arch_preboot_os
                0x57e0c4ec                do_bootm
                0x57e0c33c                do_bootm_subcommand
                0x57e0ba18                __arch_preboot_os
                0x57e0bbc0                do_iminfo
 .text          0x57e0c770      0x12c common/libcommon.a(cmd_cache.o)
                0x57e0c7ac                do_dcache
                0x57e0c824                do_icache
 .text          0x57e0c89c       0xf0 common/libcommon.a(cmd_console.o)
                0x57e0c89c                do_coninfo
 .text          0x57e0c98c       0x80 common/libcommon.a(cmd_echo.o)
                0x57e0c98c                do_echo
 .text          0x57e0ca0c      0x470 common/libcommon.a(cmd_elf.o)
                0x57e0cde4                do_bootelf
                0x57e0cb18                do_bootvx
                0x57e0caa4                valid_elf_image
                0x57e0cda0                do_bootelf_exec
                0x57e0ca0c                load_elf_image
 .text          0x57e0ce7c       0x30 common/libcommon.a(cmd_exit.o)
                0x57e0ce7c                do_exit
 .text          0x57e0ceac      0x460 common/libcommon.a(cmd_ext2.o)
                0x57e0d1d4                do_ext2ls
                0x57e0ceac                do_ext2load
 .text          0x57e0d30c      0x364 common/libcommon.a(cmd_fat.o)
                0x57e0d4ec                do_fat_fsload
                0x57e0d30c                do_fat_fsinfo
                0x57e0d3e4                do_fat_ls
 .text          0x57e0d670      0xb04 common/libcommon.a(cmd_flash.o)
                0x57e0e0f8                do_flinfo
                0x57e0de98                flash_sect_erase
                0x57e0dbf0                do_protect
                0x57e0df74                do_flerase
                0x57e0d8e4                flash_sect_protect
                0x57e0d670                flash_sect_roundb
 .text          0x57e0e174       0x4c common/libcommon.a(cmd_help.o)
                0x57e0e174                do_help
 .text          0x57e0e1c0      0x304 common/libcommon.a(cmd_itest.o)
                0x57e0e248                binary_test
                0x57e0e428                do_itest
 .text          0x57e0e4c4      0xce8 common/libcommon.a(cmd_load.o)
                0x57e0e550                k_data_init
                0x57e0e630                s1_sendpacket
                0x57e0e65c                handle_send_packet
                0x57e0e590                k_data_restore
                0x57e0e820                send_nack
                0x57e0ea40                do_load_serial_bin
                0x57e0e5b0                k_data_char
                0x57e0e4e4                chk1
                0x57e0e570                k_data_save
                0x57e0e4c4                ktrans
                0x57e0e600                send_pad
                0x57e0e880                send_ack
                0x57e0f0cc                do_load_serial
 .text          0x57e0f1ac      0x97c common/libcommon.a(cmd_mem.o)
                0x57e0f258                do_mem_base
                0x57e0f6d4                do_mem_mw
                0x57e0f1ac                do_mem_crc
                0x57e0fa10                do_mem_nm
                0x57e0fa30                do_mem_mm
                0x57e0f79c                do_mem_cp
                0x57e0f29c                do_mem_mtest
                0x57e0f53c                do_mem_cmp
                0x57e0f444                do_mem_loop
                0x57e0fa50                do_mem_md
 .text          0x57e0fb28       0x84 common/libcommon.a(cmd_misc.o)
                0x57e0fb28                do_sleep
 .text          0x57e0fbac      0xe90 common/libcommon.a(cmd_nand.o)
                0x57e0fd2c                do_nandboot
                0x57e10288                do_nand
 .text          0x57e10a3c      0x3c8 common/libcommon.a(cmd_net.o)
                0x57e10de0                do_rarpb
                0x57e10a3c                do_ping
                0x57e10dec                do_tftpb
                0x57e10df8                do_bootp
                0x57e10dd4                do_nfs
 .text          0x57e10e04      0x85c common/libcommon.a(cmd_nvedit.o)
                0x57e10f44                getenv
                0x57e10fac                _do_setenv
                0x57e10e74                getenv_r
                0x57e115cc                do_printenv
                0x57e11428                setenv
                0x57e10e04                get_env_id
                0x57e10f18                do_saveenv
                0x57e113fc                do_setenv
                0x57e11474                do_editenv
                0x57e10e14                envmatch
 .text          0x57e11660        0x8 common/libcommon.a(cmd_reginfo.o)
                0x57e11660                do_reginfo
 .text          0x57e11668      0x194 common/libcommon.a(cmd_source.o)
                0x57e11688                source
                0x57e117b8                do_source
 .text          0x57e117fc      0x48c common/libcommon.a(cmd_test.o)
                0x57e1180c                do_test
                0x57e117fc                do_false
                0x57e11804                do_true
 .text          0x57e11c88     0x1160 common/libcommon.a(cmd_usb.o)
                0x57e12774                usb_display_conf_desc
                0x57e12320                usb_show_tree_graph
                0x57e11c88                usb_get_class_desc
                0x57e11d30                usb_display_ep_desc
                0x57e1257c                usb_display_desc
                0x57e11e04                usb_display_class_sub
                0x57e12548                usb_show_tree
                0x57e126ac                usb_display_string
                0x57e126ec                usb_display_if_desc
                0x57e12820                usb_display_config
                0x57e11f78                do_usbboot
                0x57e128b0                do_usb
 .text          0x57e12de8       0x20 common/libcommon.a(cmd_version.o)
                0x57e12de8                do_version
 .text          0x57e12e08      0x2d8 common/libcommon.a(cmd_ximg.o)
                0x57e12e08                do_imgextract
 .text          0x57e130e0      0x318 common/libcommon.a(command.o)
                0x57e131b8                find_cmd_tbl
                0x57e13158                cmd_usage
                0x57e13250                find_cmd
                0x57e130e0                cmd_get_data_size
                0x57e13278                _do_help
 .text          0x57e133f8      0x55c common/libcommon.a(console.o)
                0x57e13790                console_init_r
                0x57e13698                printf
                0x57e135c8                console_assign
                0x57e138ec                getc
                0x57e135a0                search_device
                0x57e13650                puts
                0x57e13584                dbg
                0x57e13878                serial_printf
                0x57e134c8                ftstc
                0x57e13608                fprintf
                0x57e138d4                tstc
                0x57e1366c                vprintf
                0x57e13904                ctrlc
                0x57e138b8                putc
                0x57e13548                disable_ctrlc
                0x57e134a0                fgetc
                0x57e13560                had_ctrlc
                0x57e134f0                fputc
                0x57e13590                console_init_f
                0x57e13570                clear_ctrlc
                0x57e136d8                stdio_print_current_devices
                0x57e1351c                fputs
 .text          0x57e13954     0x10d4 common/libcommon.a(dlmalloc.o)
                0x57e13c94                malloc
                0x57e143c0                pvalloc
                0x57e144a0                calloc
                0x57e143e4                malloc_usable_size
                0x57e14580                mem_malloc_init
                0x57e145ac                realloc
                0x57e13988                malloc_trim
                0x57e13954                sbrk
                0x57e14428                mallopt
                0x57e142b0                memalign
                0x57e13c90                cfree
                0x57e143d8                valloc
                0x57e13a54                free
 .text          0x57e14a28      0x138 common/libcommon.a(env_common.o)
                0x57e14a68                env_get_char
                0x57e14a48                env_get_addr
                0x57e14ac4                set_default_env
                0x57e14b08                env_relocate
                0x57e14a98                env_crc_update
                0x57e14a28                env_get_char_memory
 .text          0x57e14b60      0x2e8 common/libcommon.a(env_nand.o)
                0x57e14d5c                env_relocate_spec
                0x57e14da8                saveenv
                0x57e14b70                env_get_char_spec
                0x57e14cdc                env_init
                0x57e14b7c                writeenv
                0x57e14c2c                readenv
 .text          0x57e14e48      0x1d4 common/libcommon.a(exports.o)
                0x57e14e54                jumptable_init
                0x57e14e4c                get_version
 .text          0x57e1501c      0x384 common/libcommon.a(flash.o)
                0x57e1523c                flash_write
                0x57e1501c                flash_protect
                0x57e15114                addr2info
                0x57e1515c                flash_perror
 .text          0x57e153a0     0x1d94 common/libcommon.a(hush.o)
                0x57e15670                new_pipe
                0x57e154dc                mapset
                0x57e168a8                parse_string_outer
                0x57e16214                update_ifs_map
                0x57e16064                set_local_var
                0x57e16864                parse_file_outer
                0x57e153bc                simple_itoa
                0x57e15970                unset_local_var
                0x57e15514                do_showvar
                0x57e15b34                reserved_word
                0x57e15600                u_boot_hush_start
 .text          0x57e17134      0x7a4 common/libcommon.a(image.o)
                0x57e175bc                getenv_bootm_size
                0x57e173d0                image_print_contents
                0x57e17278                genimg_get_comp_id
                0x57e172c0                genimg_get_os_id
                0x57e17198                get_table_entry_name
                0x57e17224                genimg_has_config
                0x57e172a8                genimg_get_arch_id
                0x57e171d8                genimg_get_arch_name
                0x57e1768c                boot_get_ramdisk
                0x57e17638                image_check_hcrc
                0x57e171c0                genimg_get_os_name
                0x57e171f0                genimg_get_type_name
                0x57e172fc                genimg_get_format
                0x57e17208                genimg_get_comp_name
                0x57e175f0                image_check_dcrc
                0x57e173a4                genimg_print_size
                0x57e17568                getenv_bootm_low
                0x57e17220                genimg_get_image
                0x57e17290                genimg_get_type_id
                0x57e17170                image_multi_count
                0x57e17564                memmove_wd
                0x57e1722c                get_table_entry_id
                0x57e17320                image_multi_getimg
                0x57e17598                getenv_yesno
 .text          0x57e178d8     0x10c8 common/libcommon.a(main.o)
                0x57e178d8                __show_boot_progress
                0x57e179d8                run_command
                0x57e17968                do_run
                0x57e178dc                parse_line
                0x57e18864                readline
                0x57e178d8                show_boot_progress
                0x57e18880                main_loop
                0x57e17ff4                readline_into_buffer
 .text          0x57e189a0      0x2dc common/libcommon.a(s_record.o)
                0x57e18a0c                srec_decode
 .text          0x57e18c7c      0x174 common/libcommon.a(stdio.o)
                0x57e18c88                stdio_clone
                0x57e18c7c                stdio_get_list
                0x57e18d9c                stdio_get_by_name
                0x57e18d10                stdio_init
                0x57e18cd0                stdio_register
 .text          0x57e18df0     0x16cc common/libcommon.a(usb.o)
                0x57e198d0                usb_set_idle
                0x57e18e08                usb_maxpacket
                0x57e1a0b8                usb_hub_probe
                0x57e19188                usb_stop
                0x57e1a440                usb_init
                0x57e18df0                usb_disable_asynch
                0x57e19c10                usb_clear_halt
                0x57e191e8                usb_bulk_msg
                0x57e197f0                usb_get_class_descriptor
                0x57e1a3c4                usb_scan_devices
                0x57e19504                usb_get_hub_descriptor
                0x57e1933c                usb_get_port_status
                0x57e19184                usb_submit_int_msg
                0x57e19030                usb_parse_config
                0x57e1924c                usb_control_msg
                0x57e19934                usb_set_protocol
                0x57e19da8                usb_hub_port_connect_change
                0x57e199fc                usb_set_interface
                0x57e18f4c                usb_hub_allocate
                0x57e196f0                usb_string
                0x57e19860                usb_get_report
                0x57e19b0c                usb_get_descriptor
                0x57e19ea0                usb_hub_configure
                0x57e19560                usb_get_string
                0x57e191c4                wait_ms
                0x57e194b0                usb_clear_hub_feature
                0x57e19b78                usb_get_configuration_no
                0x57e19450                usb_clear_port_feature
                0x57e193f0                usb_set_port_feature
                0x57e1a118                usb_new_device
                0x57e1939c                usb_get_hub_status
                0x57e19994                usb_set_configuration
                0x57e18ea4                usb_set_maxpacket
                0x57e19ac8                usb_set_address
                0x57e18f90                usb_alloc_new_device
                0x57e18f38                usb_hub_reset
                0x57e18f08                usb_get_dev_index
 .text          0x57e1a4bc     0x15c8 common/libcommon.a(usb_storage.o)
                0x57e1a8a8                usb_storage_probe
                0x57e1b81c                usb_stor_CB_transport
                0x57e1b274                usb_stor_CB_comdat
                0x57e1acf0                usb_stor_write
                0x57e1a4dc                usb_stor_get_dev
                0x57e1af04                usb_stor_read
                0x57e1a518                usb_show_progress
                0x57e1b118                usb_stor_scan
                0x57e1b4a4                usb_stor_BBB_comdat
                0x57e1ba14                usb_stor_info
                0x57e1a5fc                usb_stor_get_info
                0x57e1aad8                usb_stor_BBB_clear_endpt_stall
                0x57e1b74c                usb_stor_CBI_get_status
                0x57e1b580                usb_stor_BBB_transport
 .text          0x57e1ba84      0x9dc common/libcommon.a(xyzModem.o)
                0x57e1bbac                xyzModem_error
                0x57e1bc48                xyzModem_stream_close
                0x57e1bc9c                CYGACC_COMM_IF_GETC_TIMEOUT
                0x57e1ba84                parse_num
                0x57e1bd18                xyzModem_stream_terminate
                0x57e1c2fc                xyzModem_stream_open
                0x57e1bc94                CYGACC_COMM_IF_PUTC
                0x57e1c070                xyzModem_stream_read
 .text          0x57e1c460      0x1fc board/samsung/smdk6410/libsmdk6410.a(lowlevel_init.o)
                0x57e1c464                lowlevel_init
 .text          0x57e1c65c       0xc8 board/samsung/smdk6410/libsmdk6410.a(smdk6410.o)
                0x57e1c6b8                dram_init
                0x57e1c6fc                board_eth_init
                0x57e1c70c                checkboard
                0x57e1c65c                board_init
                0x57e1c6d8                board_flash_get_legacy
 .text          0x57e1c724       0x48 lib_generic/libgeneric.a(crc16.o)
                0x57e1c724                cyg_crc16
 .text          0x57e1c76c      0x110 lib_generic/libgeneric.a(crc32.o)
                0x57e1c864                crc32
                0x57e1c878                crc32_wd
                0x57e1c76c                crc32_no_comp
 .text          0x57e1c87c        0x0 lib_generic/libgeneric.a(ctype.o)
 .text          0x57e1c87c      0x24c lib_generic/libgeneric.a(display_options.o)
                0x57e1c968                print_buffer
                0x57e1c948                display_options
                0x57e1c87c                print_size
 .text          0x57e1cac8      0x1d4 lib_generic/libgeneric.a(gunzip.o)
                0x57e1cbbc                gunzip
                0x57e1cc84                zfree
                0x57e1cac8                zunzip
                0x57e1cc8c                zalloc
 .text          0x57e1cc9c       0x78 lib_generic/libgeneric.a(net_utils.o)
                0x57e1cc9c                string_to_ip
 .text          0x57e1cd14      0x64c lib_generic/libgeneric.a(string.o)
                0x57e1cd14                strcpy
                0x57e1d268                memscan
                0x57e1d1cc                memmove
                0x57e1d150                memcpy
                0x57e1d05c                strswab
                0x57e1cefc                strnlen
                0x57e1cec4                strrchr
                0x57e1cd58                strcat
                0x57e1d2fc                memchr
                0x57e1d298                strstr
                0x57e1ce28                strncmp
                0x57e1cd30                strncpy
                0x57e1d124                bcopy
                0x57e1cfa8                strtok
                0x57e1d228                memcmp
                0x57e1cd8c                strncat
                0x57e1d32c                strdup
                0x57e1d0a8                memset
                0x57e1cdf0                strcmp
                0x57e1d028                strsep
                0x57e1cf24                strspn
                0x57e1cea4                strlen
                0x57e1ce78                strchr
                0x57e1cf68                strpbrk
 .text          0x57e1d360       0x2c lib_generic/libgeneric.a(time.o)
                0x57e1d360                udelay
 .text          0x57e1d38c      0xec4 lib_generic/libgeneric.a(vsprintf.o)
                0x57e1dbb0                vsprintf
                0x57e1d4b4                ustrtoul
                0x57e1d48c                simple_strtol
                0x57e1d718                panic
                0x57e1e228                sprintf
                0x57e1d3d4                simple_strtoul
                0x57e1d528                simple_strtoull
 .text          0x57e1e250     0x27cc lib_generic/libgeneric.a(zlib.o)
                0x57e1f2d8                inflate
                0x57e1e250                inflate_fast
                0x57e1eef4                inflateInit_
                0x57e1ef8c                adler32
                0x57e1f2c8                zcfree
                0x57e1ed50                inflateReset
                0x57e1f2d0                zcalloc
                0x57e1ef04                inflateEnd
                0x57e1edec                inflateInit2_
                0x57e1e7b8                inflate_table
 .text          0x57e20a1c       0xf4 lib_generic/libgeneric.a(div64.o)
                0x57e20a1c                __div64_32
 .text          0x57e20b10       0x20 cpu/arm1176/s3c64xx/libs3c64xx.a(reset.o)
                0x57e20b10                reset_cpu
 .text          0x57e20b30      0x204 cpu/arm1176/s3c64xx/libs3c64xx.a(speed.o)
                0x57e20c0c                get_HCLK
                0x57e20bb8                get_PCLK
                0x57e20bb0                get_FCLK
                0x57e20c60                get_ARMCLK
                0x57e20ba8                get_UCLK
                0x57e20c88                print_cpuinfo
 .text          0x57e20d34      0x244 cpu/arm1176/s3c64xx/libs3c64xx.a(timer.o)
                0x57e20e24                __udelay
                0x57e20df0                set_timer
                0x57e20dec                reset_timer
                0x57e20da0                get_tbclk
                0x57e20ec4                get_timer
                0x57e20dbc                reset_timer_masked
                0x57e20ed8                timer_init
                0x57e20e68                get_timer_masked
                0x57e20d34                get_ticks
 .text          0x57e20f78      0x1c8 lib_arm/libarm.a(bootm.o)
                0x57e20f78                do_bootm_linux
 .text          0x57e21140        0x4 lib_arm/libarm.a(cache.o)
                0x57e21140                flush_cache
 .text          0x57e21144       0xc8 lib_arm/libarm.a(cache-cp15.o)
                0x57e211e8                dcache_enable
                0x57e211c4                icache_enable
                0x57e211cc                icache_disable
                0x57e211f8                dcache_status
                0x57e211d4                icache_status
                0x57e211f0                dcache_disable
 .text          0x57e2120c       0x30 lib_arm/libarm.a(reset.o)
                0x57e2120c                do_reset
 .text          0x57e2123c     0x12e8 fs/fat/libfat.a(fat.o)
                0x57e223f0                file_fat_read
                0x57e21aa0                do_fat_read
                0x57e22428                file_fat_ls
                0x57e21940                file_fat_detectfs
                0x57e21268                disk_read
                0x57e22438                fat_register_device
 .text          0x57e22524      0xe4c fs/ext2/libext2fs.a(ext2fs.o)
                0x57e227b8                ext2fs_read_file
                0x57e22704                ext2fs_close
                0x57e2261c                ext2fs_mount
                0x57e232fc                ext2fs_ls
                0x57e231ec                ext2fs_find_file
                0x57e23268                ext2fs_open
                0x57e226e4                ext2fs_free_node
                0x57e22ca8                ext2fs_read
                0x57e22f58                ext2fs_find_file1
 .text          0x57e23370      0x21c fs/ext2/libext2fs.a(dev.o)
                0x57e23540                ext2fs_set_blk_dev
                0x57e23370                ext2fs_devread
 .text          0x57e2358c      0x374 disk/libdisk.a(part.o)
                0x57e23668                dev_print
                0x57e2358c                print_part
                0x57e238a8                get_dev
                0x57e23868                get_partition_info
                0x57e2388c                init_part
 .text          0x57e23900      0x4c8 disk/libdisk.a(part_dos.o)
                0x57e23bc4                get_partition_info_dos
                0x57e23d9c                print_part_dos
                0x57e23948                test_part_dos
 .text          0x57e23dc8      0x7b4 drivers/mtd/nand/libnand.a(nand_util.o)
                0x57e24074                nand_write_skip_bad
                0x57e23ec4                nand_read_skip_bad
                0x57e24240                nand_erase_opts
 .text          0x57e2457c      0x5b0 drivers/net/libnet.a(cs8900.o)
                0x57e24950                cs8900_get_enetaddr
                0x57e24680                cs8900_halt
                0x57e249d0                cs8900_initialize
                0x57e246cc                cs8900_e2prom_read
                0x57e24710                cs8900_e2prom_write
 .text          0x57e24b2c     0x190c drivers/usb/host/libusb_host.a(ohci-hcd.o)
                0x57e24bb4                rh_check_port_status
                0x57e24fc4                usb_lowlevel_stop
                0x57e2571c                sohci_submit_job
                0x57e2554c                usb_event_poll
                0x57e25d94                submit_int_msg
                0x57e26420                submit_bulk_msg
                0x57e25db0                submit_control_msg
                0x57e25550                usb_lowlevel_init
                0x57e25c4c                submit_common_msg
 .text          0x57e26438       0x50 drivers/usb/host/libusb_host.a(s3c64xx-hcd.o)
                0x57e26438                usb_cpu_init
                0x57e26454                usb_cpu_stop
                0x57e26470                usb_cpu_init_fail
 .text          0x57e26488       0x24 cpu/arm1176/libarm1176.a(cpu.o)
                0x57e26488                cleanup_before_linux
 .text          0x57e264ac       0x1c /home/linx/Git/uboot2010/lib_arm/eabi_compat.o
                0x57e264ac                raise
 .text          0x57e264c8      0x114 /usr/local/arm/4.3.2/bin/../lib/gcc/arm-none-linux-gnueabi/4.3.2/armv4t/libgcc.a(_udivsi3.o)
                0x57e264c8                __udivsi3
                0x57e264c8                __aeabi_uidiv
                0x57e265bc                __aeabi_uidivmod
 .text          0x57e265dc      0x148 /usr/local/arm/4.3.2/bin/../lib/gcc/arm-none-linux-gnueabi/4.3.2/armv4t/libgcc.a(_divsi3.o)
                0x57e265dc                __aeabi_idiv
                0x57e265dc                __divsi3
                0x57e26704                __aeabi_idivmod
 .text          0x57e26724       0x1c /usr/local/arm/4.3.2/bin/../lib/gcc/arm-none-linux-gnueabi/4.3.2/armv4t/libgcc.a(_lshrdi3.o)
                0x57e26724                __aeabi_llsr
                0x57e26724                __lshrdi3
 .text          0x57e26740       0x1c /usr/local/arm/4.3.2/bin/../lib/gcc/arm-none-linux-gnueabi/4.3.2/armv4t/libgcc.a(_ashrdi3.o)
                0x57e26740                __ashrdi3
                0x57e26740                __aeabi_lasr
 .text          0x57e2675c       0x1c /usr/local/arm/4.3.2/bin/../lib/gcc/arm-none-linux-gnueabi/4.3.2/armv4t/libgcc.a(_ashldi3.o)
                0x57e2675c                __ashldi3
                0x57e2675c                __aeabi_llsl
 .text          0x57e26778       0x14 /usr/local/arm/4.3.2/bin/../lib/gcc/arm-none-linux-gnueabi/4.3.2/armv4t/libgcc.a(_dvmd_lnx.o)
                0x57e26778                __aeabi_ldiv0
                0x57e26778                __aeabi_idiv0

.glue_7         0x57e2678c        0x0
 .glue_7        0x57e2678c        0x0 cpu/arm1176/start.o
 .glue_7        0x57e2678c        0x0 cpu/arm1176/s3c64xx/cpu_init.o
 .glue_7        0x57e2678c        0x0 lib_arm/libarm.a(board.o)
 .glue_7        0x57e2678c        0x0 lib_arm/libarm.a(interrupts.o)
 .glue_7        0x57e2678c        0x0 net/libnet.a(eth.o)
 .glue_7        0x57e2678c        0x0 net/libnet.a(net.o)
 .glue_7        0x57e2678c        0x0 net/libnet.a(nfs.o)
 .glue_7        0x57e2678c        0x0 net/libnet.a(rarp.o)
 .glue_7        0x57e2678c        0x0 net/libnet.a(tftp.o)
 .glue_7        0x57e2678c        0x0 net/libnet.a(bootp.o)
 .glue_7        0x57e2678c        0x0 drivers/mtd/libmtd.a(cfi_flash.o)
 .glue_7        0x57e2678c        0x0 drivers/mtd/libmtd.a(jedec_flash.o)
 .glue_7        0x57e2678c        0x0 drivers/mtd/nand/libnand.a(nand.o)
 .glue_7        0x57e2678c        0x0 drivers/mtd/nand/libnand.a(nand_base.o)
 .glue_7        0x57e2678c        0x0 drivers/mtd/nand/libnand.a(nand_bbt.o)
 .glue_7        0x57e2678c        0x0 drivers/mtd/nand/libnand.a(nand_ecc.o)
 .glue_7        0x57e2678c        0x0 drivers/mtd/nand/libnand.a(nand_ids.o)
 .glue_7        0x57e2678c        0x0 drivers/mtd/nand/libnand.a(s3c64xx.o)
 .glue_7        0x57e2678c        0x0 drivers/serial/libserial.a(s3c64xx.o)
 .glue_7        0x57e2678c        0x0 common/libcommon.a(cmd_bdinfo.o)
 .glue_7        0x57e2678c        0x0 common/libcommon.a(cmd_boot.o)
 .glue_7        0x57e2678c        0x0 common/libcommon.a(cmd_bootm.o)
 .glue_7        0x57e2678c        0x0 common/libcommon.a(cmd_cache.o)
 .glue_7        0x57e2678c        0x0 common/libcommon.a(cmd_console.o)
 .glue_7        0x57e2678c        0x0 common/libcommon.a(cmd_echo.o)
 .glue_7        0x57e2678c        0x0 common/libcommon.a(cmd_elf.o)
 .glue_7        0x57e2678c        0x0 common/libcommon.a(cmd_exit.o)
 .glue_7        0x57e2678c        0x0 common/libcommon.a(cmd_ext2.o)
 .glue_7        0x57e2678c        0x0 common/libcommon.a(cmd_fat.o)
 .glue_7        0x57e2678c        0x0 common/libcommon.a(cmd_flash.o)
 .glue_7        0x57e2678c        0x0 common/libcommon.a(cmd_help.o)
 .glue_7        0x57e2678c        0x0 common/libcommon.a(cmd_itest.o)
 .glue_7        0x57e2678c        0x0 common/libcommon.a(cmd_load.o)
 .glue_7        0x57e2678c        0x0 common/libcommon.a(cmd_mem.o)
 .glue_7        0x57e2678c        0x0 common/libcommon.a(cmd_misc.o)
 .glue_7        0x57e2678c        0x0 common/libcommon.a(cmd_nand.o)
 .glue_7        0x57e2678c        0x0 common/libcommon.a(cmd_net.o)
 .glue_7        0x57e2678c        0x0 common/libcommon.a(cmd_nvedit.o)
 .glue_7        0x57e2678c        0x0 common/libcommon.a(cmd_reginfo.o)
 .glue_7        0x57e2678c        0x0 common/libcommon.a(cmd_source.o)
 .glue_7        0x57e2678c        0x0 common/libcommon.a(cmd_test.o)
 .glue_7        0x57e2678c        0x0 common/libcommon.a(cmd_usb.o)
 .glue_7        0x57e2678c        0x0 common/libcommon.a(cmd_version.o)
 .glue_7        0x57e2678c        0x0 common/libcommon.a(cmd_ximg.o)
 .glue_7        0x57e2678c        0x0 common/libcommon.a(command.o)
 .glue_7        0x57e2678c        0x0 common/libcommon.a(console.o)
 .glue_7        0x57e2678c        0x0 common/libcommon.a(dlmalloc.o)
 .glue_7        0x57e2678c        0x0 common/libcommon.a(env_common.o)
 .glue_7        0x57e2678c        0x0 common/libcommon.a(env_nand.o)
 .glue_7        0x57e2678c        0x0 common/libcommon.a(exports.o)
 .glue_7        0x57e2678c        0x0 common/libcommon.a(flash.o)
 .glue_7        0x57e2678c        0x0 common/libcommon.a(hush.o)
 .glue_7        0x57e2678c        0x0 common/libcommon.a(image.o)
 .glue_7        0x57e2678c        0x0 common/libcommon.a(main.o)
 .glue_7        0x57e2678c        0x0 common/libcommon.a(s_record.o)
 .glue_7        0x57e2678c        0x0 common/libcommon.a(stdio.o)
 .glue_7        0x57e2678c        0x0 common/libcommon.a(usb.o)
 .glue_7        0x57e2678c        0x0 common/libcommon.a(usb_storage.o)
 .glue_7        0x57e2678c        0x0 common/libcommon.a(xyzModem.o)
 .glue_7        0x57e2678c        0x0 board/samsung/smdk6410/libsmdk6410.a(lowlevel_init.o)
 .glue_7        0x57e2678c        0x0 board/samsung/smdk6410/libsmdk6410.a(smdk6410.o)
 .glue_7        0x57e2678c        0x0 lib_generic/libgeneric.a(crc16.o)
 .glue_7        0x57e2678c        0x0 lib_generic/libgeneric.a(crc32.o)
 .glue_7        0x57e2678c        0x0 lib_generic/libgeneric.a(ctype.o)
 .glue_7        0x57e2678c        0x0 lib_generic/libgeneric.a(display_options.o)
 .glue_7        0x57e2678c        0x0 lib_generic/libgeneric.a(gunzip.o)
 .glue_7        0x57e2678c        0x0 lib_generic/libgeneric.a(net_utils.o)
 .glue_7        0x57e2678c        0x0 lib_generic/libgeneric.a(string.o)
 .glue_7        0x57e2678c        0x0 lib_generic/libgeneric.a(time.o)
 .glue_7        0x57e2678c        0x0 lib_generic/libgeneric.a(vsprintf.o)
 .glue_7        0x57e2678c        0x0 lib_generic/libgeneric.a(zlib.o)
 .glue_7        0x57e2678c        0x0 lib_generic/libgeneric.a(div64.o)
 .glue_7        0x57e2678c        0x0 cpu/arm1176/s3c64xx/libs3c64xx.a(reset.o)
 .glue_7        0x57e2678c        0x0 cpu/arm1176/s3c64xx/libs3c64xx.a(speed.o)
 .glue_7        0x57e2678c        0x0 cpu/arm1176/s3c64xx/libs3c64xx.a(timer.o)
 .glue_7        0x57e2678c        0x0 lib_arm/libarm.a(bootm.o)
 .glue_7        0x57e2678c        0x0 lib_arm/libarm.a(cache.o)
 .glue_7        0x57e2678c        0x0 lib_arm/libarm.a(cache-cp15.o)
 .glue_7        0x57e2678c        0x0 lib_arm/libarm.a(reset.o)
 .glue_7        0x57e2678c        0x0 fs/fat/libfat.a(fat.o)
 .glue_7        0x57e2678c        0x0 fs/ext2/libext2fs.a(ext2fs.o)
 .glue_7        0x57e2678c        0x0 fs/ext2/libext2fs.a(dev.o)
 .glue_7        0x57e2678c        0x0 disk/libdisk.a(part.o)
 .glue_7        0x57e2678c        0x0 disk/libdisk.a(part_dos.o)
 .glue_7        0x57e2678c        0x0 drivers/mtd/nand/libnand.a(nand_util.o)
 .glue_7        0x57e2678c        0x0 drivers/net/libnet.a(cs8900.o)
 .glue_7        0x57e2678c        0x0 drivers/usb/host/libusb_host.a(ohci-hcd.o)
 .glue_7        0x57e2678c        0x0 drivers/usb/host/libusb_host.a(s3c64xx-hcd.o)
 .glue_7        0x57e2678c        0x0 cpu/arm1176/libarm1176.a(cpu.o)
 .glue_7        0x57e2678c        0x0 /home/linx/Git/uboot2010/lib_arm/eabi_compat.o
 .glue_7        0x57e2678c        0x0 /usr/local/arm/4.3.2/bin/../lib/gcc/arm-none-linux-gnueabi/4.3.2/armv4t/libgcc.a(_udivsi3.o)
 .glue_7        0x57e2678c        0x0 /usr/local/arm/4.3.2/bin/../lib/gcc/arm-none-linux-gnueabi/4.3.2/armv4t/libgcc.a(_divsi3.o)
 .glue_7        0x57e2678c        0x0 /usr/local/arm/4.3.2/bin/../lib/gcc/arm-none-linux-gnueabi/4.3.2/armv4t/libgcc.a(_lshrdi3.o)
 .glue_7        0x57e2678c        0x0 /usr/local/arm/4.3.2/bin/../lib/gcc/arm-none-linux-gnueabi/4.3.2/armv4t/libgcc.a(_ashrdi3.o)
 .glue_7        0x57e2678c        0x0 /usr/local/arm/4.3.2/bin/../lib/gcc/arm-none-linux-gnueabi/4.3.2/armv4t/libgcc.a(_ashldi3.o)
 .glue_7        0x57e2678c        0x0 /usr/local/arm/4.3.2/bin/../lib/gcc/arm-none-linux-gnueabi/4.3.2/armv4t/libgcc.a(_dvmd_lnx.o)

.glue_7t        0x57e2678c        0x0
 .glue_7t       0x57e2678c        0x0 cpu/arm1176/start.o
 .glue_7t       0x57e2678c        0x0 cpu/arm1176/s3c64xx/cpu_init.o
 .glue_7t       0x57e2678c        0x0 lib_arm/libarm.a(board.o)
 .glue_7t       0x57e2678c        0x0 lib_arm/libarm.a(interrupts.o)
 .glue_7t       0x57e2678c        0x0 net/libnet.a(eth.o)
 .glue_7t       0x57e2678c        0x0 net/libnet.a(net.o)
 .glue_7t       0x57e2678c        0x0 net/libnet.a(nfs.o)
 .glue_7t       0x57e2678c        0x0 net/libnet.a(rarp.o)
 .glue_7t       0x57e2678c        0x0 net/libnet.a(tftp.o)
 .glue_7t       0x57e2678c        0x0 net/libnet.a(bootp.o)
 .glue_7t       0x57e2678c        0x0 drivers/mtd/libmtd.a(cfi_flash.o)
 .glue_7t       0x57e2678c        0x0 drivers/mtd/libmtd.a(jedec_flash.o)
 .glue_7t       0x57e2678c        0x0 drivers/mtd/nand/libnand.a(nand.o)
 .glue_7t       0x57e2678c        0x0 drivers/mtd/nand/libnand.a(nand_base.o)
 .glue_7t       0x57e2678c        0x0 drivers/mtd/nand/libnand.a(nand_bbt.o)
 .glue_7t       0x57e2678c        0x0 drivers/mtd/nand/libnand.a(nand_ecc.o)
 .glue_7t       0x57e2678c        0x0 drivers/mtd/nand/libnand.a(nand_ids.o)
 .glue_7t       0x57e2678c        0x0 drivers/mtd/nand/libnand.a(s3c64xx.o)
 .glue_7t       0x57e2678c        0x0 drivers/serial/libserial.a(s3c64xx.o)
 .glue_7t       0x57e2678c        0x0 common/libcommon.a(cmd_bdinfo.o)
 .glue_7t       0x57e2678c        0x0 common/libcommon.a(cmd_boot.o)
 .glue_7t       0x57e2678c        0x0 common/libcommon.a(cmd_bootm.o)
 .glue_7t       0x57e2678c        0x0 common/libcommon.a(cmd_cache.o)
 .glue_7t       0x57e2678c        0x0 common/libcommon.a(cmd_console.o)
 .glue_7t       0x57e2678c        0x0 common/libcommon.a(cmd_echo.o)
 .glue_7t       0x57e2678c        0x0 common/libcommon.a(cmd_elf.o)
 .glue_7t       0x57e2678c        0x0 common/libcommon.a(cmd_exit.o)
 .glue_7t       0x57e2678c        0x0 common/libcommon.a(cmd_ext2.o)
 .glue_7t       0x57e2678c        0x0 common/libcommon.a(cmd_fat.o)
 .glue_7t       0x57e2678c        0x0 common/libcommon.a(cmd_flash.o)
 .glue_7t       0x57e2678c        0x0 common/libcommon.a(cmd_help.o)
 .glue_7t       0x57e2678c        0x0 common/libcommon.a(cmd_itest.o)
 .glue_7t       0x57e2678c        0x0 common/libcommon.a(cmd_load.o)
 .glue_7t       0x57e2678c        0x0 common/libcommon.a(cmd_mem.o)
 .glue_7t       0x57e2678c        0x0 common/libcommon.a(cmd_misc.o)
 .glue_7t       0x57e2678c        0x0 common/libcommon.a(cmd_nand.o)
 .glue_7t       0x57e2678c        0x0 common/libcommon.a(cmd_net.o)
 .glue_7t       0x57e2678c        0x0 common/libcommon.a(cmd_nvedit.o)
 .glue_7t       0x57e2678c        0x0 common/libcommon.a(cmd_reginfo.o)
 .glue_7t       0x57e2678c        0x0 common/libcommon.a(cmd_source.o)
 .glue_7t       0x57e2678c        0x0 common/libcommon.a(cmd_test.o)
 .glue_7t       0x57e2678c        0x0 common/libcommon.a(cmd_usb.o)
 .glue_7t       0x57e2678c        0x0 common/libcommon.a(cmd_version.o)
 .glue_7t       0x57e2678c        0x0 common/libcommon.a(cmd_ximg.o)
 .glue_7t       0x57e2678c        0x0 common/libcommon.a(command.o)
 .glue_7t       0x57e2678c        0x0 common/libcommon.a(console.o)
 .glue_7t       0x57e2678c        0x0 common/libcommon.a(dlmalloc.o)
 .glue_7t       0x57e2678c        0x0 common/libcommon.a(env_common.o)
 .glue_7t       0x57e2678c        0x0 common/libcommon.a(env_nand.o)
 .glue_7t       0x57e2678c        0x0 common/libcommon.a(exports.o)
 .glue_7t       0x57e2678c        0x0 common/libcommon.a(flash.o)
 .glue_7t       0x57e2678c        0x0 common/libcommon.a(hush.o)
 .glue_7t       0x57e2678c        0x0 common/libcommon.a(image.o)
 .glue_7t       0x57e2678c        0x0 common/libcommon.a(main.o)
 .glue_7t       0x57e2678c        0x0 common/libcommon.a(s_record.o)
 .glue_7t       0x57e2678c        0x0 common/libcommon.a(stdio.o)
 .glue_7t       0x57e2678c        0x0 common/libcommon.a(usb.o)
 .glue_7t       0x57e2678c        0x0 common/libcommon.a(usb_storage.o)
 .glue_7t       0x57e2678c        0x0 common/libcommon.a(xyzModem.o)
 .glue_7t       0x57e2678c        0x0 board/samsung/smdk6410/libsmdk6410.a(lowlevel_init.o)
 .glue_7t       0x57e2678c        0x0 board/samsung/smdk6410/libsmdk6410.a(smdk6410.o)
 .glue_7t       0x57e2678c        0x0 lib_generic/libgeneric.a(crc16.o)
 .glue_7t       0x57e2678c        0x0 lib_generic/libgeneric.a(crc32.o)
 .glue_7t       0x57e2678c        0x0 lib_generic/libgeneric.a(ctype.o)
 .glue_7t       0x57e2678c        0x0 lib_generic/libgeneric.a(display_options.o)
 .glue_7t       0x57e2678c        0x0 lib_generic/libgeneric.a(gunzip.o)
 .glue_7t       0x57e2678c        0x0 lib_generic/libgeneric.a(net_utils.o)
 .glue_7t       0x57e2678c        0x0 lib_generic/libgeneric.a(string.o)
 .glue_7t       0x57e2678c        0x0 lib_generic/libgeneric.a(time.o)
 .glue_7t       0x57e2678c        0x0 lib_generic/libgeneric.a(vsprintf.o)
 .glue_7t       0x57e2678c        0x0 lib_generic/libgeneric.a(zlib.o)
 .glue_7t       0x57e2678c        0x0 lib_generic/libgeneric.a(div64.o)
 .glue_7t       0x57e2678c        0x0 cpu/arm1176/s3c64xx/libs3c64xx.a(reset.o)
 .glue_7t       0x57e2678c        0x0 cpu/arm1176/s3c64xx/libs3c64xx.a(speed.o)
 .glue_7t       0x57e2678c        0x0 cpu/arm1176/s3c64xx/libs3c64xx.a(timer.o)
 .glue_7t       0x57e2678c        0x0 lib_arm/libarm.a(bootm.o)
 .glue_7t       0x57e2678c        0x0 lib_arm/libarm.a(cache.o)
 .glue_7t       0x57e2678c        0x0 lib_arm/libarm.a(cache-cp15.o)
 .glue_7t       0x57e2678c        0x0 lib_arm/libarm.a(reset.o)
 .glue_7t       0x57e2678c        0x0 fs/fat/libfat.a(fat.o)
 .glue_7t       0x57e2678c        0x0 fs/ext2/libext2fs.a(ext2fs.o)
 .glue_7t       0x57e2678c        0x0 fs/ext2/libext2fs.a(dev.o)
 .glue_7t       0x57e2678c        0x0 disk/libdisk.a(part.o)
 .glue_7t       0x57e2678c        0x0 disk/libdisk.a(part_dos.o)
 .glue_7t       0x57e2678c        0x0 drivers/mtd/nand/libnand.a(nand_util.o)
 .glue_7t       0x57e2678c        0x0 drivers/net/libnet.a(cs8900.o)
 .glue_7t       0x57e2678c        0x0 drivers/usb/host/libusb_host.a(ohci-hcd.o)
 .glue_7t       0x57e2678c        0x0 drivers/usb/host/libusb_host.a(s3c64xx-hcd.o)
 .glue_7t       0x57e2678c        0x0 cpu/arm1176/libarm1176.a(cpu.o)
 .glue_7t       0x57e2678c        0x0 /home/linx/Git/uboot2010/lib_arm/eabi_compat.o
 .glue_7t       0x57e2678c        0x0 /usr/local/arm/4.3.2/bin/../lib/gcc/arm-none-linux-gnueabi/4.3.2/armv4t/libgcc.a(_udivsi3.o)
 .glue_7t       0x57e2678c        0x0 /usr/local/arm/4.3.2/bin/../lib/gcc/arm-none-linux-gnueabi/4.3.2/armv4t/libgcc.a(_divsi3.o)
 .glue_7t       0x57e2678c        0x0 /usr/local/arm/4.3.2/bin/../lib/gcc/arm-none-linux-gnueabi/4.3.2/armv4t/libgcc.a(_lshrdi3.o)
 .glue_7t       0x57e2678c        0x0 /usr/local/arm/4.3.2/bin/../lib/gcc/arm-none-linux-gnueabi/4.3.2/armv4t/libgcc.a(_ashrdi3.o)
 .glue_7t       0x57e2678c        0x0 /usr/local/arm/4.3.2/bin/../lib/gcc/arm-none-linux-gnueabi/4.3.2/armv4t/libgcc.a(_ashldi3.o)
 .glue_7t       0x57e2678c        0x0 /usr/local/arm/4.3.2/bin/../lib/gcc/arm-none-linux-gnueabi/4.3.2/armv4t/libgcc.a(_dvmd_lnx.o)

.vfp11_veneer   0x57e2678c        0x0
 .vfp11_veneer  0x57e2678c        0x0 cpu/arm1176/start.o
 .vfp11_veneer  0x57e2678c        0x0 cpu/arm1176/s3c64xx/cpu_init.o
 .vfp11_veneer  0x57e2678c        0x0 lib_arm/libarm.a(board.o)
 .vfp11_veneer  0x57e2678c        0x0 lib_arm/libarm.a(interrupts.o)
 .vfp11_veneer  0x57e2678c        0x0 net/libnet.a(eth.o)
 .vfp11_veneer  0x57e2678c        0x0 net/libnet.a(net.o)
 .vfp11_veneer  0x57e2678c        0x0 net/libnet.a(nfs.o)
 .vfp11_veneer  0x57e2678c        0x0 net/libnet.a(rarp.o)
 .vfp11_veneer  0x57e2678c        0x0 net/libnet.a(tftp.o)
 .vfp11_veneer  0x57e2678c        0x0 net/libnet.a(bootp.o)
 .vfp11_veneer  0x57e2678c        0x0 drivers/mtd/libmtd.a(cfi_flash.o)
 .vfp11_veneer  0x57e2678c        0x0 drivers/mtd/libmtd.a(jedec_flash.o)
 .vfp11_veneer  0x57e2678c        0x0 drivers/mtd/nand/libnand.a(nand.o)
 .vfp11_veneer  0x57e2678c        0x0 drivers/mtd/nand/libnand.a(nand_base.o)
 .vfp11_veneer  0x57e2678c        0x0 drivers/mtd/nand/libnand.a(nand_bbt.o)
 .vfp11_veneer  0x57e2678c        0x0 drivers/mtd/nand/libnand.a(nand_ecc.o)
 .vfp11_veneer  0x57e2678c        0x0 drivers/mtd/nand/libnand.a(nand_ids.o)
 .vfp11_veneer  0x57e2678c        0x0 drivers/mtd/nand/libnand.a(s3c64xx.o)
 .vfp11_veneer  0x57e2678c        0x0 drivers/serial/libserial.a(s3c64xx.o)
 .vfp11_veneer  0x57e2678c        0x0 common/libcommon.a(cmd_bdinfo.o)
 .vfp11_veneer  0x57e2678c        0x0 common/libcommon.a(cmd_boot.o)
 .vfp11_veneer  0x57e2678c        0x0 common/libcommon.a(cmd_bootm.o)
 .vfp11_veneer  0x57e2678c        0x0 common/libcommon.a(cmd_cache.o)
 .vfp11_veneer  0x57e2678c        0x0 common/libcommon.a(cmd_console.o)
 .vfp11_veneer  0x57e2678c        0x0 common/libcommon.a(cmd_echo.o)
 .vfp11_veneer  0x57e2678c        0x0 common/libcommon.a(cmd_elf.o)
 .vfp11_veneer  0x57e2678c        0x0 common/libcommon.a(cmd_exit.o)
 .vfp11_veneer  0x57e2678c        0x0 common/libcommon.a(cmd_ext2.o)
 .vfp11_veneer  0x57e2678c        0x0 common/libcommon.a(cmd_fat.o)
 .vfp11_veneer  0x57e2678c        0x0 common/libcommon.a(cmd_flash.o)
 .vfp11_veneer  0x57e2678c        0x0 common/libcommon.a(cmd_help.o)
 .vfp11_veneer  0x57e2678c        0x0 common/libcommon.a(cmd_itest.o)
 .vfp11_veneer  0x57e2678c        0x0 common/libcommon.a(cmd_load.o)
 .vfp11_veneer  0x57e2678c        0x0 common/libcommon.a(cmd_mem.o)
 .vfp11_veneer  0x57e2678c        0x0 common/libcommon.a(cmd_misc.o)
 .vfp11_veneer  0x57e2678c        0x0 common/libcommon.a(cmd_nand.o)
 .vfp11_veneer  0x57e2678c        0x0 common/libcommon.a(cmd_net.o)
 .vfp11_veneer  0x57e2678c        0x0 common/libcommon.a(cmd_nvedit.o)
 .vfp11_veneer  0x57e2678c        0x0 common/libcommon.a(cmd_reginfo.o)
 .vfp11_veneer  0x57e2678c        0x0 common/libcommon.a(cmd_source.o)
 .vfp11_veneer  0x57e2678c        0x0 common/libcommon.a(cmd_test.o)
 .vfp11_veneer  0x57e2678c        0x0 common/libcommon.a(cmd_usb.o)
 .vfp11_veneer  0x57e2678c        0x0 common/libcommon.a(cmd_version.o)
 .vfp11_veneer  0x57e2678c        0x0 common/libcommon.a(cmd_ximg.o)
 .vfp11_veneer  0x57e2678c        0x0 common/libcommon.a(command.o)
 .vfp11_veneer  0x57e2678c        0x0 common/libcommon.a(console.o)
 .vfp11_veneer  0x57e2678c        0x0 common/libcommon.a(dlmalloc.o)
 .vfp11_veneer  0x57e2678c        0x0 common/libcommon.a(env_common.o)
 .vfp11_veneer  0x57e2678c        0x0 common/libcommon.a(env_nand.o)
 .vfp11_veneer  0x57e2678c        0x0 common/libcommon.a(exports.o)
 .vfp11_veneer  0x57e2678c        0x0 common/libcommon.a(flash.o)
 .vfp11_veneer  0x57e2678c        0x0 common/libcommon.a(hush.o)
 .vfp11_veneer  0x57e2678c        0x0 common/libcommon.a(image.o)
 .vfp11_veneer  0x57e2678c        0x0 common/libcommon.a(main.o)
 .vfp11_veneer  0x57e2678c        0x0 common/libcommon.a(s_record.o)
 .vfp11_veneer  0x57e2678c        0x0 common/libcommon.a(stdio.o)
 .vfp11_veneer  0x57e2678c        0x0 common/libcommon.a(usb.o)
 .vfp11_veneer  0x57e2678c        0x0 common/libcommon.a(usb_storage.o)
 .vfp11_veneer  0x57e2678c        0x0 common/libcommon.a(xyzModem.o)
 .vfp11_veneer  0x57e2678c        0x0 board/samsung/smdk6410/libsmdk6410.a(lowlevel_init.o)
 .vfp11_veneer  0x57e2678c        0x0 board/samsung/smdk6410/libsmdk6410.a(smdk6410.o)
 .vfp11_veneer  0x57e2678c        0x0 lib_generic/libgeneric.a(crc16.o)
 .vfp11_veneer  0x57e2678c        0x0 lib_generic/libgeneric.a(crc32.o)
 .vfp11_veneer  0x57e2678c        0x0 lib_generic/libgeneric.a(ctype.o)
 .vfp11_veneer  0x57e2678c        0x0 lib_generic/libgeneric.a(display_options.o)
 .vfp11_veneer  0x57e2678c        0x0 lib_generic/libgeneric.a(gunzip.o)
 .vfp11_veneer  0x57e2678c        0x0 lib_generic/libgeneric.a(net_utils.o)
 .vfp11_veneer  0x57e2678c        0x0 lib_generic/libgeneric.a(string.o)
 .vfp11_veneer  0x57e2678c        0x0 lib_generic/libgeneric.a(time.o)
 .vfp11_veneer  0x57e2678c        0x0 lib_generic/libgeneric.a(vsprintf.o)
 .vfp11_veneer  0x57e2678c        0x0 lib_generic/libgeneric.a(zlib.o)
 .vfp11_veneer  0x57e2678c        0x0 lib_generic/libgeneric.a(div64.o)
 .vfp11_veneer  0x57e2678c        0x0 cpu/arm1176/s3c64xx/libs3c64xx.a(reset.o)
 .vfp11_veneer  0x57e2678c        0x0 cpu/arm1176/s3c64xx/libs3c64xx.a(speed.o)
 .vfp11_veneer  0x57e2678c        0x0 cpu/arm1176/s3c64xx/libs3c64xx.a(timer.o)
 .vfp11_veneer  0x57e2678c        0x0 lib_arm/libarm.a(bootm.o)
 .vfp11_veneer  0x57e2678c        0x0 lib_arm/libarm.a(cache.o)
 .vfp11_veneer  0x57e2678c        0x0 lib_arm/libarm.a(cache-cp15.o)
 .vfp11_veneer  0x57e2678c        0x0 lib_arm/libarm.a(reset.o)
 .vfp11_veneer  0x57e2678c        0x0 fs/fat/libfat.a(fat.o)
 .vfp11_veneer  0x57e2678c        0x0 fs/ext2/libext2fs.a(ext2fs.o)
 .vfp11_veneer  0x57e2678c        0x0 fs/ext2/libext2fs.a(dev.o)
 .vfp11_veneer  0x57e2678c        0x0 disk/libdisk.a(part.o)
 .vfp11_veneer  0x57e2678c        0x0 disk/libdisk.a(part_dos.o)
 .vfp11_veneer  0x57e2678c        0x0 drivers/mtd/nand/libnand.a(nand_util.o)
 .vfp11_veneer  0x57e2678c        0x0 drivers/net/libnet.a(cs8900.o)
 .vfp11_veneer  0x57e2678c        0x0 drivers/usb/host/libusb_host.a(ohci-hcd.o)
 .vfp11_veneer  0x57e2678c        0x0 drivers/usb/host/libusb_host.a(s3c64xx-hcd.o)
 .vfp11_veneer  0x57e2678c        0x0 cpu/arm1176/libarm1176.a(cpu.o)
 .vfp11_veneer  0x57e2678c        0x0 /home/linx/Git/uboot2010/lib_arm/eabi_compat.o
 .vfp11_veneer  0x57e2678c        0x0 /usr/local/arm/4.3.2/bin/../lib/gcc/arm-none-linux-gnueabi/4.3.2/armv4t/libgcc.a(_udivsi3.o)
 .vfp11_veneer  0x57e2678c        0x0 /usr/local/arm/4.3.2/bin/../lib/gcc/arm-none-linux-gnueabi/4.3.2/armv4t/libgcc.a(_divsi3.o)
 .vfp11_veneer  0x57e2678c        0x0 /usr/local/arm/4.3.2/bin/../lib/gcc/arm-none-linux-gnueabi/4.3.2/armv4t/libgcc.a(_lshrdi3.o)
 .vfp11_veneer  0x57e2678c        0x0 /usr/local/arm/4.3.2/bin/../lib/gcc/arm-none-linux-gnueabi/4.3.2/armv4t/libgcc.a(_ashrdi3.o)
 .vfp11_veneer  0x57e2678c        0x0 /usr/local/arm/4.3.2/bin/../lib/gcc/arm-none-linux-gnueabi/4.3.2/armv4t/libgcc.a(_ashldi3.o)
 .vfp11_veneer  0x57e2678c        0x0 /usr/local/arm/4.3.2/bin/../lib/gcc/arm-none-linux-gnueabi/4.3.2/armv4t/libgcc.a(_dvmd_lnx.o)

.janus_2cc_veneer
                0x57e2678c        0x0
 .janus_2cc_veneer
                0x57e2678c        0x0 cpu/arm1176/start.o
 .janus_2cc_veneer
                0x57e2678c        0x0 cpu/arm1176/s3c64xx/cpu_init.o
 .janus_2cc_veneer
                0x57e2678c        0x0 lib_arm/libarm.a(board.o)
 .janus_2cc_veneer
                0x57e2678c        0x0 lib_arm/libarm.a(interrupts.o)
 .janus_2cc_veneer
                0x57e2678c        0x0 net/libnet.a(eth.o)
 .janus_2cc_veneer
                0x57e2678c        0x0 net/libnet.a(net.o)
 .janus_2cc_veneer
                0x57e2678c        0x0 net/libnet.a(nfs.o)
 .janus_2cc_veneer
                0x57e2678c        0x0 net/libnet.a(rarp.o)
 .janus_2cc_veneer
                0x57e2678c        0x0 net/libnet.a(tftp.o)
 .janus_2cc_veneer
                0x57e2678c        0x0 net/libnet.a(bootp.o)
 .janus_2cc_veneer
                0x57e2678c        0x0 drivers/mtd/libmtd.a(cfi_flash.o)
 .janus_2cc_veneer
                0x57e2678c        0x0 drivers/mtd/libmtd.a(jedec_flash.o)
 .janus_2cc_veneer
                0x57e2678c        0x0 drivers/mtd/nand/libnand.a(nand.o)
 .janus_2cc_veneer
                0x57e2678c        0x0 drivers/mtd/nand/libnand.a(nand_base.o)
 .janus_2cc_veneer
                0x57e2678c        0x0 drivers/mtd/nand/libnand.a(nand_bbt.o)
 .janus_2cc_veneer
                0x57e2678c        0x0 drivers/mtd/nand/libnand.a(nand_ecc.o)
 .janus_2cc_veneer
                0x57e2678c        0x0 drivers/mtd/nand/libnand.a(nand_ids.o)
 .janus_2cc_veneer
                0x57e2678c        0x0 drivers/mtd/nand/libnand.a(s3c64xx.o)
 .janus_2cc_veneer
                0x57e2678c        0x0 drivers/serial/libserial.a(s3c64xx.o)
 .janus_2cc_veneer
                0x57e2678c        0x0 common/libcommon.a(cmd_bdinfo.o)
 .janus_2cc_veneer
                0x57e2678c        0x0 common/libcommon.a(cmd_boot.o)
 .janus_2cc_veneer
                0x57e2678c        0x0 common/libcommon.a(cmd_bootm.o)
 .janus_2cc_veneer
                0x57e2678c        0x0 common/libcommon.a(cmd_cache.o)
 .janus_2cc_veneer
                0x57e2678c        0x0 common/libcommon.a(cmd_console.o)
 .janus_2cc_veneer
                0x57e2678c        0x0 common/libcommon.a(cmd_echo.o)
 .janus_2cc_veneer
                0x57e2678c        0x0 common/libcommon.a(cmd_elf.o)
 .janus_2cc_veneer
                0x57e2678c        0x0 common/libcommon.a(cmd_exit.o)
 .janus_2cc_veneer
                0x57e2678c        0x0 common/libcommon.a(cmd_ext2.o)
 .janus_2cc_veneer
                0x57e2678c        0x0 common/libcommon.a(cmd_fat.o)
 .janus_2cc_veneer
                0x57e2678c        0x0 common/libcommon.a(cmd_flash.o)
 .janus_2cc_veneer
                0x57e2678c        0x0 common/libcommon.a(cmd_help.o)
 .janus_2cc_veneer
                0x57e2678c        0x0 common/libcommon.a(cmd_itest.o)
 .janus_2cc_veneer
                0x57e2678c        0x0 common/libcommon.a(cmd_load.o)
 .janus_2cc_veneer
                0x57e2678c        0x0 common/libcommon.a(cmd_mem.o)
 .janus_2cc_veneer
                0x57e2678c        0x0 common/libcommon.a(cmd_misc.o)
 .janus_2cc_veneer
                0x57e2678c        0x0 common/libcommon.a(cmd_nand.o)
 .janus_2cc_veneer
                0x57e2678c        0x0 common/libcommon.a(cmd_net.o)
 .janus_2cc_veneer
                0x57e2678c        0x0 common/libcommon.a(cmd_nvedit.o)
 .janus_2cc_veneer
                0x57e2678c        0x0 common/libcommon.a(cmd_reginfo.o)
 .janus_2cc_veneer
                0x57e2678c        0x0 common/libcommon.a(cmd_source.o)
 .janus_2cc_veneer
                0x57e2678c        0x0 common/libcommon.a(cmd_test.o)
 .janus_2cc_veneer
                0x57e2678c        0x0 common/libcommon.a(cmd_usb.o)
 .janus_2cc_veneer
                0x57e2678c        0x0 common/libcommon.a(cmd_version.o)
 .janus_2cc_veneer
                0x57e2678c        0x0 common/libcommon.a(cmd_ximg.o)
 .janus_2cc_veneer
                0x57e2678c        0x0 common/libcommon.a(command.o)
 .janus_2cc_veneer
                0x57e2678c        0x0 common/libcommon.a(console.o)
 .janus_2cc_veneer
                0x57e2678c        0x0 common/libcommon.a(dlmalloc.o)
 .janus_2cc_veneer
                0x57e2678c        0x0 common/libcommon.a(env_common.o)
 .janus_2cc_veneer
                0x57e2678c        0x0 common/libcommon.a(env_nand.o)
 .janus_2cc_veneer
                0x57e2678c        0x0 common/libcommon.a(exports.o)
 .janus_2cc_veneer
                0x57e2678c        0x0 common/libcommon.a(flash.o)
 .janus_2cc_veneer
                0x57e2678c        0x0 common/libcommon.a(hush.o)
 .janus_2cc_veneer
                0x57e2678c        0x0 common/libcommon.a(image.o)
 .janus_2cc_veneer
                0x57e2678c        0x0 common/libcommon.a(main.o)
 .janus_2cc_veneer
                0x57e2678c        0x0 common/libcommon.a(s_record.o)
 .janus_2cc_veneer
                0x57e2678c        0x0 common/libcommon.a(stdio.o)
 .janus_2cc_veneer
                0x57e2678c        0x0 common/libcommon.a(usb.o)
 .janus_2cc_veneer
                0x57e2678c        0x0 common/libcommon.a(usb_storage.o)
 .janus_2cc_veneer
                0x57e2678c        0x0 common/libcommon.a(xyzModem.o)
 .janus_2cc_veneer
                0x57e2678c        0x0 board/samsung/smdk6410/libsmdk6410.a(lowlevel_init.o)
 .janus_2cc_veneer
                0x57e2678c        0x0 board/samsung/smdk6410/libsmdk6410.a(smdk6410.o)
 .janus_2cc_veneer
                0x57e2678c        0x0 lib_generic/libgeneric.a(crc16.o)
 .janus_2cc_veneer
                0x57e2678c        0x0 lib_generic/libgeneric.a(crc32.o)
 .janus_2cc_veneer
                0x57e2678c        0x0 lib_generic/libgeneric.a(ctype.o)
 .janus_2cc_veneer
                0x57e2678c        0x0 lib_generic/libgeneric.a(display_options.o)
 .janus_2cc_veneer
                0x57e2678c        0x0 lib_generic/libgeneric.a(gunzip.o)
 .janus_2cc_veneer
                0x57e2678c        0x0 lib_generic/libgeneric.a(net_utils.o)
 .janus_2cc_veneer
                0x57e2678c        0x0 lib_generic/libgeneric.a(string.o)
 .janus_2cc_veneer
                0x57e2678c        0x0 lib_generic/libgeneric.a(time.o)
 .janus_2cc_veneer
                0x57e2678c        0x0 lib_generic/libgeneric.a(vsprintf.o)
 .janus_2cc_veneer
                0x57e2678c        0x0 lib_generic/libgeneric.a(zlib.o)
 .janus_2cc_veneer
                0x57e2678c        0x0 lib_generic/libgeneric.a(div64.o)
 .janus_2cc_veneer
                0x57e2678c        0x0 cpu/arm1176/s3c64xx/libs3c64xx.a(reset.o)
 .janus_2cc_veneer
                0x57e2678c        0x0 cpu/arm1176/s3c64xx/libs3c64xx.a(speed.o)
 .janus_2cc_veneer
                0x57e2678c        0x0 cpu/arm1176/s3c64xx/libs3c64xx.a(timer.o)
 .janus_2cc_veneer
                0x57e2678c        0x0 lib_arm/libarm.a(bootm.o)
 .janus_2cc_veneer
                0x57e2678c        0x0 lib_arm/libarm.a(cache.o)
 .janus_2cc_veneer
                0x57e2678c        0x0 lib_arm/libarm.a(cache-cp15.o)
 .janus_2cc_veneer
                0x57e2678c        0x0 lib_arm/libarm.a(reset.o)
 .janus_2cc_veneer
                0x57e2678c        0x0 fs/fat/libfat.a(fat.o)
 .janus_2cc_veneer
                0x57e2678c        0x0 fs/ext2/libext2fs.a(ext2fs.o)
 .janus_2cc_veneer
                0x57e2678c        0x0 fs/ext2/libext2fs.a(dev.o)
 .janus_2cc_veneer
                0x57e2678c        0x0 disk/libdisk.a(part.o)
 .janus_2cc_veneer
                0x57e2678c        0x0 disk/libdisk.a(part_dos.o)
 .janus_2cc_veneer
                0x57e2678c        0x0 drivers/mtd/nand/libnand.a(nand_util.o)
 .janus_2cc_veneer
                0x57e2678c        0x0 drivers/net/libnet.a(cs8900.o)
 .janus_2cc_veneer
                0x57e2678c        0x0 drivers/usb/host/libusb_host.a(ohci-hcd.o)
 .janus_2cc_veneer
                0x57e2678c        0x0 drivers/usb/host/libusb_host.a(s3c64xx-hcd.o)
 .janus_2cc_veneer
                0x57e2678c        0x0 cpu/arm1176/libarm1176.a(cpu.o)
 .janus_2cc_veneer
                0x57e2678c        0x0 /home/linx/Git/uboot2010/lib_arm/eabi_compat.o
 .janus_2cc_veneer
                0x57e2678c        0x0 /usr/local/arm/4.3.2/bin/../lib/gcc/arm-none-linux-gnueabi/4.3.2/armv4t/libgcc.a(_udivsi3.o)
 .janus_2cc_veneer
                0x57e2678c        0x0 /usr/local/arm/4.3.2/bin/../lib/gcc/arm-none-linux-gnueabi/4.3.2/armv4t/libgcc.a(_divsi3.o)
 .janus_2cc_veneer
                0x57e2678c        0x0 /usr/local/arm/4.3.2/bin/../lib/gcc/arm-none-linux-gnueabi/4.3.2/armv4t/libgcc.a(_lshrdi3.o)
 .janus_2cc_veneer
                0x57e2678c        0x0 /usr/local/arm/4.3.2/bin/../lib/gcc/arm-none-linux-gnueabi/4.3.2/armv4t/libgcc.a(_ashrdi3.o)
 .janus_2cc_veneer
                0x57e2678c        0x0 /usr/local/arm/4.3.2/bin/../lib/gcc/arm-none-linux-gnueabi/4.3.2/armv4t/libgcc.a(_ashldi3.o)
 .janus_2cc_veneer
                0x57e2678c        0x0 /usr/local/arm/4.3.2/bin/../lib/gcc/arm-none-linux-gnueabi/4.3.2/armv4t/libgcc.a(_dvmd_lnx.o)

.v4_bx          0x57e2678c        0x0
 .v4_bx         0x57e2678c        0x0 cpu/arm1176/start.o
 .v4_bx         0x57e2678c        0x0 cpu/arm1176/s3c64xx/cpu_init.o
 .v4_bx         0x57e2678c        0x0 lib_arm/libarm.a(board.o)
 .v4_bx         0x57e2678c        0x0 lib_arm/libarm.a(interrupts.o)
 .v4_bx         0x57e2678c        0x0 net/libnet.a(eth.o)
 .v4_bx         0x57e2678c        0x0 net/libnet.a(net.o)
 .v4_bx         0x57e2678c        0x0 net/libnet.a(nfs.o)
 .v4_bx         0x57e2678c        0x0 net/libnet.a(rarp.o)
 .v4_bx         0x57e2678c        0x0 net/libnet.a(tftp.o)
 .v4_bx         0x57e2678c        0x0 net/libnet.a(bootp.o)
 .v4_bx         0x57e2678c        0x0 drivers/mtd/libmtd.a(cfi_flash.o)
 .v4_bx         0x57e2678c        0x0 drivers/mtd/libmtd.a(jedec_flash.o)
 .v4_bx         0x57e2678c        0x0 drivers/mtd/nand/libnand.a(nand.o)
 .v4_bx         0x57e2678c        0x0 drivers/mtd/nand/libnand.a(nand_base.o)
 .v4_bx         0x57e2678c        0x0 drivers/mtd/nand/libnand.a(nand_bbt.o)
 .v4_bx         0x57e2678c        0x0 drivers/mtd/nand/libnand.a(nand_ecc.o)
 .v4_bx         0x57e2678c        0x0 drivers/mtd/nand/libnand.a(nand_ids.o)
 .v4_bx         0x57e2678c        0x0 drivers/mtd/nand/libnand.a(s3c64xx.o)
 .v4_bx         0x57e2678c        0x0 drivers/serial/libserial.a(s3c64xx.o)
 .v4_bx         0x57e2678c        0x0 common/libcommon.a(cmd_bdinfo.o)
 .v4_bx         0x57e2678c        0x0 common/libcommon.a(cmd_boot.o)
 .v4_bx         0x57e2678c        0x0 common/libcommon.a(cmd_bootm.o)
 .v4_bx         0x57e2678c        0x0 common/libcommon.a(cmd_cache.o)
 .v4_bx         0x57e2678c        0x0 common/libcommon.a(cmd_console.o)
 .v4_bx         0x57e2678c        0x0 common/libcommon.a(cmd_echo.o)
 .v4_bx         0x57e2678c        0x0 common/libcommon.a(cmd_elf.o)
 .v4_bx         0x57e2678c        0x0 common/libcommon.a(cmd_exit.o)
 .v4_bx         0x57e2678c        0x0 common/libcommon.a(cmd_ext2.o)
 .v4_bx         0x57e2678c        0x0 common/libcommon.a(cmd_fat.o)
 .v4_bx         0x57e2678c        0x0 common/libcommon.a(cmd_flash.o)
 .v4_bx         0x57e2678c        0x0 common/libcommon.a(cmd_help.o)
 .v4_bx         0x57e2678c        0x0 common/libcommon.a(cmd_itest.o)
 .v4_bx         0x57e2678c        0x0 common/libcommon.a(cmd_load.o)
 .v4_bx         0x57e2678c        0x0 common/libcommon.a(cmd_mem.o)
 .v4_bx         0x57e2678c        0x0 common/libcommon.a(cmd_misc.o)
 .v4_bx         0x57e2678c        0x0 common/libcommon.a(cmd_nand.o)
 .v4_bx         0x57e2678c        0x0 common/libcommon.a(cmd_net.o)
 .v4_bx         0x57e2678c        0x0 common/libcommon.a(cmd_nvedit.o)
 .v4_bx         0x57e2678c        0x0 common/libcommon.a(cmd_reginfo.o)
 .v4_bx         0x57e2678c        0x0 common/libcommon.a(cmd_source.o)
 .v4_bx         0x57e2678c        0x0 common/libcommon.a(cmd_test.o)
 .v4_bx         0x57e2678c        0x0 common/libcommon.a(cmd_usb.o)
 .v4_bx         0x57e2678c        0x0 common/libcommon.a(cmd_version.o)
 .v4_bx         0x57e2678c        0x0 common/libcommon.a(cmd_ximg.o)
 .v4_bx         0x57e2678c        0x0 common/libcommon.a(command.o)
 .v4_bx         0x57e2678c        0x0 common/libcommon.a(console.o)
 .v4_bx         0x57e2678c        0x0 common/libcommon.a(dlmalloc.o)
 .v4_bx         0x57e2678c        0x0 common/libcommon.a(env_common.o)
 .v4_bx         0x57e2678c        0x0 common/libcommon.a(env_nand.o)
 .v4_bx         0x57e2678c        0x0 common/libcommon.a(exports.o)
 .v4_bx         0x57e2678c        0x0 common/libcommon.a(flash.o)
 .v4_bx         0x57e2678c        0x0 common/libcommon.a(hush.o)
 .v4_bx         0x57e2678c        0x0 common/libcommon.a(image.o)
 .v4_bx         0x57e2678c        0x0 common/libcommon.a(main.o)
 .v4_bx         0x57e2678c        0x0 common/libcommon.a(s_record.o)
 .v4_bx         0x57e2678c        0x0 common/libcommon.a(stdio.o)
 .v4_bx         0x57e2678c        0x0 common/libcommon.a(usb.o)
 .v4_bx         0x57e2678c        0x0 common/libcommon.a(usb_storage.o)
 .v4_bx         0x57e2678c        0x0 common/libcommon.a(xyzModem.o)
 .v4_bx         0x57e2678c        0x0 board/samsung/smdk6410/libsmdk6410.a(lowlevel_init.o)
 .v4_bx         0x57e2678c        0x0 board/samsung/smdk6410/libsmdk6410.a(smdk6410.o)
 .v4_bx         0x57e2678c        0x0 lib_generic/libgeneric.a(crc16.o)
 .v4_bx         0x57e2678c        0x0 lib_generic/libgeneric.a(crc32.o)
 .v4_bx         0x57e2678c        0x0 lib_generic/libgeneric.a(ctype.o)
 .v4_bx         0x57e2678c        0x0 lib_generic/libgeneric.a(display_options.o)
 .v4_bx         0x57e2678c        0x0 lib_generic/libgeneric.a(gunzip.o)
 .v4_bx         0x57e2678c        0x0 lib_generic/libgeneric.a(net_utils.o)
 .v4_bx         0x57e2678c        0x0 lib_generic/libgeneric.a(string.o)
 .v4_bx         0x57e2678c        0x0 lib_generic/libgeneric.a(time.o)
 .v4_bx         0x57e2678c        0x0 lib_generic/libgeneric.a(vsprintf.o)
 .v4_bx         0x57e2678c        0x0 lib_generic/libgeneric.a(zlib.o)
 .v4_bx         0x57e2678c        0x0 lib_generic/libgeneric.a(div64.o)
 .v4_bx         0x57e2678c        0x0 cpu/arm1176/s3c64xx/libs3c64xx.a(reset.o)
 .v4_bx         0x57e2678c        0x0 cpu/arm1176/s3c64xx/libs3c64xx.a(speed.o)
 .v4_bx         0x57e2678c        0x0 cpu/arm1176/s3c64xx/libs3c64xx.a(timer.o)
 .v4_bx         0x57e2678c        0x0 lib_arm/libarm.a(bootm.o)
 .v4_bx         0x57e2678c        0x0 lib_arm/libarm.a(cache.o)
 .v4_bx         0x57e2678c        0x0 lib_arm/libarm.a(cache-cp15.o)
 .v4_bx         0x57e2678c        0x0 lib_arm/libarm.a(reset.o)
 .v4_bx         0x57e2678c        0x0 fs/fat/libfat.a(fat.o)
 .v4_bx         0x57e2678c        0x0 fs/ext2/libext2fs.a(ext2fs.o)
 .v4_bx         0x57e2678c        0x0 fs/ext2/libext2fs.a(dev.o)
 .v4_bx         0x57e2678c        0x0 disk/libdisk.a(part.o)
 .v4_bx         0x57e2678c        0x0 disk/libdisk.a(part_dos.o)
 .v4_bx         0x57e2678c        0x0 drivers/mtd/nand/libnand.a(nand_util.o)
 .v4_bx         0x57e2678c        0x0 drivers/net/libnet.a(cs8900.o)
 .v4_bx         0x57e2678c        0x0 drivers/usb/host/libusb_host.a(ohci-hcd.o)
 .v4_bx         0x57e2678c        0x0 drivers/usb/host/libusb_host.a(s3c64xx-hcd.o)
 .v4_bx         0x57e2678c        0x0 cpu/arm1176/libarm1176.a(cpu.o)
 .v4_bx         0x57e2678c        0x0 /home/linx/Git/uboot2010/lib_arm/eabi_compat.o
 .v4_bx         0x57e2678c        0x0 /usr/local/arm/4.3.2/bin/../lib/gcc/arm-none-linux-gnueabi/4.3.2/armv4t/libgcc.a(_udivsi3.o)
 .v4_bx         0x57e2678c        0x0 /usr/local/arm/4.3.2/bin/../lib/gcc/arm-none-linux-gnueabi/4.3.2/armv4t/libgcc.a(_divsi3.o)
 .v4_bx         0x57e2678c        0x0 /usr/local/arm/4.3.2/bin/../lib/gcc/arm-none-linux-gnueabi/4.3.2/armv4t/libgcc.a(_lshrdi3.o)
 .v4_bx         0x57e2678c        0x0 /usr/local/arm/4.3.2/bin/../lib/gcc/arm-none-linux-gnueabi/4.3.2/armv4t/libgcc.a(_ashrdi3.o)
 .v4_bx         0x57e2678c        0x0 /usr/local/arm/4.3.2/bin/../lib/gcc/arm-none-linux-gnueabi/4.3.2/armv4t/libgcc.a(_ashldi3.o)
 .v4_bx         0x57e2678c        0x0 /usr/local/arm/4.3.2/bin/../lib/gcc/arm-none-linux-gnueabi/4.3.2/armv4t/libgcc.a(_dvmd_lnx.o)
                0x57e2678c                . = ALIGN (0x4)

.rodata         0x57e26790     0x89bb
 *(SORT(.rodata*))
 .rodata        0x57e26790       0x60 drivers/mtd/nand/libnand.a(nand_base.o)
 .rodata        0x57e267f0       0x80 lib_arm/libarm.a(interrupts.o)
 .rodata        0x57e26870       0x10 drivers/mtd/libmtd.a(cfi_flash.o)
 .rodata        0x57e26880       0x98 drivers/mtd/libmtd.a(jedec_flash.o)
 .rodata        0x57e26918       0x40 drivers/serial/libserial.a(s3c64xx.o)
 .rodata        0x57e26958       0x4c common/libcommon.a(cmd_bootm.o)
 .rodata        0x57e269a4       0x14 common/libcommon.a(cmd_nvedit.o)
 .rodata        0x57e269b8      0x400 lib_generic/libgeneric.a(crc32.o)
 .rodata        0x57e26db8      0x9cc lib_generic/libgeneric.a(zlib.o)
                0x57e2775c                z_errmsg
 .rodata        0x57e27784       0x10 disk/libdisk.a(part.o)
 .rodata        0x57e27794       0x80 drivers/usb/host/libusb_host.a(ohci-hcd.o)
 .rodata        0x57e27814      0x200 lib_generic/libgeneric.a(crc16.o)
 .rodata        0x57e27a14       0x3b lib_arm/libarm.a(board.o)
                0x57e27a14                version_string
 .rodata        0x57e27a4f        0x7 net/libnet.a(eth.o)
 .rodata        0x57e27a56        0x7 net/libnet.a(net.o)
 .rodata        0x57e27a5d        0x5 drivers/mtd/nand/libnand.a(nand.o)
 .rodata        0x57e27a62      0x100 drivers/mtd/nand/libnand.a(nand_ecc.o)
 .rodata        0x57e27b62       0x21 lib_generic/libgeneric.a(vsprintf.o)
                0x57e27b62                hex_asc
 .rodata.str1.1
                0x57e27b83       0x73 lib_arm/libarm.a(board.o)
                                 0x75 (size before relaxing)
 .rodata.str1.1
                0x57e27bf6      0x264 lib_arm/libarm.a(interrupts.o)
                                0x27b (size before relaxing)
 .rodata.str1.1
                0x57e27e5a       0xad net/libnet.a(eth.o)
                                 0xc7 (size before relaxing)
 .rodata.str1.1
                0x57e27f07      0x20c net/libnet.a(net.o)
                                0x217 (size before relaxing)
 .rodata.str1.1
                0x57e28113      0x193 net/libnet.a(nfs.o)
                                0x1a9 (size before relaxing)
 .rodata.str1.1
                0x57e282a6       0x20 net/libnet.a(rarp.o)
                                 0x47 (size before relaxing)
 .rodata.str1.1
                0x57e282c6      0x162 net/libnet.a(tftp.o)
                                0x249 (size before relaxing)
 .rodata.str1.1
                0x57e28428       0x70 net/libnet.a(bootp.o)
                                 0xad (size before relaxing)
 .rodata.str1.1
                0x57e28498      0x37a drivers/mtd/libmtd.a(cfi_flash.o)
                                0x37f (size before relaxing)
 .rodata.str1.1
                0x57e28812       0x20 drivers/mtd/libmtd.a(jedec_flash.o)
                                 0x3f (size before relaxing)
 .rodata.str1.1
                0x57e28832        0x8 drivers/mtd/nand/libnand.a(nand.o)
 .rodata.str1.1
                0x57e2883a      0x2e3 drivers/mtd/nand/libnand.a(nand_base.o)
 .rodata.str1.1
                0x57e28b1d      0x309 drivers/mtd/nand/libnand.a(nand_bbt.o)
 .rodata.str1.1
                0x57e28e26      0x31f drivers/mtd/nand/libnand.a(nand_ids.o)
                                0x335 (size before relaxing)
 .rodata.str1.1
                0x57e29145       0x91 drivers/mtd/nand/libnand.a(s3c64xx.o)
 .rodata.str1.1
                0x57e291d6       0xaa common/libcommon.a(cmd_bdinfo.o)
                                 0xb3 (size before relaxing)
 .rodata.str1.1
                0x57e29280       0xef common/libcommon.a(cmd_boot.o)
                                 0xf0 (size before relaxing)
 .rodata.str1.1
                0x57e2936f      0x867 common/libcommon.a(cmd_bootm.o)
                                0x8c8 (size before relaxing)
 .rodata.str1.1
                0x57e29bd6       0xd9 common/libcommon.a(cmd_cache.o)
                                0x107 (size before relaxing)
 .rodata.str1.1
                0x57e29caf       0x5c common/libcommon.a(cmd_console.o)
                                 0x61 (size before relaxing)
 .rodata.str1.1
                0x57e29d0b       0x50 common/libcommon.a(cmd_echo.o)
                                 0x55 (size before relaxing)
 .rodata.str1.1
                0x57e29d5b      0x278 common/libcommon.a(cmd_elf.o)
                                0x29a (size before relaxing)
 .rodata.str1.1
                0x57e29fd3       0x11 common/libcommon.a(cmd_exit.o)
                                 0x12 (size before relaxing)
 .rodata.str1.1
                0x57e29fe4      0x2cd common/libcommon.a(cmd_ext2.o)
                                0x39a (size before relaxing)
 .rodata.str1.1
                0x57e2a2b1      0x2e1 common/libcommon.a(cmd_fat.o)
                                0x3a5 (size before relaxing)
 .rodata.str1.1
                0x57e2a592      0x6fe common/libcommon.a(cmd_flash.o)
                                0x730 (size before relaxing)
 .rodata.str1.1
                0x57e2ac90       0x9a common/libcommon.a(cmd_help.o)
                                 0x9b (size before relaxing)
 .rodata.str1.1
                0x57e2ad2a       0xb3 common/libcommon.a(cmd_itest.o)
                                 0xb5 (size before relaxing)
 .rodata.str1.1
                0x57e2addd      0x336 common/libcommon.a(cmd_load.o)
                                0x353 (size before relaxing)
 .rodata.str1.1
                0x57e2b113      0x498 common/libcommon.a(cmd_mem.o)
                                0x4a9 (size before relaxing)
 .rodata.str1.1
                0x57e2b5ab       0x5f common/libcommon.a(cmd_misc.o)
 .rodata.str1.1
                0x57e2b60a      0x71e common/libcommon.a(cmd_nand.o)
                                0x773 (size before relaxing)
 .rodata.str1.1
                0x57e2bd28      0x1ac common/libcommon.a(cmd_net.o)
                                0x1ee (size before relaxing)
 .rodata.str1.1
                0x57e2bed4      0x33b common/libcommon.a(cmd_nvedit.o)
                                0x39b (size before relaxing)
 .rodata.str1.1
                0x57e2c20f       0x23 common/libcommon.a(cmd_reginfo.o)
                                 0x24 (size before relaxing)
 .rodata.str1.1
                0x57e2c232      0x101 common/libcommon.a(cmd_source.o)
                                0x108 (size before relaxing)
 .rodata.str1.1
                0x57e2c333       0x6e common/libcommon.a(cmd_test.o)
                                 0x96 (size before relaxing)
 .rodata.str1.1
                0x57e2c3a1      0x828 common/libcommon.a(cmd_usb.o)
                                0x969 (size before relaxing)
 .rodata.str1.1
                0x57e2cbc9       0x1b common/libcommon.a(cmd_version.o)
                                 0x24 (size before relaxing)
 .rodata.str1.1
                0x57e2cbe4      0x17e common/libcommon.a(cmd_ximg.o)
                                0x22f (size before relaxing)
 .rodata.str1.1
                0x57e2cd62       0x95 common/libcommon.a(command.o)
 .rodata.str1.1
                0x57e2cdf7       0x70 common/libcommon.a(console.o)
                                 0x74 (size before relaxing)
 .rodata.str1.1
                0x57e2ce67       0x33 common/libcommon.a(env_common.o)
 .rodata.str1.1
                0x57e2ce9a       0x6e common/libcommon.a(env_nand.o)
                                 0x74 (size before relaxing)
 .rodata.str1.1
                0x57e2cf08      0x10c common/libcommon.a(flash.o)
 .rodata.str1.1
                0x57e2d014      0x243 common/libcommon.a(hush.o)
                                0x26e (size before relaxing)
 .rodata.str1.1
                0x57e2d257      0x455 common/libcommon.a(image.o)
                                0x4f0 (size before relaxing)
 .rodata.str1.1
                0x57e2d6ac       0x93 common/libcommon.a(main.o)
                                 0xf7 (size before relaxing)
 .rodata.str1.1
                0x57e2d73f        0x7 common/libcommon.a(stdio.o)
                                 0x1b (size before relaxing)
 .rodata.str1.1
                0x57e2d746      0x28b common/libcommon.a(usb.o)
 .rodata.str1.1
                0x57e2d9d1      0x1ed common/libcommon.a(usb_storage.o)
                                0x1ff (size before relaxing)
 .rodata.str1.1
                0x57e2dbbe       0xe3 common/libcommon.a(xyzModem.o)
                                 0xe5 (size before relaxing)
 .rodata.str1.1
                0x57e2dca1       0x13 board/samsung/smdk6410/libsmdk6410.a(smdk6410.o)
 .rodata.str1.1
                0x57e2dcb4       0x11 lib_generic/libgeneric.a(display_options.o)
                                 0x36 (size before relaxing)
 .rodata.str1.1
                0x57e2dcc5       0x85 lib_generic/libgeneric.a(gunzip.o)
 .rodata.str1.1
                0x57e2dd4a        0xe lib_generic/libgeneric.a(vsprintf.o)
 .rodata.str1.1
                0x57e2dd58      0x21c lib_generic/libgeneric.a(zlib.o)
                                0x21d (size before relaxing)
 .rodata.str1.1
                0x57e2df74       0x6d cpu/arm1176/s3c64xx/libs3c64xx.a(speed.o)
 .rodata.str1.1
                0x57e2dfe1       0x42 lib_arm/libarm.a(bootm.o)
                                 0x4b (size before relaxing)
 .rodata.str1.1
                0x57e2e023        0xf lib_arm/libarm.a(reset.o)
 .rodata.str1.1
                0x57e2e032      0x15f fs/fat/libfat.a(fat.o)
                                0x16d (size before relaxing)
 .rodata.str1.1
                0x57e2e191      0x1be fs/ext2/libext2fs.a(ext2fs.o)
 .rodata.str1.1
                0x57e2e34f       0xdc fs/ext2/libext2fs.a(dev.o)
 .rodata.str1.1
                0x57e2e42b      0x1af disk/libdisk.a(part.o)
                                0x1e0 (size before relaxing)
 .rodata.str1.1
                0x57e2e5da       0xe5 disk/libdisk.a(part_dos.o)
                                 0xf1 (size before relaxing)
 .rodata.str1.1
                0x57e2e6bf      0x24c drivers/mtd/nand/libnand.a(nand_util.o)
                                0x24e (size before relaxing)
 .rodata.str1.1
                0x57e2e90b       0x48 drivers/net/libnet.a(cs8900.o)
 .rodata.str1.1
                0x57e2e953      0x7dd drivers/usb/host/libusb_host.a(ohci-hcd.o)
 .rodata.str1.1
                0x57e2f130       0x1b /home/linx/Git/uboot2010/lib_arm/eabi_compat.o
                0x57e2f14c                . = ALIGN (0x4)

.data           0x57e2f14c     0x1943
 *(.data)
 .data          0x57e2f14c        0x0 cpu/arm1176/start.o
 .data          0x57e2f14c        0x0 cpu/arm1176/s3c64xx/cpu_init.o
 .data          0x57e2f14c       0x30 lib_arm/libarm.a(board.o)
                0x57e2f14c                init_sequence
 .data          0x57e2f17c        0x0 lib_arm/libarm.a(interrupts.o)
 .data          0x57e2f17c        0x0 net/libnet.a(eth.o)
 .data          0x57e2f17c        0xa net/libnet.a(net.o)
                0x57e2f180                NetBcastAddr
                0x57e2f17e                NetOurNativeVLAN
                0x57e2f17c                NetOurVLAN
 *fill*         0x57e2f186        0x2 00
 .data          0x57e2f188        0x4 net/libnet.a(nfs.o)
 .data          0x57e2f18c        0x0 net/libnet.a(rarp.o)
 .data          0x57e2f18c       0x18 net/libnet.a(tftp.o)
                0x57e2f1a0                TftpRRQTimeoutMSecs
                0x57e2f198                TftpRRQTimeoutCountMax
 .data          0x57e2f1a4        0x0 net/libnet.a(bootp.o)
 .data          0x57e2f1a4        0x4 drivers/mtd/libmtd.a(cfi_flash.o)
 .data          0x57e2f1a8        0x0 drivers/mtd/libmtd.a(jedec_flash.o)
 .data          0x57e2f1a8        0x4 drivers/mtd/nand/libnand.a(nand.o)
                0x57e2f1a8                nand_curr_device
 .data          0x57e2f1ac      0x920 drivers/mtd/nand/libnand.a(nand_base.o)
 .data          0x57e2facc      0x10c drivers/mtd/nand/libnand.a(nand_bbt.o)
 .data          0x57e2fbd8        0x0 drivers/mtd/nand/libnand.a(nand_ecc.o)
 .data          0x57e2fbd8      0x4a0 drivers/mtd/nand/libnand.a(nand_ids.o)
                0x57e30028                nand_manuf_ids
                0x57e2fbd8                nand_flash_ids
 .data          0x57e30078        0x8 drivers/mtd/nand/libnand.a(s3c64xx.o)
 .data          0x57e30080        0x0 drivers/serial/libserial.a(s3c64xx.o)
 .data          0x57e30080        0x0 common/libcommon.a(cmd_bdinfo.o)
 .data          0x57e30080        0x0 common/libcommon.a(cmd_boot.o)
 .data          0x57e30080       0x94 common/libcommon.a(cmd_bootm.o)
                0x57e30080                load_addr
                0x57e30084                cmd_bootm_sub
 .data          0x57e30114        0x0 common/libcommon.a(cmd_cache.o)
 .data          0x57e30114        0x0 common/libcommon.a(cmd_console.o)
 .data          0x57e30114        0x0 common/libcommon.a(cmd_echo.o)
 .data          0x57e30114        0x0 common/libcommon.a(cmd_elf.o)
 .data          0x57e30114        0x0 common/libcommon.a(cmd_exit.o)
 .data          0x57e30114        0x0 common/libcommon.a(cmd_ext2.o)
 .data          0x57e30114        0x0 common/libcommon.a(cmd_fat.o)
 .data          0x57e30114        0x0 common/libcommon.a(cmd_flash.o)
 .data          0x57e30114        0x0 common/libcommon.a(cmd_help.o)
 .data          0x57e30114       0x68 common/libcommon.a(cmd_itest.o)
                0x57e30114                op_table
 .data          0x57e3017c        0x4 common/libcommon.a(cmd_load.o)
 .data          0x57e30180        0x4 common/libcommon.a(cmd_mem.o)
                0x57e30180                dp_last_length
 .data          0x57e30184        0x0 common/libcommon.a(cmd_misc.o)
 .data          0x57e30184        0x0 common/libcommon.a(cmd_nand.o)
 .data          0x57e30184        0x0 common/libcommon.a(cmd_net.o)
 .data          0x57e30184        0x4 common/libcommon.a(cmd_nvedit.o)
 .data          0x57e30188        0x0 common/libcommon.a(cmd_reginfo.o)
 .data          0x57e30188        0x0 common/libcommon.a(cmd_source.o)
 .data          0x57e30188        0x0 common/libcommon.a(cmd_test.o)
 .data          0x57e30188        0x4 common/libcommon.a(cmd_usb.o)
 .data          0x57e3018c        0x0 common/libcommon.a(cmd_version.o)
 .data          0x57e3018c        0x0 common/libcommon.a(cmd_ximg.o)
 .data          0x57e3018c        0x0 common/libcommon.a(command.o)
 .data          0x57e3018c        0x0 common/libcommon.a(console.o)
 .data          0x57e3018c      0x414 common/libcommon.a(dlmalloc.o)
 .data          0x57e305a0       0x7c common/libcommon.a(env_common.o)
                0x57e305a0                default_environment
 .data          0x57e3061c        0x8 common/libcommon.a(env_nand.o)
                0x57e30620                env_name_spec
                0x57e3061c                env_ptr
 .data          0x57e30624        0x0 common/libcommon.a(exports.o)
 .data          0x57e30624        0x0 common/libcommon.a(flash.o)
 .data          0x57e30624       0xac common/libcommon.a(hush.o)
 .data          0x57e306d0      0x228 common/libcommon.a(image.o)
 .data          0x57e308f8       0x14 common/libcommon.a(main.o)
 .data          0x57e3090c        0x0 common/libcommon.a(s_record.o)
 .data          0x57e3090c        0xc common/libcommon.a(stdio.o)
                0x57e3090c                stdio_names
 .data          0x57e30918        0x0 common/libcommon.a(usb.o)
 .data          0x57e30918       0x20 common/libcommon.a(usb_storage.o)
                0x57e30918                us_direction
 .data          0x57e30938        0x0 common/libcommon.a(xyzModem.o)
 .data          0x57e30938        0x0 board/samsung/smdk6410/libsmdk6410.a(lowlevel_init.o)
 .data          0x57e30938        0x0 board/samsung/smdk6410/libsmdk6410.a(smdk6410.o)
 .data          0x57e30938        0x0 lib_generic/libgeneric.a(crc16.o)
 .data          0x57e30938        0x0 lib_generic/libgeneric.a(crc32.o)
 .data          0x57e30938      0x100 lib_generic/libgeneric.a(ctype.o)
                0x57e30938                _ctype
 .data          0x57e30a38        0x0 lib_generic/libgeneric.a(display_options.o)
 .data          0x57e30a38        0x0 lib_generic/libgeneric.a(gunzip.o)
 .data          0x57e30a38        0x0 lib_generic/libgeneric.a(net_utils.o)
 .data          0x57e30a38        0x0 lib_generic/libgeneric.a(string.o)
 .data          0x57e30a38        0x0 lib_generic/libgeneric.a(time.o)
 .data          0x57e30a38        0x0 lib_generic/libgeneric.a(vsprintf.o)
 .data          0x57e30a38        0x0 lib_generic/libgeneric.a(zlib.o)
 .data          0x57e30a38        0x0 lib_generic/libgeneric.a(div64.o)
 .data          0x57e30a38        0x0 cpu/arm1176/s3c64xx/libs3c64xx.a(reset.o)
 .data          0x57e30a38        0x0 cpu/arm1176/s3c64xx/libs3c64xx.a(speed.o)
 .data          0x57e30a38        0x0 cpu/arm1176/s3c64xx/libs3c64xx.a(timer.o)
 .data          0x57e30a38        0x0 lib_arm/libarm.a(bootm.o)
 .data          0x57e30a38        0x0 lib_arm/libarm.a(cache.o)
 .data          0x57e30a38        0x0 lib_arm/libarm.a(cache-cp15.o)
 .data          0x57e30a38        0x0 lib_arm/libarm.a(reset.o)
 .data          0x57e30a38        0x4 fs/fat/libfat.a(fat.o)
 .data          0x57e30a3c        0x8 fs/ext2/libext2fs.a(ext2fs.o)
                0x57e30a3c                indir1_blkno
                0x57e30a40                indir2_blkno
 .data          0x57e30a44        0x0 fs/ext2/libext2fs.a(dev.o)
 .data          0x57e30a44        0x0 disk/libdisk.a(part.o)
 .data          0x57e30a44        0x0 disk/libdisk.a(part_dos.o)
 .data          0x57e30a44        0x0 drivers/mtd/nand/libnand.a(nand_util.o)
 .data          0x57e30a44        0x0 drivers/net/libnet.a(cs8900.o)
 .data          0x57e30a44       0x4b drivers/usb/host/libusb_host.a(ohci-hcd.o)
 .data          0x57e30a8f        0x0 drivers/usb/host/libusb_host.a(s3c64xx-hcd.o)
 .data          0x57e30a8f        0x0 cpu/arm1176/libarm1176.a(cpu.o)
 .data          0x57e30a8f        0x0 /home/linx/Git/uboot2010/lib_arm/eabi_compat.o
 .data          0x57e30a8f        0x0 /usr/local/arm/4.3.2/bin/../lib/gcc/arm-none-linux-gnueabi/4.3.2/armv4t/libgcc.a(_udivsi3.o)
 .data          0x57e30a8f        0x0 /usr/local/arm/4.3.2/bin/../lib/gcc/arm-none-linux-gnueabi/4.3.2/armv4t/libgcc.a(_divsi3.o)
 .data          0x57e30a8f        0x0 /usr/local/arm/4.3.2/bin/../lib/gcc/arm-none-linux-gnueabi/4.3.2/armv4t/libgcc.a(_lshrdi3.o)
 .data          0x57e30a8f        0x0 /usr/local/arm/4.3.2/bin/../lib/gcc/arm-none-linux-gnueabi/4.3.2/armv4t/libgcc.a(_ashrdi3.o)
 .data          0x57e30a8f        0x0 /usr/local/arm/4.3.2/bin/../lib/gcc/arm-none-linux-gnueabi/4.3.2/armv4t/libgcc.a(_ashldi3.o)
 .data          0x57e30a8f        0x0 /usr/local/arm/4.3.2/bin/../lib/gcc/arm-none-linux-gnueabi/4.3.2/armv4t/libgcc.a(_dvmd_lnx.o)
                0x57e30a90                . = ALIGN (0x4)

.got
 *(.got)
                0x57e30a90                __u_boot_cmd_start = .

.u_boot_cmd     0x57e30a90      0x5d0
 *(.u_boot_cmd)
 .u_boot_cmd    0x57e30a90       0x18 common/libcommon.a(cmd_bdinfo.o)
                0x57e30a90                __u_boot_cmd_bdinfo
 .u_boot_cmd    0x57e30aa8       0x30 common/libcommon.a(cmd_boot.o)
                0x57e30ac0                __u_boot_cmd_reset
                0x57e30aa8                __u_boot_cmd_go
 .u_boot_cmd    0x57e30ad8       0x78 common/libcommon.a(cmd_bootm.o)
                0x57e30ad8                __u_boot_cmd_bootm
                0x57e30b20                __u_boot_cmd_iminfo
                0x57e30b08                __u_boot_cmd_bootd
                0x57e30af0                __u_boot_cmd_boot
                0x57e30b38                __u_boot_cmd_imls
 .u_boot_cmd    0x57e30b50       0x30 common/libcommon.a(cmd_cache.o)
                0x57e30b68                __u_boot_cmd_dcache
                0x57e30b50                __u_boot_cmd_icache
 .u_boot_cmd    0x57e30b80       0x18 common/libcommon.a(cmd_console.o)
                0x57e30b80                __u_boot_cmd_coninfo
 .u_boot_cmd    0x57e30b98       0x18 common/libcommon.a(cmd_echo.o)
                0x57e30b98                __u_boot_cmd_echo
 .u_boot_cmd    0x57e30bb0       0x30 common/libcommon.a(cmd_elf.o)
                0x57e30bc8                __u_boot_cmd_bootvx
                0x57e30bb0                __u_boot_cmd_bootelf
 .u_boot_cmd    0x57e30be0       0x18 common/libcommon.a(cmd_exit.o)
                0x57e30be0                __u_boot_cmd_exit
 .u_boot_cmd    0x57e30bf8       0x30 common/libcommon.a(cmd_ext2.o)
                0x57e30c10                __u_boot_cmd_ext2load
                0x57e30bf8                __u_boot_cmd_ext2ls
 .u_boot_cmd    0x57e30c28       0x48 common/libcommon.a(cmd_fat.o)
                0x57e30c58                __u_boot_cmd_fatinfo
                0x57e30c28                __u_boot_cmd_fatload
                0x57e30c40                __u_boot_cmd_fatls
 .u_boot_cmd    0x57e30c70       0x48 common/libcommon.a(cmd_flash.o)
                0x57e30c70                __u_boot_cmd_flinfo