Archive member included because of file (symbol)

lib_generic/libgeneric.a(display_options.o)
                              lib_arm/board.o (print_size)
lib_generic/libgeneric.a(net_utils.o)
                              lib_arm/board.o (string_to_ip)
lib_generic/libgeneric.a(string.o)
                              lib_arm/board.o (memset)
lib_generic/libgeneric.a(vsprintf.o)
                              lib_arm/board.o (simple_strtoul)
lib_generic/libgeneric.a(ctype.o)
                              lib_generic/libgeneric.a(display_options.o) (_ctype)
lib_generic/libgeneric.a(div64.o)
                              lib_generic/libgeneric.a(vsprintf.o) (__div64_32)
lib_generic/libgeneric.a(time.o)
                              lib_generic/libgeneric.a(vsprintf.o) (udelay)
cpu/arm1176/s3c64xx/libs3c64xx.a(timer.o)
                              lib_generic/libgeneric.a(time.o) (__udelay)
cpu/arm1176/s3c64xx/libs3c64xx.a(speed.o)
                              cpu/arm1176/s3c64xx/libs3c64xx.a(timer.o) (get_PCLK)
lib_arm/libarm.a(interrupts.o)
                              lib_arm/board.o (enable_interrupts)
lib_arm/libarm.a(reset.o)     lib_generic/libgeneric.a(vsprintf.o) (do_reset)
net/libnet.a(eth.o)           lib_arm/board.o (eth_initialize)
net/libnet.a(net.o)           lib_arm/board.o (copy_filename)
net/libnet.a(nfs.o)           net/libnet.a(net.o) (NfsStart)
net/libnet.a(rarp.o)          net/libnet.a(net.o) (RarpRequest)
net/libnet.a(tftp.o)          net/libnet.a(net.o) (TftpStart)
net/libnet.a(bootp.o)         net/libnet.a(net.o) (BootpRequest)
drivers/mtd/libmtd.a(cfi_flash.o)
                              lib_arm/board.o (flash_init)
drivers/mtd/libmtd.a(jedec_flash.o)
                              drivers/mtd/libmtd.a(cfi_flash.o) (jedec_flash_match)
drivers/mtd/nand/libnand.a(nand.o)
                              lib_arm/board.o (nand_init)
drivers/mtd/nand/libnand.a(nand_base.o)
                              drivers/mtd/nand/libnand.a(nand.o) (nand_scan)
drivers/mtd/nand/libnand.a(nand_bbt.o)
                              drivers/mtd/nand/libnand.a(nand_base.o) (nand_isbad_bbt)
drivers/mtd/nand/libnand.a(nand_ecc.o)
                              drivers/mtd/nand/libnand.a(nand_base.o) (nand_calculate_ecc)
drivers/mtd/nand/libnand.a(nand_ids.o)
                              drivers/mtd/nand/libnand.a(nand_base.o) (nand_flash_ids)
drivers/mtd/nand/libnand.a(s3c64xx.o)
                              drivers/mtd/nand/libnand.a(nand.o) (board_nand_init)
drivers/net/libnet.a(dm9000x.o)
                              net/libnet.a(eth.o) (dm9000_initialize)
drivers/serial/libserial.a(s3c64xx.o)
                              lib_arm/board.o (serial_init)
common/libcommon.a(cmd_bdinfo.o)
                              (__u_boot_cmd_bdinfo)
common/libcommon.a(cmd_boot.o)
                              (__u_boot_cmd_go)
common/libcommon.a(cmd_bootm.o)
                              lib_arm/board.o (load_addr)
common/libcommon.a(cmd_cache.o)
                              (__u_boot_cmd_icache)
common/libcommon.a(cmd_console.o)
                              (__u_boot_cmd_coninfo)
common/libcommon.a(cmd_echo.o)
                              (__u_boot_cmd_echo)
common/libcommon.a(cmd_elf.o)
                              common/libcommon.a(cmd_bootm.o) (do_bootvx)
common/libcommon.a(cmd_exit.o)
                              (__u_boot_cmd_exit)
common/libcommon.a(cmd_ext2.o)
                              (__u_boot_cmd_ext2ls)
common/libcommon.a(cmd_fat.o)
                              (__u_boot_cmd_fatload)
common/libcommon.a(cmd_flash.o)
                              (__u_boot_cmd_flinfo)
common/libcommon.a(cmd_help.o)
                              (__u_boot_cmd_help)
common/libcommon.a(cmd_itest.o)
                              (__u_boot_cmd_itest)
common/libcommon.a(cmd_load.o)
                              (__u_boot_cmd_loads)
common/libcommon.a(cmd_mem.o)
                              (__u_boot_cmd_md)
common/libcommon.a(cmd_misc.o)
                              (__u_boot_cmd_sleep)
common/libcommon.a(cmd_nand.o)
                              (__u_boot_cmd_nand)
common/libcommon.a(cmd_net.o)
                              (__u_boot_cmd_bootp)
common/libcommon.a(cmd_nvedit.o)
                              net/libnet.a(eth.o) (get_env_id)
common/libcommon.a(cmd_reginfo.o)
                              (__u_boot_cmd_reginfo)
common/libcommon.a(cmd_source.o)
                              (__u_boot_cmd_source)
common/libcommon.a(cmd_test.o)
                              (__u_boot_cmd_test)
common/libcommon.a(cmd_usb.o)
                              (__u_boot_cmd_usb)
common/libcommon.a(cmd_version.o)
                              (__u_boot_cmd_version)
common/libcommon.a(cmd_ximg.o)
                              (__u_boot_cmd_imxtract)
common/libcommon.a(command.o)
                              common/libcommon.a(cmd_itest.o) (cmd_get_data_size)
common/libcommon.a(console.o)
[...]
Memory Configuration

Name             Origin             Length             Attributes
*default*        0x00000000         0xffffffff

Linker script and memory map

                0x00000000                . = 0x0
                0x00000000                . = ALIGN (0x4)

.text           0x57e00000    0x26c10
 cpu/arm1176/start.o(.text)
 .text          0x57e00000      0x400 cpu/arm1176/start.o
                0x57e00040                _end_vect
                0x57e0004c                _bss_start
                0x57e00050                _bss_end
                0x57e00048                _armboot_start
                0x57e000ec                copy_from_nand
                0x57e00000                _start
 cpu/arm1176/s3c64xx/cpu_init.o(.text)
 .text          0x57e00400      0x124 cpu/arm1176/s3c64xx/cpu_init.o
                0x57e00400                mem_ctrl_asm_init
 board/samsung/smdk6410/lowlevel_init.o(.text)
 .text          0x57e00524      0x1fc board/samsung/smdk6410/lowlevel_init.o
                0x57e00528                lowlevel_init
 cpu/arm1176/nand_cp.o(.text)
 .text          0x57e00720      0x1c8 cpu/arm1176/nand_cp.o
                0x57e007e0                copy_uboot_to_ram
 lib_arm/board.o(.text)
 .text          0x57e008e8      0x260 lib_arm/board.o
                0x57e00900                __yellow_LED_off
                0x57e008f4                green_LED_on
                0x57e0090c                hang
                0x57e008f4                __green_LED_on
                0x57e008fc                __yellow_LED_on
                0x57e008fc                yellow_LED_on
                0x57e008f8                __green_LED_off
                0x57e008f0                __red_LED_off
                0x57e009cc                start_armboot
                0x57e00908                blue_LED_off
                0x57e008e8                coloured_LED_init
                0x57e00908                __blue_LED_off
                0x57e00904                blue_LED_on
                0x57e00900                yellow_LED_off
                0x57e008f0                red_LED_off
                0x57e008f8                green_LED_off
                0x57e008e8                __coloured_LED_init
                0x57e008ec                red_LED_on
                0x57e00904                __blue_LED_on
                0x57e008ec                __red_LED_on
 *(.text)
 .text          0x57e00b48      0x24c lib_generic/libgeneric.a(display_options.o)
                0x57e00c34                print_buffer
                0x57e00c14                display_options
                0x57e00b48                print_size
 .text          0x57e00d94       0x78 lib_generic/libgeneric.a(net_utils.o)
                0x57e00d94                string_to_ip
 .text          0x57e00e0c      0x64c lib_generic/libgeneric.a(string.o)
                0x57e00e0c                strcpy
                0x57e01360                memscan
                0x57e012c4                memmove
                0x57e01248                memcpy
                0x57e01154                strswab
                0x57e00ff4                strnlen
                0x57e00fbc                strrchr
                0x57e00e50                strcat
                0x57e013f4                memchr
                0x57e01390                strstr
                0x57e00f20                strncmp
                0x57e00e28                strncpy
                0x57e0121c                bcopy
                0x57e010a0                strtok
                0x57e01320                memcmp
                0x57e00e84                strncat
                0x57e01424                strdup
                0x57e011a0                memset
                0x57e00ee8                strcmp
                0x57e01120                strsep
                0x57e0101c                strspn
                0x57e00f9c                strlen
                0x57e00f70                strchr
                0x57e01060                strpbrk
 .text          0x57e01458      0xec4 lib_generic/libgeneric.a(vsprintf.o)
                0x57e01c7c                vsprintf
                0x57e01580                ustrtoul
                0x57e01558                simple_strtol
                0x57e017e4                panic
                0x57e022f4                sprintf
                0x57e014a0                simple_strtoul
                0x57e015f4                simple_strtoull
 .text          0x57e0231c        0x0 lib_generic/libgeneric.a(ctype.o)
 .text          0x57e0231c       0xf4 lib_generic/libgeneric.a(div64.o)
                0x57e0231c                __div64_32
 .text          0x57e02410       0x2c lib_generic/libgeneric.a(time.o)
                0x57e02410                udelay
 .text          0x57e0243c      0x244 cpu/arm1176/s3c64xx/libs3c64xx.a(timer.o)
                0x57e0252c                __udelay
                0x57e024f8                set_timer
                0x57e024f4                reset_timer
                0x57e024a8                get_tbclk
                0x57e025cc                get_timer
                0x57e024c4                reset_timer_masked
                0x57e025e0                timer_init
                0x57e02570                get_timer_masked
                0x57e0243c                get_ticks
 .text          0x57e02680      0x204 cpu/arm1176/s3c64xx/libs3c64xx.a(speed.o)
                0x57e0275c                get_HCLK
                0x57e02708                get_PCLK
                0x57e02700                get_FCLK
                0x57e027b0                get_ARMCLK
                0x57e026f8                get_UCLK
                0x57e027d8                print_cpuinfo
 .text          0x57e02884      0x264 lib_arm/libarm.a(interrupts.o)
                0x57e02a10                do_fiq
                0x57e02ac4                do_undefined_instruction
                0x57e02890                show_regs
                0x57e029ec                do_irq
                0x57e029d0                bad_mode
                0x57e02a7c                do_prefetch_abort
                0x57e02888                disable_interrupts
                0x57e02a34                do_not_used
                0x57e02a58                do_data_abort
                0x57e02aa0                do_software_interrupt
                0x57e02884                enable_interrupts
 .text          0x57e02ae8       0x30 lib_arm/libarm.a(reset.o)
                0x57e02ae8                do_reset
 .text          0x57e02b18      0x76c net/libnet.a(eth.o)
                0x57e02c70                eth_get_dev_by_name
                0x57e02bbc                eth_halt
                0x57e02b18                cpu_eth_init
                0x57e02e18                eth_register
                0x57e02f38                eth_getenv_enetaddr
                0x57e02b20                eth_get_dev
                0x57e02edc                eth_parse_enetaddr
                0x57e02d68                eth_try_another
                0x57e02f90                eth_getenv_enetaddr_by_index
                0x57e0309c                eth_initialize
                0x57e02cc4                eth_set_current
                0x57e02c24                eth_rx
                0x57e02b70                eth_get_dev_index
                0x57e02fdc                eth_init
                0x57e02ea4                eth_setenv_enetaddr
                0x57e02c50                eth_get_name
                0x57e02b30                eth_get_dev_by_index
                0x57e02bf0                eth_send
 .text          0x57e03284     0x1348 net/libnet.a(net.o)
                0x57e03308                NetCksumOk
                0x57e034e8                NetSetTimeout
                0x57e0332c                copy_filename
                0x57e033e0                NetEthHdrSize
                0x57e0347c                ip_to_string
                0x57e04130                ArpTimeoutCheck
                0x57e03730                NetReceive
                0x57e03ecc                NetSendUDPPacket
                0x57e03618                NetSetEther
                0x57e041b4                NetLoop
                0x57e03ca4                ArpRequest
                0x57e034cc                random_port
                0x57e03424                VLAN_to_string
                0x57e033d0                getenv_VLAN
                0x57e032c0                NetCksum
                0x57e03520                NetSetIP
                0x57e03384                string_to_VLAN
                0x57e04024                NetStartAgain
                0x57e032b0                NetSetHandler
                0x57e03d90                PingSend
                0x57e0372c                NetSendPacket
 .text          0x57e045cc      0xea4 net/libnet.a(nfs.o)
                0x57e04dd4                NfsStart
 .text          0x57e05470      0x1ac net/libnet.a(rarp.o)
                0x57e05470                RarpRequest
 .text          0x57e0561c      0x740 net/libnet.a(tftp.o)
                0x57e057b0                TftpStart
 .text          0x57e05d5c      0x5f0 net/libnet.a(bootp.o)
                0x57e05e04                BootpRequest
 .text          0x57e0634c     0x19c8 drivers/mtd/libmtd.a(cfi_flash.o)
                0x57e06a00                flash_get_size
                0x57e07ae0                flash_erase
                0x57e06864                flash_set_verbose
                0x57e06fe0                flash_init
                0x57e078e0                flash_print_info
                0x57e06834                flash_cmd_reset
                0x57e06834                __flash_cmd_reset
                0x57e06430                flash_write_cmd
                0x57e0636c                flash_sector_size
                0x57e0772c                write_buff
 .text          0x57e07d14      0x1b8 drivers/mtd/libmtd.a(jedec_flash.o)
                0x57e07d14                jedec_flash_match
 .text          0x57e07ecc       0xa0 drivers/mtd/nand/libnand.a(nand.o)
                0x57e07ecc                nand_init
 .text          0x57e07f6c     0x3b4c drivers/mtd/nand/libnand.a(nand_base.o)
                0x57e0ae90                nand_wait_ready
                0x57e093f4                nand_scan_ident
                0x57e09f68                nand_scan
                0x57e0aa34                nand_erase_nand
                0x57e0999c                nand_scan_tail
                0x57e093ac                nand_release
 .text          0x57e0bab8     0x17f8 drivers/mtd/nand/libnand.a(nand_bbt.o)
                0x57e0bbbc                nand_isbad_bbt
                0x57e0d1ec                nand_default_bbt
                0x57e0ca90                nand_update_bbt
                0x57e0cd6c                nand_scan_bbt
 .text          0x57e0d2b0      0x224 drivers/mtd/nand/libnand.a(nand_ecc.o)
                0x57e0d3a8                nand_correct_data
                0x57e0d2b0                nand_calculate_ecc
 .text          0x57e0d4d4        0x0 drivers/mtd/nand/libnand.a(nand_ids.o)
 .text          0x57e0d4d4      0x2c4 drivers/mtd/nand/libnand.a(s3c64xx.o)
                0x57e0d60c                board_nand_init
 .text          0x57e0d798      0x8fc drivers/net/libnet.a(dm9000x.o)
                0x57e0de94                dm9000_write_srom_word
                0x57e0df40                dm9000_initialize
                0x57e0deec                dm9000_read_srom_word
 .text          0x57e0e094      0x130 drivers/serial/libserial.a(s3c64xx.o)
                0x57e0e134                serial_setbrg
                0x57e0e0f4                serial_tstc
                0x57e0e0c4                serial_putc
                0x57e0e18c                serial_init
                0x57e0e10c                serial_puts
                0x57e0e0a4                serial_getc
 .text          0x57e0e1c4       0xec common/libcommon.a(cmd_bdinfo.o)
                0x57e0e1d8                do_bdinfo
 .text          0x57e0e2b0       0x90 common/libcommon.a(cmd_boot.o)
                0x57e0e2c8                do_go
                0x57e0e2b0                do_go_exec
 .text          0x57e0e340      0xd80 common/libcommon.a(cmd_bootm.o)
                0x57e0e57c                do_bootd
                0x57e0e368                arch_preboot_os
                0x57e0ee3c                do_bootm
                0x57e0ec8c                do_bootm_subcommand
                0x57e0e368                __arch_preboot_os
                0x57e0e510                do_iminfo
 .text          0x57e0f0c0      0x12c common/libcommon.a(cmd_cache.o)
                0x57e0f0fc                do_dcache
                0x57e0f174                do_icache
 .text          0x57e0f1ec       0xf0 common/libcommon.a(cmd_console.o)
                0x57e0f1ec                do_coninfo
 .text          0x57e0f2dc       0x80 common/libcommon.a(cmd_echo.o)
                0x57e0f2dc                do_echo
 .text          0x57e0f35c      0x470 common/libcommon.a(cmd_elf.o)
                0x57e0f734                do_bootelf
                0x57e0f468                do_bootvx
                0x57e0f3f4                valid_elf_image
                0x57e0f6f0                do_bootelf_exec
                0x57e0f35c                load_elf_image
 .text          0x57e0f7cc       0x30 common/libcommon.a(cmd_exit.o)
                0x57e0f7cc                do_exit
 .text          0x57e0f7fc      0x460 common/libcommon.a(cmd_ext2.o)
                0x57e0fb24                do_ext2ls
                0x57e0f7fc                do_ext2load
 .text          0x57e0fc5c      0x364 common/libcommon.a(cmd_fat.o)
                0x57e0fe3c                do_fat_fsload
                0x57e0fc5c                do_fat_fsinfo
                0x57e0fd34                do_fat_ls
 .text          0x57e0ffc0      0xb04 common/libcommon.a(cmd_flash.o)
                0x57e10a48                do_flinfo
                0x57e107e8                flash_sect_erase
                0x57e10540                do_protect
                0x57e108c4                do_flerase
                0x57e10234                flash_sect_protect
                0x57e0ffc0                flash_sect_roundb
 .text          0x57e10ac4       0x4c common/libcommon.a(cmd_help.o)
                0x57e10ac4                do_help
 .text          0x57e10b10      0x304 common/libcommon.a(cmd_itest.o)
                0x57e10b98                binary_test
                0x57e10d78                do_itest
 .text          0x57e10e14      0xce8 common/libcommon.a(cmd_load.o)
                0x57e10ea0                k_data_init
                0x57e10f80                s1_sendpacket
                0x57e10fac                handle_send_packet
                0x57e10ee0                k_data_restore
                0x57e11170                send_nack
                0x57e11390                do_load_serial_bin
                0x57e10f00                k_data_char
                0x57e10e34                chk1
                0x57e10ec0                k_data_save
                0x57e10e14                ktrans
                0x57e10f50                send_pad
                0x57e111d0                send_ack
                0x57e11a1c                do_load_serial
 .text          0x57e11afc      0x97c common/libcommon.a(cmd_mem.o)
                0x57e11ba8                do_mem_base
                0x57e12024                do_mem_mw
                0x57e11afc                do_mem_crc
                0x57e12360                do_mem_nm
                0x57e12380                do_mem_mm
                0x57e120ec                do_mem_cp
                0x57e11bec                do_mem_mtest
                0x57e11e8c                do_mem_cmp
                0x57e11d94                do_mem_loop
                0x57e123a0                do_mem_md
 .text          0x57e12478       0x88 common/libcommon.a(cmd_misc.o)
                0x57e12478                do_sleep
 .text          0x57e12500      0xe70 common/libcommon.a(cmd_nand.o)
                0x57e12674                do_nandboot
                0x57e12bd0                do_nand
 .text          0x57e13370      0x3c8 common/libcommon.a(cmd_net.o)
                0x57e13714                do_rarpb
                0x57e13370                do_ping
                0x57e13720                do_tftpb
                0x57e1372c                do_bootp
                0x57e13708                do_nfs
 .text          0x57e13738      0x860 common/libcommon.a(cmd_nvedit.o)
                0x57e13878                getenv
                0x57e138e0                _do_setenv
                0x57e137a8                getenv_r
                0x57e13f04                do_printenv
                0x57e13d60                setenv
                0x57e13738                get_env_id
                0x57e1384c                do_saveenv
                0x57e13d34                do_setenv
                0x57e13dac                do_editenv
                0x57e13748                envmatch
 .text          0x57e13f98        0x8 common/libcommon.a(cmd_reginfo.o)
                0x57e13f98                do_reginfo
 .text          0x57e13fa0      0x194 common/libcommon.a(cmd_source.o)
                0x57e13fc0                source
                0x57e140f0                do_source
 .text          0x57e14134      0x48c common/libcommon.a(cmd_test.o)
                0x57e14144                do_test
                0x57e14134                do_false
                0x57e1413c                do_true
 .text          0x57e145c0     0x1160 common/libcommon.a(cmd_usb.o)
                0x57e150ac                usb_display_conf_desc
                0x57e14c58                usb_show_tree_graph
                0x57e145c0                usb_get_class_desc
                0x57e14668                usb_display_ep_desc
                0x57e14eb4                usb_display_desc
                0x57e1473c                usb_display_class_sub
                0x57e14e80                usb_show_tree
                0x57e14fe4                usb_display_string
                0x57e15024                usb_display_if_desc
                0x57e15158                usb_display_config
                0x57e148b0                do_usbboot
                0x57e151e8                do_usb
 .text          0x57e15720       0x20 common/libcommon.a(cmd_version.o)
                0x57e15720                do_version
 .text          0x57e15740      0x2d8 common/libcommon.a(cmd_ximg.o)
                0x57e15740                do_imgextract
 .text          0x57e15a18      0x318 common/libcommon.a(command.o)
                0x57e15af0                find_cmd_tbl
                0x57e15a90                cmd_usage
                0x57e15b88                find_cmd
                0x57e15a18                cmd_get_data_size
                0x57e15bb0                _do_help
 .text          0x57e15d30      0x55c common/libcommon.a(console.o)
                0x57e160c8                console_init_r
                0x57e15fd0                printf
                0x57e15f00                console_assign
                0x57e16224                getc
                0x57e15ed8                search_device
                0x57e15f88                puts
                0x57e15ebc                dbg
                0x57e161b0                serial_printf
                0x57e15e00                ftstc
                0x57e15f40                fprintf
                0x57e1620c                tstc
                0x57e15fa4                vprintf
                0x57e1623c                ctrlc
                0x57e161f0                putc
                0x57e15e80                disable_ctrlc
                0x57e15dd8                fgetc
                0x57e15e98                had_ctrlc
                0x57e15e28                fputc
                0x57e15ec8                console_init_f
                0x57e15ea8                clear_ctrlc
                0x57e16010                stdio_print_current_devices
                0x57e15e54                fputs
 .text          0x57e1628c     0x10d4 common/libcommon.a(dlmalloc.o)
                0x57e165cc                malloc
                0x57e16cf8                pvalloc
                0x57e16dd8                calloc
                0x57e16d1c                malloc_usable_size
                0x57e16eb8                mem_malloc_init
                0x57e16ee4                realloc
                0x57e162c0                malloc_trim
                0x57e1628c                sbrk
                0x57e16d60                mallopt
                0x57e16be8                memalign
                0x57e165c8                cfree
                0x57e16d10                valloc
                0x57e1638c                free
 .text          0x57e17360      0x138 common/libcommon.a(env_common.o)
                0x57e173a0                env_get_char
                0x57e17380                env_get_addr
                0x57e173fc                set_default_env
                0x57e17440                env_relocate
                0x57e173d0                env_crc_update
                0x57e17360                env_get_char_memory
 .text          0x57e17498      0x2e4 common/libcommon.a(env_nand.o)
                0x57e17694                env_relocate_spec
                0x57e176e0                saveenv
                0x57e174a8                env_get_char_spec
                0x57e17614                env_init
                0x57e174b4                writeenv
                0x57e17564                readenv
 .text          0x57e1777c      0x1d4 common/libcommon.a(exports.o)
                0x57e17788                jumptable_init
                0x57e17780                get_version
 .text          0x57e17950      0x384 common/libcommon.a(flash.o)
                0x57e17b70                flash_write
                0x57e17950                flash_protect
                0x57e17a48                addr2info
                0x57e17a90                flash_perror
 .text          0x57e17cd4     0x1d94 common/libcommon.a(hush.o)
                0x57e17fa4                new_pipe
                0x57e17e10                mapset
                0x57e191dc                parse_string_outer
                0x57e18b48                update_ifs_map
                0x57e18998                set_local_var
                0x57e19198                parse_file_outer
                0x57e17cf0                simple_itoa
                0x57e182a4                unset_local_var
                0x57e17e48                do_showvar
                0x57e18468                reserved_word
                0x57e17f34                u_boot_hush_start
 .text          0x57e19a68      0x7a4 common/libcommon.a(image.o)
                0x57e19ef0                getenv_bootm_size
                0x57e19d04                image_print_contents
                0x57e19bac                genimg_get_comp_id
                0x57e19bf4                genimg_get_os_id
                0x57e19acc                get_table_entry_name
                0x57e19b58                genimg_has_config
                0x57e19bdc                genimg_get_arch_id
                0x57e19b0c                genimg_get_arch_name
                0x57e19fc0                boot_get_ramdisk
                0x57e19f6c                image_check_hcrc
                0x57e19af4                genimg_get_os_name
                0x57e19b24                genimg_get_type_name
                0x57e19c30                genimg_get_format
                0x57e19b3c                genimg_get_comp_name
                0x57e19f24                image_check_dcrc
                0x57e19cd8                genimg_print_size
                0x57e19e9c                getenv_bootm_low
                0x57e19b54                genimg_get_image
                0x57e19bc4                genimg_get_type_id
                0x57e19aa4                image_multi_count
                0x57e19e98                memmove_wd
                0x57e19b60                get_table_entry_id
                0x57e19c54                image_multi_getimg
                0x57e19ecc                getenv_yesno
 .text          0x57e1a20c     0x10c8 common/libcommon.a(main.o)
                0x57e1a20c                __show_boot_progress
                0x57e1a30c                run_command
                0x57e1a29c                do_run
                0x57e1a210                parse_line
                0x57e1b198                readline
                0x57e1a20c                show_boot_progress
                0x57e1b1b4                main_loop
                0x57e1a928                readline_into_buffer
 .text          0x57e1b2d4      0x2dc common/libcommon.a(s_record.o)
                0x57e1b340                srec_decode
 .text          0x57e1b5b0      0x174 common/libcommon.a(stdio.o)
                0x57e1b5bc                stdio_clone
                0x57e1b5b0                stdio_get_list
                0x57e1b6d0                stdio_get_by_name
                0x57e1b644                stdio_init
                0x57e1b604                stdio_register
 .text          0x57e1b724     0x16cc common/libcommon.a(usb.o)
                0x57e1c204                usb_set_idle
                0x57e1b73c                usb_maxpacket
                0x57e1c9ec                usb_hub_probe
                0x57e1babc                usb_stop
                0x57e1cd74                usb_init
                0x57e1b724                usb_disable_asynch
                0x57e1c544                usb_clear_halt
                0x57e1bb1c                usb_bulk_msg
                0x57e1c124                usb_get_class_descriptor
                0x57e1ccf8                usb_scan_devices
                0x57e1be38                usb_get_hub_descriptor
                0x57e1bc70                usb_get_port_status
                0x57e1bab8                usb_submit_int_msg
                0x57e1b964                usb_parse_config
                0x57e1bb80                usb_control_msg
                0x57e1c268                usb_set_protocol
                0x57e1c6dc                usb_hub_port_connect_change
                0x57e1c330                usb_set_interface
                0x57e1b880                usb_hub_allocate
                0x57e1c024                usb_string
                0x57e1c194                usb_get_report
                0x57e1c440                usb_get_descriptor
                0x57e1c7d4                usb_hub_configure
                0x57e1be94                usb_get_string
                0x57e1baf8                wait_ms
                0x57e1bde4                usb_clear_hub_feature
                0x57e1c4ac                usb_get_configuration_no
                0x57e1bd84                usb_clear_port_feature
                0x57e1bd24                usb_set_port_feature
                0x57e1ca4c                usb_new_device
                0x57e1bcd0                usb_get_hub_status
                0x57e1c2c8                usb_set_configuration
                0x57e1b7d8                usb_set_maxpacket
                0x57e1c3fc                usb_set_address
                0x57e1b8c4                usb_alloc_new_device
                0x57e1b86c                usb_hub_reset
                0x57e1b83c                usb_get_dev_index
 .text          0x57e1cdf0     0x15c8 common/libcommon.a(usb_storage.o)
                0x57e1d1dc                usb_storage_probe
                0x57e1e150                usb_stor_CB_transport
                0x57e1dba8                usb_stor_CB_comdat
                0x57e1d624                usb_stor_write
                0x57e1ce10                usb_stor_get_dev
                0x57e1d838                usb_stor_read
                0x57e1ce4c                usb_show_progress
                0x57e1da4c                usb_stor_scan
                0x57e1ddd8                usb_stor_BBB_comdat
                0x57e1e348                usb_stor_info
                0x57e1cf30                usb_stor_get_info
                0x57e1d40c                usb_stor_BBB_clear_endpt_stall
                0x57e1e080                usb_stor_CBI_get_status
                0x57e1deb4                usb_stor_BBB_transport
 .text          0x57e1e3b8      0x9dc common/libcommon.a(xyzModem.o)
                0x57e1e4e0                xyzModem_error
                0x57e1e57c                xyzModem_stream_close
                0x57e1e5d0                CYGACC_COMM_IF_GETC_TIMEOUT
                0x57e1e3b8                parse_num
                0x57e1e64c                xyzModem_stream_terminate
                0x57e1ec30                xyzModem_stream_open
                0x57e1e5c8                CYGACC_COMM_IF_PUTC
                0x57e1e9a4                xyzModem_stream_read
 .text          0x57e1ed94       0xbc common/libcommon.a(cmd_bootzImage.o)
                0x57e1ed94                do_bootzImage
 .text          0x57e1ee50       0xc0 board/samsung/smdk6410/libsmdk6410.a(smdk6410.o)
                0x57e1eeac                dram_init
                0x57e1eef0                board_eth_init
                0x57e1eef8                checkboard
                0x57e1ee50                board_init
                0x57e1eecc                board_flash_get_legacy
 .text          0x57e1ef10       0x48 lib_generic/libgeneric.a(crc16.o)
                0x57e1ef10                cyg_crc16
 .text          0x57e1ef58      0x110 lib_generic/libgeneric.a(crc32.o)
                0x57e1f050                crc32
                0x57e1f064                crc32_wd
                0x57e1ef58                crc32_no_comp
 .text          0x57e1f068      0x1d4 lib_generic/libgeneric.a(gunzip.o)
                0x57e1f15c                gunzip
                0x57e1f224                zfree
                0x57e1f068                zunzip
                0x57e1f22c                zalloc
 .text          0x57e1f23c     0x27cc lib_generic/libgeneric.a(zlib.o)
                0x57e202c4                inflate
                0x57e1f23c                inflate_fast
                0x57e1fee0                inflateInit_
                0x57e1ff78                adler32
                0x57e202b4                zcfree
                0x57e1fd3c                inflateReset
                0x57e202bc                zcalloc
                0x57e1fef0                inflateEnd
                0x57e1fdd8                inflateInit2_
                0x57e1f7a4                inflate_table
 .text          0x57e21a08       0x20 cpu/arm1176/s3c64xx/libs3c64xx.a(reset.o)
                0x57e21a08                reset_cpu
 .text          0x57e21a28      0x1c8 lib_arm/libarm.a(bootm.o)
                0x57e21a28                do_bootm_linux
 .text          0x57e21bf0        0x4 lib_arm/libarm.a(cache.o)
                0x57e21bf0                flush_cache
 .text          0x57e21bf4       0xc8 lib_arm/libarm.a(cache-cp15.o)
                0x57e21c98                dcache_enable
                0x57e21c74                icache_enable
                0x57e21c7c                icache_disable
                0x57e21ca8                dcache_status
                0x57e21c84                icache_status
                0x57e21ca0                dcache_disable
 .text          0x57e21cbc     0x12e8 fs/fat/libfat.a(fat.o)
                0x57e22e70                file_fat_read
                0x57e22520                do_fat_read
                0x57e22ea8                file_fat_ls
                0x57e223c0                file_fat_detectfs
                0x57e21ce8                disk_read
                0x57e22eb8                fat_register_device
 .text          0x57e22fa4      0xe4c fs/ext2/libext2fs.a(ext2fs.o)
                0x57e23238                ext2fs_read_file
                0x57e23184                ext2fs_close
                0x57e2309c                ext2fs_mount
                0x57e23d7c                ext2fs_ls
                0x57e23c6c                ext2fs_find_file
                0x57e23ce8                ext2fs_open
                0x57e23164                ext2fs_free_node
                0x57e23728                ext2fs_read
                0x57e239d8                ext2fs_find_file1
 .text          0x57e23df0      0x21c fs/ext2/libext2fs.a(dev.o)
                0x57e23fc0                ext2fs_set_blk_dev
                0x57e23df0                ext2fs_devread
 .text          0x57e2400c      0x374 disk/libdisk.a(part.o)
                0x57e240e8                dev_print
                0x57e2400c                print_part
                0x57e24328                get_dev
                0x57e242e8                get_partition_info
                0x57e2430c                init_part
 .text          0x57e24380      0x4c8 disk/libdisk.a(part_dos.o)
                0x57e24644                get_partition_info_dos
                0x57e2481c                print_part_dos
                0x57e243c8                test_part_dos
 .text          0x57e24848      0x768 drivers/mtd/nand/libnand.a(nand_util.o)
                0x57e24af0                nand_write_skip_bad
                0x57e24944                nand_read_skip_bad
                0x57e24cb4                nand_erase_opts
 .text          0x57e24fb0     0x190c drivers/usb/host/libusb_host.a(ohci-hcd.o)
                0x57e25038                rh_check_port_status
                0x57e25448                usb_lowlevel_stop
                0x57e25ba0                sohci_submit_job
                0x57e259d0                usb_event_poll
                0x57e26218                submit_int_msg
                0x57e268a4                submit_bulk_msg
                0x57e26234                submit_control_msg
                0x57e259d4                usb_lowlevel_init
                0x57e260d0                submit_common_msg
 .text          0x57e268bc       0x50 drivers/usb/host/libusb_host.a(s3c64xx-hcd.o)
                0x57e268bc                usb_cpu_init
                0x57e268d8                usb_cpu_stop
                0x57e268f4                usb_cpu_init_fail
 .text          0x57e2690c       0x24 cpu/arm1176/libarm1176.a(cpu.o)
                0x57e2690c                cleanup_before_linux
 .text          0x57e26930       0x1c /home/linx/kernel/uboot2010/uboot2010/lib_arm/eabi_compat.o
                0x57e26930                raise
 .text          0x57e2694c      0x114 /usr/local/arm/4.3.2/bin/../lib/gcc/arm-none-linux-gnueabi/4.3.2/armv4t/libgcc.a(_udivsi3.o)
                0x57e2694c                __udivsi3
                0x57e2694c                __aeabi_uidiv
                0x57e26a40                __aeabi_uidivmod
 .text          0x57e26a60      0x148 /usr/local/arm/4.3.2/bin/../lib/gcc/arm-none-linux-gnueabi/4.3.2/armv4t/libgcc.a(_divsi3.o)
                0x57e26a60                __aeabi_idiv
                0x57e26a60                __divsi3
                0x57e26b88                __aeabi_idivmod
 .text          0x57e26ba8       0x1c /usr/local/arm/4.3.2/bin/../lib/gcc/arm-none-linux-gnueabi/4.3.2/armv4t/libgcc.a(_lshrdi3.o)
                0x57e26ba8                __aeabi_llsr
                0x57e26ba8                __lshrdi3
 .text          0x57e26bc4       0x1c /usr/local/arm/4.3.2/bin/../lib/gcc/arm-none-linux-gnueabi/4.3.2/armv4t/libgcc.a(_ashrdi3.o)
                0x57e26bc4                __ashrdi3
                0x57e26bc4                __aeabi_lasr
 .text          0x57e26be0       0x1c /usr/local/arm/4.3.2/bin/../lib/gcc/arm-none-linux-gnueabi/4.3.2/armv4t/libgcc.a(_ashldi3.o)
                0x57e26be0                __ashldi3
                0x57e26be0                __aeabi_llsl
 .text          0x57e26bfc       0x14 /usr/local/arm/4.3.2/bin/../lib/gcc/arm-none-linux-gnueabi/4.3.2/armv4t/libgcc.a(_dvmd_lnx.o)
                0x57e26bfc                __aeabi_ldiv0
                0x57e26bfc                __aeabi_idiv0

.glue_7         0x57e26c10        0x0
 .glue_7        0x57e26c10        0x0 cpu/arm1176/start.o
 .glue_7        0x57e26c10        0x0 cpu/arm1176/s3c64xx/cpu_init.o
 .glue_7        0x57e26c10        0x0 board/samsung/smdk6410/lowlevel_init.o
 .glue_7        0x57e26c10        0x0 cpu/arm1176/nand_cp.o
 .glue_7        0x57e26c10        0x0 lib_arm/board.o
 .glue_7        0x57e26c10        0x0 lib_generic/libgeneric.a(display_options.o)
 .glue_7        0x57e26c10        0x0 lib_generic/libgeneric.a(net_utils.o)
 .glue_7        0x57e26c10        0x0 lib_generic/libgeneric.a(string.o)
 .glue_7        0x57e26c10        0x0 lib_generic/libgeneric.a(vsprintf.o)
 .glue_7        0x57e26c10        0x0 lib_generic/libgeneric.a(ctype.o)
 .glue_7        0x57e26c10        0x0 lib_generic/libgeneric.a(div64.o)
 .glue_7        0x57e26c10        0x0 lib_generic/libgeneric.a(time.o)
 .glue_7        0x57e26c10        0x0 cpu/arm1176/s3c64xx/libs3c64xx.a(timer.o)
 .glue_7        0x57e26c10        0x0 cpu/arm1176/s3c64xx/libs3c64xx.a(speed.o)
 .glue_7        0x57e26c10        0x0 lib_arm/libarm.a(interrupts.o)
 .glue_7        0x57e26c10        0x0 lib_arm/libarm.a(reset.o)
 .glue_7        0x57e26c10        0x0 net/libnet.a(eth.o)
 .glue_7        0x57e26c10        0x0 net/libnet.a(net.o)
 .glue_7        0x57e26c10        0x0 net/libnet.a(nfs.o)
 .glue_7        0x57e26c10        0x0 net/libnet.a(rarp.o)
 .glue_7        0x57e26c10        0x0 net/libnet.a(tftp.o)
 .glue_7        0x57e26c10        0x0 net/libnet.a(bootp.o)
 .glue_7        0x57e26c10        0x0 drivers/mtd/libmtd.a(cfi_flash.o)
 .glue_7        0x57e26c10        0x0 drivers/mtd/libmtd.a(jedec_flash.o)
 .glue_7        0x57e26c10        0x0 drivers/mtd/nand/libnand.a(nand.o)
 .glue_7        0x57e26c10        0x0 drivers/mtd/nand/libnand.a(nand_base.o)
 .glue_7        0x57e26c10        0x0 drivers/mtd/nand/libnand.a(nand_bbt.o)
 .glue_7        0x57e26c10        0x0 drivers/mtd/nand/libnand.a(nand_ecc.o)
 .glue_7        0x57e26c10        0x0 drivers/mtd/nand/libnand.a(nand_ids.o)
 .glue_7        0x57e26c10        0x0 drivers/mtd/nand/libnand.a(s3c64xx.o)
 .glue_7        0x57e26c10        0x0 drivers/net/libnet.a(dm9000x.o)
 .glue_7        0x57e26c10        0x0 drivers/serial/libserial.a(s3c64xx.o)
 .glue_7        0x57e26c10        0x0 common/libcommon.a(cmd_bdinfo.o)
 .glue_7        0x57e26c10        0x0 common/libcommon.a(cmd_boot.o)
 .glue_7        0x57e26c10        0x0 common/libcommon.a(cmd_bootm.o)
 .glue_7        0x57e26c10        0x0 common/libcommon.a(cmd_cache.o)
 .glue_7        0x57e26c10        0x0 common/libcommon.a(cmd_console.o)
 .glue_7        0x57e26c10        0x0 common/libcommon.a(cmd_echo.o)
 .glue_7        0x57e26c10        0x0 common/libcommon.a(cmd_elf.o)
 .glue_7        0x57e26c10        0x0 common/libcommon.a(cmd_exit.o)
 .glue_7        0x57e26c10        0x0 common/libcommon.a(cmd_ext2.o)
 .glue_7        0x57e26c10        0x0 common/libcommon.a(cmd_fat.o)
 .glue_7        0x57e26c10        0x0 common/libcommon.a(cmd_flash.o)
 .glue_7        0x57e26c10        0x0 common/libcommon.a(cmd_help.o)
 .glue_7        0x57e26c10        0x0 common/libcommon.a(cmd_itest.o)
 .glue_7        0x57e26c10        0x0 common/libcommon.a(cmd_load.o)
 .glue_7        0x57e26c10        0x0 common/libcommon.a(cmd_mem.o)
 .glue_7        0x57e26c10        0x0 common/libcommon.a(cmd_misc.o)
 .glue_7        0x57e26c10        0x0 common/libcommon.a(cmd_nand.o)
 .glue_7        0x57e26c10        0x0 common/libcommon.a(cmd_net.o)
 .glue_7        0x57e26c10        0x0 common/libcommon.a(cmd_nvedit.o)
 .glue_7        0x57e26c10        0x0 common/libcommon.a(cmd_reginfo.o)
 .glue_7        0x57e26c10        0x0 common/libcommon.a(cmd_source.o)
 .glue_7        0x57e26c10        0x0 common/libcommon.a(cmd_test.o)
 .glue_7        0x57e26c10        0x0 common/libcommon.a(cmd_usb.o)
 .glue_7        0x57e26c10        0x0 common/libcommon.a(cmd_version.o)
 .glue_7        0x57e26c10        0x0 common/libcommon.a(cmd_ximg.o)
 .glue_7        0x57e26c10        0x0 common/libcommon.a(command.o)
 .glue_7        0x57e26c10        0x0 common/libcommon.a(console.o)
 .glue_7        0x57e26c10        0x0 common/libcommon.a(dlmalloc.o)
 .glue_7        0x57e26c10        0x0 common/libcommon.a(env_common.o)
 .glue_7        0x57e26c10        0x0 common/libcommon.a(env_nand.o)
 .glue_7        0x57e26c10        0x0 common/libcommon.a(exports.o)
 .glue_7        0x57e26c10        0x0 common/libcommon.a(flash.o)
 .glue_7        0x57e26c10        0x0 common/libcommon.a(hush.o)
 .glue_7        0x57e26c10        0x0 common/libcommon.a(image.o)
 .glue_7        0x57e26c10        0x0 common/libcommon.a(main.o)
 .glue_7        0x57e26c10        0x0 common/libcommon.a(s_record.o)
 .glue_7        0x57e26c10        0x0 common/libcommon.a(stdio.o)
 .glue_7        0x57e26c10        0x0 common/libcommon.a(usb.o)
 .glue_7        0x57e26c10        0x0 common/libcommon.a(usb_storage.o)
 .glue_7        0x57e26c10        0x0 common/libcommon.a(xyzModem.o)
 .glue_7        0x57e26c10        0x0 common/libcommon.a(cmd_bootzImage.o)
 .glue_7        0x57e26c10        0x0 board/samsung/smdk6410/libsmdk6410.a(smdk6410.o)
 .glue_7        0x57e26c10        0x0 lib_generic/libgeneric.a(crc16.o)
 .glue_7        0x57e26c10        0x0 lib_generic/libgeneric.a(crc32.o)
 .glue_7        0x57e26c10        0x0 lib_generic/libgeneric.a(gunzip.o)
 .glue_7        0x57e26c10        0x0 lib_generic/libgeneric.a(zlib.o)
 .glue_7        0x57e26c10        0x0 cpu/arm1176/s3c64xx/libs3c64xx.a(reset.o)
 .glue_7        0x57e26c10        0x0 lib_arm/libarm.a(bootm.o)
 .glue_7        0x57e26c10        0x0 lib_arm/libarm.a(cache.o)
 .glue_7        0x57e26c10        0x0 lib_arm/libarm.a(cache-cp15.o)
 .glue_7        0x57e26c10        0x0 fs/fat/libfat.a(fat.o)
 .glue_7        0x57e26c10        0x0 fs/ext2/libext2fs.a(ext2fs.o)
 .glue_7        0x57e26c10        0x0 fs/ext2/libext2fs.a(dev.o)
 .glue_7        0x57e26c10        0x0 disk/libdisk.a(part.o)
 .glue_7        0x57e26c10        0x0 disk/libdisk.a(part_dos.o)
 .glue_7        0x57e26c10        0x0 drivers/mtd/nand/libnand.a(nand_util.o)
 .glue_7        0x57e26c10        0x0 drivers/usb/host/libusb_host.a(ohci-hcd.o)
 .glue_7        0x57e26c10        0x0 drivers/usb/host/libusb_host.a(s3c64xx-hcd.o)
 .glue_7        0x57e26c10        0x0 cpu/arm1176/libarm1176.a(cpu.o)
 .glue_7        0x57e26c10        0x0 /home/linx/kernel/uboot2010/uboot2010/lib_arm/eabi_compat.o
 .glue_7        0x57e26c10        0x0 /usr/local/arm/4.3.2/bin/../lib/gcc/arm-none-linux-gnueabi/4.3.2/armv4t/libgcc.a(_udivsi3.o)
 .glue_7        0x57e26c10        0x0 /usr/local/arm/4.3.2/bin/../lib/gcc/arm-none-linux-gnueabi/4.3.2/armv4t/libgcc.a(_divsi3.o)
 .glue_7        0x57e26c10        0x0 /usr/local/arm/4.3.2/bin/../lib/gcc/arm-none-linux-gnueabi/4.3.2/armv4t/libgcc.a(_lshrdi3.o)
 .glue_7        0x57e26c10        0x0 /usr/local/arm/4.3.2/bin/../lib/gcc/arm-none-linux-gnueabi/4.3.2/armv4t/libgcc.a(_ashrdi3.o)
 .glue_7        0x57e26c10        0x0 /usr/local/arm/4.3.2/bin/../lib/gcc/arm-none-linux-gnueabi/4.3.2/armv4t/libgcc.a(_ashldi3.o)
 .glue_7        0x57e26c10        0x0 /usr/local/arm/4.3.2/bin/../lib/gcc/arm-none-linux-gnueabi/4.3.2/armv4t/libgcc.a(_dvmd_lnx.o)

.glue_7t        0x57e26c10        0x0
 .glue_7t       0x57e26c10        0x0 cpu/arm1176/start.o
 .glue_7t       0x57e26c10        0x0 cpu/arm1176/s3c64xx/cpu_init.o
 .glue_7t       0x57e26c10        0x0 board/samsung/smdk6410/lowlevel_init.o
 .glue_7t       0x57e26c10        0x0 cpu/arm1176/nand_cp.o
 .glue_7t       0x57e26c10        0x0 lib_arm/board.o
 .glue_7t       0x57e26c10        0x0 lib_generic/libgeneric.a(display_options.o)
 .glue_7t       0x57e26c10        0x0 lib_generic/libgeneric.a(net_utils.o)
 .glue_7t       0x57e26c10        0x0 lib_generic/libgeneric.a(string.o)
 .glue_7t       0x57e26c10        0x0 lib_generic/libgeneric.a(vsprintf.o)
 .glue_7t       0x57e26c10        0x0 lib_generic/libgeneric.a(ctype.o)
 .glue_7t       0x57e26c10        0x0 lib_generic/libgeneric.a(div64.o)
 .glue_7t       0x57e26c10        0x0 lib_generic/libgeneric.a(time.o)
 .glue_7t       0x57e26c10        0x0 cpu/arm1176/s3c64xx/libs3c64xx.a(timer.o)
 .glue_7t       0x57e26c10        0x0 cpu/arm1176/s3c64xx/libs3c64xx.a(speed.o)
 .glue_7t       0x57e26c10        0x0 lib_arm/libarm.a(interrupts.o)
 .glue_7t       0x57e26c10        0x0 lib_arm/libarm.a(reset.o)
 .glue_7t       0x57e26c10        0x0 net/libnet.a(eth.o)
 .glue_7t       0x57e26c10        0x0 net/libnet.a(net.o)
 .glue_7t       0x57e26c10        0x0 net/libnet.a(nfs.o)
 .glue_7t       0x57e26c10        0x0 net/libnet.a(rarp.o)
 .glue_7t       0x57e26c10        0x0 net/libnet.a(tftp.o)
 .glue_7t       0x57e26c10        0x0 net/libnet.a(bootp.o)
 .glue_7t       0x57e26c10        0x0 drivers/mtd/libmtd.a(cfi_flash.o)
 .glue_7t       0x57e26c10        0x0 drivers/mtd/libmtd.a(jedec_flash.o)
 .glue_7t       0x57e26c10        0x0 drivers/mtd/nand/libnand.a(nand.o)
 .glue_7t       0x57e26c10        0x0 drivers/mtd/nand/libnand.a(nand_base.o)
 .glue_7t       0x57e26c10        0x0 drivers/mtd/nand/libnand.a(nand_bbt.o)
 .glue_7t       0x57e26c10        0x0 drivers/mtd/nand/libnand.a(nand_ecc.o)
 .glue_7t       0x57e26c10        0x0 drivers/mtd/nand/libnand.a(nand_ids.o)
 .glue_7t       0x57e26c10        0x0 drivers/mtd/nand/libnand.a(s3c64xx.o)
 .glue_7t       0x57e26c10        0x0 drivers/net/libnet.a(dm9000x.o)
 .glue_7t       0x57e26c10        0x0 drivers/serial/libserial.a(s3c64xx.o)
 .glue_7t       0x57e26c10        0x0 common/libcommon.a(cmd_bdinfo.o)
 .glue_7t       0x57e26c10        0x0 common/libcommon.a(cmd_boot.o)
 .glue_7t       0x57e26c10        0x0 common/libcommon.a(cmd_bootm.o)
 .glue_7t       0x57e26c10        0x0 common/libcommon.a(cmd_cache.o)
 .glue_7t       0x57e26c10        0x0 common/libcommon.a(cmd_console.o)
 .glue_7t       0x57e26c10        0x0 common/libcommon.a(cmd_echo.o)
 .glue_7t       0x57e26c10        0x0 common/libcommon.a(cmd_elf.o)
 .glue_7t       0x57e26c10        0x0 common/libcommon.a(cmd_exit.o)
 .glue_7t       0x57e26c10        0x0 common/libcommon.a(cmd_ext2.o)
 .glue_7t       0x57e26c10        0x0 common/libcommon.a(cmd_fat.o)
 .glue_7t       0x57e26c10        0x0 common/libcommon.a(cmd_flash.o)
 .glue_7t       0x57e26c10        0x0 common/libcommon.a(cmd_help.o)
 .glue_7t       0x57e26c10        0x0 common/libcommon.a(cmd_itest.o)
 .glue_7t       0x57e26c10        0x0 common/libcommon.a(cmd_load.o)
 .glue_7t       0x57e26c10        0x0 common/libcommon.a(cmd_mem.o)
 .glue_7t       0x57e26c10        0x0 common/libcommon.a(cmd_misc.o)
 .glue_7t       0x57e26c10        0x0 common/libcommon.a(cmd_nand.o)
 .glue_7t       0x57e26c10        0x0 common/libcommon.a(cmd_net.o)
 .glue_7t       0x57e26c10        0x0 common/libcommon.a(cmd_nvedit.o)
 .glue_7t       0x57e26c10        0x0 common/libcommon.a(cmd_reginfo.o)
 .glue_7t       0x57e26c10        0x0 common/libcommon.a(cmd_source.o)
 .glue_7t       0x57e26c10        0x0 common/libcommon.a(cmd_test.o)
 .glue_7t       0x57e26c10        0x0 common/libcommon.a(cmd_usb.o)
 .glue_7t       0x57e26c10        0x0 common/libcommon.a(cmd_version.o)
 .glue_7t       0x57e26c10        0x0 common/libcommon.a(cmd_ximg.o)
 .glue_7t       0x57e26c10        0x0 common/libcommon.a(command.o)
 .glue_7t       0x57e26c10        0x0 common/libcommon.a(console.o)
 .glue_7t       0x57e26c10        0x0 common/libcommon.a(dlmalloc.o)
 .glue_7t       0x57e26c10        0x0 common/libcommon.a(env_common.o)
 .glue_7t       0x57e26c10        0x0 common/libcommon.a(env_nand.o)
 .glue_7t       0x57e26c10        0x0 common/libcommon.a(exports.o)
 .glue_7t       0x57e26c10        0x0 common/libcommon.a(flash.o)
 .glue_7t       0x57e26c10        0x0 common/libcommon.a(hush.o)
 .glue_7t       0x57e26c10        0x0 common/libcommon.a(image.o)
 .glue_7t       0x57e26c10        0x0 common/libcommon.a(main.o)
 .glue_7t       0x57e26c10        0x0 common/libcommon.a(s_record.o)
 .glue_7t       0x57e26c10        0x0 common/libcommon.a(stdio.o)
 .glue_7t       0x57e26c10        0x0 common/libcommon.a(usb.o)
 .glue_7t       0x57e26c10        0x0 common/libcommon.a(usb_storage.o)
 .glue_7t       0x57e26c10        0x0 common/libcommon.a(xyzModem.o)
 .glue_7t       0x57e26c10        0x0 common/libcommon.a(cmd_bootzImage.o)
 .glue_7t       0x57e26c10        0x0 board/samsung/smdk6410/libsmdk6410.a(smdk6410.o)
 .glue_7t       0x57e26c10        0x0 lib_generic/libgeneric.a(crc16.o)
 .glue_7t       0x57e26c10        0x0 lib_generic/libgeneric.a(crc32.o)
 .glue_7t       0x57e26c10        0x0 lib_generic/libgeneric.a(gunzip.o)
 .glue_7t       0x57e26c10        0x0 lib_generic/libgeneric.a(zlib.o)
 .glue_7t       0x57e26c10        0x0 cpu/arm1176/s3c64xx/libs3c64xx.a(reset.o)
 .glue_7t       0x57e26c10        0x0 lib_arm/libarm.a(bootm.o)
 .glue_7t       0x57e26c10        0x0 lib_arm/libarm.a(cache.o)
 .glue_7t       0x57e26c10        0x0 lib_arm/libarm.a(cache-cp15.o)
 .glue_7t       0x57e26c10        0x0 fs/fat/libfat.a(fat.o)
 .glue_7t       0x57e26c10        0x0 fs/ext2/libext2fs.a(ext2fs.o)
 .glue_7t       0x57e26c10        0x0 fs/ext2/libext2fs.a(dev.o)
 .glue_7t       0x57e26c10        0x0 disk/libdisk.a(part.o)
 .glue_7t       0x57e26c10        0x0 disk/libdisk.a(part_dos.o)
 .glue_7t       0x57e26c10        0x0 drivers/mtd/nand/libnand.a(nand_util.o)
 .glue_7t       0x57e26c10        0x0 drivers/usb/host/libusb_host.a(ohci-hcd.o)
 .glue_7t       0x57e26c10        0x0 drivers/usb/host/libusb_host.a(s3c64xx-hcd.o)
 .glue_7t       0x57e26c10        0x0 cpu/arm1176/libarm1176.a(cpu.o)
 .glue_7t       0x57e26c10        0x0 /home/linx/kernel/uboot2010/uboot2010/lib_arm/eabi_compat.o
 .glue_7t       0x57e26c10        0x0 /usr/local/arm/4.3.2/bin/../lib/gcc/arm-none-linux-gnueabi/4.3.2/armv4t/libgcc.a(_udivsi3.o)
 .glue_7t       0x57e26c10        0x0 /usr/local/arm/4.3.2/bin/../lib/gcc/arm-none-linux-gnueabi/4.3.2/armv4t/libgcc.a(_divsi3.o)
 .glue_7t       0x57e26c10        0x0 /usr/local/arm/4.3.2/bin/../lib/gcc/arm-none-linux-gnueabi/4.3.2/armv4t/libgcc.a(_lshrdi3.o)
 .glue_7t       0x57e26c10        0x0 /usr/local/arm/4.3.2/bin/../lib/gcc/arm-none-linux-gnueabi/4.3.2/armv4t/libgcc.a(_ashrdi3.o)
 .glue_7t       0x57e26c10        0x0 /usr/local/arm/4.3.2/bin/../lib/gcc/arm-none-linux-gnueabi/4.3.2/armv4t/libgcc.a(_ashldi3.o)
 .glue_7t       0x57e26c10        0x0 /usr/local/arm/4.3.2/bin/../lib/gcc/arm-none-linux-gnueabi/4.3.2/armv4t/libgcc.a(_dvmd_lnx.o)

.vfp11_veneer   0x57e26c10        0x0
 .vfp11_veneer  0x57e26c10        0x0 cpu/arm1176/start.o
 .vfp11_veneer  0x57e26c10        0x0 cpu/arm1176/s3c64xx/cpu_init.o
 .vfp11_veneer  0x57e26c10        0x0 board/samsung/smdk6410/lowlevel_init.o
 .vfp11_veneer  0x57e26c10        0x0 cpu/arm1176/nand_cp.o
 .vfp11_veneer  0x57e26c10        0x0 lib_arm/board.o
 .vfp11_veneer  0x57e26c10        0x0 lib_generic/libgeneric.a(display_options.o)
 .vfp11_veneer  0x57e26c10        0x0 lib_generic/libgeneric.a(net_utils.o)
 .vfp11_veneer  0x57e26c10        0x0 lib_generic/libgeneric.a(string.o)
 .vfp11_veneer  0x57e26c10        0x0 lib_generic/libgeneric.a(vsprintf.o)
 .vfp11_veneer  0x57e26c10        0x0 lib_generic/libgeneric.a(ctype.o)
 .vfp11_veneer  0x57e26c10        0x0 lib_generic/libgeneric.a(div64.o)
 .vfp11_veneer  0x57e26c10        0x0 lib_generic/libgeneric.a(time.o)
 .vfp11_veneer  0x57e26c10        0x0 cpu/arm1176/s3c64xx/libs3c64xx.a(timer.o)
 .vfp11_veneer  0x57e26c10        0x0 cpu/arm1176/s3c64xx/libs3c64xx.a(speed.o)
 .vfp11_veneer  0x57e26c10        0x0 lib_arm/libarm.a(interrupts.o)
 .vfp11_veneer  0x57e26c10        0x0 lib_arm/libarm.a(reset.o)
 .vfp11_veneer  0x57e26c10        0x0 net/libnet.a(eth.o)
 .vfp11_veneer  0x57e26c10        0x0 net/libnet.a(net.o)
 .vfp11_veneer  0x57e26c10        0x0 net/libnet.a(nfs.o)
 .vfp11_veneer  0x57e26c10        0x0 net/libnet.a(rarp.o)
 .vfp11_veneer  0x57e26c10        0x0 net/libnet.a(tftp.o)
 .vfp11_veneer  0x57e26c10        0x0 net/libnet.a(bootp.o)
 .vfp11_veneer  0x57e26c10        0x0 drivers/mtd/libmtd.a(cfi_flash.o)
 .vfp11_veneer  0x57e26c10        0x0 drivers/mtd/libmtd.a(jedec_flash.o)
 .vfp11_veneer  0x57e26c10        0x0 drivers/mtd/nand/libnand.a(nand.o)
 .vfp11_veneer  0x57e26c10        0x0 drivers/mtd/nand/libnand.a(nand_base.o)
 .vfp11_veneer  0x57e26c10        0x0 drivers/mtd/nand/libnand.a(nand_bbt.o)
 .vfp11_veneer  0x57e26c10        0x0 drivers/mtd/nand/libnand.a(nand_ecc.o)
 .vfp11_veneer  0x57e26c10        0x0 drivers/mtd/nand/libnand.a(nand_ids.o)
 .vfp11_veneer  0x57e26c10        0x0 drivers/mtd/nand/libnand.a(s3c64xx.o)
 .vfp11_veneer  0x57e26c10        0x0 drivers/net/libnet.a(dm9000x.o)
 .vfp11_veneer  0x57e26c10        0x0 drivers/serial/libserial.a(s3c64xx.o)
 .vfp11_veneer  0x57e26c10        0x0 common/libcommon.a(cmd_bdinfo.o)
 .vfp11_veneer  0x57e26c10        0x0 common/libcommon.a(cmd_boot.o)
 .vfp11_veneer  0x57e26c10        0x0 common/libcommon.a(cmd_bootm.o)
 .vfp11_veneer  0x57e26c10        0x0 common/libcommon.a(cmd_cache.o)
 .vfp11_veneer  0x57e26c10        0x0 common/libcommon.a(cmd_console.o)
 .vfp11_veneer  0x57e26c10        0x0 common/libcommon.a(cmd_echo.o)
 .vfp11_veneer  0x57e26c10        0x0 common/libcommon.a(cmd_elf.o)
 .vfp11_veneer  0x57e26c10        0x0 common/libcommon.a(cmd_exit.o)
 .vfp11_veneer  0x57e26c10        0x0 common/libcommon.a(cmd_ext2.o)
 .vfp11_veneer  0x57e26c10        0x0 common/libcommon.a(cmd_fat.o)
 .vfp11_veneer  0x57e26c10        0x0 common/libcommon.a(cmd_flash.o)
 .vfp11_veneer  0x57e26c10        0x0 common/libcommon.a(cmd_help.o)
 .vfp11_veneer  0x57e26c10        0x0 common/libcommon.a(cmd_itest.o)
 .vfp11_veneer  0x57e26c10        0x0 common/libcommon.a(cmd_load.o)
 .vfp11_veneer  0x57e26c10        0x0 common/libcommon.a(cmd_mem.o)
 .vfp11_veneer  0x57e26c10        0x0 common/libcommon.a(cmd_misc.o)
 .vfp11_veneer  0x57e26c10        0x0 common/libcommon.a(cmd_nand.o)
 .vfp11_veneer  0x57e26c10        0x0 common/libcommon.a(cmd_net.o)
 .vfp11_veneer  0x57e26c10        0x0 common/libcommon.a(cmd_nvedit.o)
 .vfp11_veneer  0x57e26c10        0x0 common/libcommon.a(cmd_reginfo.o)
 .vfp11_veneer  0x57e26c10        0x0 common/libcommon.a(cmd_source.o)
 .vfp11_veneer  0x57e26c10        0x0 common/libcommon.a(cmd_test.o)
 .vfp11_veneer  0x57e26c10        0x0 common/libcommon.a(cmd_usb.o)
 .vfp11_veneer  0x57e26c10        0x0 common/libcommon.a(cmd_version.o)
 .vfp11_veneer  0x57e26c10        0x0 common/libcommon.a(cmd_ximg.o)
 .vfp11_veneer  0x57e26c10        0x0 common/libcommon.a(command.o)
 .vfp11_veneer  0x57e26c10        0x0 common/libcommon.a(console.o)
 .vfp11_veneer  0x57e26c10        0x0 common/libcommon.a(dlmalloc.o)
 .vfp11_veneer  0x57e26c10        0x0 common/libcommon.a(env_common.o)
 .vfp11_veneer  0x57e26c10        0x0 common/libcommon.a(env_nand.o)
 .vfp11_veneer  0x57e26c10        0x0 common/libcommon.a(exports.o)
 .vfp11_veneer  0x57e26c10        0x0 common/libcommon.a(flash.o)
 .vfp11_veneer  0x57e26c10        0x0 common/libcommon.a(hush.o)
 .vfp11_veneer  0x57e26c10        0x0 common/libcommon.a(image.o)
 .vfp11_veneer  0x57e26c10        0x0 common/libcommon.a(main.o)
 .vfp11_veneer  0x57e26c10        0x0 common/libcommon.a(s_record.o)
 .vfp11_veneer  0x57e26c10        0x0 common/libcommon.a(stdio.o)
 .vfp11_veneer  0x57e26c10        0x0 common/libcommon.a(usb.o)
 .vfp11_veneer  0x57e26c10        0x0 common/libcommon.a(usb_storage.o)
 .vfp11_veneer  0x57e26c10        0x0 common/libcommon.a(xyzModem.o)
 .vfp11_veneer  0x57e26c10        0x0 common/libcommon.a(cmd_bootzImage.o)
 .vfp11_veneer  0x57e26c10        0x0 board/samsung/smdk6410/libsmdk6410.a(smdk6410.o)
 .vfp11_veneer  0x57e26c10        0x0 lib_generic/libgeneric.a(crc16.o)
 .vfp11_veneer  0x57e26c10        0x0 lib_generic/libgeneric.a(crc32.o)
 .vfp11_veneer  0x57e26c10        0x0 lib_generic/libgeneric.a(gunzip.o)
 .vfp11_veneer  0x57e26c10        0x0 lib_generic/libgeneric.a(zlib.o)
 .vfp11_veneer  0x57e26c10        0x0 cpu/arm1176/s3c64xx/libs3c64xx.a(reset.o)
 .vfp11_veneer  0x57e26c10        0x0 lib_arm/libarm.a(bootm.o)
 .vfp11_veneer  0x57e26c10        0x0 lib_arm/libarm.a(cache.o)
 .vfp11_veneer  0x57e26c10        0x0 lib_arm/libarm.a(cache-cp15.o)
 .vfp11_veneer  0x57e26c10        0x0 fs/fat/libfat.a(fat.o)
 .vfp11_veneer  0x57e26c10        0x0 fs/ext2/libext2fs.a(ext2fs.o)
 .vfp11_veneer  0x57e26c10        0x0 fs/ext2/libext2fs.a(dev.o)
 .vfp11_veneer  0x57e26c10        0x0 disk/libdisk.a(part.o)
 .vfp11_veneer  0x57e26c10        0x0 disk/libdisk.a(part_dos.o)
 .vfp11_veneer  0x57e26c10        0x0 drivers/mtd/nand/libnand.a(nand_util.o)
 .vfp11_veneer  0x57e26c10        0x0 drivers/usb/host/libusb_host.a(ohci-hcd.o)
 .vfp11_veneer  0x57e26c10        0x0 drivers/usb/host/libusb_host.a(s3c64xx-hcd.o)
 .vfp11_veneer  0x57e26c10        0x0 cpu/arm1176/libarm1176.a(cpu.o)
 .vfp11_veneer  0x57e26c10        0x0 /home/linx/kernel/uboot2010/uboot2010/lib_arm/eabi_compat.o
 .vfp11_veneer  0x57e26c10        0x0 /usr/local/arm/4.3.2/bin/../lib/gcc/arm-none-linux-gnueabi/4.3.2/armv4t/libgcc.a(_udivsi3.o)
 .vfp11_veneer  0x57e26c10        0x0 /usr/local/arm/4.3.2/bin/../lib/gcc/arm-none-linux-gnueabi/4.3.2/armv4t/libgcc.a(_divsi3.o)
 .vfp11_veneer  0x57e26c10        0x0 /usr/local/arm/4.3.2/bin/../lib/gcc/arm-none-linux-gnueabi/4.3.2/armv4t/libgcc.a(_lshrdi3.o)
 .vfp11_veneer  0x57e26c10        0x0 /usr/local/arm/4.3.2/bin/../lib/gcc/arm-none-linux-gnueabi/4.3.2/armv4t/libgcc.a(_ashrdi3.o)
 .vfp11_veneer  0x57e26c10        0x0 /usr/local/arm/4.3.2/bin/../lib/gcc/arm-none-linux-gnueabi/4.3.2/armv4t/libgcc.a(_ashldi3.o)
 .vfp11_veneer  0x57e26c10        0x0 /usr/local/arm/4.3.2/bin/../lib/gcc/arm-none-linux-gnueabi/4.3.2/armv4t/libgcc.a(_dvmd_lnx.o)

.janus_2cc_veneer
                0x57e26c10        0x0
 .janus_2cc_veneer
                0x57e26c10        0x0 cpu/arm1176/start.o
 .janus_2cc_veneer
                0x57e26c10        0x0 cpu/arm1176/s3c64xx/cpu_init.o
 .janus_2cc_veneer
                0x57e26c10        0x0 board/samsung/smdk6410/lowlevel_init.o
 .janus_2cc_veneer
                0x57e26c10        0x0 cpu/arm1176/nand_cp.o
 .janus_2cc_veneer
                0x57e26c10        0x0 lib_arm/board.o
 .janus_2cc_veneer
                0x57e26c10        0x0 lib_generic/libgeneric.a(display_options.o)
 .janus_2cc_veneer
                0x57e26c10        0x0 lib_generic/libgeneric.a(net_utils.o)
 .janus_2cc_veneer
                0x57e26c10        0x0 lib_generic/libgeneric.a(string.o)
 .janus_2cc_veneer
                0x57e26c10        0x0 lib_generic/libgeneric.a(vsprintf.o)
 .janus_2cc_veneer
                0x57e26c10        0x0 lib_generic/libgeneric.a(ctype.o)
 .janus_2cc_veneer
                0x57e26c10        0x0 lib_generic/libgeneric.a(div64.o)
 .janus_2cc_veneer
                0x57e26c10        0x0 lib_generic/libgeneric.a(time.o)
 .janus_2cc_veneer
                0x57e26c10        0x0 cpu/arm1176/s3c64xx/libs3c64xx.a(timer.o)
 .janus_2cc_veneer
                0x57e26c10        0x0 cpu/arm1176/s3c64xx/libs3c64xx.a(speed.o)
 .janus_2cc_veneer
                0x57e26c10        0x0 lib_arm/libarm.a(interrupts.o)
 .janus_2cc_veneer
                0x57e26c10        0x0 lib_arm/libarm.a(reset.o)
 .janus_2cc_veneer
                0x57e26c10        0x0 net/libnet.a(eth.o)
 .janus_2cc_veneer
                0x57e26c10        0x0 net/libnet.a(net.o)
 .janus_2cc_veneer
                0x57e26c10        0x0 net/libnet.a(nfs.o)
 .janus_2cc_veneer
                0x57e26c10        0x0 net/libnet.a(rarp.o)
 .janus_2cc_veneer
                0x57e26c10        0x0 net/libnet.a(tftp.o)
 .janus_2cc_veneer
                0x57e26c10        0x0 net/libnet.a(bootp.o)
 .janus_2cc_veneer
                0x57e26c10        0x0 drivers/mtd/libmtd.a(cfi_flash.o)
 .janus_2cc_veneer
                0x57e26c10        0x0 drivers/mtd/libmtd.a(jedec_flash.o)
 .janus_2cc_veneer
                0x57e26c10        0x0 drivers/mtd/nand/libnand.a(nand.o)
 .janus_2cc_veneer
                0x57e26c10        0x0 drivers/mtd/nand/libnand.a(nand_base.o)
 .janus_2cc_veneer
                0x57e26c10        0x0 drivers/mtd/nand/libnand.a(nand_bbt.o)
 .janus_2cc_veneer
                0x57e26c10        0x0 drivers/mtd/nand/libnand.a(nand_ecc.o)
 .janus_2cc_veneer
                0x57e26c10        0x0 drivers/mtd/nand/libnand.a(nand_ids.o)
 .janus_2cc_veneer
                0x57e26c10        0x0 drivers/mtd/nand/libnand.a(s3c64xx.o)
 .janus_2cc_veneer
                0x57e26c10        0x0 drivers/net/libnet.a(dm9000x.o)
 .janus_2cc_veneer
                0x57e26c10        0x0 drivers/serial/libserial.a(s3c64xx.o)
 .janus_2cc_veneer
                0x57e26c10        0x0 common/libcommon.a(cmd_bdinfo.o)
 .janus_2cc_veneer
                0x57e26c10        0x0 common/libcommon.a(cmd_boot.o)
 .janus_2cc_veneer
                0x57e26c10        0x0 common/libcommon.a(cmd_bootm.o)
 .janus_2cc_veneer
                0x57e26c10        0x0 common/libcommon.a(cmd_cache.o)
 .janus_2cc_veneer
                0x57e26c10        0x0 common/libcommon.a(cmd_console.o)
 .janus_2cc_veneer
                0x57e26c10        0x0 common/libcommon.a(cmd_echo.o)
 .janus_2cc_veneer
                0x57e26c10        0x0 common/libcommon.a(cmd_elf.o)
 .janus_2cc_veneer
                0x57e26c10        0x0 common/libcommon.a(cmd_exit.o)
 .janus_2cc_veneer
                0x57e26c10        0x0 common/libcommon.a(cmd_ext2.o)
 .janus_2cc_veneer
                0x57e26c10        0x0 common/libcommon.a(cmd_fat.o)
 .janus_2cc_veneer
                0x57e26c10        0x0 common/libcommon.a(cmd_flash.o)
 .janus_2cc_veneer
                0x57e26c10        0x0 common/libcommon.a(cmd_help.o)
 .janus_2cc_veneer
                0x57e26c10        0x0 common/libcommon.a(cmd_itest.o)
 .janus_2cc_veneer
                0x57e26c10        0x0 common/libcommon.a(cmd_load.o)
 .janus_2cc_veneer
                0x57e26c10        0x0 common/libcommon.a(cmd_mem.o)
 .janus_2cc_veneer
                0x57e26c10        0x0 common/libcommon.a(cmd_misc.o)
 .janus_2cc_veneer
                0x57e26c10        0x0 common/libcommon.a(cmd_nand.o)
 .janus_2cc_veneer
                0x57e26c10        0x0 common/libcommon.a(cmd_net.o)
 .janus_2cc_veneer
                0x57e26c10        0x0 common/libcommon.a(cmd_nvedit.o)
 .janus_2cc_veneer
                0x57e26c10        0x0 common/libcommon.a(cmd_reginfo.o)
 .janus_2cc_veneer
                0x57e26c10        0x0 common/libcommon.a(cmd_source.o)
 .janus_2cc_veneer
                0x57e26c10        0x0 common/libcommon.a(cmd_test.o)
 .janus_2cc_veneer
                0x57e26c10        0x0 common/libcommon.a(cmd_usb.o)
 .janus_2cc_veneer
                0x57e26c10        0x0 common/libcommon.a(cmd_version.o)
 .janus_2cc_veneer
                0x57e26c10        0x0 common/libcommon.a(cmd_ximg.o)
 .janus_2cc_veneer
                0x57e26c10        0x0 common/libcommon.a(command.o)
 .janus_2cc_veneer
                0x57e26c10        0x0 common/libcommon.a(console.o)
 .janus_2cc_veneer
                0x57e26c10        0x0 common/libcommon.a(dlmalloc.o)
 .janus_2cc_veneer
                0x57e26c10        0x0 common/libcommon.a(env_common.o)
 .janus_2cc_veneer
                0x57e26c10        0x0 common/libcommon.a(env_nand.o)
 .janus_2cc_veneer
                0x57e26c10        0x0 common/libcommon.a(exports.o)
 .janus_2cc_veneer
                0x57e26c10        0x0 common/libcommon.a(flash.o)
 .janus_2cc_veneer
                0x57e26c10        0x0 common/libcommon.a(hush.o)
 .janus_2cc_veneer
                0x57e26c10        0x0 common/libcommon.a(image.o)
 .janus_2cc_veneer
                0x57e26c10        0x0 common/libcommon.a(main.o)
 .janus_2cc_veneer
                0x57e26c10        0x0 common/libcommon.a(s_record.o)
 .janus_2cc_veneer
                0x57e26c10        0x0 common/libcommon.a(stdio.o)
 .janus_2cc_veneer
                0x57e26c10        0x0 common/libcommon.a(usb.o)
 .janus_2cc_veneer
                0x57e26c10        0x0 common/libcommon.a(usb_storage.o)
 .janus_2cc_veneer
                0x57e26c10        0x0 common/libcommon.a(xyzModem.o)
 .janus_2cc_veneer
                0x57e26c10        0x0 common/libcommon.a(cmd_bootzImage.o)
 .janus_2cc_veneer
                0x57e26c10        0x0 board/samsung/smdk6410/libsmdk6410.a(smdk6410.o)
 .janus_2cc_veneer
                0x57e26c10        0x0 lib_generic/libgeneric.a(crc16.o)
 .janus_2cc_veneer
                0x57e26c10        0x0 lib_generic/libgeneric.a(crc32.o)
 .janus_2cc_veneer
                0x57e26c10        0x0 lib_generic/libgeneric.a(gunzip.o)
 .janus_2cc_veneer
                0x57e26c10        0x0 lib_generic/libgeneric.a(zlib.o)
 .janus_2cc_veneer
                0x57e26c10        0x0 cpu/arm1176/s3c64xx/libs3c64xx.a(reset.o)
 .janus_2cc_veneer
                0x57e26c10        0x0 lib_arm/libarm.a(bootm.o)
 .janus_2cc_veneer
                0x57e26c10        0x0 lib_arm/libarm.a(cache.o)
 .janus_2cc_veneer
                0x57e26c10        0x0 lib_arm/libarm.a(cache-cp15.o)
 .janus_2cc_veneer
                0x57e26c10        0x0 fs/fat/libfat.a(fat.o)
 .janus_2cc_veneer
                0x57e26c10        0x0 fs/ext2/libext2fs.a(ext2fs.o)
 .janus_2cc_veneer
                0x57e26c10        0x0 fs/ext2/libext2fs.a(dev.o)
 .janus_2cc_veneer
                0x57e26c10        0x0 disk/libdisk.a(part.o)
 .janus_2cc_veneer
                0x57e26c10        0x0 disk/libdisk.a(part_dos.o)
 .janus_2cc_veneer
                0x57e26c10        0x0 drivers/mtd/nand/libnand.a(nand_util.o)
 .janus_2cc_veneer
                0x57e26c10        0x0 drivers/usb/host/libusb_host.a(ohci-hcd.o)
 .janus_2cc_veneer
                0x57e26c10        0x0 drivers/usb/host/libusb_host.a(s3c64xx-hcd.o)
 .janus_2cc_veneer
                0x57e26c10        0x0 cpu/arm1176/libarm1176.a(cpu.o)
 .janus_2cc_veneer
                0x57e26c10        0x0 /home/linx/kernel/uboot2010/uboot2010/lib_arm/eabi_compat.o
 .janus_2cc_veneer
                0x57e26c10        0x0 /usr/local/arm/4.3.2/bin/../lib/gcc/arm-none-linux-gnueabi/4.3.2/armv4t/libgcc.a(_udivsi3.o)
 .janus_2cc_veneer
                0x57e26c10        0x0 /usr/local/arm/4.3.2/bin/../lib/gcc/arm-none-linux-gnueabi/4.3.2/armv4t/libgcc.a(_divsi3.o)
 .janus_2cc_veneer
                0x57e26c10        0x0 /usr/local/arm/4.3.2/bin/../lib/gcc/arm-none-linux-gnueabi/4.3.2/armv4t/libgcc.a(_lshrdi3.o)
 .janus_2cc_veneer
                0x57e26c10        0x0 /usr/local/arm/4.3.2/bin/../lib/gcc/arm-none-linux-gnueabi/4.3.2/armv4t/libgcc.a(_ashrdi3.o)
 .janus_2cc_veneer
                0x57e26c10        0x0 /usr/local/arm/4.3.2/bin/../lib/gcc/arm-none-linux-gnueabi/4.3.2/armv4t/libgcc.a(_ashldi3.o)
 .janus_2cc_veneer
                0x57e26c10        0x0 /usr/local/arm/4.3.2/bin/../lib/gcc/arm-none-linux-gnueabi/4.3.2/armv4t/libgcc.a(_dvmd_lnx.o)

.v4_bx          0x57e26c10        0x0
 .v4_bx         0x57e26c10        0x0 cpu/arm1176/start.o
 .v4_bx         0x57e26c10        0x0 cpu/arm1176/s3c64xx/cpu_init.o
 .v4_bx         0x57e26c10        0x0 board/samsung/smdk6410/lowlevel_init.o
 .v4_bx         0x57e26c10        0x0 cpu/arm1176/nand_cp.o
 .v4_bx         0x57e26c10        0x0 lib_arm/board.o
 .v4_bx         0x57e26c10        0x0 lib_generic/libgeneric.a(display_options.o)
 .v4_bx         0x57e26c10        0x0 lib_generic/libgeneric.a(net_utils.o)
 .v4_bx         0x57e26c10        0x0 lib_generic/libgeneric.a(string.o)
 .v4_bx         0x57e26c10        0x0 lib_generic/libgeneric.a(vsprintf.o)
 .v4_bx         0x57e26c10        0x0 lib_generic/libgeneric.a(ctype.o)
 .v4_bx         0x57e26c10        0x0 lib_generic/libgeneric.a(div64.o)
 .v4_bx         0x57e26c10        0x0 lib_generic/libgeneric.a(time.o)
 .v4_bx         0x57e26c10        0x0 cpu/arm1176/s3c64xx/libs3c64xx.a(timer.o)
 .v4_bx         0x57e26c10        0x0 cpu/arm1176/s3c64xx/libs3c64xx.a(speed.o)
 .v4_bx         0x57e26c10        0x0 lib_arm/libarm.a(interrupts.o)
 .v4_bx         0x57e26c10        0x0 lib_arm/libarm.a(reset.o)
 .v4_bx         0x57e26c10        0x0 net/libnet.a(eth.o)
 .v4_bx         0x57e26c10        0x0 net/libnet.a(net.o)
 .v4_bx         0x57e26c10        0x0 net/libnet.a(nfs.o)
 .v4_bx         0x57e26c10        0x0 net/libnet.a(rarp.o)
 .v4_bx         0x57e26c10        0x0 net/libnet.a(tftp.o)
 .v4_bx         0x57e26c10        0x0 net/libnet.a(bootp.o)
 .v4_bx         0x57e26c10        0x0 drivers/mtd/libmtd.a(cfi_flash.o)
 .v4_bx         0x57e26c10        0x0 drivers/mtd/libmtd.a(jedec_flash.o)
 .v4_bx         0x57e26c10        0x0 drivers/mtd/nand/libnand.a(nand.o)
 .v4_bx         0x57e26c10        0x0 drivers/mtd/nand/libnand.a(nand_base.o)
 .v4_bx         0x57e26c10        0x0 drivers/mtd/nand/libnand.a(nand_bbt.o)
 .v4_bx         0x57e26c10        0x0 drivers/mtd/nand/libnand.a(nand_ecc.o)
 .v4_bx         0x57e26c10        0x0 drivers/mtd/nand/libnand.a(nand_ids.o)
 .v4_bx         0x57e26c10        0x0 drivers/mtd/nand/libnand.a(s3c64xx.o)
 .v4_bx         0x57e26c10        0x0 drivers/net/libnet.a(dm9000x.o)
 .v4_bx         0x57e26c10        0x0 drivers/serial/libserial.a(s3c64xx.o)
 .v4_bx         0x57e26c10        0x0 common/libcommon.a(cmd_bdinfo.o)
 .v4_bx         0x57e26c10        0x0 common/libcommon.a(cmd_boot.o)
 .v4_bx         0x57e26c10        0x0 common/libcommon.a(cmd_bootm.o)
 .v4_bx         0x57e26c10        0x0 common/libcommon.a(cmd_cache.o)
 .v4_bx         0x57e26c10        0x0 common/libcommon.a(cmd_console.o)
 .v4_bx         0x57e26c10        0x0 common/libcommon.a(cmd_echo.o)
 .v4_bx         0x57e26c10        0x0 common/libcommon.a(cmd_elf.o)
 .v4_bx         0x57e26c10        0x0 common/libcommon.a(cmd_exit.o)
 .v4_bx         0x57e26c10        0x0 common/libcommon.a(cmd_ext2.o)
 .v4_bx         0x57e26c10        0x0 common/libcommon.a(cmd_fat.o)
 .v4_bx         0x57e26c10        0x0 common/libcommon.a(cmd_flash.o)
 .v4_bx         0x57e26c10        0x0 common/libcommon.a(cmd_help.o)
 .v4_bx         0x57e26c10        0x0 common/libcommon.a(cmd_itest.o)
 .v4_bx         0x57e26c10        0x0 common/libcommon.a(cmd_load.o)
 .v4_bx         0x57e26c10        0x0 common/libcommon.a(cmd_mem.o)
 .v4_bx         0x57e26c10        0x0 common/libcommon.a(cmd_misc.o)
 .v4_bx         0x57e26c10        0x0 common/libcommon.a(cmd_nand.o)
 .v4_bx         0x57e26c10        0x0 common/libcommon.a(cmd_net.o)
 .v4_bx         0x57e26c10        0x0 common/libcommon.a(cmd_nvedit.o)
 .v4_bx         0x57e26c10        0x0 common/libcommon.a(cmd_reginfo.o)
 .v4_bx         0x57e26c10        0x0 common/libcommon.a(cmd_source.o)
 .v4_bx         0x57e26c10        0x0 common/libcommon.a(cmd_test.o)
 .v4_bx         0x57e26c10        0x0 common/libcommon.a(cmd_usb.o)
 .v4_bx         0x57e26c10        0x0 common/libcommon.a(cmd_version.o)
 .v4_bx         0x57e26c10        0x0 common/libcommon.a(cmd_ximg.o)
 .v4_bx         0x57e26c10        0x0 common/libcommon.a(command.o)
 .v4_bx         0x57e26c10        0x0 common/libcommon.a(console.o)
 .v4_bx         0x57e26c10        0x0 common/libcommon.a(dlmalloc.o)
 .v4_bx         0x57e26c10        0x0 common/libcommon.a(env_common.o)
 .v4_bx         0x57e26c10        0x0 common/libcommon.a(env_nand.o)
 .v4_bx         0x57e26c10        0x0 common/libcommon.a(exports.o)
 .v4_bx         0x57e26c10        0x0 common/libcommon.a(flash.o)
 .v4_bx         0x57e26c10        0x0 common/libcommon.a(hush.o)
 .v4_bx         0x57e26c10        0x0 common/libcommon.a(image.o)
 .v4_bx         0x57e26c10        0x0 common/libcommon.a(main.o)
 .v4_bx         0x57e26c10        0x0 common/libcommon.a(s_record.o)
 .v4_bx         0x57e26c10        0x0 common/libcommon.a(stdio.o)
 .v4_bx         0x57e26c10        0x0 common/libcommon.a(usb.o)
 .v4_bx         0x57e26c10        0x0 common/libcommon.a(usb_storage.o)
 .v4_bx         0x57e26c10        0x0 common/libcommon.a(xyzModem.o)
 .v4_bx         0x57e26c10        0x0 common/libcommon.a(cmd_bootzImage.o)
 .v4_bx         0x57e26c10        0x0 board/samsung/smdk6410/libsmdk6410.a(smdk6410.o)
 .v4_bx         0x57e26c10        0x0 lib_generic/libgeneric.a(crc16.o)
 .v4_bx         0x57e26c10        0x0 lib_generic/libgeneric.a(crc32.o)
 .v4_bx         0x57e26c10        0x0 lib_generic/libgeneric.a(gunzip.o)
 .v4_bx         0x57e26c10        0x0 lib_generic/libgeneric.a(zlib.o)
 .v4_bx         0x57e26c10        0x0 cpu/arm1176/s3c64xx/libs3c64xx.a(reset.o)
 .v4_bx         0x57e26c10        0x0 lib_arm/libarm.a(bootm.o)
 .v4_bx         0x57e26c10        0x0 lib_arm/libarm.a(cache.o)
 .v4_bx         0x57e26c10        0x0 lib_arm/libarm.a(cache-cp15.o)
 .v4_bx         0x57e26c10        0x0 fs/fat/libfat.a(fat.o)
 .v4_bx         0x57e26c10        0x0 fs/ext2/libext2fs.a(ext2fs.o)
 .v4_bx         0x57e26c10        0x0 fs/ext2/libext2fs.a(dev.o)
 .v4_bx         0x57e26c10        0x0 disk/libdisk.a(part.o)
 .v4_bx         0x57e26c10        0x0 disk/libdisk.a(part_dos.o)
 .v4_bx         0x57e26c10        0x0 drivers/mtd/nand/libnand.a(nand_util.o)
 .v4_bx         0x57e26c10        0x0 drivers/usb/host/libusb_host.a(ohci-hcd.o)
 .v4_bx         0x57e26c10        0x0 drivers/usb/host/libusb_host.a(s3c64xx-hcd.o)
 .v4_bx         0x57e26c10        0x0 cpu/arm1176/libarm1176.a(cpu.o)
 .v4_bx         0x57e26c10        0x0 /home/linx/kernel/uboot2010/uboot2010/lib_arm/eabi_compat.o
 .v4_bx         0x57e26c10        0x0 /usr/local/arm/4.3.2/bin/../lib/gcc/arm-none-linux-gnueabi/4.3.2/armv4t/libgcc.a(_udivsi3.o)
 .v4_bx         0x57e26c10        0x0 /usr/local/arm/4.3.2/bin/../lib/gcc/arm-none-linux-gnueabi/4.3.2/armv4t/libgcc.a(_divsi3.o)
 .v4_bx         0x57e26c10        0x0 /usr/local/arm/4.3.2/bin/../lib/gcc/arm-none-linux-gnueabi/4.3.2/armv4t/libgcc.a(_lshrdi3.o)
 .v4_bx         0x57e26c10        0x0 /usr/local/arm/4.3.2/bin/../lib/gcc/arm-none-linux-gnueabi/4.3.2/armv4t/libgcc.a(_ashrdi3.o)
 .v4_bx         0x57e26c10        0x0 /usr/local/arm/4.3.2/bin/../lib/gcc/arm-none-linux-gnueabi/4.3.2/armv4t/libgcc.a(_ashldi3.o)
 .v4_bx         0x57e26c10        0x0 /usr/local/arm/4.3.2/bin/../lib/gcc/arm-none-linux-gnueabi/4.3.2/armv4t/libgcc.a(_dvmd_lnx.o)
                0x57e26c10                . = ALIGN (0x4)

.rodata         0x57e26c10     0x8b85
 *(SORT(.rodata*))
 .rodata        0x57e26c10       0x60 drivers/mtd/nand/libnand.a(nand_base.o)
 .rodata        0x57e26c70       0x80 lib_arm/libarm.a(interrupts.o)
 .rodata        0x57e26cf0       0x10 drivers/mtd/libmtd.a(cfi_flash.o)
 .rodata        0x57e26d00       0x98 drivers/mtd/libmtd.a(jedec_flash.o)
 .rodata        0x57e26d98       0x40 drivers/serial/libserial.a(s3c64xx.o)
 .rodata        0x57e26dd8       0x4c common/libcommon.a(cmd_bootm.o)
 .rodata        0x57e26e24       0x14 common/libcommon.a(cmd_nvedit.o)
 .rodata        0x57e26e38      0x400 lib_generic/libgeneric.a(crc32.o)
 .rodata        0x57e27238      0x9cc lib_generic/libgeneric.a(zlib.o)
                0x57e27bdc                z_errmsg
 .rodata        0x57e27c04       0x10 disk/libdisk.a(part.o)
 .rodata        0x57e27c14       0x80 drivers/usb/host/libusb_host.a(ohci-hcd.o)
 .rodata        0x57e27c94      0x200 lib_generic/libgeneric.a(crc16.o)
 .rodata        0x57e27e94       0x3d lib_arm/board.o
                0x57e27e94                version_string
 .rodata        0x57e27ed1       0x21 lib_generic/libgeneric.a(vsprintf.o)
                0x57e27ed1                hex_asc
 .rodata        0x57e27ef2        0x7 net/libnet.a(eth.o)
 .rodata        0x57e27ef9        0x7 net/libnet.a(net.o)
 .rodata        0x57e27f00        0x5 drivers/mtd/nand/libnand.a(nand.o)
 .rodata        0x57e27f05      0x100 drivers/mtd/nand/libnand.a(nand_ecc.o)
 .rodata.str1.1
                0x57e28005       0x73 lib_arm/board.o
                                 0x75 (size before relaxing)
 .rodata.str1.1
                0x57e28078       0x2a lib_generic/libgeneric.a(display_options.o)
                                 0x36 (size before relaxing)
 .rodata.str1.1
                0x57e280a2        0xe lib_generic/libgeneric.a(vsprintf.o)
 .rodata.str1.1
                0x57e280b0       0x6d cpu/arm1176/s3c64xx/libs3c64xx.a(speed.o)
 .rodata.str1.1
                0x57e2811d      0x264 lib_arm/libarm.a(interrupts.o)
                                0x27b (size before relaxing)
 .rodata.str1.1
                0x57e28381        0xf lib_arm/libarm.a(reset.o)
 .rodata.str1.1
                0x57e28390       0xad net/libnet.a(eth.o)
                                 0xc7 (size before relaxing)
 .rodata.str1.1
                0x57e2843d      0x20c net/libnet.a(net.o)
                                0x217 (size before relaxing)
 .rodata.str1.1
                0x57e28649      0x193 net/libnet.a(nfs.o)
                                0x1a9 (size before relaxing)
 .rodata.str1.1
                0x57e287dc       0x20 net/libnet.a(rarp.o)
                                 0x47 (size before relaxing)
 .rodata.str1.1
                0x57e287fc      0x11a net/libnet.a(tftp.o)
                                0x1f9 (size before relaxing)
 .rodata.str1.1
                0x57e28916       0x70 net/libnet.a(bootp.o)
                                 0xad (size before relaxing)
 .rodata.str1.1
                0x57e28986      0x37a drivers/mtd/libmtd.a(cfi_flash.o)
                                0x37f (size before relaxing)
 .rodata.str1.1
                0x57e28d00       0x20 drivers/mtd/libmtd.a(jedec_flash.o)
                                 0x3f (size before relaxing)
 .rodata.str1.1
                0x57e28d20        0x8 drivers/mtd/nand/libnand.a(nand.o)
 .rodata.str1.1
                0x57e28d28      0x2e3 drivers/mtd/nand/libnand.a(nand_base.o)
 .rodata.str1.1
                0x57e2900b      0x309 drivers/mtd/nand/libnand.a(nand_bbt.o)
 .rodata.str1.1
                0x57e29314      0x31f drivers/mtd/nand/libnand.a(nand_ids.o)
                                0x335 (size before relaxing)
 .rodata.str1.1
                0x57e29633       0x91 drivers/mtd/nand/libnand.a(s3c64xx.o)
 .rodata.str1.1
                0x57e296c4      0x1f8 drivers/net/libnet.a(dm9000x.o)
                                0x1fe (size before relaxing)
 .rodata.str1.1
                0x57e298bc       0xaa common/libcommon.a(cmd_bdinfo.o)
                                 0xb3 (size before relaxing)
 .rodata.str1.1
                0x57e29966       0xef common/libcommon.a(cmd_boot.o)
                                 0xf0 (size before relaxing)
 .rodata.str1.1
                0x57e29a55      0x867 common/libcommon.a(cmd_bootm.o)
                                0x8c8 (size before relaxing)
 .rodata.str1.1
                0x57e2a2bc       0xd9 common/libcommon.a(cmd_cache.o)
                                0x107 (size before relaxing)
 .rodata.str1.1
                0x57e2a395       0x5c common/libcommon.a(cmd_console.o)
                                 0x61 (size before relaxing)
 .rodata.str1.1
                0x57e2a3f1       0x50 common/libcommon.a(cmd_echo.o)
                                 0x55 (size before relaxing)
 .rodata.str1.1
                0x57e2a441      0x278 common/libcommon.a(cmd_elf.o)
                                0x29a (size before relaxing)
 .rodata.str1.1
                0x57e2a6b9       0x11 common/libcommon.a(cmd_exit.o)
                                 0x12 (size before relaxing)
 .rodata.str1.1
                0x57e2a6ca      0x2cd common/libcommon.a(cmd_ext2.o)
                                0x39a (size before relaxing)
 .rodata.str1.1
                0x57e2a997      0x2e1 common/libcommon.a(cmd_fat.o)
                                0x3a5 (size before relaxing)
 .rodata.str1.1
                0x57e2ac78      0x6fe common/libcommon.a(cmd_flash.o)
                                0x730 (size before relaxing)
 .rodata.str1.1
                0x57e2b376       0x9a common/libcommon.a(cmd_help.o)
                                 0x9b (size before relaxing)
 .rodata.str1.1
                0x57e2b410       0xb3 common/libcommon.a(cmd_itest.o)
                                 0xb5 (size before relaxing)
 .rodata.str1.1
                0x57e2b4c3      0x336 common/libcommon.a(cmd_load.o)
                                0x353 (size before relaxing)
 .rodata.str1.1
                0x57e2b7f9      0x47f common/libcommon.a(cmd_mem.o)
                                0x4a9 (size before relaxing)
 .rodata.str1.1
                0x57e2bc78       0x5f common/libcommon.a(cmd_misc.o)
 .rodata.str1.1
                0x57e2bcd7      0x71e common/libcommon.a(cmd_nand.o)
                                0x773 (size before relaxing)
 .rodata.str1.1
                0x57e2c3f5      0x1ac common/libcommon.a(cmd_net.o)
                                0x1ee (size before relaxing)
 .rodata.str1.1
                0x57e2c5a1      0x33b common/libcommon.a(cmd_nvedit.o)
                                0x39b (size before relaxing)
 .rodata.str1.1
                0x57e2c8dc       0x23 common/libcommon.a(cmd_reginfo.o)
                                 0x24 (size before relaxing)
 .rodata.str1.1
                0x57e2c8ff      0x101 common/libcommon.a(cmd_source.o)
                                0x108 (size before relaxing)
 .rodata.str1.1
                0x57e2ca00       0x6e common/libcommon.a(cmd_test.o)
                                 0x96 (size before relaxing)
 .rodata.str1.1
                0x57e2ca6e      0x828 common/libcommon.a(cmd_usb.o)
                                0x969 (size before relaxing)
 .rodata.str1.1
                0x57e2d296       0x1b common/libcommon.a(cmd_version.o)
                                 0x24 (size before relaxing)
 .rodata.str1.1
                0x57e2d2b1      0x17e common/libcommon.a(cmd_ximg.o)
                                0x22f (size before relaxing)
 .rodata.str1.1
                0x57e2d42f       0x95 common/libcommon.a(command.o)
 .rodata.str1.1
                0x57e2d4c4       0x70 common/libcommon.a(console.o)
                                 0x74 (size before relaxing)
 .rodata.str1.1
                0x57e2d534       0x33 common/libcommon.a(env_common.o)
 .rodata.str1.1
                0x57e2d567       0x6e common/libcommon.a(env_nand.o)
                                 0x74 (size before relaxing)
 .rodata.str1.1
                0x57e2d5d5      0x10c common/libcommon.a(flash.o)
 .rodata.str1.1
                0x57e2d6e1      0x243 common/libcommon.a(hush.o)
                                0x26e (size before relaxing)
 .rodata.str1.1
                0x57e2d924      0x455 common/libcommon.a(image.o)
                                0x4f0 (size before relaxing)
 .rodata.str1.1
                0x57e2dd79       0x93 common/libcommon.a(main.o)
                                 0xf7 (size before relaxing)
 .rodata.str1.1
                0x57e2de0c        0x7 common/libcommon.a(stdio.o)
                                 0x1b (size before relaxing)
 .rodata.str1.1
                0x57e2de13      0x28b common/libcommon.a(usb.o)
 .rodata.str1.1
                0x57e2e09e      0x1ed common/libcommon.a(usb_storage.o)
                                0x1ff (size before relaxing)
 .rodata.str1.1
                0x57e2e28b       0xe3 common/libcommon.a(xyzModem.o)
                                 0xe5 (size before relaxing)
 .rodata.str1.1
                0x57e2e36e       0x60 common/libcommon.a(cmd_bootzImage.o)
                                 0x69 (size before relaxing)
 .rodata.str1.1
                0x57e2e3ce       0x13 board/samsung/smdk6410/libsmdk6410.a(smdk6410.o)
 .rodata.str1.1
                0x57e2e3e1       0x85 lib_generic/libgeneric.a(gunzip.o)
 .rodata.str1.1
                0x57e2e466      0x21c lib_generic/libgeneric.a(zlib.o)
                                0x21d (size before relaxing)
 .rodata.str1.1
                0x57e2e682       0x42 lib_arm/libarm.a(bootm.o)
                                 0x4b (size before relaxing)
 .rodata.str1.1
                0x57e2e6c4      0x15f fs/fat/libfat.a(fat.o)
                                0x16d (size before relaxing)
 .rodata.str1.1
                0x57e2e823      0x1be fs/ext2/libext2fs.a(ext2fs.o)
 .rodata.str1.1
                0x57e2e9e1       0xdc fs/ext2/libext2fs.a(dev.o)
 .rodata.str1.1
                0x57e2eabd      0x1af disk/libdisk.a(part.o)
                                0x1e0 (size before relaxing)
 .rodata.str1.1
                0x57e2ec6c       0xe5 disk/libdisk.a(part_dos.o)
                                 0xf1 (size before relaxing)
 .rodata.str1.1
                0x57e2ed51      0x24c drivers/mtd/nand/libnand.a(nand_util.o)
                                0x24e (size before relaxing)
 .rodata.str1.1
                0x57e2ef9d      0x7dd drivers/usb/host/libusb_host.a(ohci-hcd.o)
 .rodata.str1.1
                0x57e2f77a       0x1b /home/linx/kernel/uboot2010/uboot2010/lib_arm/eabi_compat.o
                0x57e2f798                . = ALIGN (0x4)

.data           0x57e2f798     0x19a3
 *(.data)
 .data          0x57e2f798        0x0 cpu/arm1176/start.o
 .data          0x57e2f798        0x0 cpu/arm1176/s3c64xx/cpu_init.o
 .data          0x57e2f798        0x0 board/samsung/smdk6410/lowlevel_init.o
 .data          0x57e2f798        0x0 cpu/arm1176/nand_cp.o
 .data          0x57e2f798       0x30 lib_arm/board.o
                0x57e2f798                init_sequence
 .data          0x57e2f7c8        0x0 lib_generic/libgeneric.a(display_options.o)
 .data          0x57e2f7c8        0x0 lib_generic/libgeneric.a(net_utils.o)
 .data          0x57e2f7c8        0x0 lib_generic/libgeneric.a(string.o)
 .data          0x57e2f7c8        0x0 lib_generic/libgeneric.a(vsprintf.o)
 .data          0x57e2f7c8      0x100 lib_generic/libgeneric.a(ctype.o)
                0x57e2f7c8                _ctype
 .data          0x57e2f8c8        0x0 lib_generic/libgeneric.a(div64.o)
 .data          0x57e2f8c8        0x0 lib_generic/libgeneric.a(time.o)
 .data          0x57e2f8c8        0x0 cpu/arm1176/s3c64xx/libs3c64xx.a(timer.o)
 .data          0x57e2f8c8        0x0 cpu/arm1176/s3c64xx/libs3c64xx.a(speed.o)
 .data          0x57e2f8c8        0x0 lib_arm/libarm.a(interrupts.o)
 .data          0x57e2f8c8        0x0 lib_arm/libarm.a(reset.o)
 .data          0x57e2f8c8        0x0 net/libnet.a(eth.o)
 .data          0x57e2f8c8        0xa net/libnet.a(net.o)
                0x57e2f8cc                NetBcastAddr
                0x57e2f8ca                NetOurNativeVLAN
                0x57e2f8c8                NetOurVLAN
 *fill*         0x57e2f8d2        0x2 00
 .data          0x57e2f8d4        0x4 net/libnet.a(nfs.o)
 .data          0x57e2f8d8        0x0 net/libnet.a(rarp.o)
 .data          0x57e2f8d8       0x10 net/libnet.a(tftp.o)
                0x57e2f8e4                TftpRRQTimeoutMSecs
                0x57e2f8dc                TftpRRQTimeoutCountMax
 .data          0x57e2f8e8        0x0 net/libnet.a(bootp.o)
 .data          0x57e2f8e8        0x4 drivers/mtd/libmtd.a(cfi_flash.o)
 .data          0x57e2f8ec        0x0 drivers/mtd/libmtd.a(jedec_flash.o)
 .data          0x57e2f8ec        0x4 drivers/mtd/nand/libnand.a(nand.o)
                0x57e2f8ec                nand_curr_device
 .data          0x57e2f8f0      0x920 drivers/mtd/nand/libnand.a(nand_base.o)
 .data          0x57e30210      0x10c drivers/mtd/nand/libnand.a(nand_bbt.o)
 .data          0x57e3031c        0x0 drivers/mtd/nand/libnand.a(nand_ecc.o)
 .data          0x57e3031c      0x4a0 drivers/mtd/nand/libnand.a(nand_ids.o)
                0x57e3076c                nand_manuf_ids
                0x57e3031c                nand_flash_ids
 .data          0x57e307bc        0x8 drivers/mtd/nand/libnand.a(s3c64xx.o)
 .data          0x57e307c4        0x0 drivers/net/libnet.a(dm9000x.o)
 .data          0x57e307c4        0x0 drivers/serial/libserial.a(s3c64xx.o)
 .data          0x57e307c4        0x0 common/libcommon.a(cmd_bdinfo.o)
 .data          0x57e307c4        0x0 common/libcommon.a(cmd_boot.o)
 .data          0x57e307c4       0x94 common/libcommon.a(cmd_bootm.o)
                0x57e307c4                load_addr
                0x57e307c8                cmd_bootm_sub
 .data          0x57e30858        0x0 common/libcommon.a(cmd_cache.o)
 .data          0x57e30858        0x0 common/libcommon.a(cmd_console.o)
 .data          0x57e30858        0x0 common/libcommon.a(cmd_echo.o)
 .data          0x57e30858        0x0 common/libcommon.a(cmd_elf.o)
 .data          0x57e30858        0x0 common/libcommon.a(cmd_exit.o)
 .data          0x57e30858        0x0 common/libcommon.a(cmd_ext2.o)
 .data          0x57e30858        0x0 common/libcommon.a(cmd_fat.o)
 .data          0x57e30858        0x0 common/libcommon.a(cmd_flash.o)
 .data          0x57e30858        0x0 common/libcommon.a(cmd_help.o)
 .data          0x57e30858       0x68 common/libcommon.a(cmd_itest.o)
                0x57e30858                op_table
 .data          0x57e308c0        0x4 common/libcommon.a(cmd_load.o)
 .data          0x57e308c4        0x4 common/libcommon.a(cmd_mem.o)
                0x57e308c4                dp_last_length
 .data          0x57e308c8        0x0 common/libcommon.a(cmd_misc.o)
 .data          0x57e308c8        0x0 common/libcommon.a(cmd_nand.o)
 .data          0x57e308c8        0x0 common/libcommon.a(cmd_net.o)
 .data          0x57e308c8        0x4 common/libcommon.a(cmd_nvedit.o)
 .data          0x57e308cc        0x0 common/libcommon.a(cmd_reginfo.o)
 .data          0x57e308cc        0x0 common/libcommon.a(cmd_source.o)
 .data          0x57e308cc        0x0 common/libcommon.a(cmd_test.o)
 .data          0x57e308cc        0x4 common/libcommon.a(cmd_usb.o)
 .data          0x57e308d0        0x0 common/libcommon.a(cmd_version.o)
 .data          0x57e308d0        0x0 common/libcommon.a(cmd_ximg.o)
 .data          0x57e308d0        0x0 common/libcommon.a(command.o)
 .data          0x57e308d0        0x0 common/libcommon.a(console.o)
 .data          0x57e308d0      0x414 common/libcommon.a(dlmalloc.o)
 .data          0x57e30ce4       0xe2 common/libcommon.a(env_common.o)
                0x57e30ce4                default_environment
 *fill*         0x57e30dc6        0x2 00
 .data          0x57e30dc8        0x8 common/libcommon.a(env_nand.o)
                0x57e30dcc                env_name_spec
                0x57e30dc8                env_ptr
 .data          0x57e30dd0        0x0 common/libcommon.a(exports.o)
 .data          0x57e30dd0        0x0 common/libcommon.a(flash.o)
 .data          0x57e30dd0       0xac common/libcommon.a(hush.o)
 .data          0x57e30e7c      0x228 common/libcommon.a(image.o)
 .data          0x57e310a4       0x14 common/libcommon.a(main.o)
 .data          0x57e310b8        0x0 common/libcommon.a(s_record.o)
 .data          0x57e310b8        0xc common/libcommon.a(stdio.o)
                0x57e310b8                stdio_names
 .data          0x57e310c4        0x0 common/libcommon.a(usb.o)
 .data          0x57e310c4       0x20 common/libcommon.a(usb_storage.o)
                0x57e310c4                us_direction
 .data          0x57e310e4        0x0 common/libcommon.a(xyzModem.o)
 .data          0x57e310e4        0x0 common/libcommon.a(cmd_bootzImage.o)
 .data          0x57e310e4        0x0 board/samsung/smdk6410/libsmdk6410.a(smdk6410.o)
 .data          0x57e310e4        0x0 lib_generic/libgeneric.a(crc16.o)
 .data          0x57e310e4        0x0 lib_generic/libgeneric.a(crc32.o)
 .data          0x57e310e4        0x0 lib_generic/libgeneric.a(gunzip.o)
 .data          0x57e310e4        0x0 lib_generic/libgeneric.a(zlib.o)
 .data          0x57e310e4        0x0 cpu/arm1176/s3c64xx/libs3c64xx.a(reset.o)
 .data          0x57e310e4        0x0 lib_arm/libarm.a(bootm.o)
 .data          0x57e310e4        0x0 lib_arm/libarm.a(cache.o)
 .data          0x57e310e4        0x0 lib_arm/libarm.a(cache-cp15.o)
 .data          0x57e310e4        0x4 fs/fat/libfat.a(fat.o)
 .data          0x57e310e8        0x8 fs/ext2/libext2fs.a(ext2fs.o)
                0x57e310e8                indir1_blkno
                0x57e310ec                indir2_blkno
 .data          0x57e310f0        0x0 fs/ext2/libext2fs.a(dev.o)
 .data          0x57e310f0        0x0 disk/libdisk.a(part.o)
 .data          0x57e310f0        0x0 disk/libdisk.a(part_dos.o)
 .data          0x57e310f0        0x0 drivers/mtd/nand/libnand.a(nand_util.o)
 .data          0x57e310f0       0x4b drivers/usb/host/libusb_host.a(ohci-hcd.o)
 .data          0x57e3113b        0x0 drivers/usb/host/libusb_host.a(s3c64xx-hcd.o)
 .data          0x57e3113b        0x0 cpu/arm1176/libarm1176.a(cpu.o)
 .data          0x57e3113b        0x0 /home/linx/kernel/uboot2010/uboot2010/lib_arm/eabi_compat.o
 .data          0x57e3113b        0x0 /usr/local/arm/4.3.2/bin/../lib/gcc/arm-none-linux-gnueabi/4.3.2/armv4t/libgcc.a(_udivsi3.o)
 .data          0x57e3113b        0x0 /usr/local/arm/4.3.2/bin/../lib/gcc/arm-none-linux-gnueabi/4.3.2/armv4t/libgcc.a(_divsi3.o)
 .data          0x57e3113b        0x0 /usr/local/arm/4.3.2/bin/../lib/gcc/arm-none-linux-gnueabi/4.3.2/armv4t/libgcc.a(_lshrdi3.o)
 .data          0x57e3113b        0x0 /usr/local/arm/4.3.2/bin/../lib/gcc/arm-none-linux-gnueabi/4.3.2/armv4t/libgcc.a(_ashrdi3.o)
 .data          0x57e3113b        0x0 /usr/local/arm/4.3.2/bin/../lib/gcc/arm-none-linux-gnueabi/4.3.2/armv4t/libgcc.a(_ashldi3.o)
 .data          0x57e3113b        0x0 /usr/local/arm/4.3.2/bin/../lib/gcc/arm-none-linux-gnueabi/4.3.2/armv4t/libgcc.a(_dvmd_lnx.o)
                0x57e3113c                . = ALIGN (0x4)

.got
 *(.got)
                0x57e3113c                __u_boot_cmd_start = .

.u_boot_cmd     0x57e3113c      0x5e8
 *(.u_boot_cmd)
 .u_boot_cmd    0x57e3113c       0x18 common/libcommon.a(cmd_bdinfo.o)
                0x57e3113c                __u_boot_cmd_bdinfo
 .u_boot_cmd    0x57e31154       0x30 common/libcommon.a(cmd_boot.o)
                0x57e3116c                __u_boot_cmd_reset
                0x57e31154                __u_boot_cmd_go
 .u_boot_cmd    0x57e31184       0x78 common/libcommon.a(cmd_bootm.o)
                0x57e31184                __u_boot_cmd_bootm
                0x57e311cc                __u_boot_cmd_iminfo
                0x57e311b4                __u_boot_cmd_bootd
                0x57e3119c                __u_boot_cmd_boot
                0x57e311e4                __u_boot_cmd_imls
 .u_boot_cmd    0x57e311fc       0x30 common/libcommon.a(cmd_cache.o)