Archive member included because of file (symbol)

lib_generic/libgeneric.a(display_options.o)
                              lib_arm/board.o (print_size)
lib_generic/libgeneric.a(net_utils.o)
                              lib_arm/board.o (string_to_ip)
lib_generic/libgeneric.a(string.o)
                              lib_arm/board.o (memset)
lib_generic/libgeneric.a(vsprintf.o)
                              lib_arm/board.o (simple_strtoul)
lib_generic/libgeneric.a(ctype.o)
                              lib_generic/libgeneric.a(display_options.o) (_ctype)
lib_generic/libgeneric.a(div64.o)
                              lib_generic/libgeneric.a(vsprintf.o) (__div64_32)
lib_generic/libgeneric.a(time.o)
                              lib_generic/libgeneric.a(vsprintf.o) (udelay)
cpu/arm1176/s3c64xx/libs3c64xx.a(speed.o)
                              lib_arm/board.o (print_cpuinfo)
cpu/arm1176/s3c64xx/libs3c64xx.a(timer.o)
                              lib_generic/libgeneric.a(time.o) (__udelay)
lib_arm/libarm.a(interrupts.o)
                              lib_arm/board.o (enable_interrupts)
lib_arm/libarm.a(reset.o)     lib_generic/libgeneric.a(vsprintf.o) (do_reset)
net/libnet.a(eth.o)           lib_arm/board.o (eth_initialize)
net/libnet.a(net.o)           lib_arm/board.o (copy_filename)
net/libnet.a(nfs.o)           net/libnet.a(net.o) (NfsStart)
net/libnet.a(rarp.o)          net/libnet.a(net.o) (RarpRequest)
net/libnet.a(tftp.o)          net/libnet.a(net.o) (TftpStart)
net/libnet.a(bootp.o)         net/libnet.a(net.o) (BootpRequest)
drivers/mtd/libmtd.a(cfi_flash.o)
                              lib_arm/board.o (flash_init)
drivers/mtd/libmtd.a(jedec_flash.o)
                              drivers/mtd/libmtd.a(cfi_flash.o) (jedec_flash_match)
drivers/mtd/nand/libnand.a(nand.o)
                              lib_arm/board.o (nand_init)
drivers/mtd/nand/libnand.a(nand_base.o)
                              drivers/mtd/nand/libnand.a(nand.o) (nand_scan)
drivers/mtd/nand/libnand.a(nand_bbt.o)
                              drivers/mtd/nand/libnand.a(nand_base.o) (nand_isbad_bbt)
drivers/mtd/nand/libnand.a(nand_ecc.o)
                              drivers/mtd/nand/libnand.a(nand_base.o) (nand_calculate_ecc)
drivers/mtd/nand/libnand.a(nand_ids.o)
                              drivers/mtd/nand/libnand.a(nand_base.o) (nand_flash_ids)
drivers/mtd/nand/libnand.a(s3c64xx.o)
                              drivers/mtd/nand/libnand.a(nand.o) (board_nand_init)
drivers/serial/libserial.a(s3c64xx.o)
                              lib_arm/board.o (serial_init)
common/libcommon.a(cmd_bdinfo.o)
                              (__u_boot_cmd_bdinfo)
common/libcommon.a(cmd_boot.o)
                              (__u_boot_cmd_go)
common/libcommon.a(cmd_bootm.o)
                              lib_arm/board.o (load_addr)
common/libcommon.a(cmd_cache.o)
                              (__u_boot_cmd_icache)
common/libcommon.a(cmd_console.o)
                              (__u_boot_cmd_coninfo)
common/libcommon.a(cmd_echo.o)
                              (__u_boot_cmd_echo)
common/libcommon.a(cmd_elf.o)
                              common/libcommon.a(cmd_bootm.o) (do_bootvx)
common/libcommon.a(cmd_exit.o)
                              (__u_boot_cmd_exit)
common/libcommon.a(cmd_ext2.o)
                              (__u_boot_cmd_ext2ls)
common/libcommon.a(cmd_fat.o)
                              (__u_boot_cmd_fatload)
common/libcommon.a(cmd_flash.o)
                              (__u_boot_cmd_flinfo)
common/libcommon.a(cmd_help.o)
                              (__u_boot_cmd_help)
common/libcommon.a(cmd_itest.o)
                              (__u_boot_cmd_itest)
common/libcommon.a(cmd_load.o)
                              (__u_boot_cmd_loads)
common/libcommon.a(cmd_mem.o)
                              (__u_boot_cmd_md)
common/libcommon.a(cmd_misc.o)
                              (__u_boot_cmd_sleep)
common/libcommon.a(cmd_nand.o)
                              (__u_boot_cmd_nand)
common/libcommon.a(cmd_net.o)
                              (__u_boot_cmd_bootp)
common/libcommon.a(cmd_nvedit.o)
                              net/libnet.a(eth.o) (get_env_id)
common/libcommon.a(cmd_reginfo.o)
                              (__u_boot_cmd_reginfo)
common/libcommon.a(cmd_source.o)
                              (__u_boot_cmd_source)
common/libcommon.a(cmd_test.o)
                              (__u_boot_cmd_test)
common/libcommon.a(cmd_usb.o)
                              (__u_boot_cmd_usb)
common/libcommon.a(cmd_version.o)
                              (__u_boot_cmd_version)
common/libcommon.a(cmd_ximg.o)
                              (__u_boot_cmd_imxtract)
common/libcommon.a(command.o)
                              common/libcommon.a(cmd_itest.o) (cmd_get_data_size)
common/libcommon.a(console.o)
                              lib_arm/board.o (printf)
common/libcommon.a(dlmalloc.o)
                              drivers/mtd/nand/libnand.a(nand_base.o) (free)
[...]
Memory Configuration

Name             Origin             Length             Attributes
*default*        0x00000000         0xffffffff

Linker script and memory map

                0x00000000                . = 0x0
                0x00000000                . = ALIGN (0x4)

.text           0x57e00000    0x269b0
 cpu/arm1176/start.o(.text)
 .text          0x57e00000      0x400 cpu/arm1176/start.o
                0x57e00040                _end_vect
                0x57e0004c                _bss_start
                0x57e00050                _bss_end
                0x57e00048                _armboot_start
                0x57e000ec                copy_from_nand
                0x57e00000                _start
 cpu/arm1176/s3c64xx/cpu_init.o(.text)
 .text          0x57e00400      0x124 cpu/arm1176/s3c64xx/cpu_init.o
                0x57e00400                mem_ctrl_asm_init
 board/samsung/smdk6410/lowlevel_init.o(.text)
 .text          0x57e00524      0x1d0 board/samsung/smdk6410/lowlevel_init.o
                0x57e00528                lowlevel_init
 cpu/arm1176/nand_cp.o(.text)
 .text          0x57e006f4      0x1c8 cpu/arm1176/nand_cp.o
                0x57e007b4                copy_uboot_to_ram
 lib_arm/board.o(.text)
 .text          0x57e008bc      0x260 lib_arm/board.o
                0x57e008d4                __yellow_LED_off
                0x57e008c8                green_LED_on
                0x57e008e0                hang
                0x57e008c8                __green_LED_on
                0x57e008d0                __yellow_LED_on
                0x57e008d0                yellow_LED_on
                0x57e008cc                __green_LED_off
                0x57e008c4                __red_LED_off
                0x57e009a0                start_armboot
                0x57e008dc                blue_LED_off
                0x57e008bc                coloured_LED_init
                0x57e008dc                __blue_LED_off
                0x57e008d8                blue_LED_on
                0x57e008d4                yellow_LED_off
                0x57e008c4                red_LED_off
                0x57e008cc                green_LED_off
                0x57e008bc                __coloured_LED_init
                0x57e008c0                red_LED_on
                0x57e008d8                __blue_LED_on
                0x57e008c0                __red_LED_on
 *(.text)
 .text          0x57e00b1c      0x24c lib_generic/libgeneric.a(display_options.o)
                0x57e00c08                print_buffer
                0x57e00be8                display_options
                0x57e00b1c                print_size
 .text          0x57e00d68       0x78 lib_generic/libgeneric.a(net_utils.o)
                0x57e00d68                string_to_ip
 .text          0x57e00de0      0x64c lib_generic/libgeneric.a(string.o)
                0x57e00de0                strcpy
                0x57e01334                memscan
                0x57e01298                memmove
                0x57e0121c                memcpy
                0x57e01128                strswab
                0x57e00fc8                strnlen
                0x57e00f90                strrchr
                0x57e00e24                strcat
                0x57e013c8                memchr
                0x57e01364                strstr
                0x57e00ef4                strncmp
                0x57e00dfc                strncpy
                0x57e011f0                bcopy
                0x57e01074                strtok
                0x57e012f4                memcmp
                0x57e00e58                strncat
                0x57e013f8                strdup
                0x57e01174                memset
                0x57e00ebc                strcmp
                0x57e010f4                strsep
                0x57e00ff0                strspn
                0x57e00f70                strlen
                0x57e00f44                strchr
                0x57e01034                strpbrk
 .text          0x57e0142c      0xec4 lib_generic/libgeneric.a(vsprintf.o)
                0x57e01c50                vsprintf
                0x57e01554                ustrtoul
                0x57e0152c                simple_strtol
                0x57e017b8                panic
                0x57e022c8                sprintf
                0x57e01474                simple_strtoul
                0x57e015c8                simple_strtoull
 .text          0x57e022f0        0x0 lib_generic/libgeneric.a(ctype.o)
 .text          0x57e022f0       0xf4 lib_generic/libgeneric.a(div64.o)
                0x57e022f0                __div64_32
 .text          0x57e023e4       0x2c lib_generic/libgeneric.a(time.o)
                0x57e023e4                udelay
 .text          0x57e02410      0x204 cpu/arm1176/s3c64xx/libs3c64xx.a(speed.o)
                0x57e024ec                get_HCLK
                0x57e02498                get_PCLK
                0x57e02490                get_FCLK
                0x57e02540                get_ARMCLK
                0x57e02488                get_UCLK
                0x57e02568                print_cpuinfo
 .text          0x57e02614      0x244 cpu/arm1176/s3c64xx/libs3c64xx.a(timer.o)
                0x57e02704                __udelay
                0x57e026d0                set_timer
                0x57e026cc                reset_timer
                0x57e02680                get_tbclk
                0x57e027a4                get_timer
                0x57e0269c                reset_timer_masked
                0x57e027b8                timer_init
                0x57e02748                get_timer_masked
                0x57e02614                get_ticks
 .text          0x57e02858      0x264 lib_arm/libarm.a(interrupts.o)
                0x57e029e4                do_fiq
                0x57e02a98                do_undefined_instruction
                0x57e02864                show_regs
                0x57e029c0                do_irq
                0x57e029a4                bad_mode
                0x57e02a50                do_prefetch_abort
                0x57e0285c                disable_interrupts
                0x57e02a08                do_not_used
                0x57e02a2c                do_data_abort
                0x57e02a74                do_software_interrupt
                0x57e02858                enable_interrupts
 .text          0x57e02abc       0x30 lib_arm/libarm.a(reset.o)
                0x57e02abc                do_reset
 .text          0x57e02aec      0x764 net/libnet.a(eth.o)
                0x57e02c44                eth_get_dev_by_name
                0x57e02b90                eth_halt
                0x57e02aec                cpu_eth_init
                0x57e02dec                eth_register
                0x57e02f0c                eth_getenv_enetaddr
                0x57e02af4                eth_get_dev
                0x57e02eb0                eth_parse_enetaddr
                0x57e02d3c                eth_try_another
                0x57e02f64                eth_getenv_enetaddr_by_index
                0x57e03070                eth_initialize
                0x57e02c98                eth_set_current
                0x57e02bf8                eth_rx
                0x57e02b44                eth_get_dev_index
                0x57e02fb0                eth_init
                0x57e02e78                eth_setenv_enetaddr
                0x57e02c24                eth_get_name
                0x57e02b04                eth_get_dev_by_index
                0x57e02bc4                eth_send
 .text          0x57e03250     0x1348 net/libnet.a(net.o)
                0x57e032d4                NetCksumOk
                0x57e034b4                NetSetTimeout
                0x57e032f8                copy_filename
                0x57e033ac                NetEthHdrSize
                0x57e03448                ip_to_string
                0x57e040fc                ArpTimeoutCheck
                0x57e036fc                NetReceive
                0x57e03e98                NetSendUDPPacket
                0x57e035e4                NetSetEther
                0x57e04180                NetLoop
                0x57e03c70                ArpRequest
                0x57e03498                random_port
                0x57e033f0                VLAN_to_string
                0x57e0339c                getenv_VLAN
                0x57e0328c                NetCksum
                0x57e034ec                NetSetIP
                0x57e03350                string_to_VLAN
                0x57e03ff0                NetStartAgain
                0x57e0327c                NetSetHandler
                0x57e03d5c                PingSend
                0x57e036f8                NetSendPacket
 .text          0x57e04598      0xea4 net/libnet.a(nfs.o)
                0x57e04da0                NfsStart
 .text          0x57e0543c      0x1ac net/libnet.a(rarp.o)
                0x57e0543c                RarpRequest
 .text          0x57e055e8      0x7b8 net/libnet.a(tftp.o)
                0x57e0578c                TftpStart
 .text          0x57e05da0      0x5f0 net/libnet.a(bootp.o)
                0x57e05e48                BootpRequest
 .text          0x57e06390     0x19c8 drivers/mtd/libmtd.a(cfi_flash.o)
                0x57e06a44                flash_get_size
                0x57e07b24                flash_erase
                0x57e068a8                flash_set_verbose
                0x57e07024                flash_init
                0x57e07924                flash_print_info
                0x57e06878                flash_cmd_reset
                0x57e06878                __flash_cmd_reset
                0x57e06474                flash_write_cmd
                0x57e063b0                flash_sector_size
                0x57e07770                write_buff
 .text          0x57e07d58      0x1b8 drivers/mtd/libmtd.a(jedec_flash.o)
                0x57e07d58                jedec_flash_match
 .text          0x57e07f10       0xbc drivers/mtd/nand/libnand.a(nand.o)
                0x57e07f10                nand_init
 .text          0x57e07fcc     0x3be0 drivers/mtd/nand/libnand.a(nand_base.o)
                0x57e0af80                nand_wait_ready
                0x57e09454                nand_scan_ident
                0x57e09fcc                nand_scan
                0x57e0aabc                nand_erase_nand
                0x57e09a00                nand_scan_tail
                0x57e0940c                nand_release
 .text          0x57e0bbac     0x182c drivers/mtd/nand/libnand.a(nand_bbt.o)
                0x57e0bcb0                nand_isbad_bbt
                0x57e0d314                nand_default_bbt
                0x57e0cbb8                nand_update_bbt
                0x57e0ce90                nand_scan_bbt
 .text          0x57e0d3d8      0x224 drivers/mtd/nand/libnand.a(nand_ecc.o)
                0x57e0d4d0                nand_correct_data
                0x57e0d3d8                nand_calculate_ecc
 .text          0x57e0d5fc        0x0 drivers/mtd/nand/libnand.a(nand_ids.o)
 .text          0x57e0d5fc      0x2c4 drivers/mtd/nand/libnand.a(s3c64xx.o)
                0x57e0d734                board_nand_init
 .text          0x57e0d8c0      0x130 drivers/serial/libserial.a(s3c64xx.o)
                0x57e0d960                serial_setbrg
                0x57e0d920                serial_tstc
                0x57e0d8f0                serial_putc
                0x57e0d9b8                serial_init
                0x57e0d938                serial_puts
                0x57e0d8d0                serial_getc
 .text          0x57e0d9f0       0xec common/libcommon.a(cmd_bdinfo.o)
                0x57e0da04                do_bdinfo
 .text          0x57e0dadc       0x90 common/libcommon.a(cmd_boot.o)
                0x57e0daf4                do_go
                0x57e0dadc                do_go_exec
 .text          0x57e0db6c      0xd80 common/libcommon.a(cmd_bootm.o)
                0x57e0dda8                do_bootd
                0x57e0db94                arch_preboot_os
                0x57e0e668                do_bootm
                0x57e0e4b8                do_bootm_subcommand
                0x57e0db94                __arch_preboot_os
                0x57e0dd3c                do_iminfo
 .text          0x57e0e8ec      0x12c common/libcommon.a(cmd_cache.o)
                0x57e0e928                do_dcache
                0x57e0e9a0                do_icache
 .text          0x57e0ea18       0xf0 common/libcommon.a(cmd_console.o)
                0x57e0ea18                do_coninfo
 .text          0x57e0eb08       0x80 common/libcommon.a(cmd_echo.o)
                0x57e0eb08                do_echo
 .text          0x57e0eb88      0x470 common/libcommon.a(cmd_elf.o)
                0x57e0ef60                do_bootelf
                0x57e0ec94                do_bootvx
                0x57e0ec20                valid_elf_image
                0x57e0ef1c                do_bootelf_exec
                0x57e0eb88                load_elf_image
 .text          0x57e0eff8       0x30 common/libcommon.a(cmd_exit.o)
                0x57e0eff8                do_exit
 .text          0x57e0f028      0x460 common/libcommon.a(cmd_ext2.o)
                0x57e0f350                do_ext2ls
                0x57e0f028                do_ext2load
 .text          0x57e0f488      0x364 common/libcommon.a(cmd_fat.o)
                0x57e0f668                do_fat_fsload
                0x57e0f488                do_fat_fsinfo
                0x57e0f560                do_fat_ls
 .text          0x57e0f7ec      0xb04 common/libcommon.a(cmd_flash.o)
                0x57e10274                do_flinfo
                0x57e10014                flash_sect_erase
                0x57e0fd6c                do_protect
                0x57e100f0                do_flerase
                0x57e0fa60                flash_sect_protect
                0x57e0f7ec                flash_sect_roundb
 .text          0x57e102f0       0x4c common/libcommon.a(cmd_help.o)
                0x57e102f0                do_help
 .text          0x57e1033c      0x304 common/libcommon.a(cmd_itest.o)
                0x57e103c4                binary_test
                0x57e105a4                do_itest
 .text          0x57e10640      0xce8 common/libcommon.a(cmd_load.o)
                0x57e106cc                k_data_init
                0x57e107ac                s1_sendpacket
                0x57e107d8                handle_send_packet
                0x57e1070c                k_data_restore
                0x57e1099c                send_nack
                0x57e10bbc                do_load_serial_bin
                0x57e1072c                k_data_char
                0x57e10660                chk1
                0x57e106ec                k_data_save
                0x57e10640                ktrans
                0x57e1077c                send_pad
                0x57e109fc                send_ack
                0x57e11248                do_load_serial
 .text          0x57e11328      0x97c common/libcommon.a(cmd_mem.o)
                0x57e113d4                do_mem_base
                0x57e11850                do_mem_mw
                0x57e11328                do_mem_crc
                0x57e11b8c                do_mem_nm
                0x57e11bac                do_mem_mm
                0x57e11918                do_mem_cp
                0x57e11418                do_mem_mtest
                0x57e116b8                do_mem_cmp
                0x57e115c0                do_mem_loop
                0x57e11bcc                do_mem_md
 .text          0x57e11ca4       0x88 common/libcommon.a(cmd_misc.o)
                0x57e11ca4                do_sleep
 .text          0x57e11d2c      0xe90 common/libcommon.a(cmd_nand.o)
                0x57e11eac                do_nandboot
                0x57e12408                do_nand
 .text          0x57e12bbc      0x3c8 common/libcommon.a(cmd_net.o)
                0x57e12f60                do_rarpb
                0x57e12bbc                do_ping
                0x57e12f6c                do_tftpb
                0x57e12f78                do_bootp
                0x57e12f54                do_nfs
 .text          0x57e12f84      0x85c common/libcommon.a(cmd_nvedit.o)
                0x57e130c4                getenv
                0x57e1312c                _do_setenv
                0x57e12ff4                getenv_r
                0x57e1374c                do_printenv
                0x57e135a8                setenv
                0x57e12f84                get_env_id
                0x57e13098                do_saveenv
                0x57e1357c                do_setenv
                0x57e135f4                do_editenv
                0x57e12f94                envmatch
 .text          0x57e137e0        0x8 common/libcommon.a(cmd_reginfo.o)
                0x57e137e0                do_reginfo
 .text          0x57e137e8      0x194 common/libcommon.a(cmd_source.o)
                0x57e13808                source
                0x57e13938                do_source
 .text          0x57e1397c      0x48c common/libcommon.a(cmd_test.o)
                0x57e1398c                do_test
                0x57e1397c                do_false
                0x57e13984                do_true
 .text          0x57e13e08     0x1160 common/libcommon.a(cmd_usb.o)
                0x57e148f4                usb_display_conf_desc
                0x57e144a0                usb_show_tree_graph
                0x57e13e08                usb_get_class_desc
                0x57e13eb0                usb_display_ep_desc
                0x57e146fc                usb_display_desc
                0x57e13f84                usb_display_class_sub
                0x57e146c8                usb_show_tree
                0x57e1482c                usb_display_string
                0x57e1486c                usb_display_if_desc
                0x57e149a0                usb_display_config
                0x57e140f8                do_usbboot
                0x57e14a30                do_usb
 .text          0x57e14f68       0x20 common/libcommon.a(cmd_version.o)
                0x57e14f68                do_version
 .text          0x57e14f88      0x2d8 common/libcommon.a(cmd_ximg.o)
                0x57e14f88                do_imgextract
 .text          0x57e15260      0x318 common/libcommon.a(command.o)
                0x57e15338                find_cmd_tbl
                0x57e152d8                cmd_usage
                0x57e153d0                find_cmd
                0x57e15260                cmd_get_data_size
                0x57e153f8                _do_help
 .text          0x57e15578      0x55c common/libcommon.a(console.o)
                0x57e15910                console_init_r
                0x57e15818                printf
                0x57e15748                console_assign
                0x57e15a6c                getc
                0x57e15720                search_device
                0x57e157d0                puts
                0x57e15704                dbg
                0x57e159f8                serial_printf
                0x57e15648                ftstc
                0x57e15788                fprintf
                0x57e15a54                tstc
                0x57e157ec                vprintf
                0x57e15a84                ctrlc
                0x57e15a38                putc
                0x57e156c8                disable_ctrlc
                0x57e15620                fgetc
                0x57e156e0                had_ctrlc
                0x57e15670                fputc
                0x57e15710                console_init_f
                0x57e156f0                clear_ctrlc
                0x57e15858                stdio_print_current_devices
                0x57e1569c                fputs
 .text          0x57e15ad4     0x10d4 common/libcommon.a(dlmalloc.o)
                0x57e15e14                malloc
                0x57e16540                pvalloc
                0x57e16620                calloc
                0x57e16564                malloc_usable_size
                0x57e16700                mem_malloc_init
                0x57e1672c                realloc
                0x57e15b08                malloc_trim
                0x57e15ad4                sbrk
                0x57e165a8                mallopt
                0x57e16430                memalign
                0x57e15e10                cfree
                0x57e16558                valloc
                0x57e15bd4                free
 .text          0x57e16ba8      0x138 common/libcommon.a(env_common.o)
                0x57e16be8                env_get_char
                0x57e16bc8                env_get_addr
                0x57e16c44                set_default_env
                0x57e16c88                env_relocate
                0x57e16c18                env_crc_update
                0x57e16ba8                env_get_char_memory
 .text          0x57e16ce0      0x2e8 common/libcommon.a(env_nand.o)
                0x57e16edc                env_relocate_spec
                0x57e16f28                saveenv
                0x57e16cf0                env_get_char_spec
                0x57e16e5c                env_init
                0x57e16cfc                writeenv
                0x57e16dac                readenv
 .text          0x57e16fc8      0x1d4 common/libcommon.a(exports.o)
                0x57e16fd4                jumptable_init
                0x57e16fcc                get_version
 .text          0x57e1719c      0x384 common/libcommon.a(flash.o)
                0x57e173bc                flash_write
                0x57e1719c                flash_protect
                0x57e17294                addr2info
                0x57e172dc                flash_perror
 .text          0x57e17520     0x1d94 common/libcommon.a(hush.o)
                0x57e177f0                new_pipe
                0x57e1765c                mapset
                0x57e18a28                parse_string_outer
                0x57e18394                update_ifs_map
                0x57e181e4                set_local_var
                0x57e189e4                parse_file_outer
                0x57e1753c                simple_itoa
                0x57e17af0                unset_local_var
                0x57e17694                do_showvar
                0x57e17cb4                reserved_word
                0x57e17780                u_boot_hush_start
 .text          0x57e192b4      0x7a4 common/libcommon.a(image.o)
                0x57e1973c                getenv_bootm_size
                0x57e19550                image_print_contents
                0x57e193f8                genimg_get_comp_id
                0x57e19440                genimg_get_os_id
                0x57e19318                get_table_entry_name
                0x57e193a4                genimg_has_config
                0x57e19428                genimg_get_arch_id
                0x57e19358                genimg_get_arch_name
                0x57e1980c                boot_get_ramdisk
                0x57e197b8                image_check_hcrc
                0x57e19340                genimg_get_os_name
                0x57e19370                genimg_get_type_name
                0x57e1947c                genimg_get_format
                0x57e19388                genimg_get_comp_name
                0x57e19770                image_check_dcrc
                0x57e19524                genimg_print_size
                0x57e196e8                getenv_bootm_low
                0x57e193a0                genimg_get_image
                0x57e19410                genimg_get_type_id
                0x57e192f0                image_multi_count
                0x57e196e4                memmove_wd
                0x57e193ac                get_table_entry_id
                0x57e194a0                image_multi_getimg
                0x57e19718                getenv_yesno
 .text          0x57e19a58     0x10c8 common/libcommon.a(main.o)
                0x57e19a58                __show_boot_progress
                0x57e19b58                run_command
                0x57e19ae8                do_run
                0x57e19a5c                parse_line
                0x57e1a9e4                readline
                0x57e19a58                show_boot_progress
                0x57e1aa00                main_loop
                0x57e1a174                readline_into_buffer
 .text          0x57e1ab20      0x2dc common/libcommon.a(s_record.o)
                0x57e1ab8c                srec_decode
 .text          0x57e1adfc      0x174 common/libcommon.a(stdio.o)
                0x57e1ae08                stdio_clone
                0x57e1adfc                stdio_get_list
                0x57e1af1c                stdio_get_by_name
                0x57e1ae90                stdio_init
                0x57e1ae50                stdio_register
 .text          0x57e1af70     0x16cc common/libcommon.a(usb.o)
                0x57e1ba50                usb_set_idle
                0x57e1af88                usb_maxpacket
                0x57e1c238                usb_hub_probe
                0x57e1b308                usb_stop
                0x57e1c5c0                usb_init
                0x57e1af70                usb_disable_asynch
                0x57e1bd90                usb_clear_halt
                0x57e1b368                usb_bulk_msg
                0x57e1b970                usb_get_class_descriptor
                0x57e1c544                usb_scan_devices
                0x57e1b684                usb_get_hub_descriptor
                0x57e1b4bc                usb_get_port_status
                0x57e1b304                usb_submit_int_msg
                0x57e1b1b0                usb_parse_config
                0x57e1b3cc                usb_control_msg
                0x57e1bab4                usb_set_protocol
                0x57e1bf28                usb_hub_port_connect_change
                0x57e1bb7c                usb_set_interface
                0x57e1b0cc                usb_hub_allocate
                0x57e1b870                usb_string
                0x57e1b9e0                usb_get_report
                0x57e1bc8c                usb_get_descriptor
                0x57e1c020                usb_hub_configure
                0x57e1b6e0                usb_get_string
                0x57e1b344                wait_ms
                0x57e1b630                usb_clear_hub_feature
                0x57e1bcf8                usb_get_configuration_no
                0x57e1b5d0                usb_clear_port_feature
                0x57e1b570                usb_set_port_feature
                0x57e1c298                usb_new_device
                0x57e1b51c                usb_get_hub_status
                0x57e1bb14                usb_set_configuration
                0x57e1b024                usb_set_maxpacket
                0x57e1bc48                usb_set_address
                0x57e1b110                usb_alloc_new_device
                0x57e1b0b8                usb_hub_reset
                0x57e1b088                usb_get_dev_index
 .text          0x57e1c63c     0x15c8 common/libcommon.a(usb_storage.o)
                0x57e1ca28                usb_storage_probe
                0x57e1d99c                usb_stor_CB_transport
                0x57e1d3f4                usb_stor_CB_comdat
                0x57e1ce70                usb_stor_write
                0x57e1c65c                usb_stor_get_dev
                0x57e1d084                usb_stor_read
                0x57e1c698                usb_show_progress
                0x57e1d298                usb_stor_scan
                0x57e1d624                usb_stor_BBB_comdat
                0x57e1db94                usb_stor_info
                0x57e1c77c                usb_stor_get_info
                0x57e1cc58                usb_stor_BBB_clear_endpt_stall
                0x57e1d8cc                usb_stor_CBI_get_status
                0x57e1d700                usb_stor_BBB_transport
 .text          0x57e1dc04      0x9dc common/libcommon.a(xyzModem.o)
                0x57e1dd2c                xyzModem_error
                0x57e1ddc8                xyzModem_stream_close
                0x57e1de1c                CYGACC_COMM_IF_GETC_TIMEOUT
                0x57e1dc04                parse_num
                0x57e1de98                xyzModem_stream_terminate
                0x57e1e47c                xyzModem_stream_open
                0x57e1de14                CYGACC_COMM_IF_PUTC
                0x57e1e1f0                xyzModem_stream_read
 .text          0x57e1e5e0       0xc8 board/samsung/smdk6410/libsmdk6410.a(smdk6410.o)
                0x57e1e63c                dram_init
                0x57e1e680                board_eth_init
                0x57e1e690                checkboard
                0x57e1e5e0                board_init
                0x57e1e65c                board_flash_get_legacy
 .text          0x57e1e6a8       0x48 lib_generic/libgeneric.a(crc16.o)
                0x57e1e6a8                cyg_crc16
 .text          0x57e1e6f0      0x110 lib_generic/libgeneric.a(crc32.o)
                0x57e1e7e8                crc32
                0x57e1e7fc                crc32_wd
                0x57e1e6f0                crc32_no_comp
 .text          0x57e1e800      0x1d4 lib_generic/libgeneric.a(gunzip.o)
                0x57e1e8f4                gunzip
                0x57e1e9bc                zfree
                0x57e1e800                zunzip
                0x57e1e9c4                zalloc
 .text          0x57e1e9d4     0x27cc lib_generic/libgeneric.a(zlib.o)
                0x57e1fa5c                inflate
                0x57e1e9d4                inflate_fast
                0x57e1f678                inflateInit_
                0x57e1f710                adler32
                0x57e1fa4c                zcfree
                0x57e1f4d4                inflateReset
                0x57e1fa54                zcalloc
                0x57e1f688                inflateEnd
                0x57e1f570                inflateInit2_
                0x57e1ef3c                inflate_table
 .text          0x57e211a0       0x20 cpu/arm1176/s3c64xx/libs3c64xx.a(reset.o)
                0x57e211a0                reset_cpu
 .text          0x57e211c0      0x1c8 lib_arm/libarm.a(bootm.o)
                0x57e211c0                do_bootm_linux
 .text          0x57e21388        0x4 lib_arm/libarm.a(cache.o)
                0x57e21388                flush_cache
 .text          0x57e2138c       0xc8 lib_arm/libarm.a(cache-cp15.o)
                0x57e21430                dcache_enable
                0x57e2140c                icache_enable
                0x57e21414                icache_disable
                0x57e21440                dcache_status
                0x57e2141c                icache_status
                0x57e21438                dcache_disable
 .text          0x57e21454     0x12e8 fs/fat/libfat.a(fat.o)
                0x57e22608                file_fat_read
                0x57e21cb8                do_fat_read
                0x57e22640                file_fat_ls
                0x57e21b58                file_fat_detectfs
                0x57e21480                disk_read
                0x57e22650                fat_register_device
 .text          0x57e2273c      0xe4c fs/ext2/libext2fs.a(ext2fs.o)
                0x57e229d0                ext2fs_read_file
                0x57e2291c                ext2fs_close
                0x57e22834                ext2fs_mount
                0x57e23514                ext2fs_ls
                0x57e23404                ext2fs_find_file
                0x57e23480                ext2fs_open
                0x57e228fc                ext2fs_free_node
                0x57e22ec0                ext2fs_read
                0x57e23170                ext2fs_find_file1
 .text          0x57e23588      0x21c fs/ext2/libext2fs.a(dev.o)
                0x57e23758                ext2fs_set_blk_dev
                0x57e23588                ext2fs_devread
 .text          0x57e237a4      0x374 disk/libdisk.a(part.o)
                0x57e23880                dev_print
                0x57e237a4                print_part
                0x57e23ac0                get_dev
                0x57e23a80                get_partition_info
                0x57e23aa4                init_part
 .text          0x57e23b18      0x4c8 disk/libdisk.a(part_dos.o)
                0x57e23ddc                get_partition_info_dos
                0x57e23fb4                print_part_dos
                0x57e23b60                test_part_dos
 .text          0x57e23fe0      0x7b4 drivers/mtd/nand/libnand.a(nand_util.o)
                0x57e2428c                nand_write_skip_bad
                0x57e240dc                nand_read_skip_bad
                0x57e24458                nand_erase_opts
 .text          0x57e24794      0x5bc drivers/net/libnet.a(cs8900.o)
                0x57e24b74                cs8900_get_enetaddr
                0x57e24898                cs8900_halt
                0x57e24bf4                cs8900_initialize
                0x57e248e4                cs8900_e2prom_read
                0x57e24928                cs8900_e2prom_write
 .text          0x57e24d50     0x190c drivers/usb/host/libusb_host.a(ohci-hcd.o)
                0x57e24dd8                rh_check_port_status
                0x57e251e8                usb_lowlevel_stop
                0x57e25940                sohci_submit_job
                0x57e25770                usb_event_poll
                0x57e25fb8                submit_int_msg
                0x57e26644                submit_bulk_msg
                0x57e25fd4                submit_control_msg
                0x57e25774                usb_lowlevel_init
                0x57e25e70                submit_common_msg
 .text          0x57e2665c       0x50 drivers/usb/host/libusb_host.a(s3c64xx-hcd.o)
                0x57e2665c                usb_cpu_init
                0x57e26678                usb_cpu_stop
                0x57e26694                usb_cpu_init_fail
 .text          0x57e266ac       0x24 cpu/arm1176/libarm1176.a(cpu.o)
                0x57e266ac                cleanup_before_linux
 .text          0x57e266d0       0x1c /home/linx/Git/uboot2010/lib_arm/eabi_compat.o
                0x57e266d0                raise
 .text          0x57e266ec      0x114 /usr/local/arm/4.3.2/bin/../lib/gcc/arm-none-linux-gnueabi/4.3.2/armv4t/libgcc.a(_udivsi3.o)
                0x57e266ec                __udivsi3
                0x57e266ec                __aeabi_uidiv
                0x57e267e0                __aeabi_uidivmod
 .text          0x57e26800      0x148 /usr/local/arm/4.3.2/bin/../lib/gcc/arm-none-linux-gnueabi/4.3.2/armv4t/libgcc.a(_divsi3.o)
                0x57e26800                __aeabi_idiv
                0x57e26800                __divsi3
                0x57e26928                __aeabi_idivmod
 .text          0x57e26948       0x1c /usr/local/arm/4.3.2/bin/../lib/gcc/arm-none-linux-gnueabi/4.3.2/armv4t/libgcc.a(_lshrdi3.o)
                0x57e26948                __aeabi_llsr
                0x57e26948                __lshrdi3
 .text          0x57e26964       0x1c /usr/local/arm/4.3.2/bin/../lib/gcc/arm-none-linux-gnueabi/4.3.2/armv4t/libgcc.a(_ashrdi3.o)
                0x57e26964                __ashrdi3
                0x57e26964                __aeabi_lasr
 .text          0x57e26980       0x1c /usr/local/arm/4.3.2/bin/../lib/gcc/arm-none-linux-gnueabi/4.3.2/armv4t/libgcc.a(_ashldi3.o)
                0x57e26980                __ashldi3
                0x57e26980                __aeabi_llsl
 .text          0x57e2699c       0x14 /usr/local/arm/4.3.2/bin/../lib/gcc/arm-none-linux-gnueabi/4.3.2/armv4t/libgcc.a(_dvmd_lnx.o)
                0x57e2699c                __aeabi_ldiv0
                0x57e2699c                __aeabi_idiv0

.glue_7         0x57e269b0        0x0
 .glue_7        0x57e269b0        0x0 cpu/arm1176/start.o
 .glue_7        0x57e269b0        0x0 cpu/arm1176/s3c64xx/cpu_init.o
 .glue_7        0x57e269b0        0x0 board/samsung/smdk6410/lowlevel_init.o
 .glue_7        0x57e269b0        0x0 cpu/arm1176/nand_cp.o
 .glue_7        0x57e269b0        0x0 lib_arm/board.o
 .glue_7        0x57e269b0        0x0 lib_generic/libgeneric.a(display_options.o)
 .glue_7        0x57e269b0        0x0 lib_generic/libgeneric.a(net_utils.o)
 .glue_7        0x57e269b0        0x0 lib_generic/libgeneric.a(string.o)
 .glue_7        0x57e269b0        0x0 lib_generic/libgeneric.a(vsprintf.o)
 .glue_7        0x57e269b0        0x0 lib_generic/libgeneric.a(ctype.o)
 .glue_7        0x57e269b0        0x0 lib_generic/libgeneric.a(div64.o)
 .glue_7        0x57e269b0        0x0 lib_generic/libgeneric.a(time.o)
 .glue_7        0x57e269b0        0x0 cpu/arm1176/s3c64xx/libs3c64xx.a(speed.o)
 .glue_7        0x57e269b0        0x0 cpu/arm1176/s3c64xx/libs3c64xx.a(timer.o)
 .glue_7        0x57e269b0        0x0 lib_arm/libarm.a(interrupts.o)
 .glue_7        0x57e269b0        0x0 lib_arm/libarm.a(reset.o)
 .glue_7        0x57e269b0        0x0 net/libnet.a(eth.o)
 .glue_7        0x57e269b0        0x0 net/libnet.a(net.o)
 .glue_7        0x57e269b0        0x0 net/libnet.a(nfs.o)
 .glue_7        0x57e269b0        0x0 net/libnet.a(rarp.o)
 .glue_7        0x57e269b0        0x0 net/libnet.a(tftp.o)
 .glue_7        0x57e269b0        0x0 net/libnet.a(bootp.o)
 .glue_7        0x57e269b0        0x0 drivers/mtd/libmtd.a(cfi_flash.o)
 .glue_7        0x57e269b0        0x0 drivers/mtd/libmtd.a(jedec_flash.o)
 .glue_7        0x57e269b0        0x0 drivers/mtd/nand/libnand.a(nand.o)
 .glue_7        0x57e269b0        0x0 drivers/mtd/nand/libnand.a(nand_base.o)
 .glue_7        0x57e269b0        0x0 drivers/mtd/nand/libnand.a(nand_bbt.o)
 .glue_7        0x57e269b0        0x0 drivers/mtd/nand/libnand.a(nand_ecc.o)
 .glue_7        0x57e269b0        0x0 drivers/mtd/nand/libnand.a(nand_ids.o)
 .glue_7        0x57e269b0        0x0 drivers/mtd/nand/libnand.a(s3c64xx.o)
 .glue_7        0x57e269b0        0x0 drivers/serial/libserial.a(s3c64xx.o)
 .glue_7        0x57e269b0        0x0 common/libcommon.a(cmd_bdinfo.o)
 .glue_7        0x57e269b0        0x0 common/libcommon.a(cmd_boot.o)
 .glue_7        0x57e269b0        0x0 common/libcommon.a(cmd_bootm.o)
 .glue_7        0x57e269b0        0x0 common/libcommon.a(cmd_cache.o)
 .glue_7        0x57e269b0        0x0 common/libcommon.a(cmd_console.o)
 .glue_7        0x57e269b0        0x0 common/libcommon.a(cmd_echo.o)
 .glue_7        0x57e269b0        0x0 common/libcommon.a(cmd_elf.o)
 .glue_7        0x57e269b0        0x0 common/libcommon.a(cmd_exit.o)
 .glue_7        0x57e269b0        0x0 common/libcommon.a(cmd_ext2.o)
 .glue_7        0x57e269b0        0x0 common/libcommon.a(cmd_fat.o)
 .glue_7        0x57e269b0        0x0 common/libcommon.a(cmd_flash.o)
 .glue_7        0x57e269b0        0x0 common/libcommon.a(cmd_help.o)
 .glue_7        0x57e269b0        0x0 common/libcommon.a(cmd_itest.o)
 .glue_7        0x57e269b0        0x0 common/libcommon.a(cmd_load.o)
 .glue_7        0x57e269b0        0x0 common/libcommon.a(cmd_mem.o)
 .glue_7        0x57e269b0        0x0 common/libcommon.a(cmd_misc.o)
 .glue_7        0x57e269b0        0x0 common/libcommon.a(cmd_nand.o)
 .glue_7        0x57e269b0        0x0 common/libcommon.a(cmd_net.o)
 .glue_7        0x57e269b0        0x0 common/libcommon.a(cmd_nvedit.o)
 .glue_7        0x57e269b0        0x0 common/libcommon.a(cmd_reginfo.o)
 .glue_7        0x57e269b0        0x0 common/libcommon.a(cmd_source.o)
 .glue_7        0x57e269b0        0x0 common/libcommon.a(cmd_test.o)
 .glue_7        0x57e269b0        0x0 common/libcommon.a(cmd_usb.o)
 .glue_7        0x57e269b0        0x0 common/libcommon.a(cmd_version.o)
 .glue_7        0x57e269b0        0x0 common/libcommon.a(cmd_ximg.o)
 .glue_7        0x57e269b0        0x0 common/libcommon.a(command.o)
 .glue_7        0x57e269b0        0x0 common/libcommon.a(console.o)
 .glue_7        0x57e269b0        0x0 common/libcommon.a(dlmalloc.o)
 .glue_7        0x57e269b0        0x0 common/libcommon.a(env_common.o)
 .glue_7        0x57e269b0        0x0 common/libcommon.a(env_nand.o)
 .glue_7        0x57e269b0        0x0 common/libcommon.a(exports.o)
 .glue_7        0x57e269b0        0x0 common/libcommon.a(flash.o)
 .glue_7        0x57e269b0        0x0 common/libcommon.a(hush.o)
 .glue_7        0x57e269b0        0x0 common/libcommon.a(image.o)
 .glue_7        0x57e269b0        0x0 common/libcommon.a(main.o)
 .glue_7        0x57e269b0        0x0 common/libcommon.a(s_record.o)
 .glue_7        0x57e269b0        0x0 common/libcommon.a(stdio.o)
 .glue_7        0x57e269b0        0x0 common/libcommon.a(usb.o)
 .glue_7        0x57e269b0        0x0 common/libcommon.a(usb_storage.o)
 .glue_7        0x57e269b0        0x0 common/libcommon.a(xyzModem.o)
 .glue_7        0x57e269b0        0x0 board/samsung/smdk6410/libsmdk6410.a(smdk6410.o)
 .glue_7        0x57e269b0        0x0 lib_generic/libgeneric.a(crc16.o)
 .glue_7        0x57e269b0        0x0 lib_generic/libgeneric.a(crc32.o)
 .glue_7        0x57e269b0        0x0 lib_generic/libgeneric.a(gunzip.o)
 .glue_7        0x57e269b0        0x0 lib_generic/libgeneric.a(zlib.o)
 .glue_7        0x57e269b0        0x0 cpu/arm1176/s3c64xx/libs3c64xx.a(reset.o)
 .glue_7        0x57e269b0        0x0 lib_arm/libarm.a(bootm.o)
 .glue_7        0x57e269b0        0x0 lib_arm/libarm.a(cache.o)
 .glue_7        0x57e269b0        0x0 lib_arm/libarm.a(cache-cp15.o)
 .glue_7        0x57e269b0        0x0 fs/fat/libfat.a(fat.o)
 .glue_7        0x57e269b0        0x0 fs/ext2/libext2fs.a(ext2fs.o)
 .glue_7        0x57e269b0        0x0 fs/ext2/libext2fs.a(dev.o)
 .glue_7        0x57e269b0        0x0 disk/libdisk.a(part.o)
 .glue_7        0x57e269b0        0x0 disk/libdisk.a(part_dos.o)
 .glue_7        0x57e269b0        0x0 drivers/mtd/nand/libnand.a(nand_util.o)
 .glue_7        0x57e269b0        0x0 drivers/net/libnet.a(cs8900.o)
 .glue_7        0x57e269b0        0x0 drivers/usb/host/libusb_host.a(ohci-hcd.o)
 .glue_7        0x57e269b0        0x0 drivers/usb/host/libusb_host.a(s3c64xx-hcd.o)
 .glue_7        0x57e269b0        0x0 cpu/arm1176/libarm1176.a(cpu.o)
 .glue_7        0x57e269b0        0x0 /home/linx/Git/uboot2010/lib_arm/eabi_compat.o
 .glue_7        0x57e269b0        0x0 /usr/local/arm/4.3.2/bin/../lib/gcc/arm-none-linux-gnueabi/4.3.2/armv4t/libgcc.a(_udivsi3.o)
 .glue_7        0x57e269b0        0x0 /usr/local/arm/4.3.2/bin/../lib/gcc/arm-none-linux-gnueabi/4.3.2/armv4t/libgcc.a(_divsi3.o)
 .glue_7        0x57e269b0        0x0 /usr/local/arm/4.3.2/bin/../lib/gcc/arm-none-linux-gnueabi/4.3.2/armv4t/libgcc.a(_lshrdi3.o)
 .glue_7        0x57e269b0        0x0 /usr/local/arm/4.3.2/bin/../lib/gcc/arm-none-linux-gnueabi/4.3.2/armv4t/libgcc.a(_ashrdi3.o)
 .glue_7        0x57e269b0        0x0 /usr/local/arm/4.3.2/bin/../lib/gcc/arm-none-linux-gnueabi/4.3.2/armv4t/libgcc.a(_ashldi3.o)
 .glue_7        0x57e269b0        0x0 /usr/local/arm/4.3.2/bin/../lib/gcc/arm-none-linux-gnueabi/4.3.2/armv4t/libgcc.a(_dvmd_lnx.o)

.glue_7t        0x57e269b0        0x0
 .glue_7t       0x57e269b0        0x0 cpu/arm1176/start.o
 .glue_7t       0x57e269b0        0x0 cpu/arm1176/s3c64xx/cpu_init.o
 .glue_7t       0x57e269b0        0x0 board/samsung/smdk6410/lowlevel_init.o
 .glue_7t       0x57e269b0        0x0 cpu/arm1176/nand_cp.o
 .glue_7t       0x57e269b0        0x0 lib_arm/board.o
 .glue_7t       0x57e269b0        0x0 lib_generic/libgeneric.a(display_options.o)
 .glue_7t       0x57e269b0        0x0 lib_generic/libgeneric.a(net_utils.o)
 .glue_7t       0x57e269b0        0x0 lib_generic/libgeneric.a(string.o)
 .glue_7t       0x57e269b0        0x0 lib_generic/libgeneric.a(vsprintf.o)
 .glue_7t       0x57e269b0        0x0 lib_generic/libgeneric.a(ctype.o)
 .glue_7t       0x57e269b0        0x0 lib_generic/libgeneric.a(div64.o)
 .glue_7t       0x57e269b0        0x0 lib_generic/libgeneric.a(time.o)
 .glue_7t       0x57e269b0        0x0 cpu/arm1176/s3c64xx/libs3c64xx.a(speed.o)
 .glue_7t       0x57e269b0        0x0 cpu/arm1176/s3c64xx/libs3c64xx.a(timer.o)
 .glue_7t       0x57e269b0        0x0 lib_arm/libarm.a(interrupts.o)
 .glue_7t       0x57e269b0        0x0 lib_arm/libarm.a(reset.o)
 .glue_7t       0x57e269b0        0x0 net/libnet.a(eth.o)
 .glue_7t       0x57e269b0        0x0 net/libnet.a(net.o)
 .glue_7t       0x57e269b0        0x0 net/libnet.a(nfs.o)
 .glue_7t       0x57e269b0        0x0 net/libnet.a(rarp.o)
 .glue_7t       0x57e269b0        0x0 net/libnet.a(tftp.o)
 .glue_7t       0x57e269b0        0x0 net/libnet.a(bootp.o)
 .glue_7t       0x57e269b0        0x0 drivers/mtd/libmtd.a(cfi_flash.o)
 .glue_7t       0x57e269b0        0x0 drivers/mtd/libmtd.a(jedec_flash.o)
 .glue_7t       0x57e269b0        0x0 drivers/mtd/nand/libnand.a(nand.o)
 .glue_7t       0x57e269b0        0x0 drivers/mtd/nand/libnand.a(nand_base.o)
 .glue_7t       0x57e269b0        0x0 drivers/mtd/nand/libnand.a(nand_bbt.o)
 .glue_7t       0x57e269b0        0x0 drivers/mtd/nand/libnand.a(nand_ecc.o)
 .glue_7t       0x57e269b0        0x0 drivers/mtd/nand/libnand.a(nand_ids.o)
 .glue_7t       0x57e269b0        0x0 drivers/mtd/nand/libnand.a(s3c64xx.o)
 .glue_7t       0x57e269b0        0x0 drivers/serial/libserial.a(s3c64xx.o)
 .glue_7t       0x57e269b0        0x0 common/libcommon.a(cmd_bdinfo.o)
 .glue_7t       0x57e269b0        0x0 common/libcommon.a(cmd_boot.o)
 .glue_7t       0x57e269b0        0x0 common/libcommon.a(cmd_bootm.o)
 .glue_7t       0x57e269b0        0x0 common/libcommon.a(cmd_cache.o)
 .glue_7t       0x57e269b0        0x0 common/libcommon.a(cmd_console.o)
 .glue_7t       0x57e269b0        0x0 common/libcommon.a(cmd_echo.o)
 .glue_7t       0x57e269b0        0x0 common/libcommon.a(cmd_elf.o)
 .glue_7t       0x57e269b0        0x0 common/libcommon.a(cmd_exit.o)
 .glue_7t       0x57e269b0        0x0 common/libcommon.a(cmd_ext2.o)
 .glue_7t       0x57e269b0        0x0 common/libcommon.a(cmd_fat.o)
 .glue_7t       0x57e269b0        0x0 common/libcommon.a(cmd_flash.o)
 .glue_7t       0x57e269b0        0x0 common/libcommon.a(cmd_help.o)
 .glue_7t       0x57e269b0        0x0 common/libcommon.a(cmd_itest.o)
 .glue_7t       0x57e269b0        0x0 common/libcommon.a(cmd_load.o)
 .glue_7t       0x57e269b0        0x0 common/libcommon.a(cmd_mem.o)
 .glue_7t       0x57e269b0        0x0 common/libcommon.a(cmd_misc.o)
 .glue_7t       0x57e269b0        0x0 common/libcommon.a(cmd_nand.o)
 .glue_7t       0x57e269b0        0x0 common/libcommon.a(cmd_net.o)
 .glue_7t       0x57e269b0        0x0 common/libcommon.a(cmd_nvedit.o)
 .glue_7t       0x57e269b0        0x0 common/libcommon.a(cmd_reginfo.o)
 .glue_7t       0x57e269b0        0x0 common/libcommon.a(cmd_source.o)
 .glue_7t       0x57e269b0        0x0 common/libcommon.a(cmd_test.o)
 .glue_7t       0x57e269b0        0x0 common/libcommon.a(cmd_usb.o)
 .glue_7t       0x57e269b0        0x0 common/libcommon.a(cmd_version.o)
 .glue_7t       0x57e269b0        0x0 common/libcommon.a(cmd_ximg.o)
 .glue_7t       0x57e269b0        0x0 common/libcommon.a(command.o)
 .glue_7t       0x57e269b0        0x0 common/libcommon.a(console.o)
 .glue_7t       0x57e269b0        0x0 common/libcommon.a(dlmalloc.o)
 .glue_7t       0x57e269b0        0x0 common/libcommon.a(env_common.o)
 .glue_7t       0x57e269b0        0x0 common/libcommon.a(env_nand.o)
 .glue_7t       0x57e269b0        0x0 common/libcommon.a(exports.o)
 .glue_7t       0x57e269b0        0x0 common/libcommon.a(flash.o)
 .glue_7t       0x57e269b0        0x0 common/libcommon.a(hush.o)
 .glue_7t       0x57e269b0        0x0 common/libcommon.a(image.o)
 .glue_7t       0x57e269b0        0x0 common/libcommon.a(main.o)
 .glue_7t       0x57e269b0        0x0 common/libcommon.a(s_record.o)
 .glue_7t       0x57e269b0        0x0 common/libcommon.a(stdio.o)
 .glue_7t       0x57e269b0        0x0 common/libcommon.a(usb.o)
 .glue_7t       0x57e269b0        0x0 common/libcommon.a(usb_storage.o)
 .glue_7t       0x57e269b0        0x0 common/libcommon.a(xyzModem.o)
 .glue_7t       0x57e269b0        0x0 board/samsung/smdk6410/libsmdk6410.a(smdk6410.o)
 .glue_7t       0x57e269b0        0x0 lib_generic/libgeneric.a(crc16.o)
 .glue_7t       0x57e269b0        0x0 lib_generic/libgeneric.a(crc32.o)
 .glue_7t       0x57e269b0        0x0 lib_generic/libgeneric.a(gunzip.o)
 .glue_7t       0x57e269b0        0x0 lib_generic/libgeneric.a(zlib.o)
 .glue_7t       0x57e269b0        0x0 cpu/arm1176/s3c64xx/libs3c64xx.a(reset.o)
 .glue_7t       0x57e269b0        0x0 lib_arm/libarm.a(bootm.o)
 .glue_7t       0x57e269b0        0x0 lib_arm/libarm.a(cache.o)
 .glue_7t       0x57e269b0        0x0 lib_arm/libarm.a(cache-cp15.o)
 .glue_7t       0x57e269b0        0x0 fs/fat/libfat.a(fat.o)
 .glue_7t       0x57e269b0        0x0 fs/ext2/libext2fs.a(ext2fs.o)
 .glue_7t       0x57e269b0        0x0 fs/ext2/libext2fs.a(dev.o)
 .glue_7t       0x57e269b0        0x0 disk/libdisk.a(part.o)
 .glue_7t       0x57e269b0        0x0 disk/libdisk.a(part_dos.o)
 .glue_7t       0x57e269b0        0x0 drivers/mtd/nand/libnand.a(nand_util.o)
 .glue_7t       0x57e269b0        0x0 drivers/net/libnet.a(cs8900.o)
 .glue_7t       0x57e269b0        0x0 drivers/usb/host/libusb_host.a(ohci-hcd.o)
 .glue_7t       0x57e269b0        0x0 drivers/usb/host/libusb_host.a(s3c64xx-hcd.o)
 .glue_7t       0x57e269b0        0x0 cpu/arm1176/libarm1176.a(cpu.o)
 .glue_7t       0x57e269b0        0x0 /home/linx/Git/uboot2010/lib_arm/eabi_compat.o
 .glue_7t       0x57e269b0        0x0 /usr/local/arm/4.3.2/bin/../lib/gcc/arm-none-linux-gnueabi/4.3.2/armv4t/libgcc.a(_udivsi3.o)
 .glue_7t       0x57e269b0        0x0 /usr/local/arm/4.3.2/bin/../lib/gcc/arm-none-linux-gnueabi/4.3.2/armv4t/libgcc.a(_divsi3.o)
 .glue_7t       0x57e269b0        0x0 /usr/local/arm/4.3.2/bin/../lib/gcc/arm-none-linux-gnueabi/4.3.2/armv4t/libgcc.a(_lshrdi3.o)
 .glue_7t       0x57e269b0        0x0 /usr/local/arm/4.3.2/bin/../lib/gcc/arm-none-linux-gnueabi/4.3.2/armv4t/libgcc.a(_ashrdi3.o)
 .glue_7t       0x57e269b0        0x0 /usr/local/arm/4.3.2/bin/../lib/gcc/arm-none-linux-gnueabi/4.3.2/armv4t/libgcc.a(_ashldi3.o)
 .glue_7t       0x57e269b0        0x0 /usr/local/arm/4.3.2/bin/../lib/gcc/arm-none-linux-gnueabi/4.3.2/armv4t/libgcc.a(_dvmd_lnx.o)

.vfp11_veneer   0x57e269b0        0x0
 .vfp11_veneer  0x57e269b0        0x0 cpu/arm1176/start.o
 .vfp11_veneer  0x57e269b0        0x0 cpu/arm1176/s3c64xx/cpu_init.o
 .vfp11_veneer  0x57e269b0        0x0 board/samsung/smdk6410/lowlevel_init.o
 .vfp11_veneer  0x57e269b0        0x0 cpu/arm1176/nand_cp.o
 .vfp11_veneer  0x57e269b0        0x0 lib_arm/board.o
 .vfp11_veneer  0x57e269b0        0x0 lib_generic/libgeneric.a(display_options.o)
 .vfp11_veneer  0x57e269b0        0x0 lib_generic/libgeneric.a(net_utils.o)
 .vfp11_veneer  0x57e269b0        0x0 lib_generic/libgeneric.a(string.o)
 .vfp11_veneer  0x57e269b0        0x0 lib_generic/libgeneric.a(vsprintf.o)
 .vfp11_veneer  0x57e269b0        0x0 lib_generic/libgeneric.a(ctype.o)
 .vfp11_veneer  0x57e269b0        0x0 lib_generic/libgeneric.a(div64.o)
 .vfp11_veneer  0x57e269b0        0x0 lib_generic/libgeneric.a(time.o)
 .vfp11_veneer  0x57e269b0        0x0 cpu/arm1176/s3c64xx/libs3c64xx.a(speed.o)
 .vfp11_veneer  0x57e269b0        0x0 cpu/arm1176/s3c64xx/libs3c64xx.a(timer.o)
 .vfp11_veneer  0x57e269b0        0x0 lib_arm/libarm.a(interrupts.o)
 .vfp11_veneer  0x57e269b0        0x0 lib_arm/libarm.a(reset.o)
 .vfp11_veneer  0x57e269b0        0x0 net/libnet.a(eth.o)
 .vfp11_veneer  0x57e269b0        0x0 net/libnet.a(net.o)
 .vfp11_veneer  0x57e269b0        0x0 net/libnet.a(nfs.o)
 .vfp11_veneer  0x57e269b0        0x0 net/libnet.a(rarp.o)
 .vfp11_veneer  0x57e269b0        0x0 net/libnet.a(tftp.o)
 .vfp11_veneer  0x57e269b0        0x0 net/libnet.a(bootp.o)
 .vfp11_veneer  0x57e269b0        0x0 drivers/mtd/libmtd.a(cfi_flash.o)
 .vfp11_veneer  0x57e269b0        0x0 drivers/mtd/libmtd.a(jedec_flash.o)
 .vfp11_veneer  0x57e269b0        0x0 drivers/mtd/nand/libnand.a(nand.o)
 .vfp11_veneer  0x57e269b0        0x0 drivers/mtd/nand/libnand.a(nand_base.o)
 .vfp11_veneer  0x57e269b0        0x0 drivers/mtd/nand/libnand.a(nand_bbt.o)
 .vfp11_veneer  0x57e269b0        0x0 drivers/mtd/nand/libnand.a(nand_ecc.o)
 .vfp11_veneer  0x57e269b0        0x0 drivers/mtd/nand/libnand.a(nand_ids.o)
 .vfp11_veneer  0x57e269b0        0x0 drivers/mtd/nand/libnand.a(s3c64xx.o)
 .vfp11_veneer  0x57e269b0        0x0 drivers/serial/libserial.a(s3c64xx.o)
 .vfp11_veneer  0x57e269b0        0x0 common/libcommon.a(cmd_bdinfo.o)
 .vfp11_veneer  0x57e269b0        0x0 common/libcommon.a(cmd_boot.o)
 .vfp11_veneer  0x57e269b0        0x0 common/libcommon.a(cmd_bootm.o)
 .vfp11_veneer  0x57e269b0        0x0 common/libcommon.a(cmd_cache.o)
 .vfp11_veneer  0x57e269b0        0x0 common/libcommon.a(cmd_console.o)
 .vfp11_veneer  0x57e269b0        0x0 common/libcommon.a(cmd_echo.o)
 .vfp11_veneer  0x57e269b0        0x0 common/libcommon.a(cmd_elf.o)
 .vfp11_veneer  0x57e269b0        0x0 common/libcommon.a(cmd_exit.o)
 .vfp11_veneer  0x57e269b0        0x0 common/libcommon.a(cmd_ext2.o)
 .vfp11_veneer  0x57e269b0        0x0 common/libcommon.a(cmd_fat.o)
 .vfp11_veneer  0x57e269b0        0x0 common/libcommon.a(cmd_flash.o)
 .vfp11_veneer  0x57e269b0        0x0 common/libcommon.a(cmd_help.o)
 .vfp11_veneer  0x57e269b0        0x0 common/libcommon.a(cmd_itest.o)
 .vfp11_veneer  0x57e269b0        0x0 common/libcommon.a(cmd_load.o)
 .vfp11_veneer  0x57e269b0        0x0 common/libcommon.a(cmd_mem.o)
 .vfp11_veneer  0x57e269b0        0x0 common/libcommon.a(cmd_misc.o)
 .vfp11_veneer  0x57e269b0        0x0 common/libcommon.a(cmd_nand.o)
 .vfp11_veneer  0x57e269b0        0x0 common/libcommon.a(cmd_net.o)
 .vfp11_veneer  0x57e269b0        0x0 common/libcommon.a(cmd_nvedit.o)
 .vfp11_veneer  0x57e269b0        0x0 common/libcommon.a(cmd_reginfo.o)
 .vfp11_veneer  0x57e269b0        0x0 common/libcommon.a(cmd_source.o)
 .vfp11_veneer  0x57e269b0        0x0 common/libcommon.a(cmd_test.o)
 .vfp11_veneer  0x57e269b0        0x0 common/libcommon.a(cmd_usb.o)
 .vfp11_veneer  0x57e269b0        0x0 common/libcommon.a(cmd_version.o)
 .vfp11_veneer  0x57e269b0        0x0 common/libcommon.a(cmd_ximg.o)
 .vfp11_veneer  0x57e269b0        0x0 common/libcommon.a(command.o)
 .vfp11_veneer  0x57e269b0        0x0 common/libcommon.a(console.o)
 .vfp11_veneer  0x57e269b0        0x0 common/libcommon.a(dlmalloc.o)
 .vfp11_veneer  0x57e269b0        0x0 common/libcommon.a(env_common.o)
 .vfp11_veneer  0x57e269b0        0x0 common/libcommon.a(env_nand.o)
 .vfp11_veneer  0x57e269b0        0x0 common/libcommon.a(exports.o)
 .vfp11_veneer  0x57e269b0        0x0 common/libcommon.a(flash.o)
 .vfp11_veneer  0x57e269b0        0x0 common/libcommon.a(hush.o)
 .vfp11_veneer  0x57e269b0        0x0 common/libcommon.a(image.o)
 .vfp11_veneer  0x57e269b0        0x0 common/libcommon.a(main.o)
 .vfp11_veneer  0x57e269b0        0x0 common/libcommon.a(s_record.o)
 .vfp11_veneer  0x57e269b0        0x0 common/libcommon.a(stdio.o)
 .vfp11_veneer  0x57e269b0        0x0 common/libcommon.a(usb.o)
 .vfp11_veneer  0x57e269b0        0x0 common/libcommon.a(usb_storage.o)
 .vfp11_veneer  0x57e269b0        0x0 common/libcommon.a(xyzModem.o)
 .vfp11_veneer  0x57e269b0        0x0 board/samsung/smdk6410/libsmdk6410.a(smdk6410.o)
 .vfp11_veneer  0x57e269b0        0x0 lib_generic/libgeneric.a(crc16.o)
 .vfp11_veneer  0x57e269b0        0x0 lib_generic/libgeneric.a(crc32.o)
 .vfp11_veneer  0x57e269b0        0x0 lib_generic/libgeneric.a(gunzip.o)
 .vfp11_veneer  0x57e269b0        0x0 lib_generic/libgeneric.a(zlib.o)
 .vfp11_veneer  0x57e269b0        0x0 cpu/arm1176/s3c64xx/libs3c64xx.a(reset.o)
 .vfp11_veneer  0x57e269b0        0x0 lib_arm/libarm.a(bootm.o)
 .vfp11_veneer  0x57e269b0        0x0 lib_arm/libarm.a(cache.o)
 .vfp11_veneer  0x57e269b0        0x0 lib_arm/libarm.a(cache-cp15.o)
 .vfp11_veneer  0x57e269b0        0x0 fs/fat/libfat.a(fat.o)
 .vfp11_veneer  0x57e269b0        0x0 fs/ext2/libext2fs.a(ext2fs.o)
 .vfp11_veneer  0x57e269b0        0x0 fs/ext2/libext2fs.a(dev.o)
 .vfp11_veneer  0x57e269b0        0x0 disk/libdisk.a(part.o)
 .vfp11_veneer  0x57e269b0        0x0 disk/libdisk.a(part_dos.o)
 .vfp11_veneer  0x57e269b0        0x0 drivers/mtd/nand/libnand.a(nand_util.o)
 .vfp11_veneer  0x57e269b0        0x0 drivers/net/libnet.a(cs8900.o)
 .vfp11_veneer  0x57e269b0        0x0 drivers/usb/host/libusb_host.a(ohci-hcd.o)
 .vfp11_veneer  0x57e269b0        0x0 drivers/usb/host/libusb_host.a(s3c64xx-hcd.o)
 .vfp11_veneer  0x57e269b0        0x0 cpu/arm1176/libarm1176.a(cpu.o)
 .vfp11_veneer  0x57e269b0        0x0 /home/linx/Git/uboot2010/lib_arm/eabi_compat.o
 .vfp11_veneer  0x57e269b0        0x0 /usr/local/arm/4.3.2/bin/../lib/gcc/arm-none-linux-gnueabi/4.3.2/armv4t/libgcc.a(_udivsi3.o)
 .vfp11_veneer  0x57e269b0        0x0 /usr/local/arm/4.3.2/bin/../lib/gcc/arm-none-linux-gnueabi/4.3.2/armv4t/libgcc.a(_divsi3.o)
 .vfp11_veneer  0x57e269b0        0x0 /usr/local/arm/4.3.2/bin/../lib/gcc/arm-none-linux-gnueabi/4.3.2/armv4t/libgcc.a(_lshrdi3.o)
 .vfp11_veneer  0x57e269b0        0x0 /usr/local/arm/4.3.2/bin/../lib/gcc/arm-none-linux-gnueabi/4.3.2/armv4t/libgcc.a(_ashrdi3.o)
 .vfp11_veneer  0x57e269b0        0x0 /usr/local/arm/4.3.2/bin/../lib/gcc/arm-none-linux-gnueabi/4.3.2/armv4t/libgcc.a(_ashldi3.o)
 .vfp11_veneer  0x57e269b0        0x0 /usr/local/arm/4.3.2/bin/../lib/gcc/arm-none-linux-gnueabi/4.3.2/armv4t/libgcc.a(_dvmd_lnx.o)

.janus_2cc_veneer
                0x57e269b0        0x0
 .janus_2cc_veneer
                0x57e269b0        0x0 cpu/arm1176/start.o
 .janus_2cc_veneer
                0x57e269b0        0x0 cpu/arm1176/s3c64xx/cpu_init.o
 .janus_2cc_veneer
                0x57e269b0        0x0 board/samsung/smdk6410/lowlevel_init.o
 .janus_2cc_veneer
                0x57e269b0        0x0 cpu/arm1176/nand_cp.o
 .janus_2cc_veneer
                0x57e269b0        0x0 lib_arm/board.o
 .janus_2cc_veneer
                0x57e269b0        0x0 lib_generic/libgeneric.a(display_options.o)
 .janus_2cc_veneer
                0x57e269b0        0x0 lib_generic/libgeneric.a(net_utils.o)
 .janus_2cc_veneer
                0x57e269b0        0x0 lib_generic/libgeneric.a(string.o)
 .janus_2cc_veneer
                0x57e269b0        0x0 lib_generic/libgeneric.a(vsprintf.o)
 .janus_2cc_veneer
                0x57e269b0        0x0 lib_generic/libgeneric.a(ctype.o)
 .janus_2cc_veneer
                0x57e269b0        0x0 lib_generic/libgeneric.a(div64.o)
 .janus_2cc_veneer
                0x57e269b0        0x0 lib_generic/libgeneric.a(time.o)
 .janus_2cc_veneer
                0x57e269b0        0x0 cpu/arm1176/s3c64xx/libs3c64xx.a(speed.o)
 .janus_2cc_veneer
                0x57e269b0        0x0 cpu/arm1176/s3c64xx/libs3c64xx.a(timer.o)
 .janus_2cc_veneer
                0x57e269b0        0x0 lib_arm/libarm.a(interrupts.o)
 .janus_2cc_veneer
                0x57e269b0        0x0 lib_arm/libarm.a(reset.o)
 .janus_2cc_veneer
                0x57e269b0        0x0 net/libnet.a(eth.o)
 .janus_2cc_veneer
                0x57e269b0        0x0 net/libnet.a(net.o)
 .janus_2cc_veneer
                0x57e269b0        0x0 net/libnet.a(nfs.o)
 .janus_2cc_veneer
                0x57e269b0        0x0 net/libnet.a(rarp.o)
 .janus_2cc_veneer
                0x57e269b0        0x0 net/libnet.a(tftp.o)
 .janus_2cc_veneer
                0x57e269b0        0x0 net/libnet.a(bootp.o)
 .janus_2cc_veneer
                0x57e269b0        0x0 drivers/mtd/libmtd.a(cfi_flash.o)
 .janus_2cc_veneer
                0x57e269b0        0x0 drivers/mtd/libmtd.a(jedec_flash.o)
 .janus_2cc_veneer
                0x57e269b0        0x0 drivers/mtd/nand/libnand.a(nand.o)
 .janus_2cc_veneer
                0x57e269b0        0x0 drivers/mtd/nand/libnand.a(nand_base.o)
 .janus_2cc_veneer
                0x57e269b0        0x0 drivers/mtd/nand/libnand.a(nand_bbt.o)
 .janus_2cc_veneer
                0x57e269b0        0x0 drivers/mtd/nand/libnand.a(nand_ecc.o)
 .janus_2cc_veneer
                0x57e269b0        0x0 drivers/mtd/nand/libnand.a(nand_ids.o)
 .janus_2cc_veneer
                0x57e269b0        0x0 drivers/mtd/nand/libnand.a(s3c64xx.o)
 .janus_2cc_veneer
                0x57e269b0        0x0 drivers/serial/libserial.a(s3c64xx.o)
 .janus_2cc_veneer
                0x57e269b0        0x0 common/libcommon.a(cmd_bdinfo.o)
 .janus_2cc_veneer
                0x57e269b0        0x0 common/libcommon.a(cmd_boot.o)
 .janus_2cc_veneer
                0x57e269b0        0x0 common/libcommon.a(cmd_bootm.o)
 .janus_2cc_veneer
                0x57e269b0        0x0 common/libcommon.a(cmd_cache.o)
 .janus_2cc_veneer
                0x57e269b0        0x0 common/libcommon.a(cmd_console.o)
 .janus_2cc_veneer
                0x57e269b0        0x0 common/libcommon.a(cmd_echo.o)
 .janus_2cc_veneer
                0x57e269b0        0x0 common/libcommon.a(cmd_elf.o)
 .janus_2cc_veneer
                0x57e269b0        0x0 common/libcommon.a(cmd_exit.o)
 .janus_2cc_veneer
                0x57e269b0        0x0 common/libcommon.a(cmd_ext2.o)
 .janus_2cc_veneer
                0x57e269b0        0x0 common/libcommon.a(cmd_fat.o)
 .janus_2cc_veneer
                0x57e269b0        0x0 common/libcommon.a(cmd_flash.o)
 .janus_2cc_veneer
                0x57e269b0        0x0 common/libcommon.a(cmd_help.o)
 .janus_2cc_veneer
                0x57e269b0        0x0 common/libcommon.a(cmd_itest.o)
 .janus_2cc_veneer
                0x57e269b0        0x0 common/libcommon.a(cmd_load.o)
 .janus_2cc_veneer
                0x57e269b0        0x0 common/libcommon.a(cmd_mem.o)
 .janus_2cc_veneer
                0x57e269b0        0x0 common/libcommon.a(cmd_misc.o)
 .janus_2cc_veneer
                0x57e269b0        0x0 common/libcommon.a(cmd_nand.o)
 .janus_2cc_veneer
                0x57e269b0        0x0 common/libcommon.a(cmd_net.o)
 .janus_2cc_veneer
                0x57e269b0        0x0 common/libcommon.a(cmd_nvedit.o)
 .janus_2cc_veneer
                0x57e269b0        0x0 common/libcommon.a(cmd_reginfo.o)
 .janus_2cc_veneer
                0x57e269b0        0x0 common/libcommon.a(cmd_source.o)
 .janus_2cc_veneer
                0x57e269b0        0x0 common/libcommon.a(cmd_test.o)
 .janus_2cc_veneer
                0x57e269b0        0x0 common/libcommon.a(cmd_usb.o)
 .janus_2cc_veneer
                0x57e269b0        0x0 common/libcommon.a(cmd_version.o)
 .janus_2cc_veneer
                0x57e269b0        0x0 common/libcommon.a(cmd_ximg.o)
 .janus_2cc_veneer
                0x57e269b0        0x0 common/libcommon.a(command.o)
 .janus_2cc_veneer
                0x57e269b0        0x0 common/libcommon.a(console.o)
 .janus_2cc_veneer
                0x57e269b0        0x0 common/libcommon.a(dlmalloc.o)
 .janus_2cc_veneer
                0x57e269b0        0x0 common/libcommon.a(env_common.o)
 .janus_2cc_veneer
                0x57e269b0        0x0 common/libcommon.a(env_nand.o)
 .janus_2cc_veneer
                0x57e269b0        0x0 common/libcommon.a(exports.o)
 .janus_2cc_veneer
                0x57e269b0        0x0 common/libcommon.a(flash.o)
 .janus_2cc_veneer
                0x57e269b0        0x0 common/libcommon.a(hush.o)
 .janus_2cc_veneer
                0x57e269b0        0x0 common/libcommon.a(image.o)
 .janus_2cc_veneer
                0x57e269b0        0x0 common/libcommon.a(main.o)
 .janus_2cc_veneer
                0x57e269b0        0x0 common/libcommon.a(s_record.o)
 .janus_2cc_veneer
                0x57e269b0        0x0 common/libcommon.a(stdio.o)
 .janus_2cc_veneer
                0x57e269b0        0x0 common/libcommon.a(usb.o)
 .janus_2cc_veneer
                0x57e269b0        0x0 common/libcommon.a(usb_storage.o)
 .janus_2cc_veneer
                0x57e269b0        0x0 common/libcommon.a(xyzModem.o)
 .janus_2cc_veneer
                0x57e269b0        0x0 board/samsung/smdk6410/libsmdk6410.a(smdk6410.o)
 .janus_2cc_veneer
                0x57e269b0        0x0 lib_generic/libgeneric.a(crc16.o)
 .janus_2cc_veneer
                0x57e269b0        0x0 lib_generic/libgeneric.a(crc32.o)
 .janus_2cc_veneer
                0x57e269b0        0x0 lib_generic/libgeneric.a(gunzip.o)
 .janus_2cc_veneer
                0x57e269b0        0x0 lib_generic/libgeneric.a(zlib.o)
 .janus_2cc_veneer
                0x57e269b0        0x0 cpu/arm1176/s3c64xx/libs3c64xx.a(reset.o)
 .janus_2cc_veneer
                0x57e269b0        0x0 lib_arm/libarm.a(bootm.o)
 .janus_2cc_veneer
                0x57e269b0        0x0 lib_arm/libarm.a(cache.o)
 .janus_2cc_veneer
                0x57e269b0        0x0 lib_arm/libarm.a(cache-cp15.o)
 .janus_2cc_veneer
                0x57e269b0        0x0 fs/fat/libfat.a(fat.o)
 .janus_2cc_veneer
                0x57e269b0        0x0 fs/ext2/libext2fs.a(ext2fs.o)
 .janus_2cc_veneer
                0x57e269b0        0x0 fs/ext2/libext2fs.a(dev.o)
 .janus_2cc_veneer
                0x57e269b0        0x0 disk/libdisk.a(part.o)
 .janus_2cc_veneer
                0x57e269b0        0x0 disk/libdisk.a(part_dos.o)
 .janus_2cc_veneer
                0x57e269b0        0x0 drivers/mtd/nand/libnand.a(nand_util.o)
 .janus_2cc_veneer
                0x57e269b0        0x0 drivers/net/libnet.a(cs8900.o)
 .janus_2cc_veneer
                0x57e269b0        0x0 drivers/usb/host/libusb_host.a(ohci-hcd.o)
 .janus_2cc_veneer
                0x57e269b0        0x0 drivers/usb/host/libusb_host.a(s3c64xx-hcd.o)
 .janus_2cc_veneer
                0x57e269b0        0x0 cpu/arm1176/libarm1176.a(cpu.o)
 .janus_2cc_veneer
                0x57e269b0        0x0 /home/linx/Git/uboot2010/lib_arm/eabi_compat.o
 .janus_2cc_veneer
                0x57e269b0        0x0 /usr/local/arm/4.3.2/bin/../lib/gcc/arm-none-linux-gnueabi/4.3.2/armv4t/libgcc.a(_udivsi3.o)
 .janus_2cc_veneer
                0x57e269b0        0x0 /usr/local/arm/4.3.2/bin/../lib/gcc/arm-none-linux-gnueabi/4.3.2/armv4t/libgcc.a(_divsi3.o)
 .janus_2cc_veneer
                0x57e269b0        0x0 /usr/local/arm/4.3.2/bin/../lib/gcc/arm-none-linux-gnueabi/4.3.2/armv4t/libgcc.a(_lshrdi3.o)
 .janus_2cc_veneer
                0x57e269b0        0x0 /usr/local/arm/4.3.2/bin/../lib/gcc/arm-none-linux-gnueabi/4.3.2/armv4t/libgcc.a(_ashrdi3.o)
 .janus_2cc_veneer
                0x57e269b0        0x0 /usr/local/arm/4.3.2/bin/../lib/gcc/arm-none-linux-gnueabi/4.3.2/armv4t/libgcc.a(_ashldi3.o)
 .janus_2cc_veneer
                0x57e269b0        0x0 /usr/local/arm/4.3.2/bin/../lib/gcc/arm-none-linux-gnueabi/4.3.2/armv4t/libgcc.a(_dvmd_lnx.o)

.v4_bx          0x57e269b0        0x0
 .v4_bx         0x57e269b0        0x0 cpu/arm1176/start.o
 .v4_bx         0x57e269b0        0x0 cpu/arm1176/s3c64xx/cpu_init.o
 .v4_bx         0x57e269b0        0x0 board/samsung/smdk6410/lowlevel_init.o
 .v4_bx         0x57e269b0        0x0 cpu/arm1176/nand_cp.o
 .v4_bx         0x57e269b0        0x0 lib_arm/board.o
 .v4_bx         0x57e269b0        0x0 lib_generic/libgeneric.a(display_options.o)
 .v4_bx         0x57e269b0        0x0 lib_generic/libgeneric.a(net_utils.o)
 .v4_bx         0x57e269b0        0x0 lib_generic/libgeneric.a(string.o)
 .v4_bx         0x57e269b0        0x0 lib_generic/libgeneric.a(vsprintf.o)
 .v4_bx         0x57e269b0        0x0 lib_generic/libgeneric.a(ctype.o)
 .v4_bx         0x57e269b0        0x0 lib_generic/libgeneric.a(div64.o)
 .v4_bx         0x57e269b0        0x0 lib_generic/libgeneric.a(time.o)
 .v4_bx         0x57e269b0        0x0 cpu/arm1176/s3c64xx/libs3c64xx.a(speed.o)
 .v4_bx         0x57e269b0        0x0 cpu/arm1176/s3c64xx/libs3c64xx.a(timer.o)
 .v4_bx         0x57e269b0        0x0 lib_arm/libarm.a(interrupts.o)
 .v4_bx         0x57e269b0        0x0 lib_arm/libarm.a(reset.o)
 .v4_bx         0x57e269b0        0x0 net/libnet.a(eth.o)
 .v4_bx         0x57e269b0        0x0 net/libnet.a(net.o)
 .v4_bx         0x57e269b0        0x0 net/libnet.a(nfs.o)
 .v4_bx         0x57e269b0        0x0 net/libnet.a(rarp.o)
 .v4_bx         0x57e269b0        0x0 net/libnet.a(tftp.o)
 .v4_bx         0x57e269b0        0x0 net/libnet.a(bootp.o)
 .v4_bx         0x57e269b0        0x0 drivers/mtd/libmtd.a(cfi_flash.o)
 .v4_bx         0x57e269b0        0x0 drivers/mtd/libmtd.a(jedec_flash.o)
 .v4_bx         0x57e269b0        0x0 drivers/mtd/nand/libnand.a(nand.o)
 .v4_bx         0x57e269b0        0x0 drivers/mtd/nand/libnand.a(nand_base.o)
 .v4_bx         0x57e269b0        0x0 drivers/mtd/nand/libnand.a(nand_bbt.o)
 .v4_bx         0x57e269b0        0x0 drivers/mtd/nand/libnand.a(nand_ecc.o)
 .v4_bx         0x57e269b0        0x0 drivers/mtd/nand/libnand.a(nand_ids.o)
 .v4_bx         0x57e269b0        0x0 drivers/mtd/nand/libnand.a(s3c64xx.o)
 .v4_bx         0x57e269b0        0x0 drivers/serial/libserial.a(s3c64xx.o)
 .v4_bx         0x57e269b0        0x0 common/libcommon.a(cmd_bdinfo.o)
 .v4_bx         0x57e269b0        0x0 common/libcommon.a(cmd_boot.o)
 .v4_bx         0x57e269b0        0x0 common/libcommon.a(cmd_bootm.o)
 .v4_bx         0x57e269b0        0x0 common/libcommon.a(cmd_cache.o)
 .v4_bx         0x57e269b0        0x0 common/libcommon.a(cmd_console.o)
 .v4_bx         0x57e269b0        0x0 common/libcommon.a(cmd_echo.o)
 .v4_bx         0x57e269b0        0x0 common/libcommon.a(cmd_elf.o)
 .v4_bx         0x57e269b0        0x0 common/libcommon.a(cmd_exit.o)
 .v4_bx         0x57e269b0        0x0 common/libcommon.a(cmd_ext2.o)
 .v4_bx         0x57e269b0        0x0 common/libcommon.a(cmd_fat.o)
 .v4_bx         0x57e269b0        0x0 common/libcommon.a(cmd_flash.o)
 .v4_bx         0x57e269b0        0x0 common/libcommon.a(cmd_help.o)
 .v4_bx         0x57e269b0        0x0 common/libcommon.a(cmd_itest.o)
 .v4_bx         0x57e269b0        0x0 common/libcommon.a(cmd_load.o)
 .v4_bx         0x57e269b0        0x0 common/libcommon.a(cmd_mem.o)
 .v4_bx         0x57e269b0        0x0 common/libcommon.a(cmd_misc.o)
 .v4_bx         0x57e269b0        0x0 common/libcommon.a(cmd_nand.o)
 .v4_bx         0x57e269b0        0x0 common/libcommon.a(cmd_net.o)
 .v4_bx         0x57e269b0        0x0 common/libcommon.a(cmd_nvedit.o)
 .v4_bx         0x57e269b0        0x0 common/libcommon.a(cmd_reginfo.o)
 .v4_bx         0x57e269b0        0x0 common/libcommon.a(cmd_source.o)
 .v4_bx         0x57e269b0        0x0 common/libcommon.a(cmd_test.o)
 .v4_bx         0x57e269b0        0x0 common/libcommon.a(cmd_usb.o)
 .v4_bx         0x57e269b0        0x0 common/libcommon.a(cmd_version.o)
 .v4_bx         0x57e269b0        0x0 common/libcommon.a(cmd_ximg.o)
 .v4_bx         0x57e269b0        0x0 common/libcommon.a(command.o)
 .v4_bx         0x57e269b0        0x0 common/libcommon.a(console.o)
 .v4_bx         0x57e269b0        0x0 common/libcommon.a(dlmalloc.o)
 .v4_bx         0x57e269b0        0x0 common/libcommon.a(env_common.o)
 .v4_bx         0x57e269b0        0x0 common/libcommon.a(env_nand.o)
 .v4_bx         0x57e269b0        0x0 common/libcommon.a(exports.o)
 .v4_bx         0x57e269b0        0x0 common/libcommon.a(flash.o)
 .v4_bx         0x57e269b0        0x0 common/libcommon.a(hush.o)
 .v4_bx         0x57e269b0        0x0 common/libcommon.a(image.o)
 .v4_bx         0x57e269b0        0x0 common/libcommon.a(main.o)
 .v4_bx         0x57e269b0        0x0 common/libcommon.a(s_record.o)
 .v4_bx         0x57e269b0        0x0 common/libcommon.a(stdio.o)
 .v4_bx         0x57e269b0        0x0 common/libcommon.a(usb.o)
 .v4_bx         0x57e269b0        0x0 common/libcommon.a(usb_storage.o)
 .v4_bx         0x57e269b0        0x0 common/libcommon.a(xyzModem.o)
 .v4_bx         0x57e269b0        0x0 board/samsung/smdk6410/libsmdk6410.a(smdk6410.o)
 .v4_bx         0x57e269b0        0x0 lib_generic/libgeneric.a(crc16.o)
 .v4_bx         0x57e269b0        0x0 lib_generic/libgeneric.a(crc32.o)
 .v4_bx         0x57e269b0        0x0 lib_generic/libgeneric.a(gunzip.o)
 .v4_bx         0x57e269b0        0x0 lib_generic/libgeneric.a(zlib.o)
 .v4_bx         0x57e269b0        0x0 cpu/arm1176/s3c64xx/libs3c64xx.a(reset.o)
 .v4_bx         0x57e269b0        0x0 lib_arm/libarm.a(bootm.o)
 .v4_bx         0x57e269b0        0x0 lib_arm/libarm.a(cache.o)
 .v4_bx         0x57e269b0        0x0 lib_arm/libarm.a(cache-cp15.o)
 .v4_bx         0x57e269b0        0x0 fs/fat/libfat.a(fat.o)
 .v4_bx         0x57e269b0        0x0 fs/ext2/libext2fs.a(ext2fs.o)
 .v4_bx         0x57e269b0        0x0 fs/ext2/libext2fs.a(dev.o)
 .v4_bx         0x57e269b0        0x0 disk/libdisk.a(part.o)
 .v4_bx         0x57e269b0        0x0 disk/libdisk.a(part_dos.o)
 .v4_bx         0x57e269b0        0x0 drivers/mtd/nand/libnand.a(nand_util.o)
 .v4_bx         0x57e269b0        0x0 drivers/net/libnet.a(cs8900.o)
 .v4_bx         0x57e269b0        0x0 drivers/usb/host/libusb_host.a(ohci-hcd.o)
 .v4_bx         0x57e269b0        0x0 drivers/usb/host/libusb_host.a(s3c64xx-hcd.o)
 .v4_bx         0x57e269b0        0x0 cpu/arm1176/libarm1176.a(cpu.o)
 .v4_bx         0x57e269b0        0x0 /home/linx/Git/uboot2010/lib_arm/eabi_compat.o
 .v4_bx         0x57e269b0        0x0 /usr/local/arm/4.3.2/bin/../lib/gcc/arm-none-linux-gnueabi/4.3.2/armv4t/libgcc.a(_udivsi3.o)
 .v4_bx         0x57e269b0        0x0 /usr/local/arm/4.3.2/bin/../lib/gcc/arm-none-linux-gnueabi/4.3.2/armv4t/libgcc.a(_divsi3.o)
 .v4_bx         0x57e269b0        0x0 /usr/local/arm/4.3.2/bin/../lib/gcc/arm-none-linux-gnueabi/4.3.2/armv4t/libgcc.a(_lshrdi3.o)
 .v4_bx         0x57e269b0        0x0 /usr/local/arm/4.3.2/bin/../lib/gcc/arm-none-linux-gnueabi/4.3.2/armv4t/libgcc.a(_ashrdi3.o)
 .v4_bx         0x57e269b0        0x0 /usr/local/arm/4.3.2/bin/../lib/gcc/arm-none-linux-gnueabi/4.3.2/armv4t/libgcc.a(_ashldi3.o)
 .v4_bx         0x57e269b0        0x0 /usr/local/arm/4.3.2/bin/../lib/gcc/arm-none-linux-gnueabi/4.3.2/armv4t/libgcc.a(_dvmd_lnx.o)
                0x57e269b0                . = ALIGN (0x4)

.rodata         0x57e269b0     0x89bb
 *(SORT(.rodata*))
 .rodata        0x57e269b0       0x60 drivers/mtd/nand/libnand.a(nand_base.o)
 .rodata        0x57e26a10       0x80 lib_arm/libarm.a(interrupts.o)
 .rodata        0x57e26a90       0x10 drivers/mtd/libmtd.a(cfi_flash.o)
 .rodata        0x57e26aa0       0x98 drivers/mtd/libmtd.a(jedec_flash.o)
 .rodata        0x57e26b38       0x40 drivers/serial/libserial.a(s3c64xx.o)
 .rodata        0x57e26b78       0x4c common/libcommon.a(cmd_bootm.o)
 .rodata        0x57e26bc4       0x14 common/libcommon.a(cmd_nvedit.o)
 .rodata        0x57e26bd8      0x400 lib_generic/libgeneric.a(crc32.o)
 .rodata        0x57e26fd8      0x9cc lib_generic/libgeneric.a(zlib.o)
                0x57e2797c                z_errmsg
 .rodata        0x57e279a4       0x10 disk/libdisk.a(part.o)
 .rodata        0x57e279b4       0x80 drivers/usb/host/libusb_host.a(ohci-hcd.o)
 .rodata        0x57e27a34      0x200 lib_generic/libgeneric.a(crc16.o)
 .rodata        0x57e27c34       0x3b lib_arm/board.o
                0x57e27c34                version_string
 .rodata        0x57e27c6f       0x21 lib_generic/libgeneric.a(vsprintf.o)
                0x57e27c6f                hex_asc
 .rodata        0x57e27c90        0x7 net/libnet.a(eth.o)
 .rodata        0x57e27c97        0x7 net/libnet.a(net.o)
 .rodata        0x57e27c9e        0x5 drivers/mtd/nand/libnand.a(nand.o)
 .rodata        0x57e27ca3      0x100 drivers/mtd/nand/libnand.a(nand_ecc.o)
 .rodata.str1.1
                0x57e27da3       0x73 lib_arm/board.o
                                 0x75 (size before relaxing)
 .rodata.str1.1
                0x57e27e16       0x2a lib_generic/libgeneric.a(display_options.o)
                                 0x36 (size before relaxing)
 .rodata.str1.1
                0x57e27e40        0xe lib_generic/libgeneric.a(vsprintf.o)
 .rodata.str1.1
                0x57e27e4e       0x6d cpu/arm1176/s3c64xx/libs3c64xx.a(speed.o)
 .rodata.str1.1
                0x57e27ebb      0x264 lib_arm/libarm.a(interrupts.o)
                                0x27b (size before relaxing)
 .rodata.str1.1
                0x57e2811f        0xf lib_arm/libarm.a(reset.o)
 .rodata.str1.1
                0x57e2812e       0xad net/libnet.a(eth.o)
                                 0xc7 (size before relaxing)
 .rodata.str1.1
                0x57e281db      0x20c net/libnet.a(net.o)
                                0x217 (size before relaxing)
 .rodata.str1.1
                0x57e283e7      0x193 net/libnet.a(nfs.o)
                                0x1a9 (size before relaxing)
 .rodata.str1.1
                0x57e2857a       0x20 net/libnet.a(rarp.o)
                                 0x47 (size before relaxing)
 .rodata.str1.1
                0x57e2859a      0x162 net/libnet.a(tftp.o)
                                0x249 (size before relaxing)
 .rodata.str1.1
                0x57e286fc       0x70 net/libnet.a(bootp.o)
                                 0xad (size before relaxing)
 .rodata.str1.1
                0x57e2876c      0x37a drivers/mtd/libmtd.a(cfi_flash.o)
                                0x37f (size before relaxing)
 .rodata.str1.1
                0x57e28ae6       0x20 drivers/mtd/libmtd.a(jedec_flash.o)
                                 0x3f (size before relaxing)
 .rodata.str1.1
                0x57e28b06        0x8 drivers/mtd/nand/libnand.a(nand.o)
 .rodata.str1.1
                0x57e28b0e      0x2e3 drivers/mtd/nand/libnand.a(nand_base.o)
 .rodata.str1.1
                0x57e28df1      0x309 drivers/mtd/nand/libnand.a(nand_bbt.o)
 .rodata.str1.1
                0x57e290fa      0x31f drivers/mtd/nand/libnand.a(nand_ids.o)
                                0x335 (size before relaxing)
 .rodata.str1.1
                0x57e29419       0x91 drivers/mtd/nand/libnand.a(s3c64xx.o)
 .rodata.str1.1
                0x57e294aa       0xaa common/libcommon.a(cmd_bdinfo.o)
                                 0xb3 (size before relaxing)
 .rodata.str1.1
                0x57e29554       0xef common/libcommon.a(cmd_boot.o)
                                 0xf0 (size before relaxing)
 .rodata.str1.1
                0x57e29643      0x867 common/libcommon.a(cmd_bootm.o)
                                0x8c8 (size before relaxing)
 .rodata.str1.1
                0x57e29eaa       0xd9 common/libcommon.a(cmd_cache.o)
                                0x107 (size before relaxing)
 .rodata.str1.1
                0x57e29f83       0x5c common/libcommon.a(cmd_console.o)
                                 0x61 (size before relaxing)
 .rodata.str1.1
                0x57e29fdf       0x50 common/libcommon.a(cmd_echo.o)
                                 0x55 (size before relaxing)
 .rodata.str1.1
                0x57e2a02f      0x278 common/libcommon.a(cmd_elf.o)
                                0x29a (size before relaxing)
 .rodata.str1.1
                0x57e2a2a7       0x11 common/libcommon.a(cmd_exit.o)
                                 0x12 (size before relaxing)
 .rodata.str1.1
                0x57e2a2b8      0x2cd common/libcommon.a(cmd_ext2.o)
                                0x39a (size before relaxing)
 .rodata.str1.1
                0x57e2a585      0x2e1 common/libcommon.a(cmd_fat.o)
                                0x3a5 (size before relaxing)
 .rodata.str1.1
                0x57e2a866      0x6fe common/libcommon.a(cmd_flash.o)
                                0x730 (size before relaxing)
 .rodata.str1.1
                0x57e2af64       0x9a common/libcommon.a(cmd_help.o)
                                 0x9b (size before relaxing)
 .rodata.str1.1
                0x57e2affe       0xb3 common/libcommon.a(cmd_itest.o)
                                 0xb5 (size before relaxing)
 .rodata.str1.1
                0x57e2b0b1      0x336 common/libcommon.a(cmd_load.o)
                                0x353 (size before relaxing)
 .rodata.str1.1
                0x57e2b3e7      0x47f common/libcommon.a(cmd_mem.o)
                                0x4a9 (size before relaxing)
 .rodata.str1.1
                0x57e2b866       0x5f common/libcommon.a(cmd_misc.o)
 .rodata.str1.1
                0x57e2b8c5      0x71e common/libcommon.a(cmd_nand.o)
                                0x773 (size before relaxing)
 .rodata.str1.1
                0x57e2bfe3      0x1ac common/libcommon.a(cmd_net.o)
                                0x1ee (size before relaxing)
 .rodata.str1.1
                0x57e2c18f      0x33b common/libcommon.a(cmd_nvedit.o)
                                0x39b (size before relaxing)
 .rodata.str1.1
                0x57e2c4ca       0x23 common/libcommon.a(cmd_reginfo.o)
                                 0x24 (size before relaxing)
 .rodata.str1.1
                0x57e2c4ed      0x101 common/libcommon.a(cmd_source.o)
                                0x108 (size before relaxing)
 .rodata.str1.1
                0x57e2c5ee       0x6e common/libcommon.a(cmd_test.o)
                                 0x96 (size before relaxing)
 .rodata.str1.1
                0x57e2c65c      0x828 common/libcommon.a(cmd_usb.o)
                                0x969 (size before relaxing)
 .rodata.str1.1
                0x57e2ce84       0x1b common/libcommon.a(cmd_version.o)
                                 0x24 (size before relaxing)
 .rodata.str1.1
                0x57e2ce9f      0x17e common/libcommon.a(cmd_ximg.o)
                                0x22f (size before relaxing)
 .rodata.str1.1
                0x57e2d01d       0x95 common/libcommon.a(command.o)
 .rodata.str1.1
                0x57e2d0b2       0x70 common/libcommon.a(console.o)
                                 0x74 (size before relaxing)
 .rodata.str1.1
                0x57e2d122       0x33 common/libcommon.a(env_common.o)
 .rodata.str1.1
                0x57e2d155       0x6e common/libcommon.a(env_nand.o)
                                 0x74 (size before relaxing)
 .rodata.str1.1
                0x57e2d1c3      0x10c common/libcommon.a(flash.o)
 .rodata.str1.1
                0x57e2d2cf      0x243 common/libcommon.a(hush.o)
                                0x26e (size before relaxing)
 .rodata.str1.1
                0x57e2d512      0x455 common/libcommon.a(image.o)
                                0x4f0 (size before relaxing)
 .rodata.str1.1
                0x57e2d967       0x93 common/libcommon.a(main.o)
                                 0xf7 (size before relaxing)
 .rodata.str1.1
                0x57e2d9fa        0x7 common/libcommon.a(stdio.o)
                                 0x1b (size before relaxing)
 .rodata.str1.1
                0x57e2da01      0x28b common/libcommon.a(usb.o)
 .rodata.str1.1
                0x57e2dc8c      0x1ed common/libcommon.a(usb_storage.o)
                                0x1ff (size before relaxing)
 .rodata.str1.1
                0x57e2de79       0xe3 common/libcommon.a(xyzModem.o)
                                 0xe5 (size before relaxing)
 .rodata.str1.1
                0x57e2df5c       0x13 board/samsung/smdk6410/libsmdk6410.a(smdk6410.o)
 .rodata.str1.1
                0x57e2df6f       0x85 lib_generic/libgeneric.a(gunzip.o)
 .rodata.str1.1
                0x57e2dff4      0x21c lib_generic/libgeneric.a(zlib.o)
                                0x21d (size before relaxing)
 .rodata.str1.1
                0x57e2e210       0x42 lib_arm/libarm.a(bootm.o)
                                 0x4b (size before relaxing)
 .rodata.str1.1
                0x57e2e252      0x15f fs/fat/libfat.a(fat.o)
                                0x16d (size before relaxing)
 .rodata.str1.1
                0x57e2e3b1      0x1be fs/ext2/libext2fs.a(ext2fs.o)
 .rodata.str1.1
                0x57e2e56f       0xdc fs/ext2/libext2fs.a(dev.o)
 .rodata.str1.1
                0x57e2e64b      0x1af disk/libdisk.a(part.o)
                                0x1e0 (size before relaxing)
 .rodata.str1.1
                0x57e2e7fa       0xe5 disk/libdisk.a(part_dos.o)
                                 0xf1 (size before relaxing)
 .rodata.str1.1
                0x57e2e8df      0x24c drivers/mtd/nand/libnand.a(nand_util.o)
                                0x24e (size before relaxing)
 .rodata.str1.1
                0x57e2eb2b       0x48 drivers/net/libnet.a(cs8900.o)
 .rodata.str1.1
                0x57e2eb73      0x7dd drivers/usb/host/libusb_host.a(ohci-hcd.o)
 .rodata.str1.1
                0x57e2f350       0x1b /home/linx/Git/uboot2010/lib_arm/eabi_compat.o
                0x57e2f36c                . = ALIGN (0x4)

.data           0x57e2f36c     0x1943
 *(.data)
 .data          0x57e2f36c        0x0 cpu/arm1176/start.o
 .data          0x57e2f36c        0x0 cpu/arm1176/s3c64xx/cpu_init.o
 .data          0x57e2f36c        0x0 board/samsung/smdk6410/lowlevel_init.o
 .data          0x57e2f36c        0x0 cpu/arm1176/nand_cp.o
 .data          0x57e2f36c       0x30 lib_arm/board.o
                0x57e2f36c                init_sequence
 .data          0x57e2f39c        0x0 lib_generic/libgeneric.a(display_options.o)
 .data          0x57e2f39c        0x0 lib_generic/libgeneric.a(net_utils.o)
 .data          0x57e2f39c        0x0 lib_generic/libgeneric.a(string.o)
 .data          0x57e2f39c        0x0 lib_generic/libgeneric.a(vsprintf.o)
 .data          0x57e2f39c      0x100 lib_generic/libgeneric.a(ctype.o)
                0x57e2f39c                _ctype
 .data          0x57e2f49c        0x0 lib_generic/libgeneric.a(div64.o)
 .data          0x57e2f49c        0x0 lib_generic/libgeneric.a(time.o)
 .data          0x57e2f49c        0x0 cpu/arm1176/s3c64xx/libs3c64xx.a(speed.o)
 .data          0x57e2f49c        0x0 cpu/arm1176/s3c64xx/libs3c64xx.a(timer.o)
 .data          0x57e2f49c        0x0 lib_arm/libarm.a(interrupts.o)
 .data          0x57e2f49c        0x0 lib_arm/libarm.a(reset.o)
 .data          0x57e2f49c        0x0 net/libnet.a(eth.o)
 .data          0x57e2f49c        0xa net/libnet.a(net.o)
                0x57e2f4a0                NetBcastAddr
                0x57e2f49e                NetOurNativeVLAN
                0x57e2f49c                NetOurVLAN
 *fill*         0x57e2f4a6        0x2 00
 .data          0x57e2f4a8        0x4 net/libnet.a(nfs.o)
 .data          0x57e2f4ac        0x0 net/libnet.a(rarp.o)
 .data          0x57e2f4ac       0x18 net/libnet.a(tftp.o)
                0x57e2f4c0                TftpRRQTimeoutMSecs
                0x57e2f4b8                TftpRRQTimeoutCountMax
 .data          0x57e2f4c4        0x0 net/libnet.a(bootp.o)
 .data          0x57e2f4c4        0x4 drivers/mtd/libmtd.a(cfi_flash.o)
 .data          0x57e2f4c8        0x0 drivers/mtd/libmtd.a(jedec_flash.o)
 .data          0x57e2f4c8        0x4 drivers/mtd/nand/libnand.a(nand.o)
                0x57e2f4c8                nand_curr_device
 .data          0x57e2f4cc      0x920 drivers/mtd/nand/libnand.a(nand_base.o)
 .data          0x57e2fdec      0x10c drivers/mtd/nand/libnand.a(nand_bbt.o)
 .data          0x57e2fef8        0x0 drivers/mtd/nand/libnand.a(nand_ecc.o)
 .data          0x57e2fef8      0x4a0 drivers/mtd/nand/libnand.a(nand_ids.o)
                0x57e30348                nand_manuf_ids
                0x57e2fef8                nand_flash_ids
 .data          0x57e30398        0x8 drivers/mtd/nand/libnand.a(s3c64xx.o)
 .data          0x57e303a0        0x0 drivers/serial/libserial.a(s3c64xx.o)
 .data          0x57e303a0        0x0 common/libcommon.a(cmd_bdinfo.o)
 .data          0x57e303a0        0x0 common/libcommon.a(cmd_boot.o)
 .data          0x57e303a0       0x94 common/libcommon.a(cmd_bootm.o)
                0x57e303a0                load_addr
                0x57e303a4                cmd_bootm_sub
 .data          0x57e30434        0x0 common/libcommon.a(cmd_cache.o)
 .data          0x57e30434        0x0 common/libcommon.a(cmd_console.o)
 .data          0x57e30434        0x0 common/libcommon.a(cmd_echo.o)
 .data          0x57e30434        0x0 common/libcommon.a(cmd_elf.o)
 .data          0x57e30434        0x0 common/libcommon.a(cmd_exit.o)
 .data          0x57e30434        0x0 common/libcommon.a(cmd_ext2.o)
 .data          0x57e30434        0x0 common/libcommon.a(cmd_fat.o)
 .data          0x57e30434        0x0 common/libcommon.a(cmd_flash.o)
 .data          0x57e30434        0x0 common/libcommon.a(cmd_help.o)
 .data          0x57e30434       0x68 common/libcommon.a(cmd_itest.o)
                0x57e30434                op_table
 .data          0x57e3049c        0x4 common/libcommon.a(cmd_load.o)
 .data          0x57e304a0        0x4 common/libcommon.a(cmd_mem.o)
                0x57e304a0                dp_last_length
 .data          0x57e304a4        0x0 common/libcommon.a(cmd_misc.o)
 .data          0x57e304a4        0x0 common/libcommon.a(cmd_nand.o)
 .data          0x57e304a4        0x0 common/libcommon.a(cmd_net.o)
 .data          0x57e304a4        0x4 common/libcommon.a(cmd_nvedit.o)
 .data          0x57e304a8        0x0 common/libcommon.a(cmd_reginfo.o)
 .data          0x57e304a8        0x0 common/libcommon.a(cmd_source.o)
 .data          0x57e304a8        0x0 common/libcommon.a(cmd_test.o)
 .data          0x57e304a8        0x4 common/libcommon.a(cmd_usb.o)
 .data          0x57e304ac        0x0 common/libcommon.a(cmd_version.o)
 .data          0x57e304ac        0x0 common/libcommon.a(cmd_ximg.o)
 .data          0x57e304ac        0x0 common/libcommon.a(command.o)
 .data          0x57e304ac        0x0 common/libcommon.a(console.o)
 .data          0x57e304ac      0x414 common/libcommon.a(dlmalloc.o)
 .data          0x57e308c0       0x7c common/libcommon.a(env_common.o)
                0x57e308c0                default_environment
 .data          0x57e3093c        0x8 common/libcommon.a(env_nand.o)
                0x57e30940                env_name_spec
                0x57e3093c                env_ptr
 .data          0x57e30944        0x0 common/libcommon.a(exports.o)
 .data          0x57e30944        0x0 common/libcommon.a(flash.o)
 .data          0x57e30944       0xac common/libcommon.a(hush.o)
 .data          0x57e309f0      0x228 common/libcommon.a(image.o)
 .data          0x57e30c18       0x14 common/libcommon.a(main.o)
 .data          0x57e30c2c        0x0 common/libcommon.a(s_record.o)
 .data          0x57e30c2c        0xc common/libcommon.a(stdio.o)
                0x57e30c2c                stdio_names
 .data          0x57e30c38        0x0 common/libcommon.a(usb.o)
 .data          0x57e30c38       0x20 common/libcommon.a(usb_storage.o)
                0x57e30c38                us_direction
 .data          0x57e30c58        0x0 common/libcommon.a(xyzModem.o)
 .data          0x57e30c58        0x0 board/samsung/smdk6410/libsmdk6410.a(smdk6410.o)
 .data          0x57e30c58        0x0 lib_generic/libgeneric.a(crc16.o)
 .data          0x57e30c58        0x0 lib_generic/libgeneric.a(crc32.o)
 .data          0x57e30c58        0x0 lib_generic/libgeneric.a(gunzip.o)
 .data          0x57e30c58        0x0 lib_generic/libgeneric.a(zlib.o)
 .data          0x57e30c58        0x0 cpu/arm1176/s3c64xx/libs3c64xx.a(reset.o)
 .data          0x57e30c58        0x0 lib_arm/libarm.a(bootm.o)
 .data          0x57e30c58        0x0 lib_arm/libarm.a(cache.o)
 .data          0x57e30c58        0x0 lib_arm/libarm.a(cache-cp15.o)
 .data          0x57e30c58        0x4 fs/fat/libfat.a(fat.o)
 .data          0x57e30c5c        0x8 fs/ext2/libext2fs.a(ext2fs.o)
                0x57e30c5c                indir1_blkno
                0x57e30c60                indir2_blkno
 .data          0x57e30c64        0x0 fs/ext2/libext2fs.a(dev.o)
 .data          0x57e30c64        0x0 disk/libdisk.a(part.o)
 .data          0x57e30c64        0x0 disk/libdisk.a(part_dos.o)
 .data          0x57e30c64        0x0 drivers/mtd/nand/libnand.a(nand_util.o)
 .data          0x57e30c64        0x0 drivers/net/libnet.a(cs8900.o)
 .data          0x57e30c64       0x4b drivers/usb/host/libusb_host.a(ohci-hcd.o)
 .data          0x57e30caf        0x0 drivers/usb/host/libusb_host.a(s3c64xx-hcd.o)
 .data          0x57e30caf        0x0 cpu/arm1176/libarm1176.a(cpu.o)
 .data          0x57e30caf        0x0 /home/linx/Git/uboot2010/lib_arm/eabi_compat.o
 .data          0x57e30caf        0x0 /usr/local/arm/4.3.2/bin/../lib/gcc/arm-none-linux-gnueabi/4.3.2/armv4t/libgcc.a(_udivsi3.o)
 .data          0x57e30caf        0x0 /usr/local/arm/4.3.2/bin/../lib/gcc/arm-none-linux-gnueabi/4.3.2/armv4t/libgcc.a(_divsi3.o)
 .data          0x57e30caf        0x0 /usr/local/arm/4.3.2/bin/../lib/gcc/arm-none-linux-gnueabi/4.3.2/armv4t/libgcc.a(_lshrdi3.o)
 .data          0x57e30caf        0x0 /usr/local/arm/4.3.2/bin/../lib/gcc/arm-none-linux-gnueabi/4.3.2/armv4t/libgcc.a(_ashrdi3.o)
 .data          0x57e30caf        0x0 /usr/local/arm/4.3.2/bin/../lib/gcc/arm-none-linux-gnueabi/4.3.2/armv4t/libgcc.a(_ashldi3.o)
 .data          0x57e30caf        0x0 /usr/local/arm/4.3.2/bin/../lib/gcc/arm-none-linux-gnueabi/4.3.2/armv4t/libgcc.a(_dvmd_lnx.o)
                0x57e30cb0                . = ALIGN (0x4)

.got
 *(.got)
                0x57e30cb0                __u_boot_cmd_start = .

.u_boot_cmd     0x57e30cb0      0x5d0
 *(.u_boot_cmd)
 .u_boot_cmd    0x57e30cb0       0x18 common/libcommon.a(cmd_bdinfo.o)
                0x57e30cb0                __u_boot_cmd_bdinfo
 .u_boot_cmd    0x57e30cc8       0x30 common/libcommon.a(cmd_boot.o)
                0x57e30ce0                __u_boot_cmd_reset
                0x57e30cc8                __u_boot_cmd_go
 .u_boot_cmd    0x57e30cf8       0x78 common/libcommon.a(cmd_bootm.o)
                0x57e30cf8                __u_boot_cmd_bootm
                0x57e30d40                __u_boot_cmd_iminfo
                0x57e30d28                __u_boot_cmd_bootd
                0x57e30d10                __u_boot_cmd_boot
                0x57e30d58                __u_boot_cmd_imls
 .u_boot_cmd    0x57e30d70       0x30 common/libcommon.a(cmd_cache.o)
                0x57e30d88                __u_boot_cmd_dcache
                0x57e30d70                __u_boot_cmd_icache
 .u_boot_cmd    0x57e30da0       0x18 common/libcommon.a(cmd_console.o)
                0x57e30da0                __u_boot_cmd_coninfo
 .u_boot_cmd    0x57e30db8       0x18 common/libcommon.a(cmd_echo.o)
                0x57e30db8                __u_boot_cmd_echo
 .u_boot_cmd    0x57e30dd0       0x30 common/libcommon.a(cmd_elf.o)
                0x57e30de8                __u_boot_cmd_bootvx
                0x57e30dd0                __u_boot_cmd_bootelf
 .u_boot_cmd    0x57e30e00       0x18 common/libcommon.a(cmd_exit.o)
                0x57e30e00                __u_boot_cmd_exit
 .u_boot_cmd    0x57e30e18       0x30 common/libcommon.a(cmd_ext2.o)
                0x57e30e30                __u_boot_cmd_ext2load