Archive member included because of file (symbol)

lib_generic/libgeneric.a(display_options.o)
                              lib_arm/board.o (print_size)
lib_generic/libgeneric.a(net_utils.o)
                              lib_arm/board.o (string_to_ip)
lib_generic/libgeneric.a(string.o)
                              lib_arm/board.o (memset)
lib_generic/libgeneric.a(vsprintf.o)
                              lib_arm/board.o (simple_strtoul)
lib_generic/libgeneric.a(ctype.o)
                              lib_generic/libgeneric.a(display_options.o) (_ctype)
lib_generic/libgeneric.a(div64.o)
                              lib_generic/libgeneric.a(vsprintf.o) (__div64_32)
lib_generic/libgeneric.a(time.o)
                              lib_generic/libgeneric.a(vsprintf.o) (udelay)
cpu/arm1176/s3c64xx/libs3c64xx.a(speed.o)
                              lib_arm/board.o (print_cpuinfo)
cpu/arm1176/s3c64xx/libs3c64xx.a(timer.o)
                              lib_generic/libgeneric.a(time.o) (__udelay)
lib_arm/libarm.a(interrupts.o)
                              lib_arm/board.o (enable_interrupts)
lib_arm/libarm.a(reset.o)     lib_generic/libgeneric.a(vsprintf.o) (do_reset)
net/libnet.a(eth.o)           lib_arm/board.o (eth_initialize)
net/libnet.a(net.o)           lib_arm/board.o (copy_filename)
net/libnet.a(nfs.o)           net/libnet.a(net.o) (NfsStart)
net/libnet.a(rarp.o)          net/libnet.a(net.o) (RarpRequest)
net/libnet.a(tftp.o)          net/libnet.a(net.o) (TftpStart)
net/libnet.a(bootp.o)         net/libnet.a(net.o) (BootpRequest)
drivers/mtd/libmtd.a(cfi_flash.o)
                              lib_arm/board.o (flash_init)
drivers/mtd/libmtd.a(jedec_flash.o)
                              drivers/mtd/libmtd.a(cfi_flash.o) (jedec_flash_match)
drivers/mtd/nand/libnand.a(nand.o)
                              lib_arm/board.o (nand_init)
drivers/mtd/nand/libnand.a(nand_base.o)
                              drivers/mtd/nand/libnand.a(nand.o) (nand_scan)
drivers/mtd/nand/libnand.a(nand_bbt.o)
                              drivers/mtd/nand/libnand.a(nand_base.o) (nand_isbad_bbt)
drivers/mtd/nand/libnand.a(nand_ecc.o)
                              drivers/mtd/nand/libnand.a(nand_base.o) (nand_calculate_ecc)
drivers/mtd/nand/libnand.a(nand_ids.o)
                              drivers/mtd/nand/libnand.a(nand_base.o) (nand_flash_ids)
drivers/mtd/nand/libnand.a(s3c64xx.o)
                              drivers/mtd/nand/libnand.a(nand.o) (board_nand_init)
drivers/net/libnet.a(dm9000x.o)
                              net/libnet.a(eth.o) (dm9000_initialize)
drivers/serial/libserial.a(s3c64xx.o)
                              lib_arm/board.o (serial_init)
common/libcommon.a(cmd_bdinfo.o)
                              (__u_boot_cmd_bdinfo)
common/libcommon.a(cmd_boot.o)
                              (__u_boot_cmd_go)
common/libcommon.a(cmd_bootm.o)
                              lib_arm/board.o (load_addr)
common/libcommon.a(cmd_cache.o)
                              (__u_boot_cmd_icache)
common/libcommon.a(cmd_console.o)
                              (__u_boot_cmd_coninfo)
common/libcommon.a(cmd_echo.o)
                              (__u_boot_cmd_echo)
common/libcommon.a(cmd_elf.o)
                              common/libcommon.a(cmd_bootm.o) (do_bootvx)
common/libcommon.a(cmd_exit.o)
                              (__u_boot_cmd_exit)
common/libcommon.a(cmd_ext2.o)
                              (__u_boot_cmd_ext2ls)
common/libcommon.a(cmd_fat.o)
                              (__u_boot_cmd_fatload)
common/libcommon.a(cmd_flash.o)
                              (__u_boot_cmd_flinfo)
common/libcommon.a(cmd_help.o)
                              (__u_boot_cmd_help)
common/libcommon.a(cmd_itest.o)
                              (__u_boot_cmd_itest)
common/libcommon.a(cmd_load.o)
                              (__u_boot_cmd_loads)
common/libcommon.a(cmd_mem.o)
                              (__u_boot_cmd_md)
common/libcommon.a(cmd_misc.o)
                              (__u_boot_cmd_sleep)
common/libcommon.a(cmd_nand.o)
                              (__u_boot_cmd_nand)
common/libcommon.a(cmd_net.o)
                              (__u_boot_cmd_bootp)
common/libcommon.a(cmd_nvedit.o)
                              net/libnet.a(eth.o) (get_env_id)
common/libcommon.a(cmd_reginfo.o)
                              (__u_boot_cmd_reginfo)
common/libcommon.a(cmd_source.o)
                              (__u_boot_cmd_source)
common/libcommon.a(cmd_test.o)
                              (__u_boot_cmd_test)
common/libcommon.a(cmd_usb.o)
                              (__u_boot_cmd_usb)
common/libcommon.a(cmd_version.o)
                              (__u_boot_cmd_version)
common/libcommon.a(cmd_ximg.o)
                              (__u_boot_cmd_imxtract)
common/libcommon.a(command.o)
                              common/libcommon.a(cmd_itest.o) (cmd_get_data_size)
common/libcommon.a(console.o)
                              lib_arm/board.o (printf)
[...]
Memory Configuration

Name             Origin             Length             Attributes
*default*        0x00000000         0xffffffff

Linker script and memory map

                0x00000000                . = 0x0
                0x00000000                . = ALIGN (0x4)

.text           0x57e00000    0x26be4
 cpu/arm1176/start.o(.text)
 .text          0x57e00000      0x400 cpu/arm1176/start.o
                0x57e00040                _end_vect
                0x57e0004c                _bss_start
                0x57e00050                _bss_end
                0x57e00048                _armboot_start
                0x57e000ec                copy_from_nand
                0x57e00000                _start
 cpu/arm1176/s3c64xx/cpu_init.o(.text)
 .text          0x57e00400      0x124 cpu/arm1176/s3c64xx/cpu_init.o
                0x57e00400                mem_ctrl_asm_init
 board/samsung/smdk6410/lowlevel_init.o(.text)
 .text          0x57e00524      0x1d0 board/samsung/smdk6410/lowlevel_init.o
                0x57e00528                lowlevel_init
 cpu/arm1176/nand_cp.o(.text)
 .text          0x57e006f4      0x1c8 cpu/arm1176/nand_cp.o
                0x57e007b4                copy_uboot_to_ram
 lib_arm/board.o(.text)
 .text          0x57e008bc      0x260 lib_arm/board.o
                0x57e008d4                __yellow_LED_off
                0x57e008c8                green_LED_on
                0x57e008e0                hang
                0x57e008c8                __green_LED_on
                0x57e008d0                __yellow_LED_on
                0x57e008d0                yellow_LED_on
                0x57e008cc                __green_LED_off
                0x57e008c4                __red_LED_off
                0x57e009a0                start_armboot
                0x57e008dc                blue_LED_off
                0x57e008bc                coloured_LED_init
                0x57e008dc                __blue_LED_off
                0x57e008d8                blue_LED_on
                0x57e008d4                yellow_LED_off
                0x57e008c4                red_LED_off
                0x57e008cc                green_LED_off
                0x57e008bc                __coloured_LED_init
                0x57e008c0                red_LED_on
                0x57e008d8                __blue_LED_on
                0x57e008c0                __red_LED_on
 *(.text)
 .text          0x57e00b1c      0x24c lib_generic/libgeneric.a(display_options.o)
                0x57e00c08                print_buffer
                0x57e00be8                display_options
                0x57e00b1c                print_size
 .text          0x57e00d68       0x78 lib_generic/libgeneric.a(net_utils.o)
                0x57e00d68                string_to_ip
 .text          0x57e00de0      0x64c lib_generic/libgeneric.a(string.o)
                0x57e00de0                strcpy
                0x57e01334                memscan
                0x57e01298                memmove
                0x57e0121c                memcpy
                0x57e01128                strswab
                0x57e00fc8                strnlen
                0x57e00f90                strrchr
                0x57e00e24                strcat
                0x57e013c8                memchr
                0x57e01364                strstr
                0x57e00ef4                strncmp
                0x57e00dfc                strncpy
                0x57e011f0                bcopy
                0x57e01074                strtok
                0x57e012f4                memcmp
                0x57e00e58                strncat
                0x57e013f8                strdup
                0x57e01174                memset
                0x57e00ebc                strcmp
                0x57e010f4                strsep
                0x57e00ff0                strspn
                0x57e00f70                strlen
                0x57e00f44                strchr
                0x57e01034                strpbrk
 .text          0x57e0142c      0xec4 lib_generic/libgeneric.a(vsprintf.o)
                0x57e01c50                vsprintf
                0x57e01554                ustrtoul
                0x57e0152c                simple_strtol
                0x57e017b8                panic
                0x57e022c8                sprintf
                0x57e01474                simple_strtoul
                0x57e015c8                simple_strtoull
 .text          0x57e022f0        0x0 lib_generic/libgeneric.a(ctype.o)
 .text          0x57e022f0       0xf4 lib_generic/libgeneric.a(div64.o)
                0x57e022f0                __div64_32
 .text          0x57e023e4       0x2c lib_generic/libgeneric.a(time.o)
                0x57e023e4                udelay
 .text          0x57e02410      0x204 cpu/arm1176/s3c64xx/libs3c64xx.a(speed.o)
                0x57e024ec                get_HCLK
                0x57e02498                get_PCLK
                0x57e02490                get_FCLK
                0x57e02540                get_ARMCLK
                0x57e02488                get_UCLK
                0x57e02568                print_cpuinfo
 .text          0x57e02614      0x244 cpu/arm1176/s3c64xx/libs3c64xx.a(timer.o)
                0x57e02704                __udelay
                0x57e026d0                set_timer
                0x57e026cc                reset_timer
                0x57e02680                get_tbclk
                0x57e027a4                get_timer
                0x57e0269c                reset_timer_masked
                0x57e027b8                timer_init
                0x57e02748                get_timer_masked
                0x57e02614                get_ticks
 .text          0x57e02858      0x264 lib_arm/libarm.a(interrupts.o)
                0x57e029e4                do_fiq
                0x57e02a98                do_undefined_instruction
                0x57e02864                show_regs
                0x57e029c0                do_irq
                0x57e029a4                bad_mode
                0x57e02a50                do_prefetch_abort
                0x57e0285c                disable_interrupts
                0x57e02a08                do_not_used
                0x57e02a2c                do_data_abort
                0x57e02a74                do_software_interrupt
                0x57e02858                enable_interrupts
 .text          0x57e02abc       0x30 lib_arm/libarm.a(reset.o)
                0x57e02abc                do_reset
 .text          0x57e02aec      0x76c net/libnet.a(eth.o)
                0x57e02c44                eth_get_dev_by_name
                0x57e02b90                eth_halt
                0x57e02aec                cpu_eth_init
                0x57e02dec                eth_register
                0x57e02f0c                eth_getenv_enetaddr
                0x57e02af4                eth_get_dev
                0x57e02eb0                eth_parse_enetaddr
                0x57e02d3c                eth_try_another
                0x57e02f64                eth_getenv_enetaddr_by_index
                0x57e03070                eth_initialize
                0x57e02c98                eth_set_current
                0x57e02bf8                eth_rx
                0x57e02b44                eth_get_dev_index
                0x57e02fb0                eth_init
                0x57e02e78                eth_setenv_enetaddr
                0x57e02c24                eth_get_name
                0x57e02b04                eth_get_dev_by_index
                0x57e02bc4                eth_send
 .text          0x57e03258     0x1348 net/libnet.a(net.o)
                0x57e032dc                NetCksumOk
                0x57e034bc                NetSetTimeout
                0x57e03300                copy_filename
                0x57e033b4                NetEthHdrSize
                0x57e03450                ip_to_string
                0x57e04104                ArpTimeoutCheck
                0x57e03704                NetReceive
                0x57e03ea0                NetSendUDPPacket
                0x57e035ec                NetSetEther
                0x57e04188                NetLoop
                0x57e03c78                ArpRequest
                0x57e034a0                random_port
                0x57e033f8                VLAN_to_string
                0x57e033a4                getenv_VLAN
                0x57e03294                NetCksum
                0x57e034f4                NetSetIP
                0x57e03358                string_to_VLAN
                0x57e03ff8                NetStartAgain
                0x57e03284                NetSetHandler
                0x57e03d64                PingSend
                0x57e03700                NetSendPacket
 .text          0x57e045a0      0xea4 net/libnet.a(nfs.o)
                0x57e04da8                NfsStart
 .text          0x57e05444      0x1ac net/libnet.a(rarp.o)
                0x57e05444                RarpRequest
 .text          0x57e055f0      0x740 net/libnet.a(tftp.o)
                0x57e05784                TftpStart
 .text          0x57e05d30      0x5f0 net/libnet.a(bootp.o)
                0x57e05dd8                BootpRequest
 .text          0x57e06320     0x19c8 drivers/mtd/libmtd.a(cfi_flash.o)
                0x57e069d4                flash_get_size
                0x57e07ab4                flash_erase
                0x57e06838                flash_set_verbose
                0x57e06fb4                flash_init
                0x57e078b4                flash_print_info
                0x57e06808                flash_cmd_reset
                0x57e06808                __flash_cmd_reset
                0x57e06404                flash_write_cmd
                0x57e06340                flash_sector_size
                0x57e07700                write_buff
 .text          0x57e07ce8      0x1b8 drivers/mtd/libmtd.a(jedec_flash.o)
                0x57e07ce8                jedec_flash_match
 .text          0x57e07ea0       0xa0 drivers/mtd/nand/libnand.a(nand.o)
                0x57e07ea0                nand_init
 .text          0x57e07f40     0x3b4c drivers/mtd/nand/libnand.a(nand_base.o)
                0x57e0ae64                nand_wait_ready
                0x57e093c8                nand_scan_ident
                0x57e09f3c                nand_scan
                0x57e0aa08                nand_erase_nand
                0x57e09970                nand_scan_tail
                0x57e09380                nand_release
 .text          0x57e0ba8c     0x17f8 drivers/mtd/nand/libnand.a(nand_bbt.o)
                0x57e0bb90                nand_isbad_bbt
                0x57e0d1c0                nand_default_bbt
                0x57e0ca64                nand_update_bbt
                0x57e0cd40                nand_scan_bbt
 .text          0x57e0d284      0x224 drivers/mtd/nand/libnand.a(nand_ecc.o)
                0x57e0d37c                nand_correct_data
                0x57e0d284                nand_calculate_ecc
 .text          0x57e0d4a8        0x0 drivers/mtd/nand/libnand.a(nand_ids.o)
 .text          0x57e0d4a8      0x2c4 drivers/mtd/nand/libnand.a(s3c64xx.o)
                0x57e0d5e0                board_nand_init
 .text          0x57e0d76c      0x8fc drivers/net/libnet.a(dm9000x.o)
                0x57e0de68                dm9000_write_srom_word
                0x57e0df14                dm9000_initialize
                0x57e0dec0                dm9000_read_srom_word
 .text          0x57e0e068      0x130 drivers/serial/libserial.a(s3c64xx.o)
                0x57e0e108                serial_setbrg
                0x57e0e0c8                serial_tstc
                0x57e0e098                serial_putc
                0x57e0e160                serial_init
                0x57e0e0e0                serial_puts
                0x57e0e078                serial_getc
 .text          0x57e0e198       0xec common/libcommon.a(cmd_bdinfo.o)
                0x57e0e1ac                do_bdinfo
 .text          0x57e0e284       0x90 common/libcommon.a(cmd_boot.o)
                0x57e0e29c                do_go
                0x57e0e284                do_go_exec
 .text          0x57e0e314      0xd80 common/libcommon.a(cmd_bootm.o)
                0x57e0e550                do_bootd
                0x57e0e33c                arch_preboot_os
                0x57e0ee10                do_bootm
                0x57e0ec60                do_bootm_subcommand
                0x57e0e33c                __arch_preboot_os
                0x57e0e4e4                do_iminfo
 .text          0x57e0f094      0x12c common/libcommon.a(cmd_cache.o)
                0x57e0f0d0                do_dcache
                0x57e0f148                do_icache
 .text          0x57e0f1c0       0xf0 common/libcommon.a(cmd_console.o)
                0x57e0f1c0                do_coninfo
 .text          0x57e0f2b0       0x80 common/libcommon.a(cmd_echo.o)
                0x57e0f2b0                do_echo
 .text          0x57e0f330      0x470 common/libcommon.a(cmd_elf.o)
                0x57e0f708                do_bootelf
                0x57e0f43c                do_bootvx
                0x57e0f3c8                valid_elf_image
                0x57e0f6c4                do_bootelf_exec
                0x57e0f330                load_elf_image
 .text          0x57e0f7a0       0x30 common/libcommon.a(cmd_exit.o)
                0x57e0f7a0                do_exit
 .text          0x57e0f7d0      0x460 common/libcommon.a(cmd_ext2.o)
                0x57e0faf8                do_ext2ls
                0x57e0f7d0                do_ext2load
 .text          0x57e0fc30      0x364 common/libcommon.a(cmd_fat.o)
                0x57e0fe10                do_fat_fsload
                0x57e0fc30                do_fat_fsinfo
                0x57e0fd08                do_fat_ls
 .text          0x57e0ff94      0xb04 common/libcommon.a(cmd_flash.o)
                0x57e10a1c                do_flinfo
                0x57e107bc                flash_sect_erase
                0x57e10514                do_protect
                0x57e10898                do_flerase
                0x57e10208                flash_sect_protect
                0x57e0ff94                flash_sect_roundb
 .text          0x57e10a98       0x4c common/libcommon.a(cmd_help.o)
                0x57e10a98                do_help
 .text          0x57e10ae4      0x304 common/libcommon.a(cmd_itest.o)
                0x57e10b6c                binary_test
                0x57e10d4c                do_itest
 .text          0x57e10de8      0xce8 common/libcommon.a(cmd_load.o)
                0x57e10e74                k_data_init
                0x57e10f54                s1_sendpacket
                0x57e10f80                handle_send_packet
                0x57e10eb4                k_data_restore
                0x57e11144                send_nack
                0x57e11364                do_load_serial_bin
                0x57e10ed4                k_data_char
                0x57e10e08                chk1
                0x57e10e94                k_data_save
                0x57e10de8                ktrans
                0x57e10f24                send_pad
                0x57e111a4                send_ack
                0x57e119f0                do_load_serial
 .text          0x57e11ad0      0x97c common/libcommon.a(cmd_mem.o)
                0x57e11b7c                do_mem_base
                0x57e11ff8                do_mem_mw
                0x57e11ad0                do_mem_crc
                0x57e12334                do_mem_nm
                0x57e12354                do_mem_mm
                0x57e120c0                do_mem_cp
                0x57e11bc0                do_mem_mtest
                0x57e11e60                do_mem_cmp
                0x57e11d68                do_mem_loop
                0x57e12374                do_mem_md
 .text          0x57e1244c       0x88 common/libcommon.a(cmd_misc.o)
                0x57e1244c                do_sleep
 .text          0x57e124d4      0xe70 common/libcommon.a(cmd_nand.o)
                0x57e12648                do_nandboot
                0x57e12ba4                do_nand
 .text          0x57e13344      0x3c8 common/libcommon.a(cmd_net.o)
                0x57e136e8                do_rarpb
                0x57e13344                do_ping
                0x57e136f4                do_tftpb
                0x57e13700                do_bootp
                0x57e136dc                do_nfs
 .text          0x57e1370c      0x85c common/libcommon.a(cmd_nvedit.o)
                0x57e1384c                getenv
                0x57e138b4                _do_setenv
                0x57e1377c                getenv_r
                0x57e13ed4                do_printenv
                0x57e13d30                setenv
                0x57e1370c                get_env_id
                0x57e13820                do_saveenv
                0x57e13d04                do_setenv
                0x57e13d7c                do_editenv
                0x57e1371c                envmatch
 .text          0x57e13f68        0x8 common/libcommon.a(cmd_reginfo.o)
                0x57e13f68                do_reginfo
 .text          0x57e13f70      0x194 common/libcommon.a(cmd_source.o)
                0x57e13f90                source
                0x57e140c0                do_source
 .text          0x57e14104      0x48c common/libcommon.a(cmd_test.o)
                0x57e14114                do_test
                0x57e14104                do_false
                0x57e1410c                do_true
 .text          0x57e14590     0x1160 common/libcommon.a(cmd_usb.o)
                0x57e1507c                usb_display_conf_desc
                0x57e14c28                usb_show_tree_graph
                0x57e14590                usb_get_class_desc
                0x57e14638                usb_display_ep_desc
                0x57e14e84                usb_display_desc
                0x57e1470c                usb_display_class_sub
                0x57e14e50                usb_show_tree
                0x57e14fb4                usb_display_string
                0x57e14ff4                usb_display_if_desc
                0x57e15128                usb_display_config
                0x57e14880                do_usbboot
                0x57e151b8                do_usb
 .text          0x57e156f0       0x20 common/libcommon.a(cmd_version.o)
                0x57e156f0                do_version
 .text          0x57e15710      0x2d8 common/libcommon.a(cmd_ximg.o)
                0x57e15710                do_imgextract
 .text          0x57e159e8      0x318 common/libcommon.a(command.o)
                0x57e15ac0                find_cmd_tbl
                0x57e15a60                cmd_usage
                0x57e15b58                find_cmd
                0x57e159e8                cmd_get_data_size
                0x57e15b80                _do_help
 .text          0x57e15d00      0x55c common/libcommon.a(console.o)
                0x57e16098                console_init_r
                0x57e15fa0                printf
                0x57e15ed0                console_assign
                0x57e161f4                getc
                0x57e15ea8                search_device
                0x57e15f58                puts
                0x57e15e8c                dbg
                0x57e16180                serial_printf
                0x57e15dd0                ftstc
                0x57e15f10                fprintf
                0x57e161dc                tstc
                0x57e15f74                vprintf
                0x57e1620c                ctrlc
                0x57e161c0                putc
                0x57e15e50                disable_ctrlc
                0x57e15da8                fgetc
                0x57e15e68                had_ctrlc
                0x57e15df8                fputc
                0x57e15e98                console_init_f
                0x57e15e78                clear_ctrlc
                0x57e15fe0                stdio_print_current_devices
                0x57e15e24                fputs
 .text          0x57e1625c     0x10d4 common/libcommon.a(dlmalloc.o)
                0x57e1659c                malloc
                0x57e16cc8                pvalloc
                0x57e16da8                calloc
                0x57e16cec                malloc_usable_size
                0x57e16e88                mem_malloc_init
                0x57e16eb4                realloc
                0x57e16290                malloc_trim
                0x57e1625c                sbrk
                0x57e16d30                mallopt
                0x57e16bb8                memalign
                0x57e16598                cfree
                0x57e16ce0                valloc
                0x57e1635c                free
 .text          0x57e17330      0x138 common/libcommon.a(env_common.o)
                0x57e17370                env_get_char
                0x57e17350                env_get_addr
                0x57e173cc                set_default_env
                0x57e17410                env_relocate
                0x57e173a0                env_crc_update
                0x57e17330                env_get_char_memory
 .text          0x57e17468      0x2e8 common/libcommon.a(env_nand.o)
                0x57e17664                env_relocate_spec
                0x57e176b0                saveenv
                0x57e17478                env_get_char_spec
                0x57e175e4                env_init
                0x57e17484                writeenv
                0x57e17534                readenv
 .text          0x57e17750      0x1d4 common/libcommon.a(exports.o)
                0x57e1775c                jumptable_init
                0x57e17754                get_version
 .text          0x57e17924      0x384 common/libcommon.a(flash.o)
                0x57e17b44                flash_write
                0x57e17924                flash_protect
                0x57e17a1c                addr2info
                0x57e17a64                flash_perror
 .text          0x57e17ca8     0x1d94 common/libcommon.a(hush.o)
                0x57e17f78                new_pipe
                0x57e17de4                mapset
                0x57e191b0                parse_string_outer
                0x57e18b1c                update_ifs_map
                0x57e1896c                set_local_var
                0x57e1916c                parse_file_outer
                0x57e17cc4                simple_itoa
                0x57e18278                unset_local_var
                0x57e17e1c                do_showvar
                0x57e1843c                reserved_word
                0x57e17f08                u_boot_hush_start
 .text          0x57e19a3c      0x7a4 common/libcommon.a(image.o)
                0x57e19ec4                getenv_bootm_size
                0x57e19cd8                image_print_contents
                0x57e19b80                genimg_get_comp_id
                0x57e19bc8                genimg_get_os_id
                0x57e19aa0                get_table_entry_name
                0x57e19b2c                genimg_has_config
                0x57e19bb0                genimg_get_arch_id
                0x57e19ae0                genimg_get_arch_name
                0x57e19f94                boot_get_ramdisk
                0x57e19f40                image_check_hcrc
                0x57e19ac8                genimg_get_os_name
                0x57e19af8                genimg_get_type_name
                0x57e19c04                genimg_get_format
                0x57e19b10                genimg_get_comp_name
                0x57e19ef8                image_check_dcrc
                0x57e19cac                genimg_print_size
                0x57e19e70                getenv_bootm_low
                0x57e19b28                genimg_get_image
                0x57e19b98                genimg_get_type_id
                0x57e19a78                image_multi_count
                0x57e19e6c                memmove_wd
                0x57e19b34                get_table_entry_id
                0x57e19c28                image_multi_getimg
                0x57e19ea0                getenv_yesno
 .text          0x57e1a1e0     0x10c8 common/libcommon.a(main.o)
                0x57e1a1e0                __show_boot_progress
                0x57e1a2e0                run_command
                0x57e1a270                do_run
                0x57e1a1e4                parse_line
                0x57e1b16c                readline
                0x57e1a1e0                show_boot_progress
                0x57e1b188                main_loop
                0x57e1a8fc                readline_into_buffer
 .text          0x57e1b2a8      0x2dc common/libcommon.a(s_record.o)
                0x57e1b314                srec_decode
 .text          0x57e1b584      0x174 common/libcommon.a(stdio.o)
                0x57e1b590                stdio_clone
                0x57e1b584                stdio_get_list
                0x57e1b6a4                stdio_get_by_name
                0x57e1b618                stdio_init
                0x57e1b5d8                stdio_register
 .text          0x57e1b6f8     0x16cc common/libcommon.a(usb.o)
                0x57e1c1d8                usb_set_idle
                0x57e1b710                usb_maxpacket
                0x57e1c9c0                usb_hub_probe
                0x57e1ba90                usb_stop
                0x57e1cd48                usb_init
                0x57e1b6f8                usb_disable_asynch
                0x57e1c518                usb_clear_halt
                0x57e1baf0                usb_bulk_msg
                0x57e1c0f8                usb_get_class_descriptor
                0x57e1cccc                usb_scan_devices
                0x57e1be0c                usb_get_hub_descriptor
                0x57e1bc44                usb_get_port_status
                0x57e1ba8c                usb_submit_int_msg
                0x57e1b938                usb_parse_config
                0x57e1bb54                usb_control_msg
                0x57e1c23c                usb_set_protocol
                0x57e1c6b0                usb_hub_port_connect_change
                0x57e1c304                usb_set_interface
                0x57e1b854                usb_hub_allocate
                0x57e1bff8                usb_string
                0x57e1c168                usb_get_report
                0x57e1c414                usb_get_descriptor
                0x57e1c7a8                usb_hub_configure
                0x57e1be68                usb_get_string
                0x57e1bacc                wait_ms
                0x57e1bdb8                usb_clear_hub_feature
                0x57e1c480                usb_get_configuration_no
                0x57e1bd58                usb_clear_port_feature
                0x57e1bcf8                usb_set_port_feature
                0x57e1ca20                usb_new_device
                0x57e1bca4                usb_get_hub_status
                0x57e1c29c                usb_set_configuration
                0x57e1b7ac                usb_set_maxpacket
                0x57e1c3d0                usb_set_address
                0x57e1b898                usb_alloc_new_device
                0x57e1b840                usb_hub_reset
                0x57e1b810                usb_get_dev_index
 .text          0x57e1cdc4     0x15c8 common/libcommon.a(usb_storage.o)
                0x57e1d1b0                usb_storage_probe
                0x57e1e124                usb_stor_CB_transport
                0x57e1db7c                usb_stor_CB_comdat
                0x57e1d5f8                usb_stor_write
                0x57e1cde4                usb_stor_get_dev
                0x57e1d80c                usb_stor_read
                0x57e1ce20                usb_show_progress
                0x57e1da20                usb_stor_scan
                0x57e1ddac                usb_stor_BBB_comdat
                0x57e1e31c                usb_stor_info
                0x57e1cf04                usb_stor_get_info
                0x57e1d3e0                usb_stor_BBB_clear_endpt_stall
                0x57e1e054                usb_stor_CBI_get_status
                0x57e1de88                usb_stor_BBB_transport
 .text          0x57e1e38c      0x9dc common/libcommon.a(xyzModem.o)
                0x57e1e4b4                xyzModem_error
                0x57e1e550                xyzModem_stream_close
                0x57e1e5a4                CYGACC_COMM_IF_GETC_TIMEOUT
                0x57e1e38c                parse_num
                0x57e1e620                xyzModem_stream_terminate
                0x57e1ec04                xyzModem_stream_open
                0x57e1e59c                CYGACC_COMM_IF_PUTC
                0x57e1e978                xyzModem_stream_read
 .text          0x57e1ed68       0xbc common/libcommon.a(cmd_bootzImage.o)
                0x57e1ed68                do_bootzImage
 .text          0x57e1ee24       0xc0 board/samsung/smdk6410/libsmdk6410.a(smdk6410.o)
                0x57e1ee80                dram_init
                0x57e1eec4                board_eth_init
                0x57e1eecc                checkboard
                0x57e1ee24                board_init
                0x57e1eea0                board_flash_get_legacy
 .text          0x57e1eee4       0x48 lib_generic/libgeneric.a(crc16.o)
                0x57e1eee4                cyg_crc16
 .text          0x57e1ef2c      0x110 lib_generic/libgeneric.a(crc32.o)
                0x57e1f024                crc32
                0x57e1f038                crc32_wd
                0x57e1ef2c                crc32_no_comp
 .text          0x57e1f03c      0x1d4 lib_generic/libgeneric.a(gunzip.o)
                0x57e1f130                gunzip
                0x57e1f1f8                zfree
                0x57e1f03c                zunzip
                0x57e1f200                zalloc
 .text          0x57e1f210     0x27cc lib_generic/libgeneric.a(zlib.o)
                0x57e20298                inflate
                0x57e1f210                inflate_fast
                0x57e1feb4                inflateInit_
                0x57e1ff4c                adler32
                0x57e20288                zcfree
                0x57e1fd10                inflateReset
                0x57e20290                zcalloc
                0x57e1fec4                inflateEnd
                0x57e1fdac                inflateInit2_
                0x57e1f778                inflate_table
 .text          0x57e219dc       0x20 cpu/arm1176/s3c64xx/libs3c64xx.a(reset.o)
                0x57e219dc                reset_cpu
 .text          0x57e219fc      0x1c8 lib_arm/libarm.a(bootm.o)
                0x57e219fc                do_bootm_linux
 .text          0x57e21bc4        0x4 lib_arm/libarm.a(cache.o)
                0x57e21bc4                flush_cache
 .text          0x57e21bc8       0xc8 lib_arm/libarm.a(cache-cp15.o)
                0x57e21c6c                dcache_enable
                0x57e21c48                icache_enable
                0x57e21c50                icache_disable
                0x57e21c7c                dcache_status
                0x57e21c58                icache_status
                0x57e21c74                dcache_disable
 .text          0x57e21c90     0x12e8 fs/fat/libfat.a(fat.o)
                0x57e22e44                file_fat_read
                0x57e224f4                do_fat_read
                0x57e22e7c                file_fat_ls
                0x57e22394                file_fat_detectfs
                0x57e21cbc                disk_read
                0x57e22e8c                fat_register_device
 .text          0x57e22f78      0xe4c fs/ext2/libext2fs.a(ext2fs.o)
                0x57e2320c                ext2fs_read_file
                0x57e23158                ext2fs_close
                0x57e23070                ext2fs_mount
                0x57e23d50                ext2fs_ls
                0x57e23c40                ext2fs_find_file
                0x57e23cbc                ext2fs_open
                0x57e23138                ext2fs_free_node
                0x57e236fc                ext2fs_read
                0x57e239ac                ext2fs_find_file1
 .text          0x57e23dc4      0x21c fs/ext2/libext2fs.a(dev.o)
                0x57e23f94                ext2fs_set_blk_dev
                0x57e23dc4                ext2fs_devread
 .text          0x57e23fe0      0x374 disk/libdisk.a(part.o)
                0x57e240bc                dev_print
                0x57e23fe0                print_part
                0x57e242fc                get_dev
                0x57e242bc                get_partition_info
                0x57e242e0                init_part
 .text          0x57e24354      0x4c8 disk/libdisk.a(part_dos.o)
                0x57e24618                get_partition_info_dos
                0x57e247f0                print_part_dos
                0x57e2439c                test_part_dos
 .text          0x57e2481c      0x768 drivers/mtd/nand/libnand.a(nand_util.o)
                0x57e24ac4                nand_write_skip_bad
                0x57e24918                nand_read_skip_bad
                0x57e24c88                nand_erase_opts
 .text          0x57e24f84     0x190c drivers/usb/host/libusb_host.a(ohci-hcd.o)
                0x57e2500c                rh_check_port_status
                0x57e2541c                usb_lowlevel_stop
                0x57e25b74                sohci_submit_job
                0x57e259a4                usb_event_poll
                0x57e261ec                submit_int_msg
                0x57e26878                submit_bulk_msg
                0x57e26208                submit_control_msg
                0x57e259a8                usb_lowlevel_init
                0x57e260a4                submit_common_msg
 .text          0x57e26890       0x50 drivers/usb/host/libusb_host.a(s3c64xx-hcd.o)
                0x57e26890                usb_cpu_init
                0x57e268ac                usb_cpu_stop
                0x57e268c8                usb_cpu_init_fail
 .text          0x57e268e0       0x24 cpu/arm1176/libarm1176.a(cpu.o)
                0x57e268e0                cleanup_before_linux
 .text          0x57e26904       0x1c /home/linx/Git/uboot2010/lib_arm/eabi_compat.o
                0x57e26904                raise
 .text          0x57e26920      0x114 /usr/local/arm/4.3.2/bin/../lib/gcc/arm-none-linux-gnueabi/4.3.2/armv4t/libgcc.a(_udivsi3.o)
                0x57e26920                __udivsi3
                0x57e26920                __aeabi_uidiv
                0x57e26a14                __aeabi_uidivmod
 .text          0x57e26a34      0x148 /usr/local/arm/4.3.2/bin/../lib/gcc/arm-none-linux-gnueabi/4.3.2/armv4t/libgcc.a(_divsi3.o)
                0x57e26a34                __aeabi_idiv
                0x57e26a34                __divsi3
                0x57e26b5c                __aeabi_idivmod
 .text          0x57e26b7c       0x1c /usr/local/arm/4.3.2/bin/../lib/gcc/arm-none-linux-gnueabi/4.3.2/armv4t/libgcc.a(_lshrdi3.o)
                0x57e26b7c                __aeabi_llsr
                0x57e26b7c                __lshrdi3
 .text          0x57e26b98       0x1c /usr/local/arm/4.3.2/bin/../lib/gcc/arm-none-linux-gnueabi/4.3.2/armv4t/libgcc.a(_ashrdi3.o)
                0x57e26b98                __ashrdi3
                0x57e26b98                __aeabi_lasr
 .text          0x57e26bb4       0x1c /usr/local/arm/4.3.2/bin/../lib/gcc/arm-none-linux-gnueabi/4.3.2/armv4t/libgcc.a(_ashldi3.o)
                0x57e26bb4                __ashldi3
                0x57e26bb4                __aeabi_llsl
 .text          0x57e26bd0       0x14 /usr/local/arm/4.3.2/bin/../lib/gcc/arm-none-linux-gnueabi/4.3.2/armv4t/libgcc.a(_dvmd_lnx.o)
                0x57e26bd0                __aeabi_ldiv0
                0x57e26bd0                __aeabi_idiv0

.glue_7         0x57e26be4        0x0
 .glue_7        0x57e26be4        0x0 cpu/arm1176/start.o
 .glue_7        0x57e26be4        0x0 cpu/arm1176/s3c64xx/cpu_init.o
 .glue_7        0x57e26be4        0x0 board/samsung/smdk6410/lowlevel_init.o
 .glue_7        0x57e26be4        0x0 cpu/arm1176/nand_cp.o
 .glue_7        0x57e26be4        0x0 lib_arm/board.o
 .glue_7        0x57e26be4        0x0 lib_generic/libgeneric.a(display_options.o)
 .glue_7        0x57e26be4        0x0 lib_generic/libgeneric.a(net_utils.o)
 .glue_7        0x57e26be4        0x0 lib_generic/libgeneric.a(string.o)
 .glue_7        0x57e26be4        0x0 lib_generic/libgeneric.a(vsprintf.o)
 .glue_7        0x57e26be4        0x0 lib_generic/libgeneric.a(ctype.o)
 .glue_7        0x57e26be4        0x0 lib_generic/libgeneric.a(div64.o)
 .glue_7        0x57e26be4        0x0 lib_generic/libgeneric.a(time.o)
 .glue_7        0x57e26be4        0x0 cpu/arm1176/s3c64xx/libs3c64xx.a(speed.o)
 .glue_7        0x57e26be4        0x0 cpu/arm1176/s3c64xx/libs3c64xx.a(timer.o)
 .glue_7        0x57e26be4        0x0 lib_arm/libarm.a(interrupts.o)
 .glue_7        0x57e26be4        0x0 lib_arm/libarm.a(reset.o)
 .glue_7        0x57e26be4        0x0 net/libnet.a(eth.o)
 .glue_7        0x57e26be4        0x0 net/libnet.a(net.o)
 .glue_7        0x57e26be4        0x0 net/libnet.a(nfs.o)
 .glue_7        0x57e26be4        0x0 net/libnet.a(rarp.o)
 .glue_7        0x57e26be4        0x0 net/libnet.a(tftp.o)
 .glue_7        0x57e26be4        0x0 net/libnet.a(bootp.o)
 .glue_7        0x57e26be4        0x0 drivers/mtd/libmtd.a(cfi_flash.o)
 .glue_7        0x57e26be4        0x0 drivers/mtd/libmtd.a(jedec_flash.o)
 .glue_7        0x57e26be4        0x0 drivers/mtd/nand/libnand.a(nand.o)
 .glue_7        0x57e26be4        0x0 drivers/mtd/nand/libnand.a(nand_base.o)
 .glue_7        0x57e26be4        0x0 drivers/mtd/nand/libnand.a(nand_bbt.o)
 .glue_7        0x57e26be4        0x0 drivers/mtd/nand/libnand.a(nand_ecc.o)
 .glue_7        0x57e26be4        0x0 drivers/mtd/nand/libnand.a(nand_ids.o)
 .glue_7        0x57e26be4        0x0 drivers/mtd/nand/libnand.a(s3c64xx.o)
 .glue_7        0x57e26be4        0x0 drivers/net/libnet.a(dm9000x.o)
 .glue_7        0x57e26be4        0x0 drivers/serial/libserial.a(s3c64xx.o)
 .glue_7        0x57e26be4        0x0 common/libcommon.a(cmd_bdinfo.o)
 .glue_7        0x57e26be4        0x0 common/libcommon.a(cmd_boot.o)
 .glue_7        0x57e26be4        0x0 common/libcommon.a(cmd_bootm.o)
 .glue_7        0x57e26be4        0x0 common/libcommon.a(cmd_cache.o)
 .glue_7        0x57e26be4        0x0 common/libcommon.a(cmd_console.o)
 .glue_7        0x57e26be4        0x0 common/libcommon.a(cmd_echo.o)
 .glue_7        0x57e26be4        0x0 common/libcommon.a(cmd_elf.o)
 .glue_7        0x57e26be4        0x0 common/libcommon.a(cmd_exit.o)
 .glue_7        0x57e26be4        0x0 common/libcommon.a(cmd_ext2.o)
 .glue_7        0x57e26be4        0x0 common/libcommon.a(cmd_fat.o)
 .glue_7        0x57e26be4        0x0 common/libcommon.a(cmd_flash.o)
 .glue_7        0x57e26be4        0x0 common/libcommon.a(cmd_help.o)
 .glue_7        0x57e26be4        0x0 common/libcommon.a(cmd_itest.o)
 .glue_7        0x57e26be4        0x0 common/libcommon.a(cmd_load.o)
 .glue_7        0x57e26be4        0x0 common/libcommon.a(cmd_mem.o)
 .glue_7        0x57e26be4        0x0 common/libcommon.a(cmd_misc.o)
 .glue_7        0x57e26be4        0x0 common/libcommon.a(cmd_nand.o)
 .glue_7        0x57e26be4        0x0 common/libcommon.a(cmd_net.o)
 .glue_7        0x57e26be4        0x0 common/libcommon.a(cmd_nvedit.o)
 .glue_7        0x57e26be4        0x0 common/libcommon.a(cmd_reginfo.o)
 .glue_7        0x57e26be4        0x0 common/libcommon.a(cmd_source.o)
 .glue_7        0x57e26be4        0x0 common/libcommon.a(cmd_test.o)
 .glue_7        0x57e26be4        0x0 common/libcommon.a(cmd_usb.o)
 .glue_7        0x57e26be4        0x0 common/libcommon.a(cmd_version.o)
 .glue_7        0x57e26be4        0x0 common/libcommon.a(cmd_ximg.o)
 .glue_7        0x57e26be4        0x0 common/libcommon.a(command.o)
 .glue_7        0x57e26be4        0x0 common/libcommon.a(console.o)
 .glue_7        0x57e26be4        0x0 common/libcommon.a(dlmalloc.o)
 .glue_7        0x57e26be4        0x0 common/libcommon.a(env_common.o)
 .glue_7        0x57e26be4        0x0 common/libcommon.a(env_nand.o)
 .glue_7        0x57e26be4        0x0 common/libcommon.a(exports.o)
 .glue_7        0x57e26be4        0x0 common/libcommon.a(flash.o)
 .glue_7        0x57e26be4        0x0 common/libcommon.a(hush.o)
 .glue_7        0x57e26be4        0x0 common/libcommon.a(image.o)
 .glue_7        0x57e26be4        0x0 common/libcommon.a(main.o)
 .glue_7        0x57e26be4        0x0 common/libcommon.a(s_record.o)
 .glue_7        0x57e26be4        0x0 common/libcommon.a(stdio.o)
 .glue_7        0x57e26be4        0x0 common/libcommon.a(usb.o)
 .glue_7        0x57e26be4        0x0 common/libcommon.a(usb_storage.o)
 .glue_7        0x57e26be4        0x0 common/libcommon.a(xyzModem.o)
 .glue_7        0x57e26be4        0x0 common/libcommon.a(cmd_bootzImage.o)
 .glue_7        0x57e26be4        0x0 board/samsung/smdk6410/libsmdk6410.a(smdk6410.o)
 .glue_7        0x57e26be4        0x0 lib_generic/libgeneric.a(crc16.o)
 .glue_7        0x57e26be4        0x0 lib_generic/libgeneric.a(crc32.o)
 .glue_7        0x57e26be4        0x0 lib_generic/libgeneric.a(gunzip.o)
 .glue_7        0x57e26be4        0x0 lib_generic/libgeneric.a(zlib.o)
 .glue_7        0x57e26be4        0x0 cpu/arm1176/s3c64xx/libs3c64xx.a(reset.o)
 .glue_7        0x57e26be4        0x0 lib_arm/libarm.a(bootm.o)
 .glue_7        0x57e26be4        0x0 lib_arm/libarm.a(cache.o)
 .glue_7        0x57e26be4        0x0 lib_arm/libarm.a(cache-cp15.o)
 .glue_7        0x57e26be4        0x0 fs/fat/libfat.a(fat.o)
 .glue_7        0x57e26be4        0x0 fs/ext2/libext2fs.a(ext2fs.o)
 .glue_7        0x57e26be4        0x0 fs/ext2/libext2fs.a(dev.o)
 .glue_7        0x57e26be4        0x0 disk/libdisk.a(part.o)
 .glue_7        0x57e26be4        0x0 disk/libdisk.a(part_dos.o)
 .glue_7        0x57e26be4        0x0 drivers/mtd/nand/libnand.a(nand_util.o)
 .glue_7        0x57e26be4        0x0 drivers/usb/host/libusb_host.a(ohci-hcd.o)
 .glue_7        0x57e26be4        0x0 drivers/usb/host/libusb_host.a(s3c64xx-hcd.o)
 .glue_7        0x57e26be4        0x0 cpu/arm1176/libarm1176.a(cpu.o)
 .glue_7        0x57e26be4        0x0 /home/linx/Git/uboot2010/lib_arm/eabi_compat.o
 .glue_7        0x57e26be4        0x0 /usr/local/arm/4.3.2/bin/../lib/gcc/arm-none-linux-gnueabi/4.3.2/armv4t/libgcc.a(_udivsi3.o)
 .glue_7        0x57e26be4        0x0 /usr/local/arm/4.3.2/bin/../lib/gcc/arm-none-linux-gnueabi/4.3.2/armv4t/libgcc.a(_divsi3.o)
 .glue_7        0x57e26be4        0x0 /usr/local/arm/4.3.2/bin/../lib/gcc/arm-none-linux-gnueabi/4.3.2/armv4t/libgcc.a(_lshrdi3.o)
 .glue_7        0x57e26be4        0x0 /usr/local/arm/4.3.2/bin/../lib/gcc/arm-none-linux-gnueabi/4.3.2/armv4t/libgcc.a(_ashrdi3.o)
 .glue_7        0x57e26be4        0x0 /usr/local/arm/4.3.2/bin/../lib/gcc/arm-none-linux-gnueabi/4.3.2/armv4t/libgcc.a(_ashldi3.o)
 .glue_7        0x57e26be4        0x0 /usr/local/arm/4.3.2/bin/../lib/gcc/arm-none-linux-gnueabi/4.3.2/armv4t/libgcc.a(_dvmd_lnx.o)

.glue_7t        0x57e26be4        0x0
 .glue_7t       0x57e26be4        0x0 cpu/arm1176/start.o
 .glue_7t       0x57e26be4        0x0 cpu/arm1176/s3c64xx/cpu_init.o
 .glue_7t       0x57e26be4        0x0 board/samsung/smdk6410/lowlevel_init.o
 .glue_7t       0x57e26be4        0x0 cpu/arm1176/nand_cp.o
 .glue_7t       0x57e26be4        0x0 lib_arm/board.o
 .glue_7t       0x57e26be4        0x0 lib_generic/libgeneric.a(display_options.o)
 .glue_7t       0x57e26be4        0x0 lib_generic/libgeneric.a(net_utils.o)
 .glue_7t       0x57e26be4        0x0 lib_generic/libgeneric.a(string.o)
 .glue_7t       0x57e26be4        0x0 lib_generic/libgeneric.a(vsprintf.o)
 .glue_7t       0x57e26be4        0x0 lib_generic/libgeneric.a(ctype.o)
 .glue_7t       0x57e26be4        0x0 lib_generic/libgeneric.a(div64.o)
 .glue_7t       0x57e26be4        0x0 lib_generic/libgeneric.a(time.o)
 .glue_7t       0x57e26be4        0x0 cpu/arm1176/s3c64xx/libs3c64xx.a(speed.o)
 .glue_7t       0x57e26be4        0x0 cpu/arm1176/s3c64xx/libs3c64xx.a(timer.o)
 .glue_7t       0x57e26be4        0x0 lib_arm/libarm.a(interrupts.o)
 .glue_7t       0x57e26be4        0x0 lib_arm/libarm.a(reset.o)
 .glue_7t       0x57e26be4        0x0 net/libnet.a(eth.o)
 .glue_7t       0x57e26be4        0x0 net/libnet.a(net.o)
 .glue_7t       0x57e26be4        0x0 net/libnet.a(nfs.o)
 .glue_7t       0x57e26be4        0x0 net/libnet.a(rarp.o)
 .glue_7t       0x57e26be4        0x0 net/libnet.a(tftp.o)
 .glue_7t       0x57e26be4        0x0 net/libnet.a(bootp.o)
 .glue_7t       0x57e26be4        0x0 drivers/mtd/libmtd.a(cfi_flash.o)
 .glue_7t       0x57e26be4        0x0 drivers/mtd/libmtd.a(jedec_flash.o)
 .glue_7t       0x57e26be4        0x0 drivers/mtd/nand/libnand.a(nand.o)
 .glue_7t       0x57e26be4        0x0 drivers/mtd/nand/libnand.a(nand_base.o)
 .glue_7t       0x57e26be4        0x0 drivers/mtd/nand/libnand.a(nand_bbt.o)
 .glue_7t       0x57e26be4        0x0 drivers/mtd/nand/libnand.a(nand_ecc.o)
 .glue_7t       0x57e26be4        0x0 drivers/mtd/nand/libnand.a(nand_ids.o)
 .glue_7t       0x57e26be4        0x0 drivers/mtd/nand/libnand.a(s3c64xx.o)
 .glue_7t       0x57e26be4        0x0 drivers/net/libnet.a(dm9000x.o)
 .glue_7t       0x57e26be4        0x0 drivers/serial/libserial.a(s3c64xx.o)
 .glue_7t       0x57e26be4        0x0 common/libcommon.a(cmd_bdinfo.o)
 .glue_7t       0x57e26be4        0x0 common/libcommon.a(cmd_boot.o)
 .glue_7t       0x57e26be4        0x0 common/libcommon.a(cmd_bootm.o)
 .glue_7t       0x57e26be4        0x0 common/libcommon.a(cmd_cache.o)
 .glue_7t       0x57e26be4        0x0 common/libcommon.a(cmd_console.o)
 .glue_7t       0x57e26be4        0x0 common/libcommon.a(cmd_echo.o)
 .glue_7t       0x57e26be4        0x0 common/libcommon.a(cmd_elf.o)
 .glue_7t       0x57e26be4        0x0 common/libcommon.a(cmd_exit.o)
 .glue_7t       0x57e26be4        0x0 common/libcommon.a(cmd_ext2.o)
 .glue_7t       0x57e26be4        0x0 common/libcommon.a(cmd_fat.o)
 .glue_7t       0x57e26be4        0x0 common/libcommon.a(cmd_flash.o)
 .glue_7t       0x57e26be4        0x0 common/libcommon.a(cmd_help.o)
 .glue_7t       0x57e26be4        0x0 common/libcommon.a(cmd_itest.o)
 .glue_7t       0x57e26be4        0x0 common/libcommon.a(cmd_load.o)
 .glue_7t       0x57e26be4        0x0 common/libcommon.a(cmd_mem.o)
 .glue_7t       0x57e26be4        0x0 common/libcommon.a(cmd_misc.o)
 .glue_7t       0x57e26be4        0x0 common/libcommon.a(cmd_nand.o)
 .glue_7t       0x57e26be4        0x0 common/libcommon.a(cmd_net.o)
 .glue_7t       0x57e26be4        0x0 common/libcommon.a(cmd_nvedit.o)
 .glue_7t       0x57e26be4        0x0 common/libcommon.a(cmd_reginfo.o)
 .glue_7t       0x57e26be4        0x0 common/libcommon.a(cmd_source.o)
 .glue_7t       0x57e26be4        0x0 common/libcommon.a(cmd_test.o)
 .glue_7t       0x57e26be4        0x0 common/libcommon.a(cmd_usb.o)
 .glue_7t       0x57e26be4        0x0 common/libcommon.a(cmd_version.o)
 .glue_7t       0x57e26be4        0x0 common/libcommon.a(cmd_ximg.o)
 .glue_7t       0x57e26be4        0x0 common/libcommon.a(command.o)
 .glue_7t       0x57e26be4        0x0 common/libcommon.a(console.o)
 .glue_7t       0x57e26be4        0x0 common/libcommon.a(dlmalloc.o)
 .glue_7t       0x57e26be4        0x0 common/libcommon.a(env_common.o)
 .glue_7t       0x57e26be4        0x0 common/libcommon.a(env_nand.o)
 .glue_7t       0x57e26be4        0x0 common/libcommon.a(exports.o)
 .glue_7t       0x57e26be4        0x0 common/libcommon.a(flash.o)
 .glue_7t       0x57e26be4        0x0 common/libcommon.a(hush.o)
 .glue_7t       0x57e26be4        0x0 common/libcommon.a(image.o)
 .glue_7t       0x57e26be4        0x0 common/libcommon.a(main.o)
 .glue_7t       0x57e26be4        0x0 common/libcommon.a(s_record.o)
 .glue_7t       0x57e26be4        0x0 common/libcommon.a(stdio.o)
 .glue_7t       0x57e26be4        0x0 common/libcommon.a(usb.o)
 .glue_7t       0x57e26be4        0x0 common/libcommon.a(usb_storage.o)
 .glue_7t       0x57e26be4        0x0 common/libcommon.a(xyzModem.o)
 .glue_7t       0x57e26be4        0x0 common/libcommon.a(cmd_bootzImage.o)
 .glue_7t       0x57e26be4        0x0 board/samsung/smdk6410/libsmdk6410.a(smdk6410.o)
 .glue_7t       0x57e26be4        0x0 lib_generic/libgeneric.a(crc16.o)
 .glue_7t       0x57e26be4        0x0 lib_generic/libgeneric.a(crc32.o)
 .glue_7t       0x57e26be4        0x0 lib_generic/libgeneric.a(gunzip.o)
 .glue_7t       0x57e26be4        0x0 lib_generic/libgeneric.a(zlib.o)
 .glue_7t       0x57e26be4        0x0 cpu/arm1176/s3c64xx/libs3c64xx.a(reset.o)
 .glue_7t       0x57e26be4        0x0 lib_arm/libarm.a(bootm.o)
 .glue_7t       0x57e26be4        0x0 lib_arm/libarm.a(cache.o)
 .glue_7t       0x57e26be4        0x0 lib_arm/libarm.a(cache-cp15.o)
 .glue_7t       0x57e26be4        0x0 fs/fat/libfat.a(fat.o)
 .glue_7t       0x57e26be4        0x0 fs/ext2/libext2fs.a(ext2fs.o)
 .glue_7t       0x57e26be4        0x0 fs/ext2/libext2fs.a(dev.o)
 .glue_7t       0x57e26be4        0x0 disk/libdisk.a(part.o)
 .glue_7t       0x57e26be4        0x0 disk/libdisk.a(part_dos.o)
 .glue_7t       0x57e26be4        0x0 drivers/mtd/nand/libnand.a(nand_util.o)
 .glue_7t       0x57e26be4        0x0 drivers/usb/host/libusb_host.a(ohci-hcd.o)
 .glue_7t       0x57e26be4        0x0 drivers/usb/host/libusb_host.a(s3c64xx-hcd.o)
 .glue_7t       0x57e26be4        0x0 cpu/arm1176/libarm1176.a(cpu.o)
 .glue_7t       0x57e26be4        0x0 /home/linx/Git/uboot2010/lib_arm/eabi_compat.o
 .glue_7t       0x57e26be4        0x0 /usr/local/arm/4.3.2/bin/../lib/gcc/arm-none-linux-gnueabi/4.3.2/armv4t/libgcc.a(_udivsi3.o)
 .glue_7t       0x57e26be4        0x0 /usr/local/arm/4.3.2/bin/../lib/gcc/arm-none-linux-gnueabi/4.3.2/armv4t/libgcc.a(_divsi3.o)
 .glue_7t       0x57e26be4        0x0 /usr/local/arm/4.3.2/bin/../lib/gcc/arm-none-linux-gnueabi/4.3.2/armv4t/libgcc.a(_lshrdi3.o)
 .glue_7t       0x57e26be4        0x0 /usr/local/arm/4.3.2/bin/../lib/gcc/arm-none-linux-gnueabi/4.3.2/armv4t/libgcc.a(_ashrdi3.o)
 .glue_7t       0x57e26be4        0x0 /usr/local/arm/4.3.2/bin/../lib/gcc/arm-none-linux-gnueabi/4.3.2/armv4t/libgcc.a(_ashldi3.o)
 .glue_7t       0x57e26be4        0x0 /usr/local/arm/4.3.2/bin/../lib/gcc/arm-none-linux-gnueabi/4.3.2/armv4t/libgcc.a(_dvmd_lnx.o)

.vfp11_veneer   0x57e26be4        0x0
 .vfp11_veneer  0x57e26be4        0x0 cpu/arm1176/start.o
 .vfp11_veneer  0x57e26be4        0x0 cpu/arm1176/s3c64xx/cpu_init.o
 .vfp11_veneer  0x57e26be4        0x0 board/samsung/smdk6410/lowlevel_init.o
 .vfp11_veneer  0x57e26be4        0x0 cpu/arm1176/nand_cp.o
 .vfp11_veneer  0x57e26be4        0x0 lib_arm/board.o
 .vfp11_veneer  0x57e26be4        0x0 lib_generic/libgeneric.a(display_options.o)
 .vfp11_veneer  0x57e26be4        0x0 lib_generic/libgeneric.a(net_utils.o)
 .vfp11_veneer  0x57e26be4        0x0 lib_generic/libgeneric.a(string.o)
 .vfp11_veneer  0x57e26be4        0x0 lib_generic/libgeneric.a(vsprintf.o)
 .vfp11_veneer  0x57e26be4        0x0 lib_generic/libgeneric.a(ctype.o)
 .vfp11_veneer  0x57e26be4        0x0 lib_generic/libgeneric.a(div64.o)
 .vfp11_veneer  0x57e26be4        0x0 lib_generic/libgeneric.a(time.o)
 .vfp11_veneer  0x57e26be4        0x0 cpu/arm1176/s3c64xx/libs3c64xx.a(speed.o)
 .vfp11_veneer  0x57e26be4        0x0 cpu/arm1176/s3c64xx/libs3c64xx.a(timer.o)
 .vfp11_veneer  0x57e26be4        0x0 lib_arm/libarm.a(interrupts.o)
 .vfp11_veneer  0x57e26be4        0x0 lib_arm/libarm.a(reset.o)
 .vfp11_veneer  0x57e26be4        0x0 net/libnet.a(eth.o)
 .vfp11_veneer  0x57e26be4        0x0 net/libnet.a(net.o)
 .vfp11_veneer  0x57e26be4        0x0 net/libnet.a(nfs.o)
 .vfp11_veneer  0x57e26be4        0x0 net/libnet.a(rarp.o)
 .vfp11_veneer  0x57e26be4        0x0 net/libnet.a(tftp.o)
 .vfp11_veneer  0x57e26be4        0x0 net/libnet.a(bootp.o)
 .vfp11_veneer  0x57e26be4        0x0 drivers/mtd/libmtd.a(cfi_flash.o)
 .vfp11_veneer  0x57e26be4        0x0 drivers/mtd/libmtd.a(jedec_flash.o)
 .vfp11_veneer  0x57e26be4        0x0 drivers/mtd/nand/libnand.a(nand.o)
 .vfp11_veneer  0x57e26be4        0x0 drivers/mtd/nand/libnand.a(nand_base.o)
 .vfp11_veneer  0x57e26be4        0x0 drivers/mtd/nand/libnand.a(nand_bbt.o)
 .vfp11_veneer  0x57e26be4        0x0 drivers/mtd/nand/libnand.a(nand_ecc.o)
 .vfp11_veneer  0x57e26be4        0x0 drivers/mtd/nand/libnand.a(nand_ids.o)
 .vfp11_veneer  0x57e26be4        0x0 drivers/mtd/nand/libnand.a(s3c64xx.o)
 .vfp11_veneer  0x57e26be4        0x0 drivers/net/libnet.a(dm9000x.o)
 .vfp11_veneer  0x57e26be4        0x0 drivers/serial/libserial.a(s3c64xx.o)
 .vfp11_veneer  0x57e26be4        0x0 common/libcommon.a(cmd_bdinfo.o)
 .vfp11_veneer  0x57e26be4        0x0 common/libcommon.a(cmd_boot.o)
 .vfp11_veneer  0x57e26be4        0x0 common/libcommon.a(cmd_bootm.o)
 .vfp11_veneer  0x57e26be4        0x0 common/libcommon.a(cmd_cache.o)
 .vfp11_veneer  0x57e26be4        0x0 common/libcommon.a(cmd_console.o)
 .vfp11_veneer  0x57e26be4        0x0 common/libcommon.a(cmd_echo.o)
 .vfp11_veneer  0x57e26be4        0x0 common/libcommon.a(cmd_elf.o)
 .vfp11_veneer  0x57e26be4        0x0 common/libcommon.a(cmd_exit.o)
 .vfp11_veneer  0x57e26be4        0x0 common/libcommon.a(cmd_ext2.o)
 .vfp11_veneer  0x57e26be4        0x0 common/libcommon.a(cmd_fat.o)
 .vfp11_veneer  0x57e26be4        0x0 common/libcommon.a(cmd_flash.o)
 .vfp11_veneer  0x57e26be4        0x0 common/libcommon.a(cmd_help.o)
 .vfp11_veneer  0x57e26be4        0x0 common/libcommon.a(cmd_itest.o)
 .vfp11_veneer  0x57e26be4        0x0 common/libcommon.a(cmd_load.o)
 .vfp11_veneer  0x57e26be4        0x0 common/libcommon.a(cmd_mem.o)
 .vfp11_veneer  0x57e26be4        0x0 common/libcommon.a(cmd_misc.o)
 .vfp11_veneer  0x57e26be4        0x0 common/libcommon.a(cmd_nand.o)
 .vfp11_veneer  0x57e26be4        0x0 common/libcommon.a(cmd_net.o)
 .vfp11_veneer  0x57e26be4        0x0 common/libcommon.a(cmd_nvedit.o)
 .vfp11_veneer  0x57e26be4        0x0 common/libcommon.a(cmd_reginfo.o)
 .vfp11_veneer  0x57e26be4        0x0 common/libcommon.a(cmd_source.o)
 .vfp11_veneer  0x57e26be4        0x0 common/libcommon.a(cmd_test.o)
 .vfp11_veneer  0x57e26be4        0x0 common/libcommon.a(cmd_usb.o)
 .vfp11_veneer  0x57e26be4        0x0 common/libcommon.a(cmd_version.o)
 .vfp11_veneer  0x57e26be4        0x0 common/libcommon.a(cmd_ximg.o)
 .vfp11_veneer  0x57e26be4        0x0 common/libcommon.a(command.o)
 .vfp11_veneer  0x57e26be4        0x0 common/libcommon.a(console.o)
 .vfp11_veneer  0x57e26be4        0x0 common/libcommon.a(dlmalloc.o)
 .vfp11_veneer  0x57e26be4        0x0 common/libcommon.a(env_common.o)
 .vfp11_veneer  0x57e26be4        0x0 common/libcommon.a(env_nand.o)
 .vfp11_veneer  0x57e26be4        0x0 common/libcommon.a(exports.o)
 .vfp11_veneer  0x57e26be4        0x0 common/libcommon.a(flash.o)
 .vfp11_veneer  0x57e26be4        0x0 common/libcommon.a(hush.o)
 .vfp11_veneer  0x57e26be4        0x0 common/libcommon.a(image.o)
 .vfp11_veneer  0x57e26be4        0x0 common/libcommon.a(main.o)
 .vfp11_veneer  0x57e26be4        0x0 common/libcommon.a(s_record.o)
 .vfp11_veneer  0x57e26be4        0x0 common/libcommon.a(stdio.o)
 .vfp11_veneer  0x57e26be4        0x0 common/libcommon.a(usb.o)
 .vfp11_veneer  0x57e26be4        0x0 common/libcommon.a(usb_storage.o)
 .vfp11_veneer  0x57e26be4        0x0 common/libcommon.a(xyzModem.o)
 .vfp11_veneer  0x57e26be4        0x0 common/libcommon.a(cmd_bootzImage.o)
 .vfp11_veneer  0x57e26be4        0x0 board/samsung/smdk6410/libsmdk6410.a(smdk6410.o)
 .vfp11_veneer  0x57e26be4        0x0 lib_generic/libgeneric.a(crc16.o)
 .vfp11_veneer  0x57e26be4        0x0 lib_generic/libgeneric.a(crc32.o)
 .vfp11_veneer  0x57e26be4        0x0 lib_generic/libgeneric.a(gunzip.o)
 .vfp11_veneer  0x57e26be4        0x0 lib_generic/libgeneric.a(zlib.o)
 .vfp11_veneer  0x57e26be4        0x0 cpu/arm1176/s3c64xx/libs3c64xx.a(reset.o)
 .vfp11_veneer  0x57e26be4        0x0 lib_arm/libarm.a(bootm.o)
 .vfp11_veneer  0x57e26be4        0x0 lib_arm/libarm.a(cache.o)
 .vfp11_veneer  0x57e26be4        0x0 lib_arm/libarm.a(cache-cp15.o)
 .vfp11_veneer  0x57e26be4        0x0 fs/fat/libfat.a(fat.o)
 .vfp11_veneer  0x57e26be4        0x0 fs/ext2/libext2fs.a(ext2fs.o)
 .vfp11_veneer  0x57e26be4        0x0 fs/ext2/libext2fs.a(dev.o)
 .vfp11_veneer  0x57e26be4        0x0 disk/libdisk.a(part.o)
 .vfp11_veneer  0x57e26be4        0x0 disk/libdisk.a(part_dos.o)
 .vfp11_veneer  0x57e26be4        0x0 drivers/mtd/nand/libnand.a(nand_util.o)
 .vfp11_veneer  0x57e26be4        0x0 drivers/usb/host/libusb_host.a(ohci-hcd.o)
 .vfp11_veneer  0x57e26be4        0x0 drivers/usb/host/libusb_host.a(s3c64xx-hcd.o)
 .vfp11_veneer  0x57e26be4        0x0 cpu/arm1176/libarm1176.a(cpu.o)
 .vfp11_veneer  0x57e26be4        0x0 /home/linx/Git/uboot2010/lib_arm/eabi_compat.o
 .vfp11_veneer  0x57e26be4        0x0 /usr/local/arm/4.3.2/bin/../lib/gcc/arm-none-linux-gnueabi/4.3.2/armv4t/libgcc.a(_udivsi3.o)
 .vfp11_veneer  0x57e26be4        0x0 /usr/local/arm/4.3.2/bin/../lib/gcc/arm-none-linux-gnueabi/4.3.2/armv4t/libgcc.a(_divsi3.o)
 .vfp11_veneer  0x57e26be4        0x0 /usr/local/arm/4.3.2/bin/../lib/gcc/arm-none-linux-gnueabi/4.3.2/armv4t/libgcc.a(_lshrdi3.o)
 .vfp11_veneer  0x57e26be4        0x0 /usr/local/arm/4.3.2/bin/../lib/gcc/arm-none-linux-gnueabi/4.3.2/armv4t/libgcc.a(_ashrdi3.o)
 .vfp11_veneer  0x57e26be4        0x0 /usr/local/arm/4.3.2/bin/../lib/gcc/arm-none-linux-gnueabi/4.3.2/armv4t/libgcc.a(_ashldi3.o)
 .vfp11_veneer  0x57e26be4        0x0 /usr/local/arm/4.3.2/bin/../lib/gcc/arm-none-linux-gnueabi/4.3.2/armv4t/libgcc.a(_dvmd_lnx.o)

.janus_2cc_veneer
                0x57e26be4        0x0
 .janus_2cc_veneer
                0x57e26be4        0x0 cpu/arm1176/start.o
 .janus_2cc_veneer
                0x57e26be4        0x0 cpu/arm1176/s3c64xx/cpu_init.o
 .janus_2cc_veneer
                0x57e26be4        0x0 board/samsung/smdk6410/lowlevel_init.o
 .janus_2cc_veneer
                0x57e26be4        0x0 cpu/arm1176/nand_cp.o
 .janus_2cc_veneer
                0x57e26be4        0x0 lib_arm/board.o
 .janus_2cc_veneer
                0x57e26be4        0x0 lib_generic/libgeneric.a(display_options.o)
 .janus_2cc_veneer
                0x57e26be4        0x0 lib_generic/libgeneric.a(net_utils.o)
 .janus_2cc_veneer
                0x57e26be4        0x0 lib_generic/libgeneric.a(string.o)
 .janus_2cc_veneer
                0x57e26be4        0x0 lib_generic/libgeneric.a(vsprintf.o)
 .janus_2cc_veneer
                0x57e26be4        0x0 lib_generic/libgeneric.a(ctype.o)
 .janus_2cc_veneer
                0x57e26be4        0x0 lib_generic/libgeneric.a(div64.o)
 .janus_2cc_veneer
                0x57e26be4        0x0 lib_generic/libgeneric.a(time.o)
 .janus_2cc_veneer
                0x57e26be4        0x0 cpu/arm1176/s3c64xx/libs3c64xx.a(speed.o)
 .janus_2cc_veneer
                0x57e26be4        0x0 cpu/arm1176/s3c64xx/libs3c64xx.a(timer.o)
 .janus_2cc_veneer
                0x57e26be4        0x0 lib_arm/libarm.a(interrupts.o)
 .janus_2cc_veneer
                0x57e26be4        0x0 lib_arm/libarm.a(reset.o)
 .janus_2cc_veneer
                0x57e26be4        0x0 net/libnet.a(eth.o)
 .janus_2cc_veneer
                0x57e26be4        0x0 net/libnet.a(net.o)
 .janus_2cc_veneer
                0x57e26be4        0x0 net/libnet.a(nfs.o)
 .janus_2cc_veneer
                0x57e26be4        0x0 net/libnet.a(rarp.o)
 .janus_2cc_veneer
                0x57e26be4        0x0 net/libnet.a(tftp.o)
 .janus_2cc_veneer
                0x57e26be4        0x0 net/libnet.a(bootp.o)
 .janus_2cc_veneer
                0x57e26be4        0x0 drivers/mtd/libmtd.a(cfi_flash.o)
 .janus_2cc_veneer
                0x57e26be4        0x0 drivers/mtd/libmtd.a(jedec_flash.o)
 .janus_2cc_veneer
                0x57e26be4        0x0 drivers/mtd/nand/libnand.a(nand.o)
 .janus_2cc_veneer
                0x57e26be4        0x0 drivers/mtd/nand/libnand.a(nand_base.o)
 .janus_2cc_veneer
                0x57e26be4        0x0 drivers/mtd/nand/libnand.a(nand_bbt.o)
 .janus_2cc_veneer
                0x57e26be4        0x0 drivers/mtd/nand/libnand.a(nand_ecc.o)
 .janus_2cc_veneer
                0x57e26be4        0x0 drivers/mtd/nand/libnand.a(nand_ids.o)
 .janus_2cc_veneer
                0x57e26be4        0x0 drivers/mtd/nand/libnand.a(s3c64xx.o)
 .janus_2cc_veneer
                0x57e26be4        0x0 drivers/net/libnet.a(dm9000x.o)
 .janus_2cc_veneer
                0x57e26be4        0x0 drivers/serial/libserial.a(s3c64xx.o)
 .janus_2cc_veneer
                0x57e26be4        0x0 common/libcommon.a(cmd_bdinfo.o)
 .janus_2cc_veneer
                0x57e26be4        0x0 common/libcommon.a(cmd_boot.o)
 .janus_2cc_veneer
                0x57e26be4        0x0 common/libcommon.a(cmd_bootm.o)
 .janus_2cc_veneer
                0x57e26be4        0x0 common/libcommon.a(cmd_cache.o)
 .janus_2cc_veneer
                0x57e26be4        0x0 common/libcommon.a(cmd_console.o)
 .janus_2cc_veneer
                0x57e26be4        0x0 common/libcommon.a(cmd_echo.o)
 .janus_2cc_veneer
                0x57e26be4        0x0 common/libcommon.a(cmd_elf.o)
 .janus_2cc_veneer
                0x57e26be4        0x0 common/libcommon.a(cmd_exit.o)
 .janus_2cc_veneer
                0x57e26be4        0x0 common/libcommon.a(cmd_ext2.o)
 .janus_2cc_veneer
                0x57e26be4        0x0 common/libcommon.a(cmd_fat.o)
 .janus_2cc_veneer
                0x57e26be4        0x0 common/libcommon.a(cmd_flash.o)
 .janus_2cc_veneer
                0x57e26be4        0x0 common/libcommon.a(cmd_help.o)
 .janus_2cc_veneer
                0x57e26be4        0x0 common/libcommon.a(cmd_itest.o)
 .janus_2cc_veneer
                0x57e26be4        0x0 common/libcommon.a(cmd_load.o)
 .janus_2cc_veneer
                0x57e26be4        0x0 common/libcommon.a(cmd_mem.o)
 .janus_2cc_veneer
                0x57e26be4        0x0 common/libcommon.a(cmd_misc.o)
 .janus_2cc_veneer
                0x57e26be4        0x0 common/libcommon.a(cmd_nand.o)
 .janus_2cc_veneer
                0x57e26be4        0x0 common/libcommon.a(cmd_net.o)
 .janus_2cc_veneer
                0x57e26be4        0x0 common/libcommon.a(cmd_nvedit.o)
 .janus_2cc_veneer
                0x57e26be4        0x0 common/libcommon.a(cmd_reginfo.o)
 .janus_2cc_veneer
                0x57e26be4        0x0 common/libcommon.a(cmd_source.o)
 .janus_2cc_veneer
                0x57e26be4        0x0 common/libcommon.a(cmd_test.o)
 .janus_2cc_veneer
                0x57e26be4        0x0 common/libcommon.a(cmd_usb.o)
 .janus_2cc_veneer
                0x57e26be4        0x0 common/libcommon.a(cmd_version.o)
 .janus_2cc_veneer
                0x57e26be4        0x0 common/libcommon.a(cmd_ximg.o)
 .janus_2cc_veneer
                0x57e26be4        0x0 common/libcommon.a(command.o)
 .janus_2cc_veneer
                0x57e26be4        0x0 common/libcommon.a(console.o)
 .janus_2cc_veneer
                0x57e26be4        0x0 common/libcommon.a(dlmalloc.o)
 .janus_2cc_veneer
                0x57e26be4        0x0 common/libcommon.a(env_common.o)
 .janus_2cc_veneer
                0x57e26be4        0x0 common/libcommon.a(env_nand.o)
 .janus_2cc_veneer
                0x57e26be4        0x0 common/libcommon.a(exports.o)
 .janus_2cc_veneer
                0x57e26be4        0x0 common/libcommon.a(flash.o)
 .janus_2cc_veneer
                0x57e26be4        0x0 common/libcommon.a(hush.o)
 .janus_2cc_veneer
                0x57e26be4        0x0 common/libcommon.a(image.o)
 .janus_2cc_veneer
                0x57e26be4        0x0 common/libcommon.a(main.o)
 .janus_2cc_veneer
                0x57e26be4        0x0 common/libcommon.a(s_record.o)
 .janus_2cc_veneer
                0x57e26be4        0x0 common/libcommon.a(stdio.o)
 .janus_2cc_veneer
                0x57e26be4        0x0 common/libcommon.a(usb.o)
 .janus_2cc_veneer
                0x57e26be4        0x0 common/libcommon.a(usb_storage.o)
 .janus_2cc_veneer
                0x57e26be4        0x0 common/libcommon.a(xyzModem.o)
 .janus_2cc_veneer
                0x57e26be4        0x0 common/libcommon.a(cmd_bootzImage.o)
 .janus_2cc_veneer
                0x57e26be4        0x0 board/samsung/smdk6410/libsmdk6410.a(smdk6410.o)
 .janus_2cc_veneer
                0x57e26be4        0x0 lib_generic/libgeneric.a(crc16.o)
 .janus_2cc_veneer
                0x57e26be4        0x0 lib_generic/libgeneric.a(crc32.o)
 .janus_2cc_veneer
                0x57e26be4        0x0 lib_generic/libgeneric.a(gunzip.o)
 .janus_2cc_veneer
                0x57e26be4        0x0 lib_generic/libgeneric.a(zlib.o)
 .janus_2cc_veneer
                0x57e26be4        0x0 cpu/arm1176/s3c64xx/libs3c64xx.a(reset.o)
 .janus_2cc_veneer
                0x57e26be4        0x0 lib_arm/libarm.a(bootm.o)
 .janus_2cc_veneer
                0x57e26be4        0x0 lib_arm/libarm.a(cache.o)
 .janus_2cc_veneer
                0x57e26be4        0x0 lib_arm/libarm.a(cache-cp15.o)
 .janus_2cc_veneer
                0x57e26be4        0x0 fs/fat/libfat.a(fat.o)
 .janus_2cc_veneer
                0x57e26be4        0x0 fs/ext2/libext2fs.a(ext2fs.o)
 .janus_2cc_veneer
                0x57e26be4        0x0 fs/ext2/libext2fs.a(dev.o)
 .janus_2cc_veneer
                0x57e26be4        0x0 disk/libdisk.a(part.o)
 .janus_2cc_veneer
                0x57e26be4        0x0 disk/libdisk.a(part_dos.o)
 .janus_2cc_veneer
                0x57e26be4        0x0 drivers/mtd/nand/libnand.a(nand_util.o)
 .janus_2cc_veneer
                0x57e26be4        0x0 drivers/usb/host/libusb_host.a(ohci-hcd.o)
 .janus_2cc_veneer
                0x57e26be4        0x0 drivers/usb/host/libusb_host.a(s3c64xx-hcd.o)
 .janus_2cc_veneer
                0x57e26be4        0x0 cpu/arm1176/libarm1176.a(cpu.o)
 .janus_2cc_veneer
                0x57e26be4        0x0 /home/linx/Git/uboot2010/lib_arm/eabi_compat.o
 .janus_2cc_veneer
                0x57e26be4        0x0 /usr/local/arm/4.3.2/bin/../lib/gcc/arm-none-linux-gnueabi/4.3.2/armv4t/libgcc.a(_udivsi3.o)
 .janus_2cc_veneer
                0x57e26be4        0x0 /usr/local/arm/4.3.2/bin/../lib/gcc/arm-none-linux-gnueabi/4.3.2/armv4t/libgcc.a(_divsi3.o)
 .janus_2cc_veneer
                0x57e26be4        0x0 /usr/local/arm/4.3.2/bin/../lib/gcc/arm-none-linux-gnueabi/4.3.2/armv4t/libgcc.a(_lshrdi3.o)
 .janus_2cc_veneer
                0x57e26be4        0x0 /usr/local/arm/4.3.2/bin/../lib/gcc/arm-none-linux-gnueabi/4.3.2/armv4t/libgcc.a(_ashrdi3.o)
 .janus_2cc_veneer
                0x57e26be4        0x0 /usr/local/arm/4.3.2/bin/../lib/gcc/arm-none-linux-gnueabi/4.3.2/armv4t/libgcc.a(_ashldi3.o)
 .janus_2cc_veneer
                0x57e26be4        0x0 /usr/local/arm/4.3.2/bin/../lib/gcc/arm-none-linux-gnueabi/4.3.2/armv4t/libgcc.a(_dvmd_lnx.o)

.v4_bx          0x57e26be4        0x0
 .v4_bx         0x57e26be4        0x0 cpu/arm1176/start.o
 .v4_bx         0x57e26be4        0x0 cpu/arm1176/s3c64xx/cpu_init.o
 .v4_bx         0x57e26be4        0x0 board/samsung/smdk6410/lowlevel_init.o
 .v4_bx         0x57e26be4        0x0 cpu/arm1176/nand_cp.o
 .v4_bx         0x57e26be4        0x0 lib_arm/board.o
 .v4_bx         0x57e26be4        0x0 lib_generic/libgeneric.a(display_options.o)
 .v4_bx         0x57e26be4        0x0 lib_generic/libgeneric.a(net_utils.o)
 .v4_bx         0x57e26be4        0x0 lib_generic/libgeneric.a(string.o)
 .v4_bx         0x57e26be4        0x0 lib_generic/libgeneric.a(vsprintf.o)
 .v4_bx         0x57e26be4        0x0 lib_generic/libgeneric.a(ctype.o)
 .v4_bx         0x57e26be4        0x0 lib_generic/libgeneric.a(div64.o)
 .v4_bx         0x57e26be4        0x0 lib_generic/libgeneric.a(time.o)
 .v4_bx         0x57e26be4        0x0 cpu/arm1176/s3c64xx/libs3c64xx.a(speed.o)
 .v4_bx         0x57e26be4        0x0 cpu/arm1176/s3c64xx/libs3c64xx.a(timer.o)
 .v4_bx         0x57e26be4        0x0 lib_arm/libarm.a(interrupts.o)
 .v4_bx         0x57e26be4        0x0 lib_arm/libarm.a(reset.o)
 .v4_bx         0x57e26be4        0x0 net/libnet.a(eth.o)
 .v4_bx         0x57e26be4        0x0 net/libnet.a(net.o)
 .v4_bx         0x57e26be4        0x0 net/libnet.a(nfs.o)
 .v4_bx         0x57e26be4        0x0 net/libnet.a(rarp.o)
 .v4_bx         0x57e26be4        0x0 net/libnet.a(tftp.o)
 .v4_bx         0x57e26be4        0x0 net/libnet.a(bootp.o)
 .v4_bx         0x57e26be4        0x0 drivers/mtd/libmtd.a(cfi_flash.o)
 .v4_bx         0x57e26be4        0x0 drivers/mtd/libmtd.a(jedec_flash.o)
 .v4_bx         0x57e26be4        0x0 drivers/mtd/nand/libnand.a(nand.o)
 .v4_bx         0x57e26be4        0x0 drivers/mtd/nand/libnand.a(nand_base.o)
 .v4_bx         0x57e26be4        0x0 drivers/mtd/nand/libnand.a(nand_bbt.o)
 .v4_bx         0x57e26be4        0x0 drivers/mtd/nand/libnand.a(nand_ecc.o)
 .v4_bx         0x57e26be4        0x0 drivers/mtd/nand/libnand.a(nand_ids.o)
 .v4_bx         0x57e26be4        0x0 drivers/mtd/nand/libnand.a(s3c64xx.o)
 .v4_bx         0x57e26be4        0x0 drivers/net/libnet.a(dm9000x.o)
 .v4_bx         0x57e26be4        0x0 drivers/serial/libserial.a(s3c64xx.o)
 .v4_bx         0x57e26be4        0x0 common/libcommon.a(cmd_bdinfo.o)
 .v4_bx         0x57e26be4        0x0 common/libcommon.a(cmd_boot.o)
 .v4_bx         0x57e26be4        0x0 common/libcommon.a(cmd_bootm.o)
 .v4_bx         0x57e26be4        0x0 common/libcommon.a(cmd_cache.o)
 .v4_bx         0x57e26be4        0x0 common/libcommon.a(cmd_console.o)
 .v4_bx         0x57e26be4        0x0 common/libcommon.a(cmd_echo.o)
 .v4_bx         0x57e26be4        0x0 common/libcommon.a(cmd_elf.o)
 .v4_bx         0x57e26be4        0x0 common/libcommon.a(cmd_exit.o)
 .v4_bx         0x57e26be4        0x0 common/libcommon.a(cmd_ext2.o)
 .v4_bx         0x57e26be4        0x0 common/libcommon.a(cmd_fat.o)
 .v4_bx         0x57e26be4        0x0 common/libcommon.a(cmd_flash.o)
 .v4_bx         0x57e26be4        0x0 common/libcommon.a(cmd_help.o)
 .v4_bx         0x57e26be4        0x0 common/libcommon.a(cmd_itest.o)
 .v4_bx         0x57e26be4        0x0 common/libcommon.a(cmd_load.o)
 .v4_bx         0x57e26be4        0x0 common/libcommon.a(cmd_mem.o)
 .v4_bx         0x57e26be4        0x0 common/libcommon.a(cmd_misc.o)
 .v4_bx         0x57e26be4        0x0 common/libcommon.a(cmd_nand.o)
 .v4_bx         0x57e26be4        0x0 common/libcommon.a(cmd_net.o)
 .v4_bx         0x57e26be4        0x0 common/libcommon.a(cmd_nvedit.o)
 .v4_bx         0x57e26be4        0x0 common/libcommon.a(cmd_reginfo.o)
 .v4_bx         0x57e26be4        0x0 common/libcommon.a(cmd_source.o)
 .v4_bx         0x57e26be4        0x0 common/libcommon.a(cmd_test.o)
 .v4_bx         0x57e26be4        0x0 common/libcommon.a(cmd_usb.o)
 .v4_bx         0x57e26be4        0x0 common/libcommon.a(cmd_version.o)
 .v4_bx         0x57e26be4        0x0 common/libcommon.a(cmd_ximg.o)
 .v4_bx         0x57e26be4        0x0 common/libcommon.a(command.o)
 .v4_bx         0x57e26be4        0x0 common/libcommon.a(console.o)
 .v4_bx         0x57e26be4        0x0 common/libcommon.a(dlmalloc.o)
 .v4_bx         0x57e26be4        0x0 common/libcommon.a(env_common.o)
 .v4_bx         0x57e26be4        0x0 common/libcommon.a(env_nand.o)
 .v4_bx         0x57e26be4        0x0 common/libcommon.a(exports.o)
 .v4_bx         0x57e26be4        0x0 common/libcommon.a(flash.o)
 .v4_bx         0x57e26be4        0x0 common/libcommon.a(hush.o)
 .v4_bx         0x57e26be4        0x0 common/libcommon.a(image.o)
 .v4_bx         0x57e26be4        0x0 common/libcommon.a(main.o)
 .v4_bx         0x57e26be4        0x0 common/libcommon.a(s_record.o)
 .v4_bx         0x57e26be4        0x0 common/libcommon.a(stdio.o)
 .v4_bx         0x57e26be4        0x0 common/libcommon.a(usb.o)
 .v4_bx         0x57e26be4        0x0 common/libcommon.a(usb_storage.o)
 .v4_bx         0x57e26be4        0x0 common/libcommon.a(xyzModem.o)
 .v4_bx         0x57e26be4        0x0 common/libcommon.a(cmd_bootzImage.o)
 .v4_bx         0x57e26be4        0x0 board/samsung/smdk6410/libsmdk6410.a(smdk6410.o)
 .v4_bx         0x57e26be4        0x0 lib_generic/libgeneric.a(crc16.o)
 .v4_bx         0x57e26be4        0x0 lib_generic/libgeneric.a(crc32.o)
 .v4_bx         0x57e26be4        0x0 lib_generic/libgeneric.a(gunzip.o)
 .v4_bx         0x57e26be4        0x0 lib_generic/libgeneric.a(zlib.o)
 .v4_bx         0x57e26be4        0x0 cpu/arm1176/s3c64xx/libs3c64xx.a(reset.o)
 .v4_bx         0x57e26be4        0x0 lib_arm/libarm.a(bootm.o)
 .v4_bx         0x57e26be4        0x0 lib_arm/libarm.a(cache.o)
 .v4_bx         0x57e26be4        0x0 lib_arm/libarm.a(cache-cp15.o)
 .v4_bx         0x57e26be4        0x0 fs/fat/libfat.a(fat.o)
 .v4_bx         0x57e26be4        0x0 fs/ext2/libext2fs.a(ext2fs.o)
 .v4_bx         0x57e26be4        0x0 fs/ext2/libext2fs.a(dev.o)
 .v4_bx         0x57e26be4        0x0 disk/libdisk.a(part.o)
 .v4_bx         0x57e26be4        0x0 disk/libdisk.a(part_dos.o)
 .v4_bx         0x57e26be4        0x0 drivers/mtd/nand/libnand.a(nand_util.o)
 .v4_bx         0x57e26be4        0x0 drivers/usb/host/libusb_host.a(ohci-hcd.o)
 .v4_bx         0x57e26be4        0x0 drivers/usb/host/libusb_host.a(s3c64xx-hcd.o)
 .v4_bx         0x57e26be4        0x0 cpu/arm1176/libarm1176.a(cpu.o)
 .v4_bx         0x57e26be4        0x0 /home/linx/Git/uboot2010/lib_arm/eabi_compat.o
 .v4_bx         0x57e26be4        0x0 /usr/local/arm/4.3.2/bin/../lib/gcc/arm-none-linux-gnueabi/4.3.2/armv4t/libgcc.a(_udivsi3.o)
 .v4_bx         0x57e26be4        0x0 /usr/local/arm/4.3.2/bin/../lib/gcc/arm-none-linux-gnueabi/4.3.2/armv4t/libgcc.a(_divsi3.o)
 .v4_bx         0x57e26be4        0x0 /usr/local/arm/4.3.2/bin/../lib/gcc/arm-none-linux-gnueabi/4.3.2/armv4t/libgcc.a(_lshrdi3.o)
 .v4_bx         0x57e26be4        0x0 /usr/local/arm/4.3.2/bin/../lib/gcc/arm-none-linux-gnueabi/4.3.2/armv4t/libgcc.a(_ashrdi3.o)
 .v4_bx         0x57e26be4        0x0 /usr/local/arm/4.3.2/bin/../lib/gcc/arm-none-linux-gnueabi/4.3.2/armv4t/libgcc.a(_ashldi3.o)
 .v4_bx         0x57e26be4        0x0 /usr/local/arm/4.3.2/bin/../lib/gcc/arm-none-linux-gnueabi/4.3.2/armv4t/libgcc.a(_dvmd_lnx.o)
                0x57e26be4                . = ALIGN (0x4)

.rodata         0x57e26be8     0x8b7d
 *(SORT(.rodata*))
 .rodata        0x57e26be8       0x60 drivers/mtd/nand/libnand.a(nand_base.o)
 .rodata        0x57e26c48       0x80 lib_arm/libarm.a(interrupts.o)
 .rodata        0x57e26cc8       0x10 drivers/mtd/libmtd.a(cfi_flash.o)
 .rodata        0x57e26cd8       0x98 drivers/mtd/libmtd.a(jedec_flash.o)
 .rodata        0x57e26d70       0x40 drivers/serial/libserial.a(s3c64xx.o)
 .rodata        0x57e26db0       0x4c common/libcommon.a(cmd_bootm.o)
 .rodata        0x57e26dfc       0x14 common/libcommon.a(cmd_nvedit.o)
 .rodata        0x57e26e10      0x400 lib_generic/libgeneric.a(crc32.o)
 .rodata        0x57e27210      0x9cc lib_generic/libgeneric.a(zlib.o)
                0x57e27bb4                z_errmsg
 .rodata        0x57e27bdc       0x10 disk/libdisk.a(part.o)
 .rodata        0x57e27bec       0x80 drivers/usb/host/libusb_host.a(ohci-hcd.o)
 .rodata        0x57e27c6c      0x200 lib_generic/libgeneric.a(crc16.o)
 .rodata        0x57e27e6c       0x35 lib_arm/board.o
                0x57e27e6c                version_string
 .rodata        0x57e27ea1       0x21 lib_generic/libgeneric.a(vsprintf.o)
                0x57e27ea1                hex_asc
 .rodata        0x57e27ec2        0x7 net/libnet.a(eth.o)
 .rodata        0x57e27ec9        0x7 net/libnet.a(net.o)
 .rodata        0x57e27ed0        0x5 drivers/mtd/nand/libnand.a(nand.o)
 .rodata        0x57e27ed5      0x100 drivers/mtd/nand/libnand.a(nand_ecc.o)
 .rodata.str1.1
                0x57e27fd5       0x73 lib_arm/board.o
                                 0x75 (size before relaxing)
 .rodata.str1.1
                0x57e28048       0x2a lib_generic/libgeneric.a(display_options.o)
                                 0x36 (size before relaxing)
 .rodata.str1.1
                0x57e28072        0xe lib_generic/libgeneric.a(vsprintf.o)
 .rodata.str1.1
                0x57e28080       0x6d cpu/arm1176/s3c64xx/libs3c64xx.a(speed.o)
 .rodata.str1.1
                0x57e280ed      0x264 lib_arm/libarm.a(interrupts.o)
                                0x27b (size before relaxing)
 .rodata.str1.1
                0x57e28351        0xf lib_arm/libarm.a(reset.o)
 .rodata.str1.1
                0x57e28360       0xad net/libnet.a(eth.o)
                                 0xc7 (size before relaxing)
 .rodata.str1.1
                0x57e2840d      0x20c net/libnet.a(net.o)
                                0x217 (size before relaxing)
 .rodata.str1.1
                0x57e28619      0x193 net/libnet.a(nfs.o)
                                0x1a9 (size before relaxing)
 .rodata.str1.1
                0x57e287ac       0x20 net/libnet.a(rarp.o)
                                 0x47 (size before relaxing)
 .rodata.str1.1
                0x57e287cc      0x11a net/libnet.a(tftp.o)
                                0x1f9 (size before relaxing)
 .rodata.str1.1
                0x57e288e6       0x70 net/libnet.a(bootp.o)
                                 0xad (size before relaxing)
 .rodata.str1.1
                0x57e28956      0x37a drivers/mtd/libmtd.a(cfi_flash.o)
                                0x37f (size before relaxing)
 .rodata.str1.1
                0x57e28cd0       0x20 drivers/mtd/libmtd.a(jedec_flash.o)
                                 0x3f (size before relaxing)
 .rodata.str1.1
                0x57e28cf0        0x8 drivers/mtd/nand/libnand.a(nand.o)
 .rodata.str1.1
                0x57e28cf8      0x2e3 drivers/mtd/nand/libnand.a(nand_base.o)
 .rodata.str1.1
                0x57e28fdb      0x309 drivers/mtd/nand/libnand.a(nand_bbt.o)
 .rodata.str1.1
                0x57e292e4      0x31f drivers/mtd/nand/libnand.a(nand_ids.o)
                                0x335 (size before relaxing)
 .rodata.str1.1
                0x57e29603       0x91 drivers/mtd/nand/libnand.a(s3c64xx.o)
 .rodata.str1.1
                0x57e29694      0x1f8 drivers/net/libnet.a(dm9000x.o)
                                0x1fe (size before relaxing)
 .rodata.str1.1
                0x57e2988c       0xaa common/libcommon.a(cmd_bdinfo.o)
                                 0xb3 (size before relaxing)
 .rodata.str1.1
                0x57e29936       0xef common/libcommon.a(cmd_boot.o)
                                 0xf0 (size before relaxing)
 .rodata.str1.1
                0x57e29a25      0x867 common/libcommon.a(cmd_bootm.o)
                                0x8c8 (size before relaxing)
 .rodata.str1.1
                0x57e2a28c       0xd9 common/libcommon.a(cmd_cache.o)
                                0x107 (size before relaxing)
 .rodata.str1.1
                0x57e2a365       0x5c common/libcommon.a(cmd_console.o)
                                 0x61 (size before relaxing)
 .rodata.str1.1
                0x57e2a3c1       0x50 common/libcommon.a(cmd_echo.o)
                                 0x55 (size before relaxing)
 .rodata.str1.1
                0x57e2a411      0x278 common/libcommon.a(cmd_elf.o)
                                0x29a (size before relaxing)
 .rodata.str1.1
                0x57e2a689       0x11 common/libcommon.a(cmd_exit.o)
                                 0x12 (size before relaxing)
 .rodata.str1.1
                0x57e2a69a      0x2cd common/libcommon.a(cmd_ext2.o)
                                0x39a (size before relaxing)
 .rodata.str1.1
                0x57e2a967      0x2e1 common/libcommon.a(cmd_fat.o)
                                0x3a5 (size before relaxing)
 .rodata.str1.1
                0x57e2ac48      0x6fe common/libcommon.a(cmd_flash.o)
                                0x730 (size before relaxing)
 .rodata.str1.1
                0x57e2b346       0x9a common/libcommon.a(cmd_help.o)
                                 0x9b (size before relaxing)
 .rodata.str1.1
                0x57e2b3e0       0xb3 common/libcommon.a(cmd_itest.o)
                                 0xb5 (size before relaxing)
 .rodata.str1.1
                0x57e2b493      0x336 common/libcommon.a(cmd_load.o)
                                0x353 (size before relaxing)
 .rodata.str1.1
                0x57e2b7c9      0x47f common/libcommon.a(cmd_mem.o)
                                0x4a9 (size before relaxing)
 .rodata.str1.1
                0x57e2bc48       0x5f common/libcommon.a(cmd_misc.o)
 .rodata.str1.1
                0x57e2bca7      0x71e common/libcommon.a(cmd_nand.o)
                                0x773 (size before relaxing)
 .rodata.str1.1
                0x57e2c3c5      0x1ac common/libcommon.a(cmd_net.o)
                                0x1ee (size before relaxing)
 .rodata.str1.1
                0x57e2c571      0x33b common/libcommon.a(cmd_nvedit.o)
                                0x39b (size before relaxing)
 .rodata.str1.1
                0x57e2c8ac       0x23 common/libcommon.a(cmd_reginfo.o)
                                 0x24 (size before relaxing)
 .rodata.str1.1
                0x57e2c8cf      0x101 common/libcommon.a(cmd_source.o)
                                0x108 (size before relaxing)
 .rodata.str1.1
                0x57e2c9d0       0x6e common/libcommon.a(cmd_test.o)
                                 0x96 (size before relaxing)
 .rodata.str1.1
                0x57e2ca3e      0x828 common/libcommon.a(cmd_usb.o)
                                0x969 (size before relaxing)
 .rodata.str1.1
                0x57e2d266       0x1b common/libcommon.a(cmd_version.o)
                                 0x24 (size before relaxing)
 .rodata.str1.1
                0x57e2d281      0x17e common/libcommon.a(cmd_ximg.o)
                                0x22f (size before relaxing)
 .rodata.str1.1
                0x57e2d3ff       0x95 common/libcommon.a(command.o)
 .rodata.str1.1
                0x57e2d494       0x70 common/libcommon.a(console.o)
                                 0x74 (size before relaxing)
 .rodata.str1.1
                0x57e2d504       0x33 common/libcommon.a(env_common.o)
 .rodata.str1.1
                0x57e2d537       0x6e common/libcommon.a(env_nand.o)
                                 0x74 (size before relaxing)
 .rodata.str1.1
                0x57e2d5a5      0x10c common/libcommon.a(flash.o)
 .rodata.str1.1
                0x57e2d6b1      0x243 common/libcommon.a(hush.o)
                                0x26e (size before relaxing)
 .rodata.str1.1
                0x57e2d8f4      0x455 common/libcommon.a(image.o)
                                0x4f0 (size before relaxing)
 .rodata.str1.1
                0x57e2dd49       0x93 common/libcommon.a(main.o)
                                 0xf7 (size before relaxing)
 .rodata.str1.1
                0x57e2dddc        0x7 common/libcommon.a(stdio.o)
                                 0x1b (size before relaxing)
 .rodata.str1.1
                0x57e2dde3      0x28b common/libcommon.a(usb.o)
 .rodata.str1.1
                0x57e2e06e      0x1ed common/libcommon.a(usb_storage.o)
                                0x1ff (size before relaxing)
 .rodata.str1.1
                0x57e2e25b       0xe3 common/libcommon.a(xyzModem.o)
                                 0xe5 (size before relaxing)
 .rodata.str1.1
                0x57e2e33e       0x60 common/libcommon.a(cmd_bootzImage.o)
                                 0x69 (size before relaxing)
 .rodata.str1.1
                0x57e2e39e       0x13 board/samsung/smdk6410/libsmdk6410.a(smdk6410.o)
 .rodata.str1.1
                0x57e2e3b1       0x85 lib_generic/libgeneric.a(gunzip.o)
 .rodata.str1.1
                0x57e2e436      0x21c lib_generic/libgeneric.a(zlib.o)
                                0x21d (size before relaxing)
 .rodata.str1.1
                0x57e2e652       0x42 lib_arm/libarm.a(bootm.o)
                                 0x4b (size before relaxing)
 .rodata.str1.1
                0x57e2e694      0x15f fs/fat/libfat.a(fat.o)
                                0x16d (size before relaxing)
 .rodata.str1.1
                0x57e2e7f3      0x1be fs/ext2/libext2fs.a(ext2fs.o)
 .rodata.str1.1
                0x57e2e9b1       0xdc fs/ext2/libext2fs.a(dev.o)
 .rodata.str1.1
                0x57e2ea8d      0x1af disk/libdisk.a(part.o)
                                0x1e0 (size before relaxing)
 .rodata.str1.1
                0x57e2ec3c       0xe5 disk/libdisk.a(part_dos.o)
                                 0xf1 (size before relaxing)
 .rodata.str1.1
                0x57e2ed21      0x24c drivers/mtd/nand/libnand.a(nand_util.o)
                                0x24e (size before relaxing)
 .rodata.str1.1
                0x57e2ef6d      0x7dd drivers/usb/host/libusb_host.a(ohci-hcd.o)
 .rodata.str1.1
                0x57e2f74a       0x1b /home/linx/Git/uboot2010/lib_arm/eabi_compat.o
                0x57e2f768                . = ALIGN (0x4)

.data           0x57e2f768     0x19a3
 *(.data)
 .data          0x57e2f768        0x0 cpu/arm1176/start.o
 .data          0x57e2f768        0x0 cpu/arm1176/s3c64xx/cpu_init.o
 .data          0x57e2f768        0x0 board/samsung/smdk6410/lowlevel_init.o
 .data          0x57e2f768        0x0 cpu/arm1176/nand_cp.o
 .data          0x57e2f768       0x30 lib_arm/board.o
                0x57e2f768                init_sequence
 .data          0x57e2f798        0x0 lib_generic/libgeneric.a(display_options.o)
 .data          0x57e2f798        0x0 lib_generic/libgeneric.a(net_utils.o)
 .data          0x57e2f798        0x0 lib_generic/libgeneric.a(string.o)
 .data          0x57e2f798        0x0 lib_generic/libgeneric.a(vsprintf.o)
 .data          0x57e2f798      0x100 lib_generic/libgeneric.a(ctype.o)
                0x57e2f798                _ctype
 .data          0x57e2f898        0x0 lib_generic/libgeneric.a(div64.o)
 .data          0x57e2f898        0x0 lib_generic/libgeneric.a(time.o)
 .data          0x57e2f898        0x0 cpu/arm1176/s3c64xx/libs3c64xx.a(speed.o)
 .data          0x57e2f898        0x0 cpu/arm1176/s3c64xx/libs3c64xx.a(timer.o)
 .data          0x57e2f898        0x0 lib_arm/libarm.a(interrupts.o)
 .data          0x57e2f898        0x0 lib_arm/libarm.a(reset.o)
 .data          0x57e2f898        0x0 net/libnet.a(eth.o)
 .data          0x57e2f898        0xa net/libnet.a(net.o)
                0x57e2f89c                NetBcastAddr
                0x57e2f89a                NetOurNativeVLAN
                0x57e2f898                NetOurVLAN
 *fill*         0x57e2f8a2        0x2 00
 .data          0x57e2f8a4        0x4 net/libnet.a(nfs.o)
 .data          0x57e2f8a8        0x0 net/libnet.a(rarp.o)
 .data          0x57e2f8a8       0x10 net/libnet.a(tftp.o)
                0x57e2f8b4                TftpRRQTimeoutMSecs
                0x57e2f8ac                TftpRRQTimeoutCountMax
 .data          0x57e2f8b8        0x0 net/libnet.a(bootp.o)
 .data          0x57e2f8b8        0x4 drivers/mtd/libmtd.a(cfi_flash.o)
 .data          0x57e2f8bc        0x0 drivers/mtd/libmtd.a(jedec_flash.o)
 .data          0x57e2f8bc        0x4 drivers/mtd/nand/libnand.a(nand.o)
                0x57e2f8bc                nand_curr_device
 .data          0x57e2f8c0      0x920 drivers/mtd/nand/libnand.a(nand_base.o)
 .data          0x57e301e0      0x10c drivers/mtd/nand/libnand.a(nand_bbt.o)
 .data          0x57e302ec        0x0 drivers/mtd/nand/libnand.a(nand_ecc.o)
 .data          0x57e302ec      0x4a0 drivers/mtd/nand/libnand.a(nand_ids.o)
                0x57e3073c                nand_manuf_ids
                0x57e302ec                nand_flash_ids
 .data          0x57e3078c        0x8 drivers/mtd/nand/libnand.a(s3c64xx.o)
 .data          0x57e30794        0x0 drivers/net/libnet.a(dm9000x.o)
 .data          0x57e30794        0x0 drivers/serial/libserial.a(s3c64xx.o)
 .data          0x57e30794        0x0 common/libcommon.a(cmd_bdinfo.o)
 .data          0x57e30794        0x0 common/libcommon.a(cmd_boot.o)
 .data          0x57e30794       0x94 common/libcommon.a(cmd_bootm.o)
                0x57e30794                load_addr
                0x57e30798                cmd_bootm_sub
 .data          0x57e30828        0x0 common/libcommon.a(cmd_cache.o)
 .data          0x57e30828        0x0 common/libcommon.a(cmd_console.o)
 .data          0x57e30828        0x0 common/libcommon.a(cmd_echo.o)
 .data          0x57e30828        0x0 common/libcommon.a(cmd_elf.o)
 .data          0x57e30828        0x0 common/libcommon.a(cmd_exit.o)
 .data          0x57e30828        0x0 common/libcommon.a(cmd_ext2.o)
 .data          0x57e30828        0x0 common/libcommon.a(cmd_fat.o)
 .data          0x57e30828        0x0 common/libcommon.a(cmd_flash.o)
 .data          0x57e30828        0x0 common/libcommon.a(cmd_help.o)
 .data          0x57e30828       0x68 common/libcommon.a(cmd_itest.o)
                0x57e30828                op_table
 .data          0x57e30890        0x4 common/libcommon.a(cmd_load.o)
 .data          0x57e30894        0x4 common/libcommon.a(cmd_mem.o)
                0x57e30894                dp_last_length
 .data          0x57e30898        0x0 common/libcommon.a(cmd_misc.o)
 .data          0x57e30898        0x0 common/libcommon.a(cmd_nand.o)
 .data          0x57e30898        0x0 common/libcommon.a(cmd_net.o)
 .data          0x57e30898        0x4 common/libcommon.a(cmd_nvedit.o)
 .data          0x57e3089c        0x0 common/libcommon.a(cmd_reginfo.o)
 .data          0x57e3089c        0x0 common/libcommon.a(cmd_source.o)
 .data          0x57e3089c        0x0 common/libcommon.a(cmd_test.o)
 .data          0x57e3089c        0x4 common/libcommon.a(cmd_usb.o)
 .data          0x57e308a0        0x0 common/libcommon.a(cmd_version.o)
 .data          0x57e308a0        0x0 common/libcommon.a(cmd_ximg.o)
 .data          0x57e308a0        0x0 common/libcommon.a(command.o)
 .data          0x57e308a0        0x0 common/libcommon.a(console.o)
 .data          0x57e308a0      0x414 common/libcommon.a(dlmalloc.o)
 .data          0x57e30cb4       0xe2 common/libcommon.a(env_common.o)
                0x57e30cb4                default_environment
 *fill*         0x57e30d96        0x2 00
 .data          0x57e30d98        0x8 common/libcommon.a(env_nand.o)
                0x57e30d9c                env_name_spec
                0x57e30d98                env_ptr
 .data          0x57e30da0        0x0 common/libcommon.a(exports.o)
 .data          0x57e30da0        0x0 common/libcommon.a(flash.o)
 .data          0x57e30da0       0xac common/libcommon.a(hush.o)
 .data          0x57e30e4c      0x228 common/libcommon.a(image.o)
 .data          0x57e31074       0x14 common/libcommon.a(main.o)
 .data          0x57e31088        0x0 common/libcommon.a(s_record.o)
 .data          0x57e31088        0xc common/libcommon.a(stdio.o)
                0x57e31088                stdio_names
 .data          0x57e31094        0x0 common/libcommon.a(usb.o)
 .data          0x57e31094       0x20 common/libcommon.a(usb_storage.o)
                0x57e31094                us_direction
 .data          0x57e310b4        0x0 common/libcommon.a(xyzModem.o)
 .data          0x57e310b4        0x0 common/libcommon.a(cmd_bootzImage.o)
 .data          0x57e310b4        0x0 board/samsung/smdk6410/libsmdk6410.a(smdk6410.o)
 .data          0x57e310b4        0x0 lib_generic/libgeneric.a(crc16.o)
 .data          0x57e310b4        0x0 lib_generic/libgeneric.a(crc32.o)
 .data          0x57e310b4        0x0 lib_generic/libgeneric.a(gunzip.o)
 .data          0x57e310b4        0x0 lib_generic/libgeneric.a(zlib.o)
 .data          0x57e310b4        0x0 cpu/arm1176/s3c64xx/libs3c64xx.a(reset.o)
 .data          0x57e310b4        0x0 lib_arm/libarm.a(bootm.o)
 .data          0x57e310b4        0x0 lib_arm/libarm.a(cache.o)
 .data          0x57e310b4        0x0 lib_arm/libarm.a(cache-cp15.o)
 .data          0x57e310b4        0x4 fs/fat/libfat.a(fat.o)
 .data          0x57e310b8        0x8 fs/ext2/libext2fs.a(ext2fs.o)
                0x57e310b8                indir1_blkno
                0x57e310bc                indir2_blkno
 .data          0x57e310c0        0x0 fs/ext2/libext2fs.a(dev.o)
 .data          0x57e310c0        0x0 disk/libdisk.a(part.o)
 .data          0x57e310c0        0x0 disk/libdisk.a(part_dos.o)
 .data          0x57e310c0        0x0 drivers/mtd/nand/libnand.a(nand_util.o)
 .data          0x57e310c0       0x4b drivers/usb/host/libusb_host.a(ohci-hcd.o)
 .data          0x57e3110b        0x0 drivers/usb/host/libusb_host.a(s3c64xx-hcd.o)
 .data          0x57e3110b        0x0 cpu/arm1176/libarm1176.a(cpu.o)
 .data          0x57e3110b        0x0 /home/linx/Git/uboot2010/lib_arm/eabi_compat.o
 .data          0x57e3110b        0x0 /usr/local/arm/4.3.2/bin/../lib/gcc/arm-none-linux-gnueabi/4.3.2/armv4t/libgcc.a(_udivsi3.o)
 .data          0x57e3110b        0x0 /usr/local/arm/4.3.2/bin/../lib/gcc/arm-none-linux-gnueabi/4.3.2/armv4t/libgcc.a(_divsi3.o)
 .data          0x57e3110b        0x0 /usr/local/arm/4.3.2/bin/../lib/gcc/arm-none-linux-gnueabi/4.3.2/armv4t/libgcc.a(_lshrdi3.o)
 .data          0x57e3110b        0x0 /usr/local/arm/4.3.2/bin/../lib/gcc/arm-none-linux-gnueabi/4.3.2/armv4t/libgcc.a(_ashrdi3.o)
 .data          0x57e3110b        0x0 /usr/local/arm/4.3.2/bin/../lib/gcc/arm-none-linux-gnueabi/4.3.2/armv4t/libgcc.a(_ashldi3.o)
 .data          0x57e3110b        0x0 /usr/local/arm/4.3.2/bin/../lib/gcc/arm-none-linux-gnueabi/4.3.2/armv4t/libgcc.a(_dvmd_lnx.o)
                0x57e3110c                . = ALIGN (0x4)

.got
 *(.got)
                0x57e3110c                __u_boot_cmd_start = .

.u_boot_cmd     0x57e3110c      0x5e8
 *(.u_boot_cmd)
 .u_boot_cmd    0x57e3110c       0x18 common/libcommon.a(cmd_bdinfo.o)
                0x57e3110c                __u_boot_cmd_bdinfo
 .u_boot_cmd    0x57e31124       0x30 common/libcommon.a(cmd_boot.o)
                0x57e3113c                __u_boot_cmd_reset
                0x57e31124                __u_boot_cmd_go
 .u_boot_cmd    0x57e31154       0x78 common/libcommon.a(cmd_bootm.o)
                0x57e31154                __u_boot_cmd_bootm
                0x57e3119c                __u_boot_cmd_iminfo
                0x57e31184                __u_boot_cmd_bootd
                0x57e3116c                __u_boot_cmd_boot
                0x57e311b4                __u_boot_cmd_imls
 .u_boot_cmd    0x57e311cc       0x30 common/libcommon.a(cmd_cache.o)
                0x57e311e4                __u_boot_cmd_dcache
                0x57e311cc                __u_boot_cmd_icache